[0.014s] Invoking command in '/home/quan/thuc_hanh_tuan3/build/ur3_llm_control': AMENT_PREFIX_PATH=/home/quan/thuc_hanh_tuan3/install/ur_simulation_gazebo:/home/quan/thuc_hanh_tuan3/install/robotiq_description:${AMENT_PREFIX_PATH} CMAKE_PREFIX_PATH=/home/quan/thuc_hanh_tuan3/install/ur_simulation_gazebo:/home/quan/thuc_hanh_tuan3/install/robotiq_description:/home/quan/ros2_ws/install/robot1:/home/quan/ros2_ws/install/robot:/home/quan/ros2_ws/install/msgs_test:/home/quan/ros2_ws/install/component_pkg:/home/quan/ros2_ws/src/msgs_test/install/msgs_test:/home/quan/ros2_ws/install/my_turtlesim:/home/quan/ros2_ws/install/my_robot_logic:/home/quan/ros2_ws/install/my_robot_controller:/home/quan/ros2_ws/install/lifecycle_pkg:/opt/ros/humble /usr/bin/cmake --build /home/quan/thuc_hanh_tuan3/build/ur3_llm_control -- -j16 -l16
[0.065s] [  1%] Built target ur3_llm_control__cpp
[0.067s] [ 11%] Built target ur3_llm_control__rosidl_generator_c
[0.067s] [ 13%] Built target ur3_llm_control__rs
[0.074s] [ 13%] Built target ament_cmake_python_symlink_ur3_llm_control
[0.085s] [ 23%] Built target ur3_llm_control__rosidl_typesupport_cpp
[0.087s] [ 32%] Built target ur3_llm_control__rosidl_typesupport_introspection_cpp
[0.088s] [ 42%] Built target ur3_llm_control__rosidl_typesupport_c
[0.088s] [ 51%] Built target ur3_llm_control__rosidl_typesupport_introspection_c
[0.090s] [ 71%] Built target ur3_llm_control__rosidl_typesupport_fastrtps_cpp
[0.090s] [ 71%] Built target ur3_llm_control__rosidl_typesupport_fastrtps_c
[0.109s] [ 71%] Built target ur3_llm_control
[0.130s] [ 73%] Built target ur3_llm_control__py
[0.143s] Consolidate compiler generated dependencies of target ur3_physical_gripper
[0.144s] [ 75%] Building CXX object CMakeFiles/robot_skills.dir/src/robot_skills.cpp.o
[0.154s] [ 82%] Built target ur3_llm_control__rosidl_generator_py
[0.159s] [ 86%] Built target ur3_physical_gripper
[0.175s] [ 90%] Built target ur3_llm_control__rosidl_typesupport_introspection_c__pyext
[0.176s] [ 94%] Built target ur3_llm_control__rosidl_typesupport_c__pyext
[0.176s] [ 98%] Built target ur3_llm_control__rosidl_typesupport_fastrtps_c__pyext
[0.297s] running egg_info
[0.298s] writing ur3_llm_control.egg-info/PKG-INFO
[0.298s] writing dependency_links to ur3_llm_control.egg-info/dependency_links.txt
[0.298s] writing top-level names to ur3_llm_control.egg-info/top_level.txt
[0.300s] reading manifest file 'ur3_llm_control.egg-info/SOURCES.txt'
[0.300s] writing manifest file 'ur3_llm_control.egg-info/SOURCES.txt'
[0.326s] [ 98%] Built target ament_cmake_python_build_ur3_llm_control_egg
[15.477s] [100%] Linking CXX executable robot_skills
[16.395s] [100%] Built target robot_skills
[16.404s] Invoked command in '/home/quan/thuc_hanh_tuan3/build/ur3_llm_control' returned '0': AMENT_PREFIX_PATH=/home/quan/thuc_hanh_tuan3/install/ur_simulation_gazebo:/home/quan/thuc_hanh_tuan3/install/robotiq_description:${AMENT_PREFIX_PATH} CMAKE_PREFIX_PATH=/home/quan/thuc_hanh_tuan3/install/ur_simulation_gazebo:/home/quan/thuc_hanh_tuan3/install/robotiq_description:/home/quan/ros2_ws/install/robot1:/home/quan/ros2_ws/install/robot:/home/quan/ros2_ws/install/msgs_test:/home/quan/ros2_ws/install/component_pkg:/home/quan/ros2_ws/src/msgs_test/install/msgs_test:/home/quan/ros2_ws/install/my_turtlesim:/home/quan/ros2_ws/install/my_robot_logic:/home/quan/ros2_ws/install/my_robot_controller:/home/quan/ros2_ws/install/lifecycle_pkg:/opt/ros/humble /usr/bin/cmake --build /home/quan/thuc_hanh_tuan3/build/ur3_llm_control -- -j16 -l16
[16.413s] Invoking command in '/home/quan/thuc_hanh_tuan3/build/ur3_llm_control': AMENT_PREFIX_PATH=/home/quan/thuc_hanh_tuan3/install/ur_simulation_gazebo:/home/quan/thuc_hanh_tuan3/install/robotiq_description:${AMENT_PREFIX_PATH} CMAKE_PREFIX_PATH=/home/quan/thuc_hanh_tuan3/install/ur_simulation_gazebo:/home/quan/thuc_hanh_tuan3/install/robotiq_description:/home/quan/ros2_ws/install/robot1:/home/quan/ros2_ws/install/robot:/home/quan/ros2_ws/install/msgs_test:/home/quan/ros2_ws/install/component_pkg:/home/quan/ros2_ws/src/msgs_test/install/msgs_test:/home/quan/ros2_ws/install/my_turtlesim:/home/quan/ros2_ws/install/my_robot_logic:/home/quan/ros2_ws/install/my_robot_controller:/home/quan/ros2_ws/install/lifecycle_pkg:/opt/ros/humble /usr/bin/cmake --install /home/quan/thuc_hanh_tuan3/build/ur3_llm_control
[16.422s] -- Install configuration: ""
[16.422s] -- Execute custom install script
[16.423s] -- Up-to-date symlink: /home/quan/thuc_hanh_tuan3/install/ur3_llm_control/share/ament_index/resource_index/rosidl_interfaces/ur3_llm_control
[16.423s] -- Up-to-date symlink: /home/quan/thuc_hanh_tuan3/install/ur3_llm_control/include/ur3_llm_control/ur3_llm_control/msg/rosidl_generator_c__visibility_control.h
[16.423s] -- Up-to-date symlink: /home/quan/thuc_hanh_tuan3/install/ur3_llm_control/include/ur3_llm_control/ur3_llm_control/srv/detail/execute_skill__functions.h
[16.424s] -- Up-to-date symlink: /home/quan/thuc_hanh_tuan3/install/ur3_llm_control/include/ur3_llm_control/ur3_llm_control/srv/detail/execute_skill__struct.h
[16.424s] -- Up-to-date symlink: /home/quan/thuc_hanh_tuan3/install/ur3_llm_control/include/ur3_llm_control/ur3_llm_control/srv/detail/execute_skill__type_support.h
[16.424s] -- Up-to-date symlink: /home/quan/thuc_hanh_tuan3/install/ur3_llm_control/include/ur3_llm_control/ur3_llm_control/srv/detail/get_world_state__functions.h
[16.424s] -- Up-to-date symlink: /home/quan/thuc_hanh_tuan3/install/ur3_llm_control/include/ur3_llm_control/ur3_llm_control/srv/detail/get_world_state__struct.h
[16.424s] -- Up-to-date symlink: /home/quan/thuc_hanh_tuan3/install/ur3_llm_control/include/ur3_llm_control/ur3_llm_control/srv/detail/get_world_state__type_support.h
[16.424s] -- Up-to-date symlink: /home/quan/thuc_hanh_tuan3/install/ur3_llm_control/include/ur3_llm_control/ur3_llm_control/srv/detail/set_attachment__functions.h
[16.424s] -- Up-to-date symlink: /home/quan/thuc_hanh_tuan3/install/ur3_llm_control/include/ur3_llm_control/ur3_llm_control/srv/detail/set_attachment__struct.h
[16.424s] -- Up-to-date symlink: /home/quan/thuc_hanh_tuan3/install/ur3_llm_control/include/ur3_llm_control/ur3_llm_control/srv/detail/set_attachment__type_support.h
[16.425s] -- Up-to-date symlink: /home/quan/thuc_hanh_tuan3/install/ur3_llm_control/include/ur3_llm_control/ur3_llm_control/srv/execute_skill.h
[16.425s] -- Up-to-date symlink: /home/quan/thuc_hanh_tuan3/install/ur3_llm_control/include/ur3_llm_control/ur3_llm_control/srv/get_world_state.h
[16.425s] -- Up-to-date symlink: /home/quan/thuc_hanh_tuan3/install/ur3_llm_control/include/ur3_llm_control/ur3_llm_control/srv/set_attachment.h
[16.425s] -- Up-to-date symlink: /home/quan/thuc_hanh_tuan3/install/ur3_llm_control/share/ur3_llm_control/environment/library_path.sh
[16.425s] -- Up-to-date symlink: /home/quan/thuc_hanh_tuan3/install/ur3_llm_control/share/ur3_llm_control/environment/library_path.dsv
[16.425s] -- Up-to-date symlink: /home/quan/thuc_hanh_tuan3/install/ur3_llm_control/include/ur3_llm_control/ur3_llm_control/msg/rosidl_typesupport_fastrtps_c__visibility_control.h
[16.425s] -- Up-to-date symlink: /home/quan/thuc_hanh_tuan3/install/ur3_llm_control/include/ur3_llm_control/ur3_llm_control/srv/detail/execute_skill__rosidl_typesupport_fastrtps_c.h
[16.426s] -- Up-to-date symlink: /home/quan/thuc_hanh_tuan3/install/ur3_llm_control/include/ur3_llm_control/ur3_llm_control/srv/detail/get_world_state__rosidl_typesupport_fastrtps_c.h
[16.426s] -- Up-to-date symlink: /home/quan/thuc_hanh_tuan3/install/ur3_llm_control/include/ur3_llm_control/ur3_llm_control/srv/detail/set_attachment__rosidl_typesupport_fastrtps_c.h
[16.426s] -- Up-to-date symlink: /home/quan/thuc_hanh_tuan3/install/ur3_llm_control/include/ur3_llm_control/ur3_llm_control/msg/rosidl_generator_cpp__visibility_control.hpp
[16.426s] -- Up-to-date symlink: /home/quan/thuc_hanh_tuan3/install/ur3_llm_control/include/ur3_llm_control/ur3_llm_control/srv/detail/execute_skill__builder.hpp
[16.426s] -- Up-to-date symlink: /home/quan/thuc_hanh_tuan3/install/ur3_llm_control/include/ur3_llm_control/ur3_llm_control/srv/detail/execute_skill__struct.hpp
[16.426s] -- Up-to-date symlink: /home/quan/thuc_hanh_tuan3/install/ur3_llm_control/include/ur3_llm_control/ur3_llm_control/srv/detail/execute_skill__traits.hpp
[16.426s] -- Up-to-date symlink: /home/quan/thuc_hanh_tuan3/install/ur3_llm_control/include/ur3_llm_control/ur3_llm_control/srv/detail/execute_skill__type_support.hpp
[16.426s] -- Up-to-date symlink: /home/quan/thuc_hanh_tuan3/install/ur3_llm_control/include/ur3_llm_control/ur3_llm_control/srv/detail/get_world_state__builder.hpp
[16.426s] -- Up-to-date symlink: /home/quan/thuc_hanh_tuan3/install/ur3_llm_control/include/ur3_llm_control/ur3_llm_control/srv/detail/get_world_state__struct.hpp
[16.426s] -- Up-to-date symlink: /home/quan/thuc_hanh_tuan3/install/ur3_llm_control/include/ur3_llm_control/ur3_llm_control/srv/detail/get_world_state__traits.hpp
[16.427s] -- Up-to-date symlink: /home/quan/thuc_hanh_tuan3/install/ur3_llm_control/include/ur3_llm_control/ur3_llm_control/srv/detail/get_world_state__type_support.hpp
[16.427s] -- Up-to-date symlink: /home/quan/thuc_hanh_tuan3/install/ur3_llm_control/include/ur3_llm_control/ur3_llm_control/srv/detail/set_attachment__builder.hpp
[16.427s] -- Up-to-date symlink: /home/quan/thuc_hanh_tuan3/install/ur3_llm_control/include/ur3_llm_control/ur3_llm_control/srv/detail/set_attachment__struct.hpp
[16.427s] -- Up-to-date symlink: /home/quan/thuc_hanh_tuan3/install/ur3_llm_control/include/ur3_llm_control/ur3_llm_control/srv/detail/set_attachment__traits.hpp
[16.427s] -- Up-to-date symlink: /home/quan/thuc_hanh_tuan3/install/ur3_llm_control/include/ur3_llm_control/ur3_llm_control/srv/detail/set_attachment__type_support.hpp
[16.427s] -- Up-to-date symlink: /home/quan/thuc_hanh_tuan3/install/ur3_llm_control/include/ur3_llm_control/ur3_llm_control/srv/execute_skill.hpp
[16.427s] -- Up-to-date symlink: /home/quan/thuc_hanh_tuan3/install/ur3_llm_control/include/ur3_llm_control/ur3_llm_control/srv/get_world_state.hpp
[16.427s] -- Up-to-date symlink: /home/quan/thuc_hanh_tuan3/install/ur3_llm_control/include/ur3_llm_control/ur3_llm_control/srv/set_attachment.hpp
[16.427s] -- Up-to-date symlink: /home/quan/thuc_hanh_tuan3/install/ur3_llm_control/include/ur3_llm_control/ur3_llm_control/msg/rosidl_typesupport_fastrtps_cpp__visibility_control.h
[16.427s] -- Up-to-date symlink: /home/quan/thuc_hanh_tuan3/install/ur3_llm_control/include/ur3_llm_control/ur3_llm_control/srv/detail/execute_skill__rosidl_typesupport_fastrtps_cpp.hpp
[16.428s] -- Up-to-date symlink: /home/quan/thuc_hanh_tuan3/install/ur3_llm_control/include/ur3_llm_control/ur3_llm_control/srv/detail/get_world_state__rosidl_typesupport_fastrtps_cpp.hpp
[16.428s] -- Up-to-date symlink: /home/quan/thuc_hanh_tuan3/install/ur3_llm_control/include/ur3_llm_control/ur3_llm_control/srv/detail/set_attachment__rosidl_typesupport_fastrtps_cpp.hpp
[16.428s] -- Up-to-date symlink: /home/quan/thuc_hanh_tuan3/install/ur3_llm_control/include/ur3_llm_control/ur3_llm_control/msg/rosidl_typesupport_introspection_c__visibility_control.h
[16.428s] -- Up-to-date symlink: /home/quan/thuc_hanh_tuan3/install/ur3_llm_control/include/ur3_llm_control/ur3_llm_control/srv/detail/execute_skill__rosidl_typesupport_introspection_c.h
[16.428s] -- Up-to-date symlink: /home/quan/thuc_hanh_tuan3/install/ur3_llm_control/include/ur3_llm_control/ur3_llm_control/srv/detail/get_world_state__rosidl_typesupport_introspection_c.h
[16.428s] -- Up-to-date symlink: /home/quan/thuc_hanh_tuan3/install/ur3_llm_control/include/ur3_llm_control/ur3_llm_control/srv/detail/set_attachment__rosidl_typesupport_introspection_c.h
[16.428s] -- Up-to-date symlink: /home/quan/thuc_hanh_tuan3/install/ur3_llm_control/include/ur3_llm_control/ur3_llm_control/srv/detail/execute_skill__rosidl_typesupport_introspection_cpp.hpp
[16.429s] -- Up-to-date symlink: /home/quan/thuc_hanh_tuan3/install/ur3_llm_control/include/ur3_llm_control/ur3_llm_control/srv/detail/get_world_state__rosidl_typesupport_introspection_cpp.hpp
[16.429s] -- Up-to-date symlink: /home/quan/thuc_hanh_tuan3/install/ur3_llm_control/include/ur3_llm_control/ur3_llm_control/srv/detail/set_attachment__rosidl_typesupport_introspection_cpp.hpp
[16.429s] -- Up-to-date symlink: /home/quan/thuc_hanh_tuan3/install/ur3_llm_control/share/ur3_llm_control/environment/pythonpath.sh
[16.429s] -- Up-to-date symlink: /home/quan/thuc_hanh_tuan3/install/ur3_llm_control/share/ur3_llm_control/environment/pythonpath.dsv
[16.429s] -- Up-to-date symlink: /home/quan/thuc_hanh_tuan3/install/ur3_llm_control/local/lib/python3.10/dist-packages/ur3_llm_control-0.1.0-py3.10.egg-info/PKG-INFO
[16.429s] -- Up-to-date symlink: /home/quan/thuc_hanh_tuan3/install/ur3_llm_control/local/lib/python3.10/dist-packages/ur3_llm_control-0.1.0-py3.10.egg-info/SOURCES.txt
[16.429s] -- Up-to-date symlink: /home/quan/thuc_hanh_tuan3/install/ur3_llm_control/local/lib/python3.10/dist-packages/ur3_llm_control-0.1.0-py3.10.egg-info/dependency_links.txt
[16.429s] -- Up-to-date symlink: /home/quan/thuc_hanh_tuan3/install/ur3_llm_control/local/lib/python3.10/dist-packages/ur3_llm_control-0.1.0-py3.10.egg-info/top_level.txt
[16.429s] -- Up-to-date symlink: /home/quan/thuc_hanh_tuan3/install/ur3_llm_control/local/lib/python3.10/dist-packages/ur3_llm_control/__init__.py
[16.429s] -- Up-to-date symlink: /home/quan/thuc_hanh_tuan3/install/ur3_llm_control/local/lib/python3.10/dist-packages/ur3_llm_control/_ur3_llm_control_s.ep.rosidl_typesupport_c.c
[16.429s] -- Up-to-date symlink: /home/quan/thuc_hanh_tuan3/install/ur3_llm_control/local/lib/python3.10/dist-packages/ur3_llm_control/_ur3_llm_control_s.ep.rosidl_typesupport_fastrtps_c.c
[16.429s] -- Up-to-date symlink: /home/quan/thuc_hanh_tuan3/install/ur3_llm_control/local/lib/python3.10/dist-packages/ur3_llm_control/_ur3_llm_control_s.ep.rosidl_typesupport_introspection_c.c
[16.429s] -- Up-to-date symlink: /home/quan/thuc_hanh_tuan3/install/ur3_llm_control/local/lib/python3.10/dist-packages/ur3_llm_control/libur3_llm_control__rosidl_generator_py.so
[16.430s] -- Up-to-date symlink: /home/quan/thuc_hanh_tuan3/install/ur3_llm_control/local/lib/python3.10/dist-packages/ur3_llm_control/srv/__init__.py
[16.430s] -- Up-to-date symlink: /home/quan/thuc_hanh_tuan3/install/ur3_llm_control/local/lib/python3.10/dist-packages/ur3_llm_control/srv/_execute_skill.py
[16.430s] -- Up-to-date symlink: /home/quan/thuc_hanh_tuan3/install/ur3_llm_control/local/lib/python3.10/dist-packages/ur3_llm_control/srv/_execute_skill_s.c
[16.430s] -- Up-to-date symlink: /home/quan/thuc_hanh_tuan3/install/ur3_llm_control/local/lib/python3.10/dist-packages/ur3_llm_control/srv/_get_world_state.py
[16.430s] -- Up-to-date symlink: /home/quan/thuc_hanh_tuan3/install/ur3_llm_control/local/lib/python3.10/dist-packages/ur3_llm_control/srv/_get_world_state_s.c
[16.430s] -- Up-to-date symlink: /home/quan/thuc_hanh_tuan3/install/ur3_llm_control/local/lib/python3.10/dist-packages/ur3_llm_control/srv/_set_attachment.py
[16.430s] -- Up-to-date symlink: /home/quan/thuc_hanh_tuan3/install/ur3_llm_control/local/lib/python3.10/dist-packages/ur3_llm_control/srv/_set_attachment_s.c
[16.430s] -- Up-to-date symlink: /home/quan/thuc_hanh_tuan3/install/ur3_llm_control/local/lib/python3.10/dist-packages/ur3_llm_control/ur3_llm_control_s__rosidl_typesupport_c.cpython-310-x86_64-linux-gnu.so
[16.430s] -- Up-to-date symlink: /home/quan/thuc_hanh_tuan3/install/ur3_llm_control/local/lib/python3.10/dist-packages/ur3_llm_control/ur3_llm_control_s__rosidl_typesupport_fastrtps_c.cpython-310-x86_64-linux-gnu.so
[16.430s] -- Up-to-date symlink: /home/quan/thuc_hanh_tuan3/install/ur3_llm_control/local/lib/python3.10/dist-packages/ur3_llm_control/ur3_llm_control_s__rosidl_typesupport_introspection_c.cpython-310-x86_64-linux-gnu.so
[16.431s] -- Up-to-date symlink: /home/quan/thuc_hanh_tuan3/install/ur3_llm_control/local/lib/python3.10/dist-packages/ur3_llm_control/ur3_llm_control_s__rosidl_typesupport_fastrtps_c.cpython-310-x86_64-linux-gnu.so
[16.431s] -- Up-to-date symlink: /home/quan/thuc_hanh_tuan3/install/ur3_llm_control/local/lib/python3.10/dist-packages/ur3_llm_control/ur3_llm_control_s__rosidl_typesupport_introspection_c.cpython-310-x86_64-linux-gnu.so
[16.431s] -- Up-to-date symlink: /home/quan/thuc_hanh_tuan3/install/ur3_llm_control/local/lib/python3.10/dist-packages/ur3_llm_control/ur3_llm_control_s__rosidl_typesupport_c.cpython-310-x86_64-linux-gnu.so
[16.431s] -- Up-to-date symlink: /home/quan/thuc_hanh_tuan3/install/ur3_llm_control/share/ur3_llm_control/rust/Cargo.toml
[16.431s] -- Up-to-date symlink: /home/quan/thuc_hanh_tuan3/install/ur3_llm_control/share/ur3_llm_control/rust/build.rs
[16.431s] -- Up-to-date symlink: /home/quan/thuc_hanh_tuan3/install/ur3_llm_control/share/ur3_llm_control/rust/src/lib.rs
[16.431s] -- Up-to-date symlink: /home/quan/thuc_hanh_tuan3/install/ur3_llm_control/share/ur3_llm_control/rust/src/srv.rs
[16.432s] -- Up-to-date symlink: /home/quan/thuc_hanh_tuan3/install/ur3_llm_control/share/ur3_llm_control/rust/src/srv/rmw.rs
[16.432s] -- Up-to-date symlink: /home/quan/thuc_hanh_tuan3/install/ur3_llm_control/share/ur3_llm_control/srv/ExecuteSkill.idl
[16.432s] -- Up-to-date symlink: /home/quan/thuc_hanh_tuan3/install/ur3_llm_control/share/ur3_llm_control/srv/SetAttachment.idl
[16.432s] -- Up-to-date symlink: /home/quan/thuc_hanh_tuan3/install/ur3_llm_control/share/ur3_llm_control/srv/GetWorldState.idl
[16.432s] -- Up-to-date symlink: /home/quan/thuc_hanh_tuan3/install/ur3_llm_control/share/ur3_llm_control/srv/ExecuteSkill.srv
[16.432s] -- Up-to-date symlink: /home/quan/thuc_hanh_tuan3/install/ur3_llm_control/share/ur3_llm_control/srv/ExecuteSkill_Request.msg
[16.432s] -- Up-to-date symlink: /home/quan/thuc_hanh_tuan3/install/ur3_llm_control/share/ur3_llm_control/srv/ExecuteSkill_Response.msg
[16.432s] -- Up-to-date symlink: /home/quan/thuc_hanh_tuan3/install/ur3_llm_control/share/ur3_llm_control/srv/SetAttachment.srv
[16.432s] -- Up-to-date symlink: /home/quan/thuc_hanh_tuan3/install/ur3_llm_control/share/ur3_llm_control/srv/SetAttachment_Request.msg
[16.432s] -- Up-to-date symlink: /home/quan/thuc_hanh_tuan3/install/ur3_llm_control/share/ur3_llm_control/srv/SetAttachment_Response.msg
[16.432s] -- Up-to-date symlink: /home/quan/thuc_hanh_tuan3/install/ur3_llm_control/share/ur3_llm_control/srv/GetWorldState.srv
[16.433s] -- Up-to-date symlink: /home/quan/thuc_hanh_tuan3/install/ur3_llm_control/share/ur3_llm_control/srv/GetWorldState_Request.msg
[16.433s] -- Up-to-date symlink: /home/quan/thuc_hanh_tuan3/install/ur3_llm_control/share/ur3_llm_control/srv/GetWorldState_Response.msg
[16.433s] -- Up-to-date symlink: /home/quan/thuc_hanh_tuan3/install/ur3_llm_control/lib/ur3_llm_control/robot_skills
[16.433s] -- Up-to-date symlink: /home/quan/thuc_hanh_tuan3/install/ur3_llm_control/lib/libur3_physical_gripper.so
[16.433s] -- Up-to-date symlink: /home/quan/thuc_hanh_tuan3/install/ur3_llm_control/lib/ur3_llm_control/llm_planner.py
[16.433s] -- Up-to-date symlink: /home/quan/thuc_hanh_tuan3/install/ur3_llm_control/lib/ur3_llm_control/task_validator.py
[16.433s] -- Up-to-date symlink: /home/quan/thuc_hanh_tuan3/install/ur3_llm_control/lib/ur3_llm_control/skill_executor.py
[16.433s] -- Up-to-date symlink: /home/quan/thuc_hanh_tuan3/install/ur3_llm_control/lib/ur3_llm_control/task_manager.py
[16.433s] -- Up-to-date symlink: /home/quan/thuc_hanh_tuan3/install/ur3_llm_control/lib/ur3_llm_control/camera_state.py
[16.433s] -- Up-to-date symlink: /home/quan/thuc_hanh_tuan3/install/ur3_llm_control/lib/ur3_llm_control/demo_occupied_zone.py
[16.434s] -- Up-to-date symlink: /home/quan/thuc_hanh_tuan3/install/ur3_llm_control/share/ur3_llm_control/launch/llm_robot.launch.py
[16.434s] -- Up-to-date symlink: /home/quan/thuc_hanh_tuan3/install/ur3_llm_control/share/ur3_llm_control/config/home_joints.yaml
[16.434s] -- Up-to-date symlink: /home/quan/thuc_hanh_tuan3/install/ur3_llm_control/share/ur3_llm_control/config/scene.yaml
[16.434s] -- Up-to-date symlink: /home/quan/thuc_hanh_tuan3/install/ur3_llm_control/share/ur3_llm_control/config/staging_joints.yaml
[16.434s] -- Up-to-date symlink: /home/quan/thuc_hanh_tuan3/install/ur3_llm_control/share/ur3_llm_control/config/student_config.yaml
[16.434s] -- Up-to-date symlink: /home/quan/thuc_hanh_tuan3/install/ur3_llm_control/share/ur3_llm_control/config/ur3e/default_kinematics.yaml
[16.434s] -- Up-to-date symlink: /home/quan/thuc_hanh_tuan3/install/ur3_llm_control/share/ur3_llm_control/config/ur3e/joint_limits.yaml
[16.434s] -- Up-to-date symlink: /home/quan/thuc_hanh_tuan3/install/ur3_llm_control/share/ur3_llm_control/config/ur3e/physical_parameters.yaml
[16.434s] -- Up-to-date symlink: /home/quan/thuc_hanh_tuan3/install/ur3_llm_control/share/ur3_llm_control/config/ur3e/visual_parameters.yaml
[16.434s] -- Up-to-date symlink: /home/quan/thuc_hanh_tuan3/install/ur3_llm_control/share/ur3_llm_control/config/ur_controllers.yaml
[16.434s] -- Up-to-date symlink: /home/quan/thuc_hanh_tuan3/install/ur3_llm_control/share/ur3_llm_control/prompt/planner_prompt.txt
[16.434s] -- Up-to-date symlink: /home/quan/thuc_hanh_tuan3/install/ur3_llm_control/share/ur3_llm_control/worlds/assignment2.world
[16.435s] -- Up-to-date symlink: /home/quan/thuc_hanh_tuan3/install/ur3_llm_control/share/ur3_llm_control/models/blue_cube/model.config
[16.435s] -- Up-to-date symlink: /home/quan/thuc_hanh_tuan3/install/ur3_llm_control/share/ur3_llm_control/models/blue_cube/model.sdf
[16.435s] -- Up-to-date symlink: /home/quan/thuc_hanh_tuan3/install/ur3_llm_control/share/ur3_llm_control/models/buffer/model.config
[16.435s] -- Up-to-date symlink: /home/quan/thuc_hanh_tuan3/install/ur3_llm_control/share/ur3_llm_control/models/buffer/model.sdf
[16.435s] -- Up-to-date symlink: /home/quan/thuc_hanh_tuan3/install/ur3_llm_control/share/ur3_llm_control/models/green_cube/model.config
[16.435s] -- Up-to-date symlink: /home/quan/thuc_hanh_tuan3/install/ur3_llm_control/share/ur3_llm_control/models/green_cube/model.sdf
[16.435s] -- Up-to-date symlink: /home/quan/thuc_hanh_tuan3/install/ur3_llm_control/share/ur3_llm_control/models/purple_cube/model.config
[16.435s] -- Up-to-date symlink: /home/quan/thuc_hanh_tuan3/install/ur3_llm_control/share/ur3_llm_control/models/purple_cube/model.sdf
[16.436s] -- Up-to-date symlink: /home/quan/thuc_hanh_tuan3/install/ur3_llm_control/share/ur3_llm_control/models/red_cube/model.config
[16.436s] -- Up-to-date symlink: /home/quan/thuc_hanh_tuan3/install/ur3_llm_control/share/ur3_llm_control/models/red_cube/model.sdf
[16.436s] -- Up-to-date symlink: /home/quan/thuc_hanh_tuan3/install/ur3_llm_control/share/ur3_llm_control/models/ur3_task_table/model.config
[16.436s] -- Up-to-date symlink: /home/quan/thuc_hanh_tuan3/install/ur3_llm_control/share/ur3_llm_control/models/ur3_task_table/model.sdf
[16.436s] -- Up-to-date symlink: /home/quan/thuc_hanh_tuan3/install/ur3_llm_control/share/ur3_llm_control/models/yellow_cube/model.config
[16.436s] -- Up-to-date symlink: /home/quan/thuc_hanh_tuan3/install/ur3_llm_control/share/ur3_llm_control/models/yellow_cube/model.sdf
[16.436s] -- Up-to-date symlink: /home/quan/thuc_hanh_tuan3/install/ur3_llm_control/share/ur3_llm_control/models/zone_a/model.config
[16.436s] -- Up-to-date symlink: /home/quan/thuc_hanh_tuan3/install/ur3_llm_control/share/ur3_llm_control/models/zone_a/model.sdf
[16.436s] -- Up-to-date symlink: /home/quan/thuc_hanh_tuan3/install/ur3_llm_control/share/ur3_llm_control/models/zone_b/model.config
[16.436s] -- Up-to-date symlink: /home/quan/thuc_hanh_tuan3/install/ur3_llm_control/share/ur3_llm_control/models/zone_b/model.sdf
[16.436s] -- Up-to-date symlink: /home/quan/thuc_hanh_tuan3/install/ur3_llm_control/share/ur3_llm_control/models/zone_c/model.config
[16.436s] -- Up-to-date symlink: /home/quan/thuc_hanh_tuan3/install/ur3_llm_control/share/ur3_llm_control/models/zone_c/model.sdf
[16.437s] -- Up-to-date symlink: /home/quan/thuc_hanh_tuan3/install/ur3_llm_control/share/ur3_llm_control/urdf/ur3e_with_gripper.urdf.xacro
[16.437s] -- Up-to-date symlink: /home/quan/thuc_hanh_tuan3/install/ur3_llm_control/share/ur3_llm_control/srdf/ur_robotiq.srdf.xacro
[16.437s] -- Up-to-date symlink: /home/quan/thuc_hanh_tuan3/install/ur3_llm_control/share/ament_index/resource_index/package_run_dependencies/ur3_llm_control
[16.437s] -- Up-to-date symlink: /home/quan/thuc_hanh_tuan3/install/ur3_llm_control/share/ament_index/resource_index/parent_prefix_path/ur3_llm_control
[16.437s] -- Up-to-date symlink: /home/quan/thuc_hanh_tuan3/install/ur3_llm_control/share/ur3_llm_control/environment/ament_prefix_path.sh
[16.438s] -- Up-to-date symlink: /home/quan/thuc_hanh_tuan3/install/ur3_llm_control/share/ur3_llm_control/environment/ament_prefix_path.dsv
[16.438s] -- Up-to-date symlink: /home/quan/thuc_hanh_tuan3/install/ur3_llm_control/share/ur3_llm_control/environment/path.sh
[16.438s] -- Up-to-date symlink: /home/quan/thuc_hanh_tuan3/install/ur3_llm_control/share/ur3_llm_control/environment/path.dsv
[16.438s] -- Up-to-date symlink: /home/quan/thuc_hanh_tuan3/install/ur3_llm_control/share/ur3_llm_control/local_setup.bash
[16.438s] -- Up-to-date symlink: /home/quan/thuc_hanh_tuan3/install/ur3_llm_control/share/ur3_llm_control/local_setup.sh
[16.438s] -- Up-to-date symlink: /home/quan/thuc_hanh_tuan3/install/ur3_llm_control/share/ur3_llm_control/local_setup.zsh
[16.438s] -- Up-to-date symlink: /home/quan/thuc_hanh_tuan3/install/ur3_llm_control/share/ur3_llm_control/local_setup.dsv
[16.438s] -- Symlinking: /home/quan/thuc_hanh_tuan3/install/ur3_llm_control/share/ur3_llm_control/package.dsv
[16.447s] -- Up-to-date symlink: /home/quan/thuc_hanh_tuan3/install/ur3_llm_control/share/ament_index/resource_index/packages/ur3_llm_control
[16.447s] -- Up-to-date symlink: /home/quan/thuc_hanh_tuan3/install/ur3_llm_control/share/ur3_llm_control/cmake/rosidl_cmake-extras.cmake
[16.447s] -- Up-to-date symlink: /home/quan/thuc_hanh_tuan3/install/ur3_llm_control/share/ur3_llm_control/cmake/ament_cmake_export_include_directories-extras.cmake
[16.447s] -- Up-to-date symlink: /home/quan/thuc_hanh_tuan3/install/ur3_llm_control/share/ur3_llm_control/cmake/ament_cmake_export_libraries-extras.cmake
[16.448s] -- Up-to-date symlink: /home/quan/thuc_hanh_tuan3/install/ur3_llm_control/share/ur3_llm_control/cmake/ament_cmake_export_targets-extras.cmake
[16.448s] -- Up-to-date symlink: /home/quan/thuc_hanh_tuan3/install/ur3_llm_control/share/ur3_llm_control/cmake/rosidl_cmake_export_typesupport_targets-extras.cmake
[16.448s] -- Up-to-date symlink: /home/quan/thuc_hanh_tuan3/install/ur3_llm_control/share/ur3_llm_control/cmake/ament_cmake_export_dependencies-extras.cmake
[16.448s] -- Up-to-date symlink: /home/quan/thuc_hanh_tuan3/install/ur3_llm_control/share/ur3_llm_control/cmake/rosidl_cmake_export_typesupport_libraries-extras.cmake
[16.448s] -- Up-to-date symlink: /home/quan/thuc_hanh_tuan3/install/ur3_llm_control/share/ur3_llm_control/cmake/rosidl_cmake_aggregate_target-extras.cmake
[16.448s] -- Up-to-date symlink: /home/quan/thuc_hanh_tuan3/install/ur3_llm_control/share/ur3_llm_control/cmake/ur3_llm_controlConfig.cmake
[16.448s] -- Up-to-date symlink: /home/quan/thuc_hanh_tuan3/install/ur3_llm_control/share/ur3_llm_control/cmake/ur3_llm_controlConfig-version.cmake
[16.448s] -- Up-to-date symlink: /home/quan/thuc_hanh_tuan3/install/ur3_llm_control/share/ur3_llm_control/package.xml
[16.448s] -- Up-to-date: /home/quan/thuc_hanh_tuan3/install/ur3_llm_control/lib/libur3_llm_control__rosidl_generator_c.so
[16.448s] -- Up-to-date: /home/quan/thuc_hanh_tuan3/install/ur3_llm_control/lib/libur3_llm_control__rosidl_typesupport_fastrtps_c.so
[16.448s] -- Up-to-date: /home/quan/thuc_hanh_tuan3/install/ur3_llm_control/lib/libur3_llm_control__rosidl_typesupport_fastrtps_cpp.so
[16.449s] -- Up-to-date: /home/quan/thuc_hanh_tuan3/install/ur3_llm_control/lib/libur3_llm_control__rosidl_typesupport_introspection_c.so
[16.449s] -- Up-to-date: /home/quan/thuc_hanh_tuan3/install/ur3_llm_control/lib/libur3_llm_control__rosidl_typesupport_c.so
[16.449s] -- Up-to-date: /home/quan/thuc_hanh_tuan3/install/ur3_llm_control/lib/libur3_llm_control__rosidl_typesupport_introspection_cpp.so
[16.449s] -- Up-to-date: /home/quan/thuc_hanh_tuan3/install/ur3_llm_control/lib/libur3_llm_control__rosidl_typesupport_cpp.so
[16.475s] Listing '/home/quan/thuc_hanh_tuan3/install/ur3_llm_control/local/lib/python3.10/dist-packages/ur3_llm_control'...
[16.476s] Listing '/home/quan/thuc_hanh_tuan3/install/ur3_llm_control/local/lib/python3.10/dist-packages/ur3_llm_control/srv'...
[16.479s] -- Up-to-date: /home/quan/thuc_hanh_tuan3/install/ur3_llm_control/lib/libur3_llm_control__rosidl_generator_py.so
[16.479s] -- Up-to-date: /home/quan/thuc_hanh_tuan3/install/ur3_llm_control/share/ur3_llm_control/cmake/export_ur3_llm_control__rosidl_generator_cExport.cmake
[16.480s] -- Up-to-date: /home/quan/thuc_hanh_tuan3/install/ur3_llm_control/share/ur3_llm_control/cmake/export_ur3_llm_control__rosidl_generator_cExport-noconfig.cmake
[16.480s] -- Up-to-date: /home/quan/thuc_hanh_tuan3/install/ur3_llm_control/share/ur3_llm_control/cmake/export_ur3_llm_control__rosidl_typesupport_fastrtps_cExport.cmake
[16.480s] -- Up-to-date: /home/quan/thuc_hanh_tuan3/install/ur3_llm_control/share/ur3_llm_control/cmake/export_ur3_llm_control__rosidl_typesupport_fastrtps_cExport-noconfig.cmake
[16.480s] -- Up-to-date: /home/quan/thuc_hanh_tuan3/install/ur3_llm_control/share/ur3_llm_control/cmake/export_ur3_llm_control__rosidl_generator_cppExport.cmake
[16.480s] -- Up-to-date: /home/quan/thuc_hanh_tuan3/install/ur3_llm_control/share/ur3_llm_control/cmake/export_ur3_llm_control__rosidl_typesupport_fastrtps_cppExport.cmake
[16.480s] -- Up-to-date: /home/quan/thuc_hanh_tuan3/install/ur3_llm_control/share/ur3_llm_control/cmake/export_ur3_llm_control__rosidl_typesupport_fastrtps_cppExport-noconfig.cmake
[16.480s] -- Up-to-date: /home/quan/thuc_hanh_tuan3/install/ur3_llm_control/share/ur3_llm_control/cmake/ur3_llm_control__rosidl_typesupport_introspection_cExport.cmake
[16.480s] -- Up-to-date: /home/quan/thuc_hanh_tuan3/install/ur3_llm_control/share/ur3_llm_control/cmake/ur3_llm_control__rosidl_typesupport_introspection_cExport-noconfig.cmake
[16.480s] -- Up-to-date: /home/quan/thuc_hanh_tuan3/install/ur3_llm_control/share/ur3_llm_control/cmake/ur3_llm_control__rosidl_typesupport_cExport.cmake
[16.480s] -- Up-to-date: /home/quan/thuc_hanh_tuan3/install/ur3_llm_control/share/ur3_llm_control/cmake/ur3_llm_control__rosidl_typesupport_cExport-noconfig.cmake
[16.480s] -- Up-to-date: /home/quan/thuc_hanh_tuan3/install/ur3_llm_control/share/ur3_llm_control/cmake/ur3_llm_control__rosidl_typesupport_introspection_cppExport.cmake
[16.480s] -- Up-to-date: /home/quan/thuc_hanh_tuan3/install/ur3_llm_control/share/ur3_llm_control/cmake/ur3_llm_control__rosidl_typesupport_introspection_cppExport-noconfig.cmake
[16.480s] -- Up-to-date: /home/quan/thuc_hanh_tuan3/install/ur3_llm_control/share/ur3_llm_control/cmake/ur3_llm_control__rosidl_typesupport_cppExport.cmake
[16.480s] -- Up-to-date: /home/quan/thuc_hanh_tuan3/install/ur3_llm_control/share/ur3_llm_control/cmake/ur3_llm_control__rosidl_typesupport_cppExport-noconfig.cmake
[16.480s] -- Up-to-date: /home/quan/thuc_hanh_tuan3/install/ur3_llm_control/share/ur3_llm_control/cmake/export_ur3_llm_control__rosidl_generator_pyExport.cmake
[16.480s] -- Up-to-date: /home/quan/thuc_hanh_tuan3/install/ur3_llm_control/share/ur3_llm_control/cmake/export_ur3_llm_control__rosidl_generator_pyExport-noconfig.cmake
[16.481s] Invoked command in '/home/quan/thuc_hanh_tuan3/build/ur3_llm_control' returned '0': AMENT_PREFIX_PATH=/home/quan/thuc_hanh_tuan3/install/ur_simulation_gazebo:/home/quan/thuc_hanh_tuan3/install/robotiq_description:${AMENT_PREFIX_PATH} CMAKE_PREFIX_PATH=/home/quan/thuc_hanh_tuan3/install/ur_simulation_gazebo:/home/quan/thuc_hanh_tuan3/install/robotiq_description:/home/quan/ros2_ws/install/robot1:/home/quan/ros2_ws/install/robot:/home/quan/ros2_ws/install/msgs_test:/home/quan/ros2_ws/install/component_pkg:/home/quan/ros2_ws/src/msgs_test/install/msgs_test:/home/quan/ros2_ws/install/my_turtlesim:/home/quan/ros2_ws/install/my_robot_logic:/home/quan/ros2_ws/install/my_robot_controller:/home/quan/ros2_ws/install/lifecycle_pkg:/opt/ros/humble /usr/bin/cmake --install /home/quan/thuc_hanh_tuan3/build/ur3_llm_control
