[0.006s] Invoking command in '/home/quan/thuc_hanh_tuan3/src/build/ur_simulation_gazebo': CMAKE_PREFIX_PATH=${CMAKE_PREFIX_PATH}:/home/quan/ros2_ws/install/my_turtlesim:/home/quan/ros2_ws/install/my_robot_logic:/home/quan/ros2_ws/install/my_robot_controller:/home/quan/ros2_ws/install/lifecycle_pkg:/opt/ros/humble /usr/bin/cmake /home/quan/thuc_hanh_tuan3/src/Universal_Robots_ROS2_Gazebo_Simulation/ur_simulation_gazebo -DAMENT_CMAKE_SYMLINK_INSTALL=1 -DCMAKE_INSTALL_PREFIX=/home/quan/thuc_hanh_tuan3/src/install/ur_simulation_gazebo
[0.051s] -- The C compiler identification is GNU 11.4.0
[0.095s] -- The CXX compiler identification is GNU 11.4.0
[0.100s] -- Detecting C compiler ABI info
[0.157s] -- Detecting C compiler ABI info - done
[0.163s] -- Check for working C compiler: /usr/bin/cc - skipped
[0.163s] -- Detecting C compile features
[0.163s] -- Detecting C compile features - done
[0.165s] -- Detecting CXX compiler ABI info
[0.232s] -- Detecting CXX compiler ABI info - done
[0.238s] -- Check for working CXX compiler: /usr/bin/c++ - skipped
[0.238s] -- Detecting CXX compile features
[0.238s] -- Detecting CXX compile features - done
[0.240s] -- Found ament_cmake: 1.3.14 (/opt/ros/humble/share/ament_cmake/cmake)
[0.358s] -- Found Python3: /usr/bin/python3 (found version "3.10.12") found components: Interpreter 
[0.405s] -- Override CMake install command with custom implementation using symlinks instead of copying resources
[0.432s] -- Found launch_testing_ament_cmake: 1.0.15 (/opt/ros/humble/share/launch_testing_ament_cmake/cmake)
[0.434s] -- Found python_cmake_module: 0.10.0 (/opt/ros/humble/share/python_cmake_module/cmake)
[0.450s] -- Found PythonInterp: /usr/bin/python3 (found suitable version "3.10.12", minimum required is "3.6") 
[0.458s] -- Found PythonLibs: /usr/lib/x86_64-linux-gnu/libpython3.10.so (found suitable version "3.10.12", minimum required is "3.5") 
[0.458s] -- Using PYTHON_EXECUTABLE: /usr/bin/python3
[0.458s] -- Using PYTHON_INCLUDE_DIRS: /usr/include/python3.10
[0.458s] -- Using PYTHON_LIBRARIES: /usr/lib/x86_64-linux-gnu/libpython3.10.so
[0.479s] -- Found PythonExtra: .so  
[0.481s] -- Found ament_cmake_pytest: 1.3.14 (/opt/ros/humble/share/ament_cmake_pytest/cmake)
[0.524s] -- Configuring done
[0.525s] -- Generating done
[0.526s] -- Build files have been written to: /home/quan/thuc_hanh_tuan3/src/build/ur_simulation_gazebo
[0.531s] Invoked command in '/home/quan/thuc_hanh_tuan3/src/build/ur_simulation_gazebo' returned '0': CMAKE_PREFIX_PATH=${CMAKE_PREFIX_PATH}:/home/quan/ros2_ws/install/my_turtlesim:/home/quan/ros2_ws/install/my_robot_logic:/home/quan/ros2_ws/install/my_robot_controller:/home/quan/ros2_ws/install/lifecycle_pkg:/opt/ros/humble /usr/bin/cmake /home/quan/thuc_hanh_tuan3/src/Universal_Robots_ROS2_Gazebo_Simulation/ur_simulation_gazebo -DAMENT_CMAKE_SYMLINK_INSTALL=1 -DCMAKE_INSTALL_PREFIX=/home/quan/thuc_hanh_tuan3/src/install/ur_simulation_gazebo
[0.531s] Invoking command in '/home/quan/thuc_hanh_tuan3/src/build/ur_simulation_gazebo': CMAKE_PREFIX_PATH=${CMAKE_PREFIX_PATH}:/home/quan/ros2_ws/install/my_turtlesim:/home/quan/ros2_ws/install/my_robot_logic:/home/quan/ros2_ws/install/my_robot_controller:/home/quan/ros2_ws/install/lifecycle_pkg:/opt/ros/humble /usr/bin/cmake --build /home/quan/thuc_hanh_tuan3/src/build/ur_simulation_gazebo -- -j16 -l16
[0.568s] Invoked command in '/home/quan/thuc_hanh_tuan3/src/build/ur_simulation_gazebo' returned '0': CMAKE_PREFIX_PATH=${CMAKE_PREFIX_PATH}:/home/quan/ros2_ws/install/my_turtlesim:/home/quan/ros2_ws/install/my_robot_logic:/home/quan/ros2_ws/install/my_robot_controller:/home/quan/ros2_ws/install/lifecycle_pkg:/opt/ros/humble /usr/bin/cmake --build /home/quan/thuc_hanh_tuan3/src/build/ur_simulation_gazebo -- -j16 -l16
[0.569s] Invoking command in '/home/quan/thuc_hanh_tuan3/src/build/ur_simulation_gazebo': CMAKE_PREFIX_PATH=${CMAKE_PREFIX_PATH}:/home/quan/ros2_ws/install/my_turtlesim:/home/quan/ros2_ws/install/my_robot_logic:/home/quan/ros2_ws/install/my_robot_controller:/home/quan/ros2_ws/install/lifecycle_pkg:/opt/ros/humble /usr/bin/cmake --install /home/quan/thuc_hanh_tuan3/src/build/ur_simulation_gazebo
[0.576s] -- Install configuration: ""
[0.577s] -- Execute custom install script
[0.577s] -- Symlinking: /home/quan/thuc_hanh_tuan3/src/install/ur_simulation_gazebo/share/ur_simulation_gazebo/config/ur_controllers.yaml
[0.584s] -- Symlinking: /home/quan/thuc_hanh_tuan3/src/install/ur_simulation_gazebo/share/ur_simulation_gazebo/launch/ur_sim_control.launch.py
[0.591s] -- Symlinking: /home/quan/thuc_hanh_tuan3/src/install/ur_simulation_gazebo/share/ur_simulation_gazebo/launch/ur_sim_moveit.launch.py
[0.599s] -- Symlinking: /home/quan/thuc_hanh_tuan3/src/install/ur_simulation_gazebo/share/ament_index/resource_index/package_run_dependencies/ur_simulation_gazebo
[0.605s] -- Symlinking: /home/quan/thuc_hanh_tuan3/src/install/ur_simulation_gazebo/share/ament_index/resource_index/parent_prefix_path/ur_simulation_gazebo
[0.614s] -- Symlinking: /home/quan/thuc_hanh_tuan3/src/install/ur_simulation_gazebo/share/ur_simulation_gazebo/environment/ament_prefix_path.sh
[0.625s] -- Symlinking: /home/quan/thuc_hanh_tuan3/src/install/ur_simulation_gazebo/share/ur_simulation_gazebo/environment/ament_prefix_path.dsv
[0.637s] -- Symlinking: /home/quan/thuc_hanh_tuan3/src/install/ur_simulation_gazebo/share/ur_simulation_gazebo/environment/path.sh
[0.650s] -- Symlinking: /home/quan/thuc_hanh_tuan3/src/install/ur_simulation_gazebo/share/ur_simulation_gazebo/environment/path.dsv
[0.658s] -- Symlinking: /home/quan/thuc_hanh_tuan3/src/install/ur_simulation_gazebo/share/ur_simulation_gazebo/local_setup.bash
[0.666s] -- Symlinking: /home/quan/thuc_hanh_tuan3/src/install/ur_simulation_gazebo/share/ur_simulation_gazebo/local_setup.sh
[0.673s] -- Symlinking: /home/quan/thuc_hanh_tuan3/src/install/ur_simulation_gazebo/share/ur_simulation_gazebo/local_setup.zsh
[0.680s] -- Symlinking: /home/quan/thuc_hanh_tuan3/src/install/ur_simulation_gazebo/share/ur_simulation_gazebo/local_setup.dsv
[0.688s] -- Symlinking: /home/quan/thuc_hanh_tuan3/src/install/ur_simulation_gazebo/share/ur_simulation_gazebo/package.dsv
[0.696s] -- Symlinking: /home/quan/thuc_hanh_tuan3/src/install/ur_simulation_gazebo/share/ament_index/resource_index/packages/ur_simulation_gazebo
[0.704s] -- Symlinking: /home/quan/thuc_hanh_tuan3/src/install/ur_simulation_gazebo/share/ur_simulation_gazebo/cmake/ur_simulation_gazeboConfig.cmake
[0.713s] -- Symlinking: /home/quan/thuc_hanh_tuan3/src/install/ur_simulation_gazebo/share/ur_simulation_gazebo/cmake/ur_simulation_gazeboConfig-version.cmake
[0.720s] -- Symlinking: /home/quan/thuc_hanh_tuan3/src/install/ur_simulation_gazebo/share/ur_simulation_gazebo/package.xml
[0.731s] Invoked command in '/home/quan/thuc_hanh_tuan3/src/build/ur_simulation_gazebo' returned '0': CMAKE_PREFIX_PATH=${CMAKE_PREFIX_PATH}:/home/quan/ros2_ws/install/my_turtlesim:/home/quan/ros2_ws/install/my_robot_logic:/home/quan/ros2_ws/install/my_robot_controller:/home/quan/ros2_ws/install/lifecycle_pkg:/opt/ros/humble /usr/bin/cmake --install /home/quan/thuc_hanh_tuan3/src/build/ur_simulation_gazebo
