[0.116s] DEBUG:colcon:Command line arguments: ['/usr/bin/colcon', 'build', '--packages-up-to', 'ur3_llm_control', '--symlink-install']
[0.116s] DEBUG:colcon:Parsed command line arguments: Namespace(log_base=None, log_level=None, verb_name='build', build_base='build', install_base='install', merge_install=False, symlink_install=True, test_result_base=None, continue_on_error=False, executor='parallel', parallel_workers=16, event_handlers=None, ignore_user_meta=False, metas=['./colcon.meta'], base_paths=['.'], packages_ignore=None, packages_ignore_regex=None, paths=None, packages_up_to=['ur3_llm_control'], packages_up_to_regex=None, packages_above=None, packages_above_and_dependencies=None, packages_above_depth=None, packages_select_by_dep=None, packages_skip_by_dep=None, packages_skip_up_to=None, packages_select_build_failed=False, packages_skip_build_finished=False, packages_select_test_failures=False, packages_skip_test_passed=False, packages_select=None, packages_skip=None, packages_select_regex=None, packages_skip_regex=None, packages_start=None, packages_end=None, allow_overriding=[], cmake_args=None, cmake_target=None, cmake_target_skip_unavailable=False, cmake_clean_cache=False, cmake_clean_first=False, cmake_force_configure=False, ament_cmake_args=None, catkin_cmake_args=None, catkin_skip_building_tests=False, mixin_files=None, mixin=None, verb_parser=<colcon_mixin.mixin.mixin_argument.MixinArgumentDecorator object at 0x71f07c295060>, verb_extension=<colcon_core.verb.build.BuildVerb object at 0x71f07c3a6290>, main=<bound method BuildVerb.main of <colcon_core.verb.build.BuildVerb object at 0x71f07c3a6290>>, mixin_verb=('build',))
[0.278s] Level 1:colcon.colcon_core.package_discovery:discover_packages(colcon_meta) check parameters
[0.278s] Level 1:colcon.colcon_core.package_discovery:discover_packages(recursive) check parameters
[0.278s] Level 1:colcon.colcon_core.package_discovery:discover_packages(ignore) check parameters
[0.278s] Level 1:colcon.colcon_core.package_discovery:discover_packages(path) check parameters
[0.278s] Level 1:colcon.colcon_core.package_discovery:discover_packages(colcon_meta) discover
[0.278s] Level 1:colcon.colcon_core.package_discovery:discover_packages(recursive) discover
[0.278s] INFO:colcon.colcon_core.package_discovery:Crawling recursively for packages in '/home/quan/thuc_hanh_tuan3'
[0.278s] Level 1:colcon.colcon_core.package_identification:_identify(.) by extensions ['ignore', 'ignore_ament_install']
[0.278s] Level 1:colcon.colcon_core.package_identification:_identify(.) by extension 'ignore'
[0.278s] Level 1:colcon.colcon_core.package_identification:_identify(.) by extension 'ignore_ament_install'
[0.278s] Level 1:colcon.colcon_core.package_identification:_identify(.) by extensions ['colcon_pkg']
[0.279s] Level 1:colcon.colcon_core.package_identification:_identify(.) by extension 'colcon_pkg'
[0.279s] Level 1:colcon.colcon_core.package_identification:_identify(.) by extensions ['colcon_meta']
[0.279s] Level 1:colcon.colcon_core.package_identification:_identify(.) by extension 'colcon_meta'
[0.279s] Level 1:colcon.colcon_core.package_identification:_identify(.) by extensions ['ros']
[0.279s] Level 1:colcon.colcon_core.package_identification:_identify(.) by extension 'ros'
[0.296s] Level 1:colcon.colcon_core.package_identification:_identify(.) by extensions ['cmake', 'python']
[0.296s] Level 1:colcon.colcon_core.package_identification:_identify(.) by extension 'cmake'
[0.296s] Level 1:colcon.colcon_core.package_identification:_identify(.) by extension 'python'
[0.296s] Level 1:colcon.colcon_core.package_identification:_identify(.) by extensions ['python_setup_py']
[0.296s] Level 1:colcon.colcon_core.package_identification:_identify(.) by extension 'python_setup_py'
[0.296s] Level 1:colcon.colcon_core.package_identification:_identify(build) by extensions ['ignore', 'ignore_ament_install']
[0.296s] Level 1:colcon.colcon_core.package_identification:_identify(build) by extension 'ignore'
[0.296s] Level 1:colcon.colcon_core.package_identification:_identify(build) ignored
[0.296s] Level 1:colcon.colcon_core.package_identification:_identify(install) by extensions ['ignore', 'ignore_ament_install']
[0.296s] Level 1:colcon.colcon_core.package_identification:_identify(install) by extension 'ignore'
[0.296s] Level 1:colcon.colcon_core.package_identification:_identify(install) ignored
[0.296s] Level 1:colcon.colcon_core.package_identification:_identify(log) by extensions ['ignore', 'ignore_ament_install']
[0.297s] Level 1:colcon.colcon_core.package_identification:_identify(log) by extension 'ignore'
[0.297s] Level 1:colcon.colcon_core.package_identification:_identify(log) ignored
[0.297s] Level 1:colcon.colcon_core.package_identification:_identify(src) by extensions ['ignore', 'ignore_ament_install']
[0.297s] Level 1:colcon.colcon_core.package_identification:_identify(src) by extension 'ignore'
[0.297s] Level 1:colcon.colcon_core.package_identification:_identify(src) by extension 'ignore_ament_install'
[0.297s] Level 1:colcon.colcon_core.package_identification:_identify(src) by extensions ['colcon_pkg']
[0.297s] Level 1:colcon.colcon_core.package_identification:_identify(src) by extension 'colcon_pkg'
[0.297s] Level 1:colcon.colcon_core.package_identification:_identify(src) by extensions ['colcon_meta']
[0.297s] Level 1:colcon.colcon_core.package_identification:_identify(src) by extension 'colcon_meta'
[0.297s] Level 1:colcon.colcon_core.package_identification:_identify(src) by extensions ['ros']
[0.297s] Level 1:colcon.colcon_core.package_identification:_identify(src) by extension 'ros'
[0.297s] Level 1:colcon.colcon_core.package_identification:_identify(src) by extensions ['cmake', 'python']
[0.297s] Level 1:colcon.colcon_core.package_identification:_identify(src) by extension 'cmake'
[0.297s] Level 1:colcon.colcon_core.package_identification:_identify(src) by extension 'python'
[0.297s] Level 1:colcon.colcon_core.package_identification:_identify(src) by extensions ['python_setup_py']
[0.297s] Level 1:colcon.colcon_core.package_identification:_identify(src) by extension 'python_setup_py'
[0.297s] Level 1:colcon.colcon_core.package_identification:_identify(src/Universal_Robots_ROS2_Gazebo_Simulation) by extensions ['ignore', 'ignore_ament_install']
[0.297s] Level 1:colcon.colcon_core.package_identification:_identify(src/Universal_Robots_ROS2_Gazebo_Simulation) by extension 'ignore'
[0.297s] Level 1:colcon.colcon_core.package_identification:_identify(src/Universal_Robots_ROS2_Gazebo_Simulation) by extension 'ignore_ament_install'
[0.297s] Level 1:colcon.colcon_core.package_identification:_identify(src/Universal_Robots_ROS2_Gazebo_Simulation) by extensions ['colcon_pkg']
[0.297s] Level 1:colcon.colcon_core.package_identification:_identify(src/Universal_Robots_ROS2_Gazebo_Simulation) by extension 'colcon_pkg'
[0.297s] Level 1:colcon.colcon_core.package_identification:_identify(src/Universal_Robots_ROS2_Gazebo_Simulation) by extensions ['colcon_meta']
[0.297s] Level 1:colcon.colcon_core.package_identification:_identify(src/Universal_Robots_ROS2_Gazebo_Simulation) by extension 'colcon_meta'
[0.297s] Level 1:colcon.colcon_core.package_identification:_identify(src/Universal_Robots_ROS2_Gazebo_Simulation) by extensions ['ros']
[0.297s] Level 1:colcon.colcon_core.package_identification:_identify(src/Universal_Robots_ROS2_Gazebo_Simulation) by extension 'ros'
[0.297s] Level 1:colcon.colcon_core.package_identification:_identify(src/Universal_Robots_ROS2_Gazebo_Simulation) by extensions ['cmake', 'python']
[0.297s] Level 1:colcon.colcon_core.package_identification:_identify(src/Universal_Robots_ROS2_Gazebo_Simulation) by extension 'cmake'
[0.297s] Level 1:colcon.colcon_core.package_identification:_identify(src/Universal_Robots_ROS2_Gazebo_Simulation) by extension 'python'
[0.297s] Level 1:colcon.colcon_core.package_identification:_identify(src/Universal_Robots_ROS2_Gazebo_Simulation) by extensions ['python_setup_py']
[0.297s] Level 1:colcon.colcon_core.package_identification:_identify(src/Universal_Robots_ROS2_Gazebo_Simulation) by extension 'python_setup_py'
[0.297s] Level 1:colcon.colcon_core.package_identification:_identify(src/Universal_Robots_ROS2_Gazebo_Simulation/ur_simulation_gazebo) by extensions ['ignore', 'ignore_ament_install']
[0.298s] Level 1:colcon.colcon_core.package_identification:_identify(src/Universal_Robots_ROS2_Gazebo_Simulation/ur_simulation_gazebo) by extension 'ignore'
[0.298s] Level 1:colcon.colcon_core.package_identification:_identify(src/Universal_Robots_ROS2_Gazebo_Simulation/ur_simulation_gazebo) by extension 'ignore_ament_install'
[0.298s] Level 1:colcon.colcon_core.package_identification:_identify(src/Universal_Robots_ROS2_Gazebo_Simulation/ur_simulation_gazebo) by extensions ['colcon_pkg']
[0.298s] Level 1:colcon.colcon_core.package_identification:_identify(src/Universal_Robots_ROS2_Gazebo_Simulation/ur_simulation_gazebo) by extension 'colcon_pkg'
[0.298s] Level 1:colcon.colcon_core.package_identification:_identify(src/Universal_Robots_ROS2_Gazebo_Simulation/ur_simulation_gazebo) by extensions ['colcon_meta']
[0.298s] Level 1:colcon.colcon_core.package_identification:_identify(src/Universal_Robots_ROS2_Gazebo_Simulation/ur_simulation_gazebo) by extension 'colcon_meta'
[0.298s] Level 1:colcon.colcon_core.package_identification:_identify(src/Universal_Robots_ROS2_Gazebo_Simulation/ur_simulation_gazebo) by extensions ['ros']
[0.298s] Level 1:colcon.colcon_core.package_identification:_identify(src/Universal_Robots_ROS2_Gazebo_Simulation/ur_simulation_gazebo) by extension 'ros'
[0.299s] DEBUG:colcon.colcon_core.package_identification:Package 'src/Universal_Robots_ROS2_Gazebo_Simulation/ur_simulation_gazebo' with type 'ros.ament_cmake' and name 'ur_simulation_gazebo'
[0.300s] Level 1:colcon.colcon_core.package_identification:_identify(src/build) by extensions ['ignore', 'ignore_ament_install']
[0.300s] Level 1:colcon.colcon_core.package_identification:_identify(src/build) by extension 'ignore'
[0.300s] Level 1:colcon.colcon_core.package_identification:_identify(src/build) ignored
[0.300s] Level 1:colcon.colcon_core.package_identification:_identify(src/install) by extensions ['ignore', 'ignore_ament_install']
[0.300s] Level 1:colcon.colcon_core.package_identification:_identify(src/install) by extension 'ignore'
[0.300s] Level 1:colcon.colcon_core.package_identification:_identify(src/install) ignored
[0.300s] Level 1:colcon.colcon_core.package_identification:_identify(src/log) by extensions ['ignore', 'ignore_ament_install']
[0.300s] Level 1:colcon.colcon_core.package_identification:_identify(src/log) by extension 'ignore'
[0.300s] Level 1:colcon.colcon_core.package_identification:_identify(src/log) ignored
[0.300s] Level 1:colcon.colcon_core.package_identification:_identify(src/ros2_robotiq_gripper) by extensions ['ignore', 'ignore_ament_install']
[0.300s] Level 1:colcon.colcon_core.package_identification:_identify(src/ros2_robotiq_gripper) by extension 'ignore'
[0.300s] Level 1:colcon.colcon_core.package_identification:_identify(src/ros2_robotiq_gripper) by extension 'ignore_ament_install'
[0.300s] Level 1:colcon.colcon_core.package_identification:_identify(src/ros2_robotiq_gripper) by extensions ['colcon_pkg']
[0.300s] Level 1:colcon.colcon_core.package_identification:_identify(src/ros2_robotiq_gripper) by extension 'colcon_pkg'
[0.300s] Level 1:colcon.colcon_core.package_identification:_identify(src/ros2_robotiq_gripper) by extensions ['colcon_meta']
[0.300s] Level 1:colcon.colcon_core.package_identification:_identify(src/ros2_robotiq_gripper) by extension 'colcon_meta'
[0.300s] Level 1:colcon.colcon_core.package_identification:_identify(src/ros2_robotiq_gripper) by extensions ['ros']
[0.300s] Level 1:colcon.colcon_core.package_identification:_identify(src/ros2_robotiq_gripper) by extension 'ros'
[0.300s] Level 1:colcon.colcon_core.package_identification:_identify(src/ros2_robotiq_gripper) by extensions ['cmake', 'python']
[0.300s] Level 1:colcon.colcon_core.package_identification:_identify(src/ros2_robotiq_gripper) by extension 'cmake'
[0.300s] Level 1:colcon.colcon_core.package_identification:_identify(src/ros2_robotiq_gripper) by extension 'python'
[0.300s] Level 1:colcon.colcon_core.package_identification:_identify(src/ros2_robotiq_gripper) by extensions ['python_setup_py']
[0.300s] Level 1:colcon.colcon_core.package_identification:_identify(src/ros2_robotiq_gripper) by extension 'python_setup_py'
[0.300s] Level 1:colcon.colcon_core.package_identification:_identify(src/ros2_robotiq_gripper/robotiq_controllers) by extensions ['ignore', 'ignore_ament_install']
[0.300s] Level 1:colcon.colcon_core.package_identification:_identify(src/ros2_robotiq_gripper/robotiq_controllers) by extension 'ignore'
[0.300s] Level 1:colcon.colcon_core.package_identification:_identify(src/ros2_robotiq_gripper/robotiq_controllers) by extension 'ignore_ament_install'
[0.301s] Level 1:colcon.colcon_core.package_identification:_identify(src/ros2_robotiq_gripper/robotiq_controllers) by extensions ['colcon_pkg']
[0.301s] Level 1:colcon.colcon_core.package_identification:_identify(src/ros2_robotiq_gripper/robotiq_controllers) by extension 'colcon_pkg'
[0.301s] Level 1:colcon.colcon_core.package_identification:_identify(src/ros2_robotiq_gripper/robotiq_controllers) by extensions ['colcon_meta']
[0.301s] Level 1:colcon.colcon_core.package_identification:_identify(src/ros2_robotiq_gripper/robotiq_controllers) by extension 'colcon_meta'
[0.301s] Level 1:colcon.colcon_core.package_identification:_identify(src/ros2_robotiq_gripper/robotiq_controllers) by extensions ['ros']
[0.301s] Level 1:colcon.colcon_core.package_identification:_identify(src/ros2_robotiq_gripper/robotiq_controllers) by extension 'ros'
[0.301s] DEBUG:colcon.colcon_core.package_identification:Package 'src/ros2_robotiq_gripper/robotiq_controllers' with type 'ros.ament_cmake' and name 'robotiq_controllers'
[0.301s] Level 1:colcon.colcon_core.package_identification:_identify(src/ros2_robotiq_gripper/robotiq_description) by extensions ['ignore', 'ignore_ament_install']
[0.301s] Level 1:colcon.colcon_core.package_identification:_identify(src/ros2_robotiq_gripper/robotiq_description) by extension 'ignore'
[0.301s] Level 1:colcon.colcon_core.package_identification:_identify(src/ros2_robotiq_gripper/robotiq_description) by extension 'ignore_ament_install'
[0.301s] Level 1:colcon.colcon_core.package_identification:_identify(src/ros2_robotiq_gripper/robotiq_description) by extensions ['colcon_pkg']
[0.301s] Level 1:colcon.colcon_core.package_identification:_identify(src/ros2_robotiq_gripper/robotiq_description) by extension 'colcon_pkg'
[0.301s] Level 1:colcon.colcon_core.package_identification:_identify(src/ros2_robotiq_gripper/robotiq_description) by extensions ['colcon_meta']
[0.302s] Level 1:colcon.colcon_core.package_identification:_identify(src/ros2_robotiq_gripper/robotiq_description) by extension 'colcon_meta'
[0.302s] Level 1:colcon.colcon_core.package_identification:_identify(src/ros2_robotiq_gripper/robotiq_description) by extensions ['ros']
[0.302s] Level 1:colcon.colcon_core.package_identification:_identify(src/ros2_robotiq_gripper/robotiq_description) by extension 'ros'
[0.302s] DEBUG:colcon.colcon_core.package_identification:Package 'src/ros2_robotiq_gripper/robotiq_description' with type 'ros.ament_cmake' and name 'robotiq_description'
[0.302s] Level 1:colcon.colcon_core.package_identification:_identify(src/ros2_robotiq_gripper/robotiq_driver) by extensions ['ignore', 'ignore_ament_install']
[0.302s] Level 1:colcon.colcon_core.package_identification:_identify(src/ros2_robotiq_gripper/robotiq_driver) by extension 'ignore'
[0.302s] Level 1:colcon.colcon_core.package_identification:_identify(src/ros2_robotiq_gripper/robotiq_driver) by extension 'ignore_ament_install'
[0.302s] Level 1:colcon.colcon_core.package_identification:_identify(src/ros2_robotiq_gripper/robotiq_driver) by extensions ['colcon_pkg']
[0.302s] Level 1:colcon.colcon_core.package_identification:_identify(src/ros2_robotiq_gripper/robotiq_driver) by extension 'colcon_pkg'
[0.302s] Level 1:colcon.colcon_core.package_identification:_identify(src/ros2_robotiq_gripper/robotiq_driver) by extensions ['colcon_meta']
[0.302s] Level 1:colcon.colcon_core.package_identification:_identify(src/ros2_robotiq_gripper/robotiq_driver) by extension 'colcon_meta'
[0.302s] Level 1:colcon.colcon_core.package_identification:_identify(src/ros2_robotiq_gripper/robotiq_driver) by extensions ['ros']
[0.302s] Level 1:colcon.colcon_core.package_identification:_identify(src/ros2_robotiq_gripper/robotiq_driver) by extension 'ros'
[0.303s] DEBUG:colcon.colcon_core.package_identification:Package 'src/ros2_robotiq_gripper/robotiq_driver' with type 'ros.ament_cmake' and name 'robotiq_driver'
[0.303s] Level 1:colcon.colcon_core.package_identification:_identify(src/ros2_robotiq_gripper/robotiq_hardware_tests) by extensions ['ignore', 'ignore_ament_install']
[0.303s] Level 1:colcon.colcon_core.package_identification:_identify(src/ros2_robotiq_gripper/robotiq_hardware_tests) by extension 'ignore'
[0.303s] Level 1:colcon.colcon_core.package_identification:_identify(src/ros2_robotiq_gripper/robotiq_hardware_tests) by extension 'ignore_ament_install'
[0.303s] Level 1:colcon.colcon_core.package_identification:_identify(src/ros2_robotiq_gripper/robotiq_hardware_tests) by extensions ['colcon_pkg']
[0.303s] Level 1:colcon.colcon_core.package_identification:_identify(src/ros2_robotiq_gripper/robotiq_hardware_tests) by extension 'colcon_pkg'
[0.303s] Level 1:colcon.colcon_core.package_identification:_identify(src/ros2_robotiq_gripper/robotiq_hardware_tests) by extensions ['colcon_meta']
[0.303s] Level 1:colcon.colcon_core.package_identification:_identify(src/ros2_robotiq_gripper/robotiq_hardware_tests) by extension 'colcon_meta'
[0.303s] Level 1:colcon.colcon_core.package_identification:_identify(src/ros2_robotiq_gripper/robotiq_hardware_tests) by extensions ['ros']
[0.303s] Level 1:colcon.colcon_core.package_identification:_identify(src/ros2_robotiq_gripper/robotiq_hardware_tests) by extension 'ros'
[0.304s] DEBUG:colcon.colcon_core.package_identification:Package 'src/ros2_robotiq_gripper/robotiq_hardware_tests' with type 'ros.ament_cmake' and name 'robotiq_hardware_tests'
[0.304s] Level 1:colcon.colcon_core.package_identification:_identify(src/ur3_llm_control) by extensions ['ignore', 'ignore_ament_install']
[0.304s] Level 1:colcon.colcon_core.package_identification:_identify(src/ur3_llm_control) by extension 'ignore'
[0.304s] Level 1:colcon.colcon_core.package_identification:_identify(src/ur3_llm_control) by extension 'ignore_ament_install'
[0.304s] Level 1:colcon.colcon_core.package_identification:_identify(src/ur3_llm_control) by extensions ['colcon_pkg']
[0.304s] Level 1:colcon.colcon_core.package_identification:_identify(src/ur3_llm_control) by extension 'colcon_pkg'
[0.304s] Level 1:colcon.colcon_core.package_identification:_identify(src/ur3_llm_control) by extensions ['colcon_meta']
[0.304s] Level 1:colcon.colcon_core.package_identification:_identify(src/ur3_llm_control) by extension 'colcon_meta'
[0.304s] Level 1:colcon.colcon_core.package_identification:_identify(src/ur3_llm_control) by extensions ['ros']
[0.304s] Level 1:colcon.colcon_core.package_identification:_identify(src/ur3_llm_control) by extension 'ros'
[0.305s] DEBUG:colcon.colcon_core.package_identification:Package 'src/ur3_llm_control' with type 'ros.ament_cmake' and name 'ur3_llm_control'
[0.305s] Level 1:colcon.colcon_core.package_discovery:discover_packages(recursive) using defaults
[0.305s] Level 1:colcon.colcon_core.package_discovery:discover_packages(ignore) discover
[0.305s] Level 1:colcon.colcon_core.package_discovery:discover_packages(ignore) using defaults
[0.305s] Level 1:colcon.colcon_core.package_discovery:discover_packages(path) discover
[0.305s] Level 1:colcon.colcon_core.package_discovery:discover_packages(path) using defaults
[0.327s] INFO:colcon.colcon_core.package_selection:Skipping package 'robotiq_hardware_tests' in 'src/ros2_robotiq_gripper/robotiq_hardware_tests'
[0.327s] INFO:colcon.colcon_core.package_selection:Skipping package 'robotiq_driver' in 'src/ros2_robotiq_gripper/robotiq_driver'
[0.327s] INFO:colcon.colcon_core.package_selection:Skipping package 'robotiq_controllers' in 'src/ros2_robotiq_gripper/robotiq_controllers'
[0.328s] Level 1:colcon.colcon_core.package_discovery:discover_packages(prefix_path) check parameters
[0.329s] Level 1:colcon.colcon_core.package_discovery:discover_packages(prefix_path) discover
[0.331s] DEBUG:colcon.colcon_installed_package_information.package_discovery:Found 8 installed packages in /home/quan/ros2_ws/install
[0.331s] DEBUG:colcon.colcon_installed_package_information.package_discovery:Found 1 installed packages in /home/quan/ros2_ws/src/msgs_test/install
[0.332s] DEBUG:colcon.colcon_installed_package_information.package_discovery:Found 493 installed packages in /opt/ros/humble
[0.334s] Level 1:colcon.colcon_core.package_discovery:discover_packages(prefix_path) using defaults
[0.377s] Level 5:colcon.colcon_core.verb:set package 'robotiq_description' build argument 'cmake_args' from command line to 'None'
[0.377s] Level 5:colcon.colcon_core.verb:set package 'robotiq_description' build argument 'cmake_target' from command line to 'None'
[0.377s] Level 5:colcon.colcon_core.verb:set package 'robotiq_description' build argument 'cmake_target_skip_unavailable' from command line to 'False'
[0.377s] Level 5:colcon.colcon_core.verb:set package 'robotiq_description' build argument 'cmake_clean_cache' from command line to 'False'
[0.377s] Level 5:colcon.colcon_core.verb:set package 'robotiq_description' build argument 'cmake_clean_first' from command line to 'False'
[0.377s] Level 5:colcon.colcon_core.verb:set package 'robotiq_description' build argument 'cmake_force_configure' from command line to 'False'
[0.377s] Level 5:colcon.colcon_core.verb:set package 'robotiq_description' build argument 'ament_cmake_args' from command line to 'None'
[0.377s] Level 5:colcon.colcon_core.verb:set package 'robotiq_description' build argument 'catkin_cmake_args' from command line to 'None'
[0.377s] Level 5:colcon.colcon_core.verb:set package 'robotiq_description' build argument 'catkin_skip_building_tests' from command line to 'False'
[0.377s] DEBUG:colcon.colcon_core.verb:Building package 'robotiq_description' with the following arguments: {'ament_cmake_args': None, 'build_base': '/home/quan/thuc_hanh_tuan3/build/robotiq_description', 'catkin_cmake_args': None, 'catkin_skip_building_tests': False, 'cmake_args': None, 'cmake_clean_cache': False, 'cmake_clean_first': False, 'cmake_force_configure': False, 'cmake_target': None, 'cmake_target_skip_unavailable': False, 'install_base': '/home/quan/thuc_hanh_tuan3/install/robotiq_description', 'merge_install': False, 'path': '/home/quan/thuc_hanh_tuan3/src/ros2_robotiq_gripper/robotiq_description', 'symlink_install': True, 'test_result_base': None}
[0.378s] Level 5:colcon.colcon_core.verb:set package 'ur_simulation_gazebo' build argument 'cmake_args' from command line to 'None'
[0.378s] Level 5:colcon.colcon_core.verb:set package 'ur_simulation_gazebo' build argument 'cmake_target' from command line to 'None'
[0.378s] Level 5:colcon.colcon_core.verb:set package 'ur_simulation_gazebo' build argument 'cmake_target_skip_unavailable' from command line to 'False'
[0.378s] Level 5:colcon.colcon_core.verb:set package 'ur_simulation_gazebo' build argument 'cmake_clean_cache' from command line to 'False'
[0.378s] Level 5:colcon.colcon_core.verb:set package 'ur_simulation_gazebo' build argument 'cmake_clean_first' from command line to 'False'
[0.378s] Level 5:colcon.colcon_core.verb:set package 'ur_simulation_gazebo' build argument 'cmake_force_configure' from command line to 'False'
[0.378s] Level 5:colcon.colcon_core.verb:set package 'ur_simulation_gazebo' build argument 'ament_cmake_args' from command line to 'None'
[0.378s] Level 5:colcon.colcon_core.verb:set package 'ur_simulation_gazebo' build argument 'catkin_cmake_args' from command line to 'None'
[0.378s] Level 5:colcon.colcon_core.verb:set package 'ur_simulation_gazebo' build argument 'catkin_skip_building_tests' from command line to 'False'
[0.378s] DEBUG:colcon.colcon_core.verb:Building package 'ur_simulation_gazebo' with the following arguments: {'ament_cmake_args': None, 'build_base': '/home/quan/thuc_hanh_tuan3/build/ur_simulation_gazebo', 'catkin_cmake_args': None, 'catkin_skip_building_tests': False, 'cmake_args': None, 'cmake_clean_cache': False, 'cmake_clean_first': False, 'cmake_force_configure': False, 'cmake_target': None, 'cmake_target_skip_unavailable': False, 'install_base': '/home/quan/thuc_hanh_tuan3/install/ur_simulation_gazebo', 'merge_install': False, 'path': '/home/quan/thuc_hanh_tuan3/src/Universal_Robots_ROS2_Gazebo_Simulation/ur_simulation_gazebo', 'symlink_install': True, 'test_result_base': None}
[0.379s] Level 5:colcon.colcon_core.verb:set package 'ur3_llm_control' build argument 'cmake_args' from command line to 'None'
[0.379s] Level 5:colcon.colcon_core.verb:set package 'ur3_llm_control' build argument 'cmake_target' from command line to 'None'
[0.379s] Level 5:colcon.colcon_core.verb:set package 'ur3_llm_control' build argument 'cmake_target_skip_unavailable' from command line to 'False'
[0.379s] Level 5:colcon.colcon_core.verb:set package 'ur3_llm_control' build argument 'cmake_clean_cache' from command line to 'False'
[0.379s] Level 5:colcon.colcon_core.verb:set package 'ur3_llm_control' build argument 'cmake_clean_first' from command line to 'False'
[0.379s] Level 5:colcon.colcon_core.verb:set package 'ur3_llm_control' build argument 'cmake_force_configure' from command line to 'False'
[0.379s] Level 5:colcon.colcon_core.verb:set package 'ur3_llm_control' build argument 'ament_cmake_args' from command line to 'None'
[0.379s] Level 5:colcon.colcon_core.verb:set package 'ur3_llm_control' build argument 'catkin_cmake_args' from command line to 'None'
[0.379s] Level 5:colcon.colcon_core.verb:set package 'ur3_llm_control' build argument 'catkin_skip_building_tests' from command line to 'False'
[0.379s] DEBUG:colcon.colcon_core.verb:Building package 'ur3_llm_control' with the following arguments: {'ament_cmake_args': None, 'build_base': '/home/quan/thuc_hanh_tuan3/build/ur3_llm_control', 'catkin_cmake_args': None, 'catkin_skip_building_tests': False, 'cmake_args': None, 'cmake_clean_cache': False, 'cmake_clean_first': False, 'cmake_force_configure': False, 'cmake_target': None, 'cmake_target_skip_unavailable': False, 'install_base': '/home/quan/thuc_hanh_tuan3/install/ur3_llm_control', 'merge_install': False, 'path': '/home/quan/thuc_hanh_tuan3/src/ur3_llm_control', 'symlink_install': True, 'test_result_base': None}
[0.379s] INFO:colcon.colcon_core.executor:Executing jobs using 'parallel' executor
[0.380s] DEBUG:colcon.colcon_parallel_executor.executor.parallel:run_until_complete
[0.380s] INFO:colcon.colcon_ros.task.ament_cmake.build:Building ROS package in '/home/quan/thuc_hanh_tuan3/src/ros2_robotiq_gripper/robotiq_description' with build type 'ament_cmake'
[0.380s] INFO:colcon.colcon_cmake.task.cmake.build:Building CMake package in '/home/quan/thuc_hanh_tuan3/src/ros2_robotiq_gripper/robotiq_description'
[0.382s] INFO:colcon.colcon_core.plugin_system:Skipping extension 'colcon_core.shell.bat': Not used on non-Windows systems
[0.382s] INFO:colcon.colcon_core.shell:Skip shell extension 'powershell' for command environment: Not usable outside of PowerShell
[0.382s] DEBUG:colcon.colcon_core.shell:Skip shell extension 'dsv' for command environment
[0.385s] INFO:colcon.colcon_ros.task.ament_cmake.build:Building ROS package in '/home/quan/thuc_hanh_tuan3/src/Universal_Robots_ROS2_Gazebo_Simulation/ur_simulation_gazebo' with build type 'ament_cmake'
[0.386s] INFO:colcon.colcon_cmake.task.cmake.build:Building CMake package in '/home/quan/thuc_hanh_tuan3/src/Universal_Robots_ROS2_Gazebo_Simulation/ur_simulation_gazebo'
[0.386s] INFO:colcon.colcon_core.shell:Skip shell extension 'powershell' for command environment: Not usable outside of PowerShell
[0.386s] DEBUG:colcon.colcon_core.shell:Skip shell extension 'dsv' for command environment
[0.398s] DEBUG:colcon.colcon_core.event_handler.log_command:Invoking command in '/home/quan/thuc_hanh_tuan3/build/robotiq_description': CMAKE_PREFIX_PATH=${CMAKE_PREFIX_PATH}:/home/quan/ros2_ws/install/my_turtlesim:/home/quan/ros2_ws/install/my_robot_logic:/home/quan/ros2_ws/install/my_robot_controller:/home/quan/ros2_ws/install/lifecycle_pkg:/opt/ros/humble /usr/bin/cmake /home/quan/thuc_hanh_tuan3/src/ros2_robotiq_gripper/robotiq_description -DAMENT_CMAKE_SYMLINK_INSTALL=1 -DCMAKE_INSTALL_PREFIX=/home/quan/thuc_hanh_tuan3/install/robotiq_description
[0.401s] DEBUG:colcon.colcon_core.event_handler.log_command:Invoking command in '/home/quan/thuc_hanh_tuan3/build/ur_simulation_gazebo': CMAKE_PREFIX_PATH=${CMAKE_PREFIX_PATH}:/home/quan/ros2_ws/install/my_turtlesim:/home/quan/ros2_ws/install/my_robot_logic:/home/quan/ros2_ws/install/my_robot_controller:/home/quan/ros2_ws/install/lifecycle_pkg:/opt/ros/humble /usr/bin/cmake /home/quan/thuc_hanh_tuan3/src/Universal_Robots_ROS2_Gazebo_Simulation/ur_simulation_gazebo -DAMENT_CMAKE_SYMLINK_INSTALL=1 -DCMAKE_INSTALL_PREFIX=/home/quan/thuc_hanh_tuan3/install/ur_simulation_gazebo
[0.645s] DEBUG:colcon.colcon_core.event_handler.log_command:Invoked command in '/home/quan/thuc_hanh_tuan3/build/robotiq_description' returned '0': CMAKE_PREFIX_PATH=${CMAKE_PREFIX_PATH}:/home/quan/ros2_ws/install/my_turtlesim:/home/quan/ros2_ws/install/my_robot_logic:/home/quan/ros2_ws/install/my_robot_controller:/home/quan/ros2_ws/install/lifecycle_pkg:/opt/ros/humble /usr/bin/cmake /home/quan/thuc_hanh_tuan3/src/ros2_robotiq_gripper/robotiq_description -DAMENT_CMAKE_SYMLINK_INSTALL=1 -DCMAKE_INSTALL_PREFIX=/home/quan/thuc_hanh_tuan3/install/robotiq_description
[0.646s] DEBUG:colcon.colcon_core.event_handler.log_command:Invoking command in '/home/quan/thuc_hanh_tuan3/build/robotiq_description': CMAKE_PREFIX_PATH=${CMAKE_PREFIX_PATH}:/home/quan/ros2_ws/install/my_turtlesim:/home/quan/ros2_ws/install/my_robot_logic:/home/quan/ros2_ws/install/my_robot_controller:/home/quan/ros2_ws/install/lifecycle_pkg:/opt/ros/humble /usr/bin/cmake --build /home/quan/thuc_hanh_tuan3/build/robotiq_description -- -j16 -l16
[0.689s] DEBUG:colcon.colcon_core.event_handler.log_command:Invoked command in '/home/quan/thuc_hanh_tuan3/build/ur_simulation_gazebo' returned '0': CMAKE_PREFIX_PATH=${CMAKE_PREFIX_PATH}:/home/quan/ros2_ws/install/my_turtlesim:/home/quan/ros2_ws/install/my_robot_logic:/home/quan/ros2_ws/install/my_robot_controller:/home/quan/ros2_ws/install/lifecycle_pkg:/opt/ros/humble /usr/bin/cmake /home/quan/thuc_hanh_tuan3/src/Universal_Robots_ROS2_Gazebo_Simulation/ur_simulation_gazebo -DAMENT_CMAKE_SYMLINK_INSTALL=1 -DCMAKE_INSTALL_PREFIX=/home/quan/thuc_hanh_tuan3/install/ur_simulation_gazebo
[0.691s] DEBUG:colcon.colcon_core.event_handler.log_command:Invoking command in '/home/quan/thuc_hanh_tuan3/build/ur_simulation_gazebo': CMAKE_PREFIX_PATH=${CMAKE_PREFIX_PATH}:/home/quan/ros2_ws/install/my_turtlesim:/home/quan/ros2_ws/install/my_robot_logic:/home/quan/ros2_ws/install/my_robot_controller:/home/quan/ros2_ws/install/lifecycle_pkg:/opt/ros/humble /usr/bin/cmake --build /home/quan/thuc_hanh_tuan3/build/ur_simulation_gazebo -- -j16 -l16
[0.695s] DEBUG:colcon.colcon_core.event_handler.log_command:Invoked command in '/home/quan/thuc_hanh_tuan3/build/robotiq_description' returned '0': CMAKE_PREFIX_PATH=${CMAKE_PREFIX_PATH}:/home/quan/ros2_ws/install/my_turtlesim:/home/quan/ros2_ws/install/my_robot_logic:/home/quan/ros2_ws/install/my_robot_controller:/home/quan/ros2_ws/install/lifecycle_pkg:/opt/ros/humble /usr/bin/cmake --build /home/quan/thuc_hanh_tuan3/build/robotiq_description -- -j16 -l16
[0.705s] DEBUG:colcon.colcon_core.event_handler.log_command:Invoking command in '/home/quan/thuc_hanh_tuan3/build/robotiq_description': CMAKE_PREFIX_PATH=${CMAKE_PREFIX_PATH}:/home/quan/ros2_ws/install/my_turtlesim:/home/quan/ros2_ws/install/my_robot_logic:/home/quan/ros2_ws/install/my_robot_controller:/home/quan/ros2_ws/install/lifecycle_pkg:/opt/ros/humble /usr/bin/cmake --install /home/quan/thuc_hanh_tuan3/build/robotiq_description
[0.734s] Level 1:colcon.colcon_core.environment:create_environment_scripts_only(robotiq_description)
[0.735s] DEBUG:colcon.colcon_core.event_handler.log_command:Invoked command in '/home/quan/thuc_hanh_tuan3/build/robotiq_description' returned '0': CMAKE_PREFIX_PATH=${CMAKE_PREFIX_PATH}:/home/quan/ros2_ws/install/my_turtlesim:/home/quan/ros2_ws/install/my_robot_logic:/home/quan/ros2_ws/install/my_robot_controller:/home/quan/ros2_ws/install/lifecycle_pkg:/opt/ros/humble /usr/bin/cmake --install /home/quan/thuc_hanh_tuan3/build/robotiq_description
[0.738s] Level 1:colcon.colcon_core.environment:checking '/home/quan/thuc_hanh_tuan3/install/robotiq_description' for CMake module files
[0.738s] Level 1:colcon.colcon_core.environment:checking '/home/quan/thuc_hanh_tuan3/install/robotiq_description' for CMake config files
[0.739s] Level 1:colcon.colcon_core.shell:create_environment_hook('robotiq_description', 'cmake_prefix_path')
[0.740s] INFO:colcon.colcon_core.shell:Creating environment hook '/home/quan/thuc_hanh_tuan3/install/robotiq_description/share/robotiq_description/hook/cmake_prefix_path.ps1'
[0.742s] INFO:colcon.colcon_core.shell:Creating environment descriptor '/home/quan/thuc_hanh_tuan3/install/robotiq_description/share/robotiq_description/hook/cmake_prefix_path.dsv'
[0.743s] INFO:colcon.colcon_core.shell:Creating environment hook '/home/quan/thuc_hanh_tuan3/install/robotiq_description/share/robotiq_description/hook/cmake_prefix_path.sh'
[0.746s] Level 1:colcon.colcon_core.environment:checking '/home/quan/thuc_hanh_tuan3/install/robotiq_description/bin'
[0.746s] Level 1:colcon.colcon_core.environment:checking '/home/quan/thuc_hanh_tuan3/install/robotiq_description/lib/pkgconfig/robotiq_description.pc'
[0.747s] Level 1:colcon.colcon_core.environment:checking '/home/quan/thuc_hanh_tuan3/install/robotiq_description/lib/python3.10/site-packages'
[0.747s] Level 1:colcon.colcon_core.environment:checking '/home/quan/thuc_hanh_tuan3/install/robotiq_description/bin'
[0.748s] INFO:colcon.colcon_core.shell:Creating package script '/home/quan/thuc_hanh_tuan3/install/robotiq_description/share/robotiq_description/package.ps1'
[0.750s] INFO:colcon.colcon_core.shell:Creating package descriptor '/home/quan/thuc_hanh_tuan3/install/robotiq_description/share/robotiq_description/package.dsv'
[0.751s] INFO:colcon.colcon_core.shell:Creating package script '/home/quan/thuc_hanh_tuan3/install/robotiq_description/share/robotiq_description/package.sh'
[0.752s] INFO:colcon.colcon_core.shell:Creating package script '/home/quan/thuc_hanh_tuan3/install/robotiq_description/share/robotiq_description/package.bash'
[0.753s] INFO:colcon.colcon_core.shell:Creating package script '/home/quan/thuc_hanh_tuan3/install/robotiq_description/share/robotiq_description/package.zsh'
[0.753s] Level 1:colcon.colcon_core.environment:create_file_with_runtime_dependencies(/home/quan/thuc_hanh_tuan3/install/robotiq_description/share/colcon-core/packages/robotiq_description)
[0.754s] Level 1:colcon.colcon_core.environment:create_environment_scripts_only(robotiq_description)
[0.754s] Level 1:colcon.colcon_core.environment:checking '/home/quan/thuc_hanh_tuan3/install/robotiq_description' for CMake module files
[0.755s] Level 1:colcon.colcon_core.environment:checking '/home/quan/thuc_hanh_tuan3/install/robotiq_description' for CMake config files
[0.756s] Level 1:colcon.colcon_core.shell:create_environment_hook('robotiq_description', 'cmake_prefix_path')
[0.756s] INFO:colcon.colcon_core.shell:Creating environment hook '/home/quan/thuc_hanh_tuan3/install/robotiq_description/share/robotiq_description/hook/cmake_prefix_path.ps1'
[0.758s] INFO:colcon.colcon_core.shell:Creating environment descriptor '/home/quan/thuc_hanh_tuan3/install/robotiq_description/share/robotiq_description/hook/cmake_prefix_path.dsv'
[0.759s] INFO:colcon.colcon_core.shell:Creating environment hook '/home/quan/thuc_hanh_tuan3/install/robotiq_description/share/robotiq_description/hook/cmake_prefix_path.sh'
[0.760s] Level 1:colcon.colcon_core.environment:checking '/home/quan/thuc_hanh_tuan3/install/robotiq_description/bin'
[0.761s] Level 1:colcon.colcon_core.environment:checking '/home/quan/thuc_hanh_tuan3/install/robotiq_description/lib/pkgconfig/robotiq_description.pc'
[0.761s] Level 1:colcon.colcon_core.environment:checking '/home/quan/thuc_hanh_tuan3/install/robotiq_description/lib/python3.10/site-packages'
[0.761s] Level 1:colcon.colcon_core.environment:checking '/home/quan/thuc_hanh_tuan3/install/robotiq_description/bin'
[0.762s] INFO:colcon.colcon_core.shell:Creating package script '/home/quan/thuc_hanh_tuan3/install/robotiq_description/share/robotiq_description/package.ps1'
[0.763s] INFO:colcon.colcon_core.shell:Creating package descriptor '/home/quan/thuc_hanh_tuan3/install/robotiq_description/share/robotiq_description/package.dsv'
[0.763s] INFO:colcon.colcon_core.shell:Creating package script '/home/quan/thuc_hanh_tuan3/install/robotiq_description/share/robotiq_description/package.sh'
[0.764s] INFO:colcon.colcon_core.shell:Creating package script '/home/quan/thuc_hanh_tuan3/install/robotiq_description/share/robotiq_description/package.bash'
[0.764s] INFO:colcon.colcon_core.shell:Creating package script '/home/quan/thuc_hanh_tuan3/install/robotiq_description/share/robotiq_description/package.zsh'
[0.764s] Level 1:colcon.colcon_core.environment:create_file_with_runtime_dependencies(/home/quan/thuc_hanh_tuan3/install/robotiq_description/share/colcon-core/packages/robotiq_description)
[0.766s] DEBUG:colcon.colcon_core.event_handler.log_command:Invoked command in '/home/quan/thuc_hanh_tuan3/build/ur_simulation_gazebo' returned '0': CMAKE_PREFIX_PATH=${CMAKE_PREFIX_PATH}:/home/quan/ros2_ws/install/my_turtlesim:/home/quan/ros2_ws/install/my_robot_logic:/home/quan/ros2_ws/install/my_robot_controller:/home/quan/ros2_ws/install/lifecycle_pkg:/opt/ros/humble /usr/bin/cmake --build /home/quan/thuc_hanh_tuan3/build/ur_simulation_gazebo -- -j16 -l16
[0.767s] DEBUG:colcon.colcon_core.event_handler.log_command:Invoking command in '/home/quan/thuc_hanh_tuan3/build/ur_simulation_gazebo': CMAKE_PREFIX_PATH=${CMAKE_PREFIX_PATH}:/home/quan/ros2_ws/install/my_turtlesim:/home/quan/ros2_ws/install/my_robot_logic:/home/quan/ros2_ws/install/my_robot_controller:/home/quan/ros2_ws/install/lifecycle_pkg:/opt/ros/humble /usr/bin/cmake --install /home/quan/thuc_hanh_tuan3/build/ur_simulation_gazebo
[0.983s] Level 1:colcon.colcon_core.environment:create_environment_scripts_only(ur_simulation_gazebo)
[0.984s] Level 1:colcon.colcon_core.environment:checking '/home/quan/thuc_hanh_tuan3/install/ur_simulation_gazebo' for CMake module files
[0.984s] DEBUG:colcon.colcon_core.event_handler.log_command:Invoked command in '/home/quan/thuc_hanh_tuan3/build/ur_simulation_gazebo' returned '0': CMAKE_PREFIX_PATH=${CMAKE_PREFIX_PATH}:/home/quan/ros2_ws/install/my_turtlesim:/home/quan/ros2_ws/install/my_robot_logic:/home/quan/ros2_ws/install/my_robot_controller:/home/quan/ros2_ws/install/lifecycle_pkg:/opt/ros/humble /usr/bin/cmake --install /home/quan/thuc_hanh_tuan3/build/ur_simulation_gazebo
[0.985s] Level 1:colcon.colcon_core.environment:checking '/home/quan/thuc_hanh_tuan3/install/ur_simulation_gazebo' for CMake config files
[0.985s] Level 1:colcon.colcon_core.shell:create_environment_hook('ur_simulation_gazebo', 'cmake_prefix_path')
[0.986s] INFO:colcon.colcon_core.shell:Creating environment hook '/home/quan/thuc_hanh_tuan3/install/ur_simulation_gazebo/share/ur_simulation_gazebo/hook/cmake_prefix_path.ps1'
[0.986s] INFO:colcon.colcon_core.shell:Creating environment descriptor '/home/quan/thuc_hanh_tuan3/install/ur_simulation_gazebo/share/ur_simulation_gazebo/hook/cmake_prefix_path.dsv'
[0.987s] INFO:colcon.colcon_core.shell:Creating environment hook '/home/quan/thuc_hanh_tuan3/install/ur_simulation_gazebo/share/ur_simulation_gazebo/hook/cmake_prefix_path.sh'
[0.987s] Level 1:colcon.colcon_core.environment:checking '/home/quan/thuc_hanh_tuan3/install/ur_simulation_gazebo/bin'
[0.987s] Level 1:colcon.colcon_core.environment:checking '/home/quan/thuc_hanh_tuan3/install/ur_simulation_gazebo/lib/pkgconfig/ur_simulation_gazebo.pc'
[0.988s] Level 1:colcon.colcon_core.environment:checking '/home/quan/thuc_hanh_tuan3/install/ur_simulation_gazebo/lib/python3.10/site-packages'
[0.988s] Level 1:colcon.colcon_core.environment:checking '/home/quan/thuc_hanh_tuan3/install/ur_simulation_gazebo/bin'
[0.988s] INFO:colcon.colcon_core.shell:Creating package script '/home/quan/thuc_hanh_tuan3/install/ur_simulation_gazebo/share/ur_simulation_gazebo/package.ps1'
[0.989s] INFO:colcon.colcon_core.shell:Creating package descriptor '/home/quan/thuc_hanh_tuan3/install/ur_simulation_gazebo/share/ur_simulation_gazebo/package.dsv'
[0.990s] INFO:colcon.colcon_core.shell:Creating package script '/home/quan/thuc_hanh_tuan3/install/ur_simulation_gazebo/share/ur_simulation_gazebo/package.sh'
[0.992s] INFO:colcon.colcon_core.shell:Creating package script '/home/quan/thuc_hanh_tuan3/install/ur_simulation_gazebo/share/ur_simulation_gazebo/package.bash'
[0.993s] INFO:colcon.colcon_core.shell:Creating package script '/home/quan/thuc_hanh_tuan3/install/ur_simulation_gazebo/share/ur_simulation_gazebo/package.zsh'
[0.995s] Level 1:colcon.colcon_core.environment:create_file_with_runtime_dependencies(/home/quan/thuc_hanh_tuan3/install/ur_simulation_gazebo/share/colcon-core/packages/ur_simulation_gazebo)
[0.997s] Level 1:colcon.colcon_core.environment:create_environment_scripts_only(ur_simulation_gazebo)
[0.998s] Level 1:colcon.colcon_core.environment:checking '/home/quan/thuc_hanh_tuan3/install/ur_simulation_gazebo' for CMake module files
[0.998s] Level 1:colcon.colcon_core.environment:checking '/home/quan/thuc_hanh_tuan3/install/ur_simulation_gazebo' for CMake config files
[0.998s] Level 1:colcon.colcon_core.shell:create_environment_hook('ur_simulation_gazebo', 'cmake_prefix_path')
[0.999s] INFO:colcon.colcon_core.shell:Creating environment hook '/home/quan/thuc_hanh_tuan3/install/ur_simulation_gazebo/share/ur_simulation_gazebo/hook/cmake_prefix_path.ps1'
[0.999s] INFO:colcon.colcon_core.shell:Creating environment descriptor '/home/quan/thuc_hanh_tuan3/install/ur_simulation_gazebo/share/ur_simulation_gazebo/hook/cmake_prefix_path.dsv'
[0.999s] INFO:colcon.colcon_core.shell:Creating environment hook '/home/quan/thuc_hanh_tuan3/install/ur_simulation_gazebo/share/ur_simulation_gazebo/hook/cmake_prefix_path.sh'
[1.000s] Level 1:colcon.colcon_core.environment:checking '/home/quan/thuc_hanh_tuan3/install/ur_simulation_gazebo/bin'
[1.000s] Level 1:colcon.colcon_core.environment:checking '/home/quan/thuc_hanh_tuan3/install/ur_simulation_gazebo/lib/pkgconfig/ur_simulation_gazebo.pc'
[1.000s] Level 1:colcon.colcon_core.environment:checking '/home/quan/thuc_hanh_tuan3/install/ur_simulation_gazebo/lib/python3.10/site-packages'
[1.001s] Level 1:colcon.colcon_core.environment:checking '/home/quan/thuc_hanh_tuan3/install/ur_simulation_gazebo/bin'
[1.001s] INFO:colcon.colcon_core.shell:Creating package script '/home/quan/thuc_hanh_tuan3/install/ur_simulation_gazebo/share/ur_simulation_gazebo/package.ps1'
[1.001s] INFO:colcon.colcon_core.shell:Creating package descriptor '/home/quan/thuc_hanh_tuan3/install/ur_simulation_gazebo/share/ur_simulation_gazebo/package.dsv'
[1.002s] INFO:colcon.colcon_core.shell:Creating package script '/home/quan/thuc_hanh_tuan3/install/ur_simulation_gazebo/share/ur_simulation_gazebo/package.sh'
[1.002s] INFO:colcon.colcon_core.shell:Creating package script '/home/quan/thuc_hanh_tuan3/install/ur_simulation_gazebo/share/ur_simulation_gazebo/package.bash'
[1.002s] INFO:colcon.colcon_core.shell:Creating package script '/home/quan/thuc_hanh_tuan3/install/ur_simulation_gazebo/share/ur_simulation_gazebo/package.zsh'
[1.002s] Level 1:colcon.colcon_core.environment:create_file_with_runtime_dependencies(/home/quan/thuc_hanh_tuan3/install/ur_simulation_gazebo/share/colcon-core/packages/ur_simulation_gazebo)
[1.003s] INFO:colcon.colcon_ros.task.ament_cmake.build:Building ROS package in '/home/quan/thuc_hanh_tuan3/src/ur3_llm_control' with build type 'ament_cmake'
[1.003s] INFO:colcon.colcon_cmake.task.cmake.build:Building CMake package in '/home/quan/thuc_hanh_tuan3/src/ur3_llm_control'
[1.003s] INFO:colcon.colcon_core.shell:Skip shell extension 'powershell' for command environment: Not usable outside of PowerShell
[1.003s] DEBUG:colcon.colcon_core.shell:Skip shell extension 'dsv' for command environment
[1.018s] DEBUG:colcon.colcon_core.event_handler.log_command:Invoking command in '/home/quan/thuc_hanh_tuan3/build/ur3_llm_control': AMENT_PREFIX_PATH=/home/quan/thuc_hanh_tuan3/install/ur_simulation_gazebo:/home/quan/thuc_hanh_tuan3/install/robotiq_description:${AMENT_PREFIX_PATH} CMAKE_PREFIX_PATH=/home/quan/thuc_hanh_tuan3/install/ur_simulation_gazebo:/home/quan/thuc_hanh_tuan3/install/robotiq_description:/home/quan/ros2_ws/install/robot1:/home/quan/ros2_ws/install/robot:/home/quan/ros2_ws/install/msgs_test:/home/quan/ros2_ws/install/component_pkg:/home/quan/ros2_ws/src/msgs_test/install/msgs_test:/home/quan/ros2_ws/install/my_turtlesim:/home/quan/ros2_ws/install/my_robot_logic:/home/quan/ros2_ws/install/my_robot_controller:/home/quan/ros2_ws/install/lifecycle_pkg:/opt/ros/humble /usr/bin/cmake /home/quan/thuc_hanh_tuan3/src/ur3_llm_control -DAMENT_CMAKE_SYMLINK_INSTALL=1 -DCMAKE_INSTALL_PREFIX=/home/quan/thuc_hanh_tuan3/install/ur3_llm_control
[3.538s] DEBUG:colcon.colcon_core.event_handler.log_command:Invoked command in '/home/quan/thuc_hanh_tuan3/build/ur3_llm_control' returned '0': AMENT_PREFIX_PATH=/home/quan/thuc_hanh_tuan3/install/ur_simulation_gazebo:/home/quan/thuc_hanh_tuan3/install/robotiq_description:${AMENT_PREFIX_PATH} CMAKE_PREFIX_PATH=/home/quan/thuc_hanh_tuan3/install/ur_simulation_gazebo:/home/quan/thuc_hanh_tuan3/install/robotiq_description:/home/quan/ros2_ws/install/robot1:/home/quan/ros2_ws/install/robot:/home/quan/ros2_ws/install/msgs_test:/home/quan/ros2_ws/install/component_pkg:/home/quan/ros2_ws/src/msgs_test/install/msgs_test:/home/quan/ros2_ws/install/my_turtlesim:/home/quan/ros2_ws/install/my_robot_logic:/home/quan/ros2_ws/install/my_robot_controller:/home/quan/ros2_ws/install/lifecycle_pkg:/opt/ros/humble /usr/bin/cmake /home/quan/thuc_hanh_tuan3/src/ur3_llm_control -DAMENT_CMAKE_SYMLINK_INSTALL=1 -DCMAKE_INSTALL_PREFIX=/home/quan/thuc_hanh_tuan3/install/ur3_llm_control
[3.543s] DEBUG:colcon.colcon_core.event_handler.log_command:Invoking command in '/home/quan/thuc_hanh_tuan3/build/ur3_llm_control': AMENT_PREFIX_PATH=/home/quan/thuc_hanh_tuan3/install/ur_simulation_gazebo:/home/quan/thuc_hanh_tuan3/install/robotiq_description:${AMENT_PREFIX_PATH} CMAKE_PREFIX_PATH=/home/quan/thuc_hanh_tuan3/install/ur_simulation_gazebo:/home/quan/thuc_hanh_tuan3/install/robotiq_description:/home/quan/ros2_ws/install/robot1:/home/quan/ros2_ws/install/robot:/home/quan/ros2_ws/install/msgs_test:/home/quan/ros2_ws/install/component_pkg:/home/quan/ros2_ws/src/msgs_test/install/msgs_test:/home/quan/ros2_ws/install/my_turtlesim:/home/quan/ros2_ws/install/my_robot_logic:/home/quan/ros2_ws/install/my_robot_controller:/home/quan/ros2_ws/install/lifecycle_pkg:/opt/ros/humble /usr/bin/cmake --build /home/quan/thuc_hanh_tuan3/build/ur3_llm_control -- -j16 -l16
[3.952s] DEBUG:colcon.colcon_core.event_handler.log_command:Invoked command in '/home/quan/thuc_hanh_tuan3/build/ur3_llm_control' returned '0': AMENT_PREFIX_PATH=/home/quan/thuc_hanh_tuan3/install/ur_simulation_gazebo:/home/quan/thuc_hanh_tuan3/install/robotiq_description:${AMENT_PREFIX_PATH} CMAKE_PREFIX_PATH=/home/quan/thuc_hanh_tuan3/install/ur_simulation_gazebo:/home/quan/thuc_hanh_tuan3/install/robotiq_description:/home/quan/ros2_ws/install/robot1:/home/quan/ros2_ws/install/robot:/home/quan/ros2_ws/install/msgs_test:/home/quan/ros2_ws/install/component_pkg:/home/quan/ros2_ws/src/msgs_test/install/msgs_test:/home/quan/ros2_ws/install/my_turtlesim:/home/quan/ros2_ws/install/my_robot_logic:/home/quan/ros2_ws/install/my_robot_controller:/home/quan/ros2_ws/install/lifecycle_pkg:/opt/ros/humble /usr/bin/cmake --build /home/quan/thuc_hanh_tuan3/build/ur3_llm_control -- -j16 -l16
[3.954s] DEBUG:colcon.colcon_core.event_handler.log_command:Invoking command in '/home/quan/thuc_hanh_tuan3/build/ur3_llm_control': AMENT_PREFIX_PATH=/home/quan/thuc_hanh_tuan3/install/ur_simulation_gazebo:/home/quan/thuc_hanh_tuan3/install/robotiq_description:${AMENT_PREFIX_PATH} CMAKE_PREFIX_PATH=/home/quan/thuc_hanh_tuan3/install/ur_simulation_gazebo:/home/quan/thuc_hanh_tuan3/install/robotiq_description:/home/quan/ros2_ws/install/robot1:/home/quan/ros2_ws/install/robot:/home/quan/ros2_ws/install/msgs_test:/home/quan/ros2_ws/install/component_pkg:/home/quan/ros2_ws/src/msgs_test/install/msgs_test:/home/quan/ros2_ws/install/my_turtlesim:/home/quan/ros2_ws/install/my_robot_logic:/home/quan/ros2_ws/install/my_robot_controller:/home/quan/ros2_ws/install/lifecycle_pkg:/opt/ros/humble /usr/bin/cmake --install /home/quan/thuc_hanh_tuan3/build/ur3_llm_control
[4.051s] Level 1:colcon.colcon_core.environment:create_environment_scripts_only(ur3_llm_control)
[4.052s] Level 1:colcon.colcon_core.environment:checking '/home/quan/thuc_hanh_tuan3/install/ur3_llm_control' for CMake module files
[4.052s] DEBUG:colcon.colcon_core.event_handler.log_command:Invoked command in '/home/quan/thuc_hanh_tuan3/build/ur3_llm_control' returned '0': AMENT_PREFIX_PATH=/home/quan/thuc_hanh_tuan3/install/ur_simulation_gazebo:/home/quan/thuc_hanh_tuan3/install/robotiq_description:${AMENT_PREFIX_PATH} CMAKE_PREFIX_PATH=/home/quan/thuc_hanh_tuan3/install/ur_simulation_gazebo:/home/quan/thuc_hanh_tuan3/install/robotiq_description:/home/quan/ros2_ws/install/robot1:/home/quan/ros2_ws/install/robot:/home/quan/ros2_ws/install/msgs_test:/home/quan/ros2_ws/install/component_pkg:/home/quan/ros2_ws/src/msgs_test/install/msgs_test:/home/quan/ros2_ws/install/my_turtlesim:/home/quan/ros2_ws/install/my_robot_logic:/home/quan/ros2_ws/install/my_robot_controller:/home/quan/ros2_ws/install/lifecycle_pkg:/opt/ros/humble /usr/bin/cmake --install /home/quan/thuc_hanh_tuan3/build/ur3_llm_control
[4.053s] Level 1:colcon.colcon_core.environment:checking '/home/quan/thuc_hanh_tuan3/install/ur3_llm_control' for CMake config files
[4.055s] Level 1:colcon.colcon_core.shell:create_environment_hook('ur3_llm_control', 'cmake_prefix_path')
[4.055s] INFO:colcon.colcon_core.shell:Creating environment hook '/home/quan/thuc_hanh_tuan3/install/ur3_llm_control/share/ur3_llm_control/hook/cmake_prefix_path.ps1'
[4.057s] INFO:colcon.colcon_core.shell:Creating environment descriptor '/home/quan/thuc_hanh_tuan3/install/ur3_llm_control/share/ur3_llm_control/hook/cmake_prefix_path.dsv'
[4.059s] INFO:colcon.colcon_core.shell:Creating environment hook '/home/quan/thuc_hanh_tuan3/install/ur3_llm_control/share/ur3_llm_control/hook/cmake_prefix_path.sh'
[4.060s] Level 1:colcon.colcon_core.environment:checking '/home/quan/thuc_hanh_tuan3/install/ur3_llm_control/lib'
[4.060s] Level 1:colcon.colcon_core.shell:create_environment_hook('ur3_llm_control', 'ld_library_path_lib')
[4.061s] INFO:colcon.colcon_core.shell:Creating environment hook '/home/quan/thuc_hanh_tuan3/install/ur3_llm_control/share/ur3_llm_control/hook/ld_library_path_lib.ps1'
[4.061s] INFO:colcon.colcon_core.shell:Creating environment descriptor '/home/quan/thuc_hanh_tuan3/install/ur3_llm_control/share/ur3_llm_control/hook/ld_library_path_lib.dsv'
[4.062s] INFO:colcon.colcon_core.shell:Creating environment hook '/home/quan/thuc_hanh_tuan3/install/ur3_llm_control/share/ur3_llm_control/hook/ld_library_path_lib.sh'
[4.062s] Level 1:colcon.colcon_core.environment:checking '/home/quan/thuc_hanh_tuan3/install/ur3_llm_control/bin'
[4.062s] Level 1:colcon.colcon_core.environment:checking '/home/quan/thuc_hanh_tuan3/install/ur3_llm_control/lib/pkgconfig/ur3_llm_control.pc'
[4.062s] Level 1:colcon.colcon_core.environment:checking '/home/quan/thuc_hanh_tuan3/install/ur3_llm_control/lib/python3.10/site-packages'
[4.062s] Level 1:colcon.colcon_core.environment:checking '/home/quan/thuc_hanh_tuan3/install/ur3_llm_control/bin'
[4.063s] INFO:colcon.colcon_core.shell:Creating package script '/home/quan/thuc_hanh_tuan3/install/ur3_llm_control/share/ur3_llm_control/package.ps1'
[4.063s] INFO:colcon.colcon_core.shell:Creating package descriptor '/home/quan/thuc_hanh_tuan3/install/ur3_llm_control/share/ur3_llm_control/package.dsv'
[4.063s] INFO:colcon.colcon_core.shell:Creating package script '/home/quan/thuc_hanh_tuan3/install/ur3_llm_control/share/ur3_llm_control/package.sh'
[4.064s] INFO:colcon.colcon_core.shell:Creating package script '/home/quan/thuc_hanh_tuan3/install/ur3_llm_control/share/ur3_llm_control/package.bash'
[4.064s] INFO:colcon.colcon_core.shell:Creating package script '/home/quan/thuc_hanh_tuan3/install/ur3_llm_control/share/ur3_llm_control/package.zsh'
[4.064s] Level 1:colcon.colcon_core.environment:create_file_with_runtime_dependencies(/home/quan/thuc_hanh_tuan3/install/ur3_llm_control/share/colcon-core/packages/ur3_llm_control)
[4.064s] Level 1:colcon.colcon_core.environment:create_environment_scripts_only(ur3_llm_control)
[4.064s] Level 1:colcon.colcon_core.environment:checking '/home/quan/thuc_hanh_tuan3/install/ur3_llm_control' for CMake module files
[4.065s] Level 1:colcon.colcon_core.environment:checking '/home/quan/thuc_hanh_tuan3/install/ur3_llm_control' for CMake config files
[4.066s] Level 1:colcon.colcon_core.shell:create_environment_hook('ur3_llm_control', 'cmake_prefix_path')
[4.066s] INFO:colcon.colcon_core.shell:Creating environment hook '/home/quan/thuc_hanh_tuan3/install/ur3_llm_control/share/ur3_llm_control/hook/cmake_prefix_path.ps1'
[4.066s] INFO:colcon.colcon_core.shell:Creating environment descriptor '/home/quan/thuc_hanh_tuan3/install/ur3_llm_control/share/ur3_llm_control/hook/cmake_prefix_path.dsv'
[4.066s] INFO:colcon.colcon_core.shell:Creating environment hook '/home/quan/thuc_hanh_tuan3/install/ur3_llm_control/share/ur3_llm_control/hook/cmake_prefix_path.sh'
[4.067s] Level 1:colcon.colcon_core.environment:checking '/home/quan/thuc_hanh_tuan3/install/ur3_llm_control/lib'
[4.067s] Level 1:colcon.colcon_core.shell:create_environment_hook('ur3_llm_control', 'ld_library_path_lib')
[4.067s] INFO:colcon.colcon_core.shell:Creating environment hook '/home/quan/thuc_hanh_tuan3/install/ur3_llm_control/share/ur3_llm_control/hook/ld_library_path_lib.ps1'
[4.067s] INFO:colcon.colcon_core.shell:Creating environment descriptor '/home/quan/thuc_hanh_tuan3/install/ur3_llm_control/share/ur3_llm_control/hook/ld_library_path_lib.dsv'
[4.067s] INFO:colcon.colcon_core.shell:Creating environment hook '/home/quan/thuc_hanh_tuan3/install/ur3_llm_control/share/ur3_llm_control/hook/ld_library_path_lib.sh'
[4.068s] Level 1:colcon.colcon_core.environment:checking '/home/quan/thuc_hanh_tuan3/install/ur3_llm_control/bin'
[4.068s] Level 1:colcon.colcon_core.environment:checking '/home/quan/thuc_hanh_tuan3/install/ur3_llm_control/lib/pkgconfig/ur3_llm_control.pc'
[4.068s] Level 1:colcon.colcon_core.environment:checking '/home/quan/thuc_hanh_tuan3/install/ur3_llm_control/lib/python3.10/site-packages'
[4.068s] Level 1:colcon.colcon_core.environment:checking '/home/quan/thuc_hanh_tuan3/install/ur3_llm_control/bin'
[4.068s] INFO:colcon.colcon_core.shell:Creating package script '/home/quan/thuc_hanh_tuan3/install/ur3_llm_control/share/ur3_llm_control/package.ps1'
[4.069s] INFO:colcon.colcon_core.shell:Creating package descriptor '/home/quan/thuc_hanh_tuan3/install/ur3_llm_control/share/ur3_llm_control/package.dsv'
[4.069s] INFO:colcon.colcon_core.shell:Creating package script '/home/quan/thuc_hanh_tuan3/install/ur3_llm_control/share/ur3_llm_control/package.sh'
[4.069s] INFO:colcon.colcon_core.shell:Creating package script '/home/quan/thuc_hanh_tuan3/install/ur3_llm_control/share/ur3_llm_control/package.bash'
[4.069s] INFO:colcon.colcon_core.shell:Creating package script '/home/quan/thuc_hanh_tuan3/install/ur3_llm_control/share/ur3_llm_control/package.zsh'
[4.070s] Level 1:colcon.colcon_core.environment:create_file_with_runtime_dependencies(/home/quan/thuc_hanh_tuan3/install/ur3_llm_control/share/colcon-core/packages/ur3_llm_control)
[4.070s] DEBUG:colcon.colcon_parallel_executor.executor.parallel:closing loop
[4.070s] DEBUG:colcon.colcon_parallel_executor.executor.parallel:loop closed
[4.070s] DEBUG:colcon.colcon_parallel_executor.executor.parallel:run_until_complete finished with '0'
[4.070s] DEBUG:colcon.colcon_core.event_reactor:joining thread
[4.080s] INFO:colcon.colcon_core.plugin_system:Skipping extension 'colcon_notification.desktop_notification.terminal_notifier': Not used on non-Darwin systems
[4.081s] INFO:colcon.colcon_core.plugin_system:Skipping extension 'colcon_notification.desktop_notification.win32': Not used on non-Windows systems
[4.081s] INFO:colcon.colcon_notification.desktop_notification:Sending desktop notification using 'notify2'
[4.095s] DEBUG:colcon.colcon_core.event_reactor:joined thread
[4.095s] INFO:colcon.colcon_core.shell:Creating prefix script '/home/quan/thuc_hanh_tuan3/install/local_setup.ps1'
[4.096s] INFO:colcon.colcon_core.shell:Creating prefix util module '/home/quan/thuc_hanh_tuan3/install/_local_setup_util_ps1.py'
[4.097s] INFO:colcon.colcon_core.shell:Creating prefix chain script '/home/quan/thuc_hanh_tuan3/install/setup.ps1'
[4.098s] INFO:colcon.colcon_core.shell:Creating prefix script '/home/quan/thuc_hanh_tuan3/install/local_setup.sh'
[4.099s] INFO:colcon.colcon_core.shell:Creating prefix util module '/home/quan/thuc_hanh_tuan3/install/_local_setup_util_sh.py'
[4.099s] INFO:colcon.colcon_core.shell:Creating prefix chain script '/home/quan/thuc_hanh_tuan3/install/setup.sh'
[4.101s] INFO:colcon.colcon_core.shell:Creating prefix script '/home/quan/thuc_hanh_tuan3/install/local_setup.bash'
[4.101s] INFO:colcon.colcon_core.shell:Creating prefix chain script '/home/quan/thuc_hanh_tuan3/install/setup.bash'
[4.102s] INFO:colcon.colcon_core.shell:Creating prefix script '/home/quan/thuc_hanh_tuan3/install/local_setup.zsh'
[4.103s] INFO:colcon.colcon_core.shell:Creating prefix chain script '/home/quan/thuc_hanh_tuan3/install/setup.zsh'
