[0.016s] Invoking command in '/home/quan/thuc_hanh_tuan3/build/robotiq_controllers': CMAKE_PREFIX_PATH=${CMAKE_PREFIX_PATH}:/home/quan/ros2_ws/install/my_turtlesim:/home/quan/ros2_ws/install/my_robot_logic:/home/quan/ros2_ws/install/my_robot_controller:/home/quan/ros2_ws/install/lifecycle_pkg:/opt/ros/humble /usr/bin/cmake /home/quan/thuc_hanh_tuan3/src/ros2_robotiq_gripper/robotiq_controllers -DCMAKE_INSTALL_PREFIX=/home/quan/thuc_hanh_tuan3/install/robotiq_controllers
[0.109s] -- The C compiler identification is GNU 11.4.0
[0.159s] -- The CXX compiler identification is GNU 11.4.0
[0.167s] -- Detecting C compiler ABI info
[0.235s] -- Detecting C compiler ABI info - done
[0.242s] -- Check for working C compiler: /usr/bin/cc - skipped
[0.242s] -- Detecting C compile features
[0.242s] -- Detecting C compile features - done
[0.245s] -- Detecting CXX compiler ABI info
[0.318s] -- Detecting CXX compiler ABI info - done
[0.324s] -- Check for working CXX compiler: /usr/bin/c++ - skipped
[0.324s] -- Detecting CXX compile features
[0.324s] -- Detecting CXX compile features - done
[0.326s] -- Found ament_cmake: 1.3.14 (/opt/ros/humble/share/ament_cmake/cmake)
[0.456s] -- Found Python3: /usr/bin/python3 (found version "3.10.12") found components: Interpreter 
[0.540s] -- Found controller_interface: 2.54.2 (/opt/ros/humble/share/controller_interface/cmake)
[0.581s] -- Found rosidl_generator_c: 3.1.9 (/opt/ros/humble/share/rosidl_generator_c/cmake)
[0.585s] -- Found rosidl_adapter: 3.1.9 (/opt/ros/humble/share/rosidl_adapter/cmake)
[0.593s] -- Found rosidl_generator_cpp: 3.1.9 (/opt/ros/humble/share/rosidl_generator_cpp/cmake)
[0.603s] -- Using all available rosidl_typesupport_c: rosidl_typesupport_fastrtps_c;rosidl_typesupport_introspection_c
[0.616s] -- Using all available rosidl_typesupport_cpp: rosidl_typesupport_fastrtps_cpp;rosidl_typesupport_introspection_cpp
[0.778s] -- Found rmw_implementation_cmake: 6.1.4 (/opt/ros/humble/share/rmw_implementation_cmake/cmake)
[0.781s] -- Found rmw_fastrtps_cpp: 6.2.10 (/opt/ros/humble/share/rmw_fastrtps_cpp/cmake)
[0.803s] -- Found TinyXML2 via Config file: TinyXML2_DIR-NOTFOUND
[0.860s] -- Found OpenSSL: /usr/lib/x86_64-linux-gnu/libcrypto.so (found version "3.0.2")  
[0.862s] -- Found TinyXML2 via Config file: TinyXML2_DIR-NOTFOUND
[0.876s] -- Found FastRTPS: /opt/ros/humble/include  
[0.879s] -- Found TinyXML2 via Config file: TinyXML2_DIR-NOTFOUND
[0.888s] -- Found TinyXML2 via Config file: TinyXML2_DIR-NOTFOUND
[0.898s] -- Using RMW implementation 'rmw_fastrtps_cpp' as default
[0.907s] -- Looking for pthread.h
[0.976s] -- Looking for pthread.h - found
[0.976s] -- Performing Test CMAKE_HAVE_LIBC_PTHREAD
[1.046s] -- Performing Test CMAKE_HAVE_LIBC_PTHREAD - Success
[1.047s] -- Found Threads: TRUE  
[1.090s] -- Found std_srvs: 4.9.2 (/opt/ros/humble/share/std_srvs/cmake)
[1.101s] -- Found ament_lint_auto: 0.12.15 (/opt/ros/humble/share/ament_lint_auto/cmake)
[1.168s] -- Added test 'cppcheck' to perform static code analysis on C / C++ code
[1.168s] -- Configured cppcheck include dirs: /home/quan/thuc_hanh_tuan3/src/ros2_robotiq_gripper/robotiq_controllers/include
[1.168s] -- Configured cppcheck exclude dirs and/or files: 
[1.169s] -- Added test 'lint_cmake' to check CMake code style
[1.171s] -- Configuring done
[1.179s] -- Generating done
[1.182s] -- Build files have been written to: /home/quan/thuc_hanh_tuan3/build/robotiq_controllers
