[0.008s] Invoking command in '/home/quan/thuc_hanh_tuan3/src/build/ur3_llm_control': CMAKE_PREFIX_PATH=${CMAKE_PREFIX_PATH}:/home/quan/ros2_ws/install/my_turtlesim:/home/quan/ros2_ws/install/my_robot_logic:/home/quan/ros2_ws/install/my_robot_controller:/home/quan/ros2_ws/install/lifecycle_pkg:/opt/ros/humble /usr/bin/cmake /home/quan/thuc_hanh_tuan3/src/ur3_llm_control -DAMENT_CMAKE_SYMLINK_INSTALL=1 -DCMAKE_INSTALL_PREFIX=/home/quan/thuc_hanh_tuan3/src/install/ur3_llm_control
[0.085s] -- The C compiler identification is GNU 11.4.0
[0.127s] -- The CXX compiler identification is GNU 11.4.0
[0.133s] -- Detecting C compiler ABI info
[0.207s] -- Detecting C compiler ABI info - done
[0.211s] -- Check for working C compiler: /usr/bin/cc - skipped
[0.213s] -- Detecting C compile features
[0.213s] -- Detecting C compile features - done
[0.216s] -- Detecting CXX compiler ABI info
[0.288s] -- Detecting CXX compiler ABI info - done
[0.296s] -- Check for working CXX compiler: /usr/bin/c++ - skipped
[0.296s] -- Detecting CXX compile features
[0.297s] -- Detecting CXX compile features - done
[0.302s] -- Found ament_cmake: 1.3.14 (/opt/ros/humble/share/ament_cmake/cmake)
[0.430s] -- Found Python3: /usr/bin/python3 (found version "3.10.12") found components: Interpreter 
[0.482s] -- Override CMake install command with custom implementation using symlinks instead of copying resources
[0.515s] -- Found rclcpp: 16.0.21 (/opt/ros/humble/share/rclcpp/cmake)
[0.554s] -- Found rosidl_generator_c: 3.1.9 (/opt/ros/humble/share/rosidl_generator_c/cmake)
[0.559s] -- Found rosidl_adapter: 3.1.9 (/opt/ros/humble/share/rosidl_adapter/cmake)
[0.566s] -- Found rosidl_generator_cpp: 3.1.9 (/opt/ros/humble/share/rosidl_generator_cpp/cmake)
[0.576s] -- Using all available rosidl_typesupport_c: rosidl_typesupport_fastrtps_c;rosidl_typesupport_introspection_c
[0.590s] -- Using all available rosidl_typesupport_cpp: rosidl_typesupport_fastrtps_cpp;rosidl_typesupport_introspection_cpp
[0.626s] -- Found rmw_implementation_cmake: 6.1.4 (/opt/ros/humble/share/rmw_implementation_cmake/cmake)
[0.629s] -- Found rmw_fastrtps_cpp: 6.2.10 (/opt/ros/humble/share/rmw_fastrtps_cpp/cmake)
[0.733s] -- Found OpenSSL: /usr/lib/x86_64-linux-gnu/libcrypto.so (found version "3.0.2")  
[0.759s] -- Found FastRTPS: /opt/ros/humble/include  
[0.789s] -- Using RMW implementation 'rmw_fastrtps_cpp' as default
[0.797s] -- Looking for pthread.h
[0.873s] -- Looking for pthread.h - found
[0.874s] -- Performing Test CMAKE_HAVE_LIBC_PTHREAD
[0.944s] -- Performing Test CMAKE_HAVE_LIBC_PTHREAD - Success
[0.945s] -- Found Threads: TRUE  
[0.994s] -- Found rosidl_default_generators: 1.2.1 (/opt/ros/humble/share/rosidl_default_generators/cmake)
[1.007s] -- Found geometry_msgs: 4.9.2 (/opt/ros/humble/share/geometry_msgs/cmake)
[1.018s] -- Found sensor_msgs: 4.9.2 (/opt/ros/humble/share/sensor_msgs/cmake)
[1.032s] -- Found moveit_ros_planning_interface: 2.5.10 (/opt/ros/humble/share/moveit_ros_planning_interface/cmake)
[1.062s] -- Found Boost: /usr/lib/x86_64-linux-gnu/cmake/Boost-1.74.0/BoostConfig.cmake (found version "1.74.0") found components: date_time filesystem program_options system thread 
[1.172s] -- Found Boost: /usr/lib/x86_64-linux-gnu/cmake/Boost-1.74.0/BoostConfig.cmake (found version "1.74.0") found components: chrono date_time filesystem iostreams program_options regex serialization system thread 
[1.210s] -- Found tcb_span: 1.3.2 (/opt/ros/humble/share/tcb_span/cmake)
[1.214s] -- Found rclcpp_lifecycle: 16.0.21 (/opt/ros/humble/share/rclcpp_lifecycle/cmake)
[1.231s] -- Found parameter_traits: 0.7.6 (/opt/ros/humble/share/parameter_traits/cmake)
[1.343s] -- library: /usr/lib/x86_64-linux-gnu/libcurl.so
[1.370s] -- Found Eigen3: TRUE (found version "3.4.0") 
[1.370s] -- Ensuring Eigen3 include directory is part of orocos-kdl CMake target
[1.475s] -- Found Boost: /usr/lib/x86_64-linux-gnu/cmake/Boost-1.74.0/BoostConfig.cmake (found version "1.74.0") found components: system filesystem date_time program_options thread chrono 
[1.497s] -- Found Boost: /usr/lib/x86_64-linux-gnu/cmake/Boost-1.74.0/BoostConfig.cmake (found version "1.74.0") found components: thread system filesystem regex date_time program_options 
[1.512s] -- Found Boost: /usr/lib/x86_64-linux-gnu/cmake/Boost-1.74.0/BoostConfig.cmake (found version "1.74.0") found components: system filesystem date_time program_options thread 
[1.534s] -- Found gazebo_dev: 3.9.0 (/opt/ros/humble/share/gazebo_dev/cmake)
[1.542s] -- Found PkgConfig: /usr/bin/pkg-config (found version "0.29.2") 
[1.543s] -- Checking for module 'bullet>=2.82'
[1.556s] --   Found bullet, version 3.05
[1.702s] -- Found fcl: /usr/include (found suitable version "0.7.0", minimum required is "0.5.0") 
[1.792s] -- Found assimp: /usr/include (found version "5.2.0") 
[1.801s] -- Found DART: /usr/include (Required is at least version "6.6") found components: dart 
[1.814s] -- Found Boost: /usr/lib/x86_64-linux-gnu/cmake/Boost-1.74.0/BoostConfig.cmake (found suitable version "1.74.0", minimum required is "1.40.0") found components: thread system filesystem program_options regex iostreams date_time 
[1.827s] -- Found Protobuf: /usr/lib/x86_64-linux-gnu/libprotobuf.so (found version "3.12.4") 
[1.833s] -- Looking for ignition-math6 -- found version 6.16.0
[1.839s] -- Searching for dependencies of ignition-math6
[1.840s] -- Looking for OGRE...
[1.841s] -- OGRE_PREFIX_WATCH changed.
[1.845s] -- Checking for module 'OGRE'
[1.858s] --   Found OGRE, version 1.9.0
[1.911s] -- Found Ogre Ghadamon (1.9.0)
[1.920s] -- Found OGRE: optimized;/usr/lib/x86_64-linux-gnu/libOgreMain.so;debug;/usr/lib/x86_64-linux-gnu/libOgreMain.so
[1.927s] -- Looking for OGRE_Paging...
[1.931s] -- Found OGRE_Paging: optimized;/usr/lib/x86_64-linux-gnu/libOgrePaging.so;debug;/usr/lib/x86_64-linux-gnu/libOgrePaging.so
[1.931s] -- Looking for OGRE_Terrain...
[1.934s] -- Found OGRE_Terrain: optimized;/usr/lib/x86_64-linux-gnu/libOgreTerrain.so;debug;/usr/lib/x86_64-linux-gnu/libOgreTerrain.so
[1.934s] -- Looking for OGRE_Property...
[1.938s] -- Found OGRE_Property: optimized;/usr/lib/x86_64-linux-gnu/libOgreProperty.so;debug;/usr/lib/x86_64-linux-gnu/libOgreProperty.so
[1.938s] -- Looking for OGRE_RTShaderSystem...
[1.941s] -- Found OGRE_RTShaderSystem: optimized;/usr/lib/x86_64-linux-gnu/libOgreRTShaderSystem.so;debug;/usr/lib/x86_64-linux-gnu/libOgreRTShaderSystem.so
[1.941s] -- Looking for OGRE_Volume...
[1.945s] -- Found OGRE_Volume: optimized;/usr/lib/x86_64-linux-gnu/libOgreVolume.so;debug;/usr/lib/x86_64-linux-gnu/libOgreVolume.so
[1.945s] -- Looking for OGRE_Overlay...
[1.948s] -- Found OGRE_Overlay: optimized;/usr/lib/x86_64-linux-gnu/libOgreOverlay.so;debug;/usr/lib/x86_64-linux-gnu/libOgreOverlay.so
[2.025s] -- Looking for ignition-math6 -- found version 6.16.0
[2.028s] -- Looking for ignition-transport8 -- found version 8.2.1
[2.028s] -- Searching for dependencies of ignition-transport8
[2.042s] -- Found Protobuf: /usr/lib/x86_64-linux-gnu/libprotobuf.so (found suitable version "3.12.4", minimum required is "3") 
[2.049s] -- Config-file not installed for ZeroMQ -- checking for pkg-config
[2.054s] -- Checking for module 'libzmq >= 4'
[2.071s] --   Found libzmq , version 4.3.4
[2.131s] -- Found ZeroMQ: TRUE (Required is at least version "4") 
[2.143s] -- Checking for module 'uuid'
[2.160s] --   Found uuid, version 2.37.2
[2.216s] -- Found UUID: TRUE  
[2.222s] -- Looking for ignition-msgs5 -- found version 5.8.1
[2.222s] -- Searching for dependencies of ignition-msgs5
[2.237s] -- Looking for ignition-math6 -- found version 6.16.0
[2.242s] -- Checking for module 'tinyxml2'
[2.262s] --   Found tinyxml2, version 9.0.0
[2.322s] -- Looking for ignition-msgs5 -- found version 5.8.1
[2.326s] -- Looking for ignition-common3 -- found version 3.14.0
[2.326s] -- Searching for dependencies of ignition-common3
[2.327s] -- Looking for dlfcn.h - found
[2.328s] -- Looking for libdl - found
[2.329s] -- Found DL: TRUE  
[2.341s] -- Found tinyobjloader: /usr/lib/x86_64-linux-gnu/cmake/tinyobjloader/tinyobjloader-config.cmake (found version "2.0.0") 
[2.342s] -- Searching for <ignition-common3> component [graphics]
[2.345s] -- Looking for ignition-common3-graphics -- found version 3.14.0
[2.346s] -- Searching for dependencies of ignition-common3-graphics
[2.346s] -- Looking for ignition-math6 -- found version 6.16.0
[2.349s] -- Looking for ignition-fuel_tools4 -- found version 4.4.0
[2.349s] -- Searching for dependencies of ignition-fuel_tools4
[2.378s] -- Found CURL: /usr/lib/x86_64-linux-gnu/libcurl.so (found version "7.81.0")  
[2.393s] -- Checking for module 'jsoncpp'
[2.412s] --   Found jsoncpp, version 1.9.5
[2.461s] -- Found JSONCPP: TRUE  
[2.469s] -- Checking for module 'libzip'
[2.483s] --   Found libzip, version 1.7.3
[2.525s] -- Found ZIP: TRUE  
[2.526s] -- Looking for ignition-common3 -- found version 3.14.0
[2.526s] -- Looking for ignition-math6 -- found version 6.16.0
[2.527s] -- Looking for ignition-msgs5 -- found version 5.8.1
[2.533s] -- Gazebo version: 11.10
[2.533s] -- Checking for module 'tbb'
[2.558s] --   Found tbb, version 2021.5.0
[2.624s] -- Found gazebo_ros: 3.9.0 (/opt/ros/humble/share/gazebo_ros/cmake)
[2.827s] -- Found ament_cmake_ros: 0.10.1 (/opt/ros/humble/share/ament_cmake_ros/cmake)
[3.091s] -- Using all available rosidl_typesupport_c: rosidl_typesupport_fastrtps_c;rosidl_typesupport_introspection_c
[3.184s] -- Using all available rosidl_typesupport_cpp: rosidl_typesupport_fastrtps_cpp;rosidl_typesupport_introspection_cpp
[3.206s] -- Found PythonInterp: /usr/bin/python3 (found suitable version "3.10.12", minimum required is "3.6") 
[3.208s] -- Found python_cmake_module: 0.10.0 (/opt/ros/humble/share/python_cmake_module/cmake)
[3.228s] -- Found PythonLibs: /usr/lib/x86_64-linux-gnu/libpython3.10.so (found suitable version "3.10.12", minimum required is "3.5") 
[3.229s] -- Using PYTHON_EXECUTABLE: /usr/bin/python3
[3.229s] -- Using PYTHON_INCLUDE_DIRS: /usr/include/python3.10
[3.229s] -- Using PYTHON_LIBRARIES: /usr/lib/x86_64-linux-gnu/libpython3.10.so
[3.247s] -- Found PythonExtra: .so  
[3.323s] [0mCMake Deprecation Warning at /opt/ros/humble/share/rosidl_cmake/cmake/rosidl_target_interfaces.cmake:32 (message):
[3.323s]   Use rosidl_get_typesupport_target() and target_link_libraries() instead of
[3.323s]   rosidl_target_interfaces()
[3.323s] Call Stack (most recent call first):
[3.323s]   CMakeLists.txt:27 (rosidl_target_interfaces)
[3.323s] 
[3.323s] [0m
[3.326s] [0mCMake Deprecation Warning at /opt/ros/humble/share/rosidl_cmake/cmake/rosidl_target_interfaces.cmake:32 (message):
[3.326s]   Use rosidl_get_typesupport_target() and target_link_libraries() instead of
[3.326s]   rosidl_target_interfaces()
[3.326s] Call Stack (most recent call first):
[3.326s]   CMakeLists.txt:32 (rosidl_target_interfaces)
[3.326s] 
[3.326s] [0m
[3.335s] -- Configuring done
[3.386s] -- Generating done
[3.400s] -- Build files have been written to: /home/quan/thuc_hanh_tuan3/src/build/ur3_llm_control
[3.415s] Invoked command in '/home/quan/thuc_hanh_tuan3/src/build/ur3_llm_control' returned '0': CMAKE_PREFIX_PATH=${CMAKE_PREFIX_PATH}:/home/quan/ros2_ws/install/my_turtlesim:/home/quan/ros2_ws/install/my_robot_logic:/home/quan/ros2_ws/install/my_robot_controller:/home/quan/ros2_ws/install/lifecycle_pkg:/opt/ros/humble /usr/bin/cmake /home/quan/thuc_hanh_tuan3/src/ur3_llm_control -DAMENT_CMAKE_SYMLINK_INSTALL=1 -DCMAKE_INSTALL_PREFIX=/home/quan/thuc_hanh_tuan3/src/install/ur3_llm_control
[3.417s] Invoking command in '/home/quan/thuc_hanh_tuan3/src/build/ur3_llm_control': CMAKE_PREFIX_PATH=${CMAKE_PREFIX_PATH}:/home/quan/ros2_ws/install/my_turtlesim:/home/quan/ros2_ws/install/my_robot_logic:/home/quan/ros2_ws/install/my_robot_controller:/home/quan/ros2_ws/install/lifecycle_pkg:/opt/ros/humble /usr/bin/cmake --build /home/quan/thuc_hanh_tuan3/src/build/ur3_llm_control -- -j16 -l16
[3.456s] [  1%] [34m[1mGenerating C code for ROS interfaces[0m
[3.469s] [  3%] [34m[1mGenerating C++ code for ROS interfaces[0m
[3.469s] [  5%] [34m[1mGenerating Rust code for ROS interfaces[0m
[3.479s] [  5%] Built target ament_cmake_python_symlink_ur3_llm_control
[3.727s] [  5%] Built target ur3_llm_control__rs
[3.735s] running egg_info
[3.736s] creating ur3_llm_control.egg-info
[3.736s] writing ur3_llm_control.egg-info/PKG-INFO
[3.736s] writing dependency_links to ur3_llm_control.egg-info/dependency_links.txt
[3.736s] writing top-level names to ur3_llm_control.egg-info/top_level.txt
[3.736s] writing manifest file 'ur3_llm_control.egg-info/SOURCES.txt'
[3.738s] reading manifest file 'ur3_llm_control.egg-info/SOURCES.txt'
[3.739s] writing manifest file 'ur3_llm_control.egg-info/SOURCES.txt'
[3.764s] [  5%] Built target ament_cmake_python_build_ur3_llm_control_egg
[3.839s] [  5%] Built target ur3_llm_control__cpp
[3.839s] [  7%] [32mBuilding C object CMakeFiles/ur3_llm_control__rosidl_generator_c.dir/rosidl_generator_c/ur3_llm_control/srv/detail/execute_skill__functions.c.o[0m
[3.839s] [  9%] [32mBuilding C object CMakeFiles/ur3_llm_control__rosidl_generator_c.dir/rosidl_generator_c/ur3_llm_control/srv/detail/set_attachment__functions.c.o[0m
[3.840s] [ 11%] [32mBuilding C object CMakeFiles/ur3_llm_control__rosidl_generator_c.dir/rosidl_generator_c/ur3_llm_control/srv/detail/get_world_state__functions.c.o[0m
[3.849s] [ 13%] [34m[1mGenerating C++ type support dispatch for ROS interfaces[0m
[3.850s] [ 15%] [34m[1mGenerating C++ type support for eProsima Fast-RTPS[0m
[3.852s] [ 17%] [34m[1mGenerating C++ introspection for ROS interfaces[0m
[3.914s] [ 19%] [32m[1mLinking C shared library libur3_llm_control__rosidl_generator_c.so[0m
[3.959s] [ 19%] Built target ur3_llm_control__rosidl_generator_c
[3.977s] [ 25%] [34m[1mGenerating C type support dispatch for ROS interfaces[0m
[3.977s] [ 25%] [34m[1mGenerating C type support for eProsima Fast-RTPS[0m
[3.978s] [ 25%] [34m[1mGenerating C introspection for ROS interfaces[0m
[4.200s] [ 28%] [32mBuilding CXX object CMakeFiles/ur3_llm_control__rosidl_typesupport_introspection_cpp.dir/rosidl_typesupport_introspection_cpp/ur3_llm_control/srv/detail/execute_skill__type_support.cpp.o[0m
[4.200s] [ 28%] [32mBuilding CXX object CMakeFiles/ur3_llm_control__rosidl_typesupport_introspection_cpp.dir/rosidl_typesupport_introspection_cpp/ur3_llm_control/srv/detail/set_attachment__type_support.cpp.o[0m
[4.200s] [ 30%] [32mBuilding CXX object CMakeFiles/ur3_llm_control__rosidl_typesupport_introspection_cpp.dir/rosidl_typesupport_introspection_cpp/ur3_llm_control/srv/detail/get_world_state__type_support.cpp.o[0m
[4.219s] [ 32%] [32mBuilding CXX object CMakeFiles/ur3_llm_control__rosidl_typesupport_cpp.dir/rosidl_typesupport_cpp/ur3_llm_control/srv/get_world_state__type_support.cpp.o[0m
[4.222s] [ 36%] [32mBuilding CXX object CMakeFiles/ur3_llm_control__rosidl_typesupport_cpp.dir/rosidl_typesupport_cpp/ur3_llm_control/srv/execute_skill__type_support.cpp.o[0m
[4.223s] [ 36%] [32mBuilding CXX object CMakeFiles/ur3_llm_control__rosidl_typesupport_cpp.dir/rosidl_typesupport_cpp/ur3_llm_control/srv/set_attachment__type_support.cpp.o[0m
[4.294s] [ 42%] [32mBuilding CXX object CMakeFiles/ur3_llm_control__rosidl_typesupport_c.dir/rosidl_typesupport_c/ur3_llm_control/srv/execute_skill__type_support.cpp.o[0m
[4.294s] [ 42%] [32mBuilding CXX object CMakeFiles/ur3_llm_control__rosidl_typesupport_c.dir/rosidl_typesupport_c/ur3_llm_control/srv/get_world_state__type_support.cpp.o[0m
[4.294s] [ 42%] [32mBuilding CXX object CMakeFiles/ur3_llm_control__rosidl_typesupport_c.dir/rosidl_typesupport_c/ur3_llm_control/srv/set_attachment__type_support.cpp.o[0m
[4.296s] [ 44%] [32mBuilding CXX object CMakeFiles/ur3_llm_control__rosidl_typesupport_fastrtps_cpp.dir/rosidl_typesupport_fastrtps_cpp/ur3_llm_control/srv/detail/dds_fastrtps/execute_skill__type_support.cpp.o[0m
[4.297s] [ 46%] [32mBuilding CXX object CMakeFiles/ur3_llm_control__rosidl_typesupport_fastrtps_cpp.dir/rosidl_typesupport_fastrtps_cpp/ur3_llm_control/srv/detail/dds_fastrtps/set_attachment__type_support.cpp.o[0m
[4.297s] [ 48%] [32mBuilding CXX object CMakeFiles/ur3_llm_control__rosidl_typesupport_fastrtps_cpp.dir/rosidl_typesupport_fastrtps_cpp/ur3_llm_control/srv/detail/dds_fastrtps/get_world_state__type_support.cpp.o[0m
[4.341s] [ 50%] [32m[1mLinking CXX shared library libur3_llm_control__rosidl_typesupport_c.so[0m
[4.388s] [ 53%] [32mBuilding C object CMakeFiles/ur3_llm_control__rosidl_typesupport_introspection_c.dir/rosidl_typesupport_introspection_c/ur3_llm_control/srv/detail/set_attachment__type_support.c.o[0m
[4.389s] [ 53%] [32mBuilding C object CMakeFiles/ur3_llm_control__rosidl_typesupport_introspection_c.dir/rosidl_typesupport_introspection_c/ur3_llm_control/srv/detail/get_world_state__type_support.c.o[0m
[4.390s] [ 55%] [32mBuilding C object CMakeFiles/ur3_llm_control__rosidl_typesupport_introspection_c.dir/rosidl_typesupport_introspection_c/ur3_llm_control/srv/detail/execute_skill__type_support.c.o[0m
[4.393s] [ 57%] [32mBuilding CXX object CMakeFiles/ur3_llm_control__rosidl_typesupport_fastrtps_c.dir/rosidl_typesupport_fastrtps_c/ur3_llm_control/srv/detail/set_attachment__type_support_c.cpp.o[0m
[4.400s] [ 59%] [32mBuilding CXX object CMakeFiles/ur3_llm_control__rosidl_typesupport_fastrtps_c.dir/rosidl_typesupport_fastrtps_c/ur3_llm_control/srv/detail/execute_skill__type_support_c.cpp.o[0m
[4.406s] [ 61%] [32mBuilding CXX object CMakeFiles/ur3_llm_control__rosidl_typesupport_fastrtps_c.dir/rosidl_typesupport_fastrtps_c/ur3_llm_control/srv/detail/get_world_state__type_support_c.cpp.o[0m
[4.410s] [ 61%] Built target ur3_llm_control__rosidl_typesupport_c
[4.465s] [ 63%] [32m[1mLinking C shared library libur3_llm_control__rosidl_typesupport_introspection_c.so[0m
[4.527s] [ 63%] Built target ur3_llm_control__rosidl_typesupport_introspection_c
[4.677s] [ 65%] [32m[1mLinking CXX shared library libur3_llm_control__rosidl_typesupport_cpp.so[0m
[4.742s] [ 65%] Built target ur3_llm_control__rosidl_typesupport_cpp
[4.904s] [ 67%] [32m[1mLinking CXX shared library libur3_llm_control__rosidl_typesupport_introspection_cpp.so[0m
[4.939s] [ 69%] [32m[1mLinking CXX shared library libur3_llm_control__rosidl_typesupport_fastrtps_c.so[0m
[4.949s] [ 71%] [32m[1mLinking CXX shared library libur3_llm_control__rosidl_typesupport_fastrtps_cpp.so[0m
[4.991s] [ 71%] Built target ur3_llm_control__rosidl_typesupport_introspection_cpp
[5.030s] [ 71%] Built target ur3_llm_control__rosidl_typesupport_fastrtps_c
[5.037s] [ 71%] Built target ur3_llm_control__rosidl_typesupport_fastrtps_cpp
[5.058s] [ 71%] Built target ur3_llm_control
[5.080s] [ 73%] [34m[1mGenerating Python code for ROS interfaces[0m
[5.084s] [ 76%] [32mBuilding CXX object CMakeFiles/ur3_physical_gripper.dir/src/physical_gripper.cpp.o[0m
[5.084s] [ 76%] [32mBuilding CXX object CMakeFiles/robot_skills.dir/src/robot_skills.cpp.o[0m
[5.635s] [ 76%] Built target ur3_llm_control__py
[5.658s] [ 78%] [32mBuilding C object CMakeFiles/ur3_llm_control__rosidl_generator_py.dir/rosidl_generator_py/ur3_llm_control/srv/_get_world_state_s.c.o[0m
[5.660s] [ 80%] [32mBuilding C object CMakeFiles/ur3_llm_control__rosidl_generator_py.dir/rosidl_generator_py/ur3_llm_control/srv/_execute_skill_s.c.o[0m
[5.660s] [ 82%] [32mBuilding C object CMakeFiles/ur3_llm_control__rosidl_generator_py.dir/rosidl_generator_py/ur3_llm_control/srv/_set_attachment_s.c.o[0m
[5.788s] [ 84%] [32m[1mLinking C shared library rosidl_generator_py/ur3_llm_control/libur3_llm_control__rosidl_generator_py.so[0m
[5.830s] [ 84%] Built target ur3_llm_control__rosidl_generator_py
[5.857s] [ 90%] [32mBuilding C object CMakeFiles/ur3_llm_control__rosidl_typesupport_c__pyext.dir/rosidl_generator_py/ur3_llm_control/_ur3_llm_control_s.ep.rosidl_typesupport_c.c.o[0m
[5.857s] [ 90%] [32mBuilding C object CMakeFiles/ur3_llm_control__rosidl_typesupport_introspection_c__pyext.dir/rosidl_generator_py/ur3_llm_control/_ur3_llm_control_s.ep.rosidl_typesupport_introspection_c.c.o[0m
[5.857s] [ 90%] [32mBuilding C object CMakeFiles/ur3_llm_control__rosidl_typesupport_fastrtps_c__pyext.dir/rosidl_generator_py/ur3_llm_control/_ur3_llm_control_s.ep.rosidl_typesupport_fastrtps_c.c.o[0m
[5.957s] [ 92%] [32m[1mLinking C shared library rosidl_generator_py/ur3_llm_control/ur3_llm_control_s__rosidl_typesupport_c.cpython-310-x86_64-linux-gnu.so[0m
[5.958s] [ 94%] [32m[1mLinking C shared library rosidl_generator_py/ur3_llm_control/ur3_llm_control_s__rosidl_typesupport_introspection_c.cpython-310-x86_64-linux-gnu.so[0m
[5.993s] [ 96%] [32m[1mLinking C shared library rosidl_generator_py/ur3_llm_control/ur3_llm_control_s__rosidl_typesupport_fastrtps_c.cpython-310-x86_64-linux-gnu.so[0m
[5.995s] [ 96%] Built target ur3_llm_control__rosidl_typesupport_c__pyext
[6.002s] [ 96%] Built target ur3_llm_control__rosidl_typesupport_introspection_c__pyext
[6.032s] [ 96%] Built target ur3_llm_control__rosidl_typesupport_fastrtps_c__pyext
[14.128s] [ 98%] [32m[1mLinking CXX shared library libur3_physical_gripper.so[0m
[14.491s] [ 98%] Built target ur3_physical_gripper
[19.225s] [100%] [32m[1mLinking CXX executable robot_skills[0m
[20.030s] [100%] Built target robot_skills
[20.042s] Invoked command in '/home/quan/thuc_hanh_tuan3/src/build/ur3_llm_control' returned '0': CMAKE_PREFIX_PATH=${CMAKE_PREFIX_PATH}:/home/quan/ros2_ws/install/my_turtlesim:/home/quan/ros2_ws/install/my_robot_logic:/home/quan/ros2_ws/install/my_robot_controller:/home/quan/ros2_ws/install/lifecycle_pkg:/opt/ros/humble /usr/bin/cmake --build /home/quan/thuc_hanh_tuan3/src/build/ur3_llm_control -- -j16 -l16
[20.053s] Invoking command in '/home/quan/thuc_hanh_tuan3/src/build/ur3_llm_control': CMAKE_PREFIX_PATH=${CMAKE_PREFIX_PATH}:/home/quan/ros2_ws/install/my_turtlesim:/home/quan/ros2_ws/install/my_robot_logic:/home/quan/ros2_ws/install/my_robot_controller:/home/quan/ros2_ws/install/lifecycle_pkg:/opt/ros/humble /usr/bin/cmake --install /home/quan/thuc_hanh_tuan3/src/build/ur3_llm_control
[20.059s] -- Install configuration: ""
[20.059s] -- Execute custom install script
[20.059s] -- Symlinking: /home/quan/thuc_hanh_tuan3/src/install/ur3_llm_control/share/ament_index/resource_index/rosidl_interfaces/ur3_llm_control
[20.066s] -- Symlinking: /home/quan/thuc_hanh_tuan3/src/install/ur3_llm_control/include/ur3_llm_control/ur3_llm_control/msg/rosidl_generator_c__visibility_control.h
[20.074s] -- Symlinking: /home/quan/thuc_hanh_tuan3/src/install/ur3_llm_control/include/ur3_llm_control/ur3_llm_control/srv/detail/execute_skill__functions.h
[20.083s] -- Symlinking: /home/quan/thuc_hanh_tuan3/src/install/ur3_llm_control/include/ur3_llm_control/ur3_llm_control/srv/detail/execute_skill__struct.h
[20.092s] -- Symlinking: /home/quan/thuc_hanh_tuan3/src/install/ur3_llm_control/include/ur3_llm_control/ur3_llm_control/srv/detail/execute_skill__type_support.h
[20.101s] -- Symlinking: /home/quan/thuc_hanh_tuan3/src/install/ur3_llm_control/include/ur3_llm_control/ur3_llm_control/srv/detail/get_world_state__functions.h
[20.107s] -- Symlinking: /home/quan/thuc_hanh_tuan3/src/install/ur3_llm_control/include/ur3_llm_control/ur3_llm_control/srv/detail/get_world_state__struct.h
[20.115s] -- Symlinking: /home/quan/thuc_hanh_tuan3/src/install/ur3_llm_control/include/ur3_llm_control/ur3_llm_control/srv/detail/get_world_state__type_support.h
[20.123s] -- Symlinking: /home/quan/thuc_hanh_tuan3/src/install/ur3_llm_control/include/ur3_llm_control/ur3_llm_control/srv/detail/set_attachment__functions.h
[20.130s] -- Symlinking: /home/quan/thuc_hanh_tuan3/src/install/ur3_llm_control/include/ur3_llm_control/ur3_llm_control/srv/detail/set_attachment__struct.h
[20.139s] -- Symlinking: /home/quan/thuc_hanh_tuan3/src/install/ur3_llm_control/include/ur3_llm_control/ur3_llm_control/srv/detail/set_attachment__type_support.h
[20.144s] -- Symlinking: /home/quan/thuc_hanh_tuan3/src/install/ur3_llm_control/include/ur3_llm_control/ur3_llm_control/srv/execute_skill.h
[20.151s] -- Symlinking: /home/quan/thuc_hanh_tuan3/src/install/ur3_llm_control/include/ur3_llm_control/ur3_llm_control/srv/get_world_state.h
[20.156s] -- Symlinking: /home/quan/thuc_hanh_tuan3/src/install/ur3_llm_control/include/ur3_llm_control/ur3_llm_control/srv/set_attachment.h
[20.164s] -- Symlinking: /home/quan/thuc_hanh_tuan3/src/install/ur3_llm_control/share/ur3_llm_control/environment/library_path.sh
[20.172s] -- Symlinking: /home/quan/thuc_hanh_tuan3/src/install/ur3_llm_control/share/ur3_llm_control/environment/library_path.dsv
[20.180s] -- Symlinking: /home/quan/thuc_hanh_tuan3/src/install/ur3_llm_control/include/ur3_llm_control/ur3_llm_control/msg/rosidl_typesupport_fastrtps_c__visibility_control.h
[20.188s] -- Symlinking: /home/quan/thuc_hanh_tuan3/src/install/ur3_llm_control/include/ur3_llm_control/ur3_llm_control/srv/detail/execute_skill__rosidl_typesupport_fastrtps_c.h
[20.194s] -- Symlinking: /home/quan/thuc_hanh_tuan3/src/install/ur3_llm_control/include/ur3_llm_control/ur3_llm_control/srv/detail/get_world_state__rosidl_typesupport_fastrtps_c.h
[20.202s] -- Symlinking: /home/quan/thuc_hanh_tuan3/src/install/ur3_llm_control/include/ur3_llm_control/ur3_llm_control/srv/detail/set_attachment__rosidl_typesupport_fastrtps_c.h
[20.210s] -- Symlinking: /home/quan/thuc_hanh_tuan3/src/install/ur3_llm_control/include/ur3_llm_control/ur3_llm_control/msg/rosidl_generator_cpp__visibility_control.hpp
[20.217s] -- Symlinking: /home/quan/thuc_hanh_tuan3/src/install/ur3_llm_control/include/ur3_llm_control/ur3_llm_control/srv/detail/execute_skill__builder.hpp
[20.225s] -- Symlinking: /home/quan/thuc_hanh_tuan3/src/install/ur3_llm_control/include/ur3_llm_control/ur3_llm_control/srv/detail/execute_skill__struct.hpp
[20.233s] -- Symlinking: /home/quan/thuc_hanh_tuan3/src/install/ur3_llm_control/include/ur3_llm_control/ur3_llm_control/srv/detail/execute_skill__traits.hpp
[20.242s] -- Symlinking: /home/quan/thuc_hanh_tuan3/src/install/ur3_llm_control/include/ur3_llm_control/ur3_llm_control/srv/detail/execute_skill__type_support.hpp
[20.248s] -- Symlinking: /home/quan/thuc_hanh_tuan3/src/install/ur3_llm_control/include/ur3_llm_control/ur3_llm_control/srv/detail/get_world_state__builder.hpp
[20.254s] -- Symlinking: /home/quan/thuc_hanh_tuan3/src/install/ur3_llm_control/include/ur3_llm_control/ur3_llm_control/srv/detail/get_world_state__struct.hpp
[20.260s] -- Symlinking: /home/quan/thuc_hanh_tuan3/src/install/ur3_llm_control/include/ur3_llm_control/ur3_llm_control/srv/detail/get_world_state__traits.hpp
[20.267s] -- Symlinking: /home/quan/thuc_hanh_tuan3/src/install/ur3_llm_control/include/ur3_llm_control/ur3_llm_control/srv/detail/get_world_state__type_support.hpp
[20.275s] -- Symlinking: /home/quan/thuc_hanh_tuan3/src/install/ur3_llm_control/include/ur3_llm_control/ur3_llm_control/srv/detail/set_attachment__builder.hpp
[20.282s] -- Symlinking: /home/quan/thuc_hanh_tuan3/src/install/ur3_llm_control/include/ur3_llm_control/ur3_llm_control/srv/detail/set_attachment__struct.hpp
[20.290s] -- Symlinking: /home/quan/thuc_hanh_tuan3/src/install/ur3_llm_control/include/ur3_llm_control/ur3_llm_control/srv/detail/set_attachment__traits.hpp
[20.298s] -- Symlinking: /home/quan/thuc_hanh_tuan3/src/install/ur3_llm_control/include/ur3_llm_control/ur3_llm_control/srv/detail/set_attachment__type_support.hpp
[20.304s] -- Symlinking: /home/quan/thuc_hanh_tuan3/src/install/ur3_llm_control/include/ur3_llm_control/ur3_llm_control/srv/execute_skill.hpp
[20.310s] -- Symlinking: /home/quan/thuc_hanh_tuan3/src/install/ur3_llm_control/include/ur3_llm_control/ur3_llm_control/srv/get_world_state.hpp
[20.316s] -- Symlinking: /home/quan/thuc_hanh_tuan3/src/install/ur3_llm_control/include/ur3_llm_control/ur3_llm_control/srv/set_attachment.hpp
[20.324s] -- Symlinking: /home/quan/thuc_hanh_tuan3/src/install/ur3_llm_control/include/ur3_llm_control/ur3_llm_control/msg/rosidl_typesupport_fastrtps_cpp__visibility_control.h
[20.331s] -- Symlinking: /home/quan/thuc_hanh_tuan3/src/install/ur3_llm_control/include/ur3_llm_control/ur3_llm_control/srv/detail/execute_skill__rosidl_typesupport_fastrtps_cpp.hpp
[20.338s] -- Symlinking: /home/quan/thuc_hanh_tuan3/src/install/ur3_llm_control/include/ur3_llm_control/ur3_llm_control/srv/detail/get_world_state__rosidl_typesupport_fastrtps_cpp.hpp
[20.346s] -- Symlinking: /home/quan/thuc_hanh_tuan3/src/install/ur3_llm_control/include/ur3_llm_control/ur3_llm_control/srv/detail/set_attachment__rosidl_typesupport_fastrtps_cpp.hpp
[20.352s] -- Symlinking: /home/quan/thuc_hanh_tuan3/src/install/ur3_llm_control/include/ur3_llm_control/ur3_llm_control/msg/rosidl_typesupport_introspection_c__visibility_control.h
[20.361s] -- Symlinking: /home/quan/thuc_hanh_tuan3/src/install/ur3_llm_control/include/ur3_llm_control/ur3_llm_control/srv/detail/execute_skill__rosidl_typesupport_introspection_c.h
[20.368s] -- Symlinking: /home/quan/thuc_hanh_tuan3/src/install/ur3_llm_control/include/ur3_llm_control/ur3_llm_control/srv/detail/get_world_state__rosidl_typesupport_introspection_c.h
[20.376s] -- Symlinking: /home/quan/thuc_hanh_tuan3/src/install/ur3_llm_control/include/ur3_llm_control/ur3_llm_control/srv/detail/set_attachment__rosidl_typesupport_introspection_c.h
[20.385s] -- Symlinking: /home/quan/thuc_hanh_tuan3/src/install/ur3_llm_control/include/ur3_llm_control/ur3_llm_control/srv/detail/execute_skill__rosidl_typesupport_introspection_cpp.hpp
[20.393s] -- Symlinking: /home/quan/thuc_hanh_tuan3/src/install/ur3_llm_control/include/ur3_llm_control/ur3_llm_control/srv/detail/get_world_state__rosidl_typesupport_introspection_cpp.hpp
[20.402s] -- Symlinking: /home/quan/thuc_hanh_tuan3/src/install/ur3_llm_control/include/ur3_llm_control/ur3_llm_control/srv/detail/set_attachment__rosidl_typesupport_introspection_cpp.hpp
[20.411s] -- Symlinking: /home/quan/thuc_hanh_tuan3/src/install/ur3_llm_control/share/ur3_llm_control/environment/pythonpath.sh
[20.420s] -- Symlinking: /home/quan/thuc_hanh_tuan3/src/install/ur3_llm_control/share/ur3_llm_control/environment/pythonpath.dsv
[20.431s] -- Symlinking: /home/quan/thuc_hanh_tuan3/src/install/ur3_llm_control/local/lib/python3.10/dist-packages/ur3_llm_control-0.1.0-py3.10.egg-info/PKG-INFO
[20.439s] -- Symlinking: /home/quan/thuc_hanh_tuan3/src/install/ur3_llm_control/local/lib/python3.10/dist-packages/ur3_llm_control-0.1.0-py3.10.egg-info/SOURCES.txt
[20.447s] -- Symlinking: /home/quan/thuc_hanh_tuan3/src/install/ur3_llm_control/local/lib/python3.10/dist-packages/ur3_llm_control-0.1.0-py3.10.egg-info/dependency_links.txt
[20.454s] -- Symlinking: /home/quan/thuc_hanh_tuan3/src/install/ur3_llm_control/local/lib/python3.10/dist-packages/ur3_llm_control-0.1.0-py3.10.egg-info/top_level.txt
[20.462s] -- Symlinking: /home/quan/thuc_hanh_tuan3/src/install/ur3_llm_control/local/lib/python3.10/dist-packages/ur3_llm_control/__init__.py
[20.470s] -- Symlinking: /home/quan/thuc_hanh_tuan3/src/install/ur3_llm_control/local/lib/python3.10/dist-packages/ur3_llm_control/_ur3_llm_control_s.ep.rosidl_typesupport_c.c
[20.477s] -- Symlinking: /home/quan/thuc_hanh_tuan3/src/install/ur3_llm_control/local/lib/python3.10/dist-packages/ur3_llm_control/_ur3_llm_control_s.ep.rosidl_typesupport_fastrtps_c.c
[20.486s] -- Symlinking: /home/quan/thuc_hanh_tuan3/src/install/ur3_llm_control/local/lib/python3.10/dist-packages/ur3_llm_control/_ur3_llm_control_s.ep.rosidl_typesupport_introspection_c.c
[20.495s] -- Symlinking: /home/quan/thuc_hanh_tuan3/src/install/ur3_llm_control/local/lib/python3.10/dist-packages/ur3_llm_control/libur3_llm_control__rosidl_generator_py.so
[20.502s] -- Symlinking: /home/quan/thuc_hanh_tuan3/src/install/ur3_llm_control/local/lib/python3.10/dist-packages/ur3_llm_control/srv/__init__.py
[20.510s] -- Symlinking: /home/quan/thuc_hanh_tuan3/src/install/ur3_llm_control/local/lib/python3.10/dist-packages/ur3_llm_control/srv/_execute_skill.py
[20.517s] -- Symlinking: /home/quan/thuc_hanh_tuan3/src/install/ur3_llm_control/local/lib/python3.10/dist-packages/ur3_llm_control/srv/_execute_skill_s.c
[20.524s] -- Symlinking: /home/quan/thuc_hanh_tuan3/src/install/ur3_llm_control/local/lib/python3.10/dist-packages/ur3_llm_control/srv/_get_world_state.py
[20.532s] -- Symlinking: /home/quan/thuc_hanh_tuan3/src/install/ur3_llm_control/local/lib/python3.10/dist-packages/ur3_llm_control/srv/_get_world_state_s.c
[20.539s] -- Symlinking: /home/quan/thuc_hanh_tuan3/src/install/ur3_llm_control/local/lib/python3.10/dist-packages/ur3_llm_control/srv/_set_attachment.py
[20.547s] -- Symlinking: /home/quan/thuc_hanh_tuan3/src/install/ur3_llm_control/local/lib/python3.10/dist-packages/ur3_llm_control/srv/_set_attachment_s.c
[20.555s] -- Symlinking: /home/quan/thuc_hanh_tuan3/src/install/ur3_llm_control/local/lib/python3.10/dist-packages/ur3_llm_control/ur3_llm_control_s__rosidl_typesupport_c.cpython-310-x86_64-linux-gnu.so
[20.563s] -- Symlinking: /home/quan/thuc_hanh_tuan3/src/install/ur3_llm_control/local/lib/python3.10/dist-packages/ur3_llm_control/ur3_llm_control_s__rosidl_typesupport_fastrtps_c.cpython-310-x86_64-linux-gnu.so
[20.571s] -- Symlinking: /home/quan/thuc_hanh_tuan3/src/install/ur3_llm_control/local/lib/python3.10/dist-packages/ur3_llm_control/ur3_llm_control_s__rosidl_typesupport_introspection_c.cpython-310-x86_64-linux-gnu.so
[20.579s] -- Up-to-date symlink: /home/quan/thuc_hanh_tuan3/src/install/ur3_llm_control/local/lib/python3.10/dist-packages/ur3_llm_control/ur3_llm_control_s__rosidl_typesupport_fastrtps_c.cpython-310-x86_64-linux-gnu.so
[20.579s] -- Up-to-date symlink: /home/quan/thuc_hanh_tuan3/src/install/ur3_llm_control/local/lib/python3.10/dist-packages/ur3_llm_control/ur3_llm_control_s__rosidl_typesupport_introspection_c.cpython-310-x86_64-linux-gnu.so
[20.579s] -- Up-to-date symlink: /home/quan/thuc_hanh_tuan3/src/install/ur3_llm_control/local/lib/python3.10/dist-packages/ur3_llm_control/ur3_llm_control_s__rosidl_typesupport_c.cpython-310-x86_64-linux-gnu.so
[20.579s] -- Symlinking: /home/quan/thuc_hanh_tuan3/src/install/ur3_llm_control/share/ur3_llm_control/rust/Cargo.toml
[20.585s] -- Symlinking: /home/quan/thuc_hanh_tuan3/src/install/ur3_llm_control/share/ur3_llm_control/rust/build.rs
[20.593s] -- Symlinking: /home/quan/thuc_hanh_tuan3/src/install/ur3_llm_control/share/ur3_llm_control/rust/src/lib.rs
[20.600s] -- Symlinking: /home/quan/thuc_hanh_tuan3/src/install/ur3_llm_control/share/ur3_llm_control/rust/src/srv.rs
[20.608s] -- Symlinking: /home/quan/thuc_hanh_tuan3/src/install/ur3_llm_control/share/ur3_llm_control/rust/src/srv/rmw.rs
[20.614s] -- Symlinking: /home/quan/thuc_hanh_tuan3/src/install/ur3_llm_control/share/ur3_llm_control/srv/ExecuteSkill.idl
[20.621s] -- Symlinking: /home/quan/thuc_hanh_tuan3/src/install/ur3_llm_control/share/ur3_llm_control/srv/SetAttachment.idl
[20.628s] -- Symlinking: /home/quan/thuc_hanh_tuan3/src/install/ur3_llm_control/share/ur3_llm_control/srv/GetWorldState.idl
[20.637s] -- Symlinking: /home/quan/thuc_hanh_tuan3/src/install/ur3_llm_control/share/ur3_llm_control/srv/ExecuteSkill.srv
[20.644s] -- Symlinking: /home/quan/thuc_hanh_tuan3/src/install/ur3_llm_control/share/ur3_llm_control/srv/ExecuteSkill_Request.msg
[20.650s] -- Symlinking: /home/quan/thuc_hanh_tuan3/src/install/ur3_llm_control/share/ur3_llm_control/srv/ExecuteSkill_Response.msg
[20.656s] -- Symlinking: /home/quan/thuc_hanh_tuan3/src/install/ur3_llm_control/share/ur3_llm_control/srv/SetAttachment.srv
[20.662s] -- Symlinking: /home/quan/thuc_hanh_tuan3/src/install/ur3_llm_control/share/ur3_llm_control/srv/SetAttachment_Request.msg
[20.670s] -- Symlinking: /home/quan/thuc_hanh_tuan3/src/install/ur3_llm_control/share/ur3_llm_control/srv/SetAttachment_Response.msg
[20.677s] -- Symlinking: /home/quan/thuc_hanh_tuan3/src/install/ur3_llm_control/share/ur3_llm_control/srv/GetWorldState.srv
[20.686s] -- Symlinking: /home/quan/thuc_hanh_tuan3/src/install/ur3_llm_control/share/ur3_llm_control/srv/GetWorldState_Request.msg
[20.693s] -- Symlinking: /home/quan/thuc_hanh_tuan3/src/install/ur3_llm_control/share/ur3_llm_control/srv/GetWorldState_Response.msg
[20.700s] -- Symlinking: /home/quan/thuc_hanh_tuan3/src/install/ur3_llm_control/lib/ur3_llm_control/robot_skills
[20.708s] -- Symlinking: /home/quan/thuc_hanh_tuan3/src/install/ur3_llm_control/lib/libur3_physical_gripper.so
[20.715s] -- Symlinking: /home/quan/thuc_hanh_tuan3/src/install/ur3_llm_control/lib/ur3_llm_control/llm_planner.py
[20.721s] -- Symlinking: /home/quan/thuc_hanh_tuan3/src/install/ur3_llm_control/lib/ur3_llm_control/task_validator.py
[20.728s] -- Symlinking: /home/quan/thuc_hanh_tuan3/src/install/ur3_llm_control/lib/ur3_llm_control/skill_executor.py
[20.734s] -- Symlinking: /home/quan/thuc_hanh_tuan3/src/install/ur3_llm_control/lib/ur3_llm_control/task_manager.py
[20.741s] -- Symlinking: /home/quan/thuc_hanh_tuan3/src/install/ur3_llm_control/lib/ur3_llm_control/camera_state.py
[20.749s] -- Symlinking: /home/quan/thuc_hanh_tuan3/src/install/ur3_llm_control/lib/ur3_llm_control/demo_occupied_zone.py
[20.757s] -- Symlinking: /home/quan/thuc_hanh_tuan3/src/install/ur3_llm_control/share/ur3_llm_control/launch/llm_robot.launch.py
[20.766s] -- Symlinking: /home/quan/thuc_hanh_tuan3/src/install/ur3_llm_control/share/ur3_llm_control/config/home_joints.yaml
[20.773s] -- Symlinking: /home/quan/thuc_hanh_tuan3/src/install/ur3_llm_control/share/ur3_llm_control/config/scene.yaml
[20.781s] -- Symlinking: /home/quan/thuc_hanh_tuan3/src/install/ur3_llm_control/share/ur3_llm_control/config/staging_joints.yaml
[20.789s] -- Symlinking: /home/quan/thuc_hanh_tuan3/src/install/ur3_llm_control/share/ur3_llm_control/config/student_config.yaml
[20.799s] -- Symlinking: /home/quan/thuc_hanh_tuan3/src/install/ur3_llm_control/share/ur3_llm_control/config/ur3e/default_kinematics.yaml
[20.805s] -- Symlinking: /home/quan/thuc_hanh_tuan3/src/install/ur3_llm_control/share/ur3_llm_control/config/ur3e/joint_limits.yaml
[20.814s] -- Symlinking: /home/quan/thuc_hanh_tuan3/src/install/ur3_llm_control/share/ur3_llm_control/config/ur3e/physical_parameters.yaml
[20.821s] -- Symlinking: /home/quan/thuc_hanh_tuan3/src/install/ur3_llm_control/share/ur3_llm_control/config/ur3e/visual_parameters.yaml
[20.828s] -- Symlinking: /home/quan/thuc_hanh_tuan3/src/install/ur3_llm_control/share/ur3_llm_control/config/ur_controllers.yaml
[20.834s] -- Symlinking: /home/quan/thuc_hanh_tuan3/src/install/ur3_llm_control/share/ur3_llm_control/prompt/planner_prompt.txt
[20.843s] -- Symlinking: /home/quan/thuc_hanh_tuan3/src/install/ur3_llm_control/share/ur3_llm_control/worlds/assignment2.world
[20.850s] -- Symlinking: /home/quan/thuc_hanh_tuan3/src/install/ur3_llm_control/share/ur3_llm_control/models/blue_cube/model.config
[20.857s] -- Symlinking: /home/quan/thuc_hanh_tuan3/src/install/ur3_llm_control/share/ur3_llm_control/models/blue_cube/model.sdf
[20.865s] -- Symlinking: /home/quan/thuc_hanh_tuan3/src/install/ur3_llm_control/share/ur3_llm_control/models/buffer/model.config
[20.873s] -- Symlinking: /home/quan/thuc_hanh_tuan3/src/install/ur3_llm_control/share/ur3_llm_control/models/buffer/model.sdf
[20.879s] -- Symlinking: /home/quan/thuc_hanh_tuan3/src/install/ur3_llm_control/share/ur3_llm_control/models/green_cube/model.config
[20.888s] -- Symlinking: /home/quan/thuc_hanh_tuan3/src/install/ur3_llm_control/share/ur3_llm_control/models/green_cube/model.sdf
[20.895s] -- Symlinking: /home/quan/thuc_hanh_tuan3/src/install/ur3_llm_control/share/ur3_llm_control/models/purple_cube/model.config
[20.901s] -- Symlinking: /home/quan/thuc_hanh_tuan3/src/install/ur3_llm_control/share/ur3_llm_control/models/purple_cube/model.sdf
[20.911s] -- Symlinking: /home/quan/thuc_hanh_tuan3/src/install/ur3_llm_control/share/ur3_llm_control/models/red_cube/model.config
[20.919s] -- Symlinking: /home/quan/thuc_hanh_tuan3/src/install/ur3_llm_control/share/ur3_llm_control/models/red_cube/model.sdf
[20.927s] -- Symlinking: /home/quan/thuc_hanh_tuan3/src/install/ur3_llm_control/share/ur3_llm_control/models/ur3_task_table/model.config
[20.934s] -- Symlinking: /home/quan/thuc_hanh_tuan3/src/install/ur3_llm_control/share/ur3_llm_control/models/ur3_task_table/model.sdf
[20.943s] -- Symlinking: /home/quan/thuc_hanh_tuan3/src/install/ur3_llm_control/share/ur3_llm_control/models/yellow_cube/model.config
[20.950s] -- Symlinking: /home/quan/thuc_hanh_tuan3/src/install/ur3_llm_control/share/ur3_llm_control/models/yellow_cube/model.sdf
[20.957s] -- Symlinking: /home/quan/thuc_hanh_tuan3/src/install/ur3_llm_control/share/ur3_llm_control/models/zone_a/model.config
[20.965s] -- Symlinking: /home/quan/thuc_hanh_tuan3/src/install/ur3_llm_control/share/ur3_llm_control/models/zone_a/model.sdf
[20.975s] -- Symlinking: /home/quan/thuc_hanh_tuan3/src/install/ur3_llm_control/share/ur3_llm_control/models/zone_b/model.config
[20.982s] -- Symlinking: /home/quan/thuc_hanh_tuan3/src/install/ur3_llm_control/share/ur3_llm_control/models/zone_b/model.sdf
[20.988s] -- Symlinking: /home/quan/thuc_hanh_tuan3/src/install/ur3_llm_control/share/ur3_llm_control/models/zone_c/model.config
[20.996s] -- Symlinking: /home/quan/thuc_hanh_tuan3/src/install/ur3_llm_control/share/ur3_llm_control/models/zone_c/model.sdf
[21.006s] -- Symlinking: /home/quan/thuc_hanh_tuan3/src/install/ur3_llm_control/share/ur3_llm_control/urdf/ur3e_with_gripper.urdf.xacro
[21.013s] -- Symlinking: /home/quan/thuc_hanh_tuan3/src/install/ur3_llm_control/share/ament_index/resource_index/package_run_dependencies/ur3_llm_control
[21.021s] -- Symlinking: /home/quan/thuc_hanh_tuan3/src/install/ur3_llm_control/share/ament_index/resource_index/parent_prefix_path/ur3_llm_control
[21.030s] -- Symlinking: /home/quan/thuc_hanh_tuan3/src/install/ur3_llm_control/share/ur3_llm_control/environment/ament_prefix_path.sh
[21.038s] -- Symlinking: /home/quan/thuc_hanh_tuan3/src/install/ur3_llm_control/share/ur3_llm_control/environment/ament_prefix_path.dsv
[21.048s] -- Symlinking: /home/quan/thuc_hanh_tuan3/src/install/ur3_llm_control/share/ur3_llm_control/environment/path.sh
[21.055s] -- Symlinking: /home/quan/thuc_hanh_tuan3/src/install/ur3_llm_control/share/ur3_llm_control/environment/path.dsv
[21.064s] -- Symlinking: /home/quan/thuc_hanh_tuan3/src/install/ur3_llm_control/share/ur3_llm_control/local_setup.bash
[21.070s] -- Symlinking: /home/quan/thuc_hanh_tuan3/src/install/ur3_llm_control/share/ur3_llm_control/local_setup.sh
[21.078s] -- Symlinking: /home/quan/thuc_hanh_tuan3/src/install/ur3_llm_control/share/ur3_llm_control/local_setup.zsh
[21.087s] -- Symlinking: /home/quan/thuc_hanh_tuan3/src/install/ur3_llm_control/share/ur3_llm_control/local_setup.dsv
[21.097s] -- Symlinking: /home/quan/thuc_hanh_tuan3/src/install/ur3_llm_control/share/ur3_llm_control/package.dsv
[21.105s] -- Symlinking: /home/quan/thuc_hanh_tuan3/src/install/ur3_llm_control/share/ament_index/resource_index/packages/ur3_llm_control
[21.114s] -- Symlinking: /home/quan/thuc_hanh_tuan3/src/install/ur3_llm_control/share/ur3_llm_control/cmake/rosidl_cmake-extras.cmake
[21.121s] -- Symlinking: /home/quan/thuc_hanh_tuan3/src/install/ur3_llm_control/share/ur3_llm_control/cmake/ament_cmake_export_include_directories-extras.cmake
[21.127s] -- Symlinking: /home/quan/thuc_hanh_tuan3/src/install/ur3_llm_control/share/ur3_llm_control/cmake/ament_cmake_export_libraries-extras.cmake
[21.134s] -- Symlinking: /home/quan/thuc_hanh_tuan3/src/install/ur3_llm_control/share/ur3_llm_control/cmake/ament_cmake_export_targets-extras.cmake
[21.144s] -- Symlinking: /home/quan/thuc_hanh_tuan3/src/install/ur3_llm_control/share/ur3_llm_control/cmake/rosidl_cmake_export_typesupport_targets-extras.cmake
[21.152s] -- Symlinking: /home/quan/thuc_hanh_tuan3/src/install/ur3_llm_control/share/ur3_llm_control/cmake/ament_cmake_export_dependencies-extras.cmake
[21.161s] -- Symlinking: /home/quan/thuc_hanh_tuan3/src/install/ur3_llm_control/share/ur3_llm_control/cmake/rosidl_cmake_export_typesupport_libraries-extras.cmake
[21.167s] -- Symlinking: /home/quan/thuc_hanh_tuan3/src/install/ur3_llm_control/share/ur3_llm_control/cmake/rosidl_cmake_aggregate_target-extras.cmake
[21.176s] -- Symlinking: /home/quan/thuc_hanh_tuan3/src/install/ur3_llm_control/share/ur3_llm_control/cmake/ur3_llm_controlConfig.cmake
[21.185s] -- Symlinking: /home/quan/thuc_hanh_tuan3/src/install/ur3_llm_control/share/ur3_llm_control/cmake/ur3_llm_controlConfig-version.cmake
[21.192s] -- Symlinking: /home/quan/thuc_hanh_tuan3/src/install/ur3_llm_control/share/ur3_llm_control/package.xml
[21.199s] -- Installing: /home/quan/thuc_hanh_tuan3/src/install/ur3_llm_control/lib/libur3_llm_control__rosidl_generator_c.so
[21.199s] -- Set runtime path of "/home/quan/thuc_hanh_tuan3/src/install/ur3_llm_control/lib/libur3_llm_control__rosidl_generator_c.so" to ""
[21.199s] -- Installing: /home/quan/thuc_hanh_tuan3/src/install/ur3_llm_control/lib/libur3_llm_control__rosidl_typesupport_fastrtps_c.so
[21.200s] -- Set runtime path of "/home/quan/thuc_hanh_tuan3/src/install/ur3_llm_control/lib/libur3_llm_control__rosidl_typesupport_fastrtps_c.so" to ""
[21.200s] -- Installing: /home/quan/thuc_hanh_tuan3/src/install/ur3_llm_control/lib/libur3_llm_control__rosidl_typesupport_fastrtps_cpp.so
[21.200s] -- Set runtime path of "/home/quan/thuc_hanh_tuan3/src/install/ur3_llm_control/lib/libur3_llm_control__rosidl_typesupport_fastrtps_cpp.so" to ""
[21.200s] -- Installing: /home/quan/thuc_hanh_tuan3/src/install/ur3_llm_control/lib/libur3_llm_control__rosidl_typesupport_introspection_c.so
[21.200s] -- Set runtime path of "/home/quan/thuc_hanh_tuan3/src/install/ur3_llm_control/lib/libur3_llm_control__rosidl_typesupport_introspection_c.so" to ""
[21.200s] -- Installing: /home/quan/thuc_hanh_tuan3/src/install/ur3_llm_control/lib/libur3_llm_control__rosidl_typesupport_c.so
[21.200s] -- Set runtime path of "/home/quan/thuc_hanh_tuan3/src/install/ur3_llm_control/lib/libur3_llm_control__rosidl_typesupport_c.so" to ""
[21.200s] -- Installing: /home/quan/thuc_hanh_tuan3/src/install/ur3_llm_control/lib/libur3_llm_control__rosidl_typesupport_introspection_cpp.so
[21.200s] -- Set runtime path of "/home/quan/thuc_hanh_tuan3/src/install/ur3_llm_control/lib/libur3_llm_control__rosidl_typesupport_introspection_cpp.so" to ""
[21.200s] -- Installing: /home/quan/thuc_hanh_tuan3/src/install/ur3_llm_control/lib/libur3_llm_control__rosidl_typesupport_cpp.so
[21.200s] -- Set runtime path of "/home/quan/thuc_hanh_tuan3/src/install/ur3_llm_control/lib/libur3_llm_control__rosidl_typesupport_cpp.so" to ""
[21.228s] Listing '/home/quan/thuc_hanh_tuan3/src/install/ur3_llm_control/local/lib/python3.10/dist-packages/ur3_llm_control'...
[21.228s] Compiling '/home/quan/thuc_hanh_tuan3/src/install/ur3_llm_control/local/lib/python3.10/dist-packages/ur3_llm_control/__init__.py'...
[21.228s] Listing '/home/quan/thuc_hanh_tuan3/src/install/ur3_llm_control/local/lib/python3.10/dist-packages/ur3_llm_control/srv'...
[21.228s] Compiling '/home/quan/thuc_hanh_tuan3/src/install/ur3_llm_control/local/lib/python3.10/dist-packages/ur3_llm_control/srv/__init__.py'...
[21.228s] Compiling '/home/quan/thuc_hanh_tuan3/src/install/ur3_llm_control/local/lib/python3.10/dist-packages/ur3_llm_control/srv/_execute_skill.py'...
[21.229s] Compiling '/home/quan/thuc_hanh_tuan3/src/install/ur3_llm_control/local/lib/python3.10/dist-packages/ur3_llm_control/srv/_get_world_state.py'...
[21.229s] Compiling '/home/quan/thuc_hanh_tuan3/src/install/ur3_llm_control/local/lib/python3.10/dist-packages/ur3_llm_control/srv/_set_attachment.py'...
[21.231s] -- Installing: /home/quan/thuc_hanh_tuan3/src/install/ur3_llm_control/lib/libur3_llm_control__rosidl_generator_py.so
[21.232s] -- Set runtime path of "/home/quan/thuc_hanh_tuan3/src/install/ur3_llm_control/lib/libur3_llm_control__rosidl_generator_py.so" to ""
[21.232s] -- Installing: /home/quan/thuc_hanh_tuan3/src/install/ur3_llm_control/share/ur3_llm_control/cmake/export_ur3_llm_control__rosidl_generator_cExport.cmake
[21.232s] -- Installing: /home/quan/thuc_hanh_tuan3/src/install/ur3_llm_control/share/ur3_llm_control/cmake/export_ur3_llm_control__rosidl_generator_cExport-noconfig.cmake
[21.232s] -- Installing: /home/quan/thuc_hanh_tuan3/src/install/ur3_llm_control/share/ur3_llm_control/cmake/export_ur3_llm_control__rosidl_typesupport_fastrtps_cExport.cmake
[21.232s] -- Installing: /home/quan/thuc_hanh_tuan3/src/install/ur3_llm_control/share/ur3_llm_control/cmake/export_ur3_llm_control__rosidl_typesupport_fastrtps_cExport-noconfig.cmake
[21.232s] -- Installing: /home/quan/thuc_hanh_tuan3/src/install/ur3_llm_control/share/ur3_llm_control/cmake/export_ur3_llm_control__rosidl_generator_cppExport.cmake
[21.232s] -- Installing: /home/quan/thuc_hanh_tuan3/src/install/ur3_llm_control/share/ur3_llm_control/cmake/export_ur3_llm_control__rosidl_typesupport_fastrtps_cppExport.cmake
[21.232s] -- Installing: /home/quan/thuc_hanh_tuan3/src/install/ur3_llm_control/share/ur3_llm_control/cmake/export_ur3_llm_control__rosidl_typesupport_fastrtps_cppExport-noconfig.cmake
[21.232s] -- Installing: /home/quan/thuc_hanh_tuan3/src/install/ur3_llm_control/share/ur3_llm_control/cmake/ur3_llm_control__rosidl_typesupport_introspection_cExport.cmake
[21.232s] -- Installing: /home/quan/thuc_hanh_tuan3/src/install/ur3_llm_control/share/ur3_llm_control/cmake/ur3_llm_control__rosidl_typesupport_introspection_cExport-noconfig.cmake
[21.232s] -- Installing: /home/quan/thuc_hanh_tuan3/src/install/ur3_llm_control/share/ur3_llm_control/cmake/ur3_llm_control__rosidl_typesupport_cExport.cmake
[21.232s] -- Installing: /home/quan/thuc_hanh_tuan3/src/install/ur3_llm_control/share/ur3_llm_control/cmake/ur3_llm_control__rosidl_typesupport_cExport-noconfig.cmake
[21.232s] -- Installing: /home/quan/thuc_hanh_tuan3/src/install/ur3_llm_control/share/ur3_llm_control/cmake/ur3_llm_control__rosidl_typesupport_introspection_cppExport.cmake
[21.232s] -- Installing: /home/quan/thuc_hanh_tuan3/src/install/ur3_llm_control/share/ur3_llm_control/cmake/ur3_llm_control__rosidl_typesupport_introspection_cppExport-noconfig.cmake
[21.232s] -- Installing: /home/quan/thuc_hanh_tuan3/src/install/ur3_llm_control/share/ur3_llm_control/cmake/ur3_llm_control__rosidl_typesupport_cppExport.cmake
[21.232s] -- Installing: /home/quan/thuc_hanh_tuan3/src/install/ur3_llm_control/share/ur3_llm_control/cmake/ur3_llm_control__rosidl_typesupport_cppExport-noconfig.cmake
[21.232s] -- Installing: /home/quan/thuc_hanh_tuan3/src/install/ur3_llm_control/share/ur3_llm_control/cmake/export_ur3_llm_control__rosidl_generator_pyExport.cmake
[21.232s] -- Installing: /home/quan/thuc_hanh_tuan3/src/install/ur3_llm_control/share/ur3_llm_control/cmake/export_ur3_llm_control__rosidl_generator_pyExport-noconfig.cmake
[21.234s] Invoked command in '/home/quan/thuc_hanh_tuan3/src/build/ur3_llm_control' returned '0': CMAKE_PREFIX_PATH=${CMAKE_PREFIX_PATH}:/home/quan/ros2_ws/install/my_turtlesim:/home/quan/ros2_ws/install/my_robot_logic:/home/quan/ros2_ws/install/my_robot_controller:/home/quan/ros2_ws/install/lifecycle_pkg:/opt/ros/humble /usr/bin/cmake --install /home/quan/thuc_hanh_tuan3/src/build/ur3_llm_control
