[0.010s] Invoking command in '/home/quan/thuc_hanh_tuan3/build/ur_simulation_gazebo': CMAKE_PREFIX_PATH=${CMAKE_PREFIX_PATH}:/home/quan/ros2_ws/install/my_turtlesim:/home/quan/ros2_ws/install/my_robot_logic:/home/quan/ros2_ws/install/my_robot_controller:/home/quan/ros2_ws/install/lifecycle_pkg:/opt/ros/humble /usr/bin/cmake --build /home/quan/thuc_hanh_tuan3/build/ur_simulation_gazebo -- -j16 -l16
[0.062s] Invoked command in '/home/quan/thuc_hanh_tuan3/build/ur_simulation_gazebo' returned '0': CMAKE_PREFIX_PATH=${CMAKE_PREFIX_PATH}:/home/quan/ros2_ws/install/my_turtlesim:/home/quan/ros2_ws/install/my_robot_logic:/home/quan/ros2_ws/install/my_robot_controller:/home/quan/ros2_ws/install/lifecycle_pkg:/opt/ros/humble /usr/bin/cmake --build /home/quan/thuc_hanh_tuan3/build/ur_simulation_gazebo -- -j16 -l16
[0.064s] Invoking command in '/home/quan/thuc_hanh_tuan3/build/ur_simulation_gazebo': CMAKE_PREFIX_PATH=${CMAKE_PREFIX_PATH}:/home/quan/ros2_ws/install/my_turtlesim:/home/quan/ros2_ws/install/my_robot_logic:/home/quan/ros2_ws/install/my_robot_controller:/home/quan/ros2_ws/install/lifecycle_pkg:/opt/ros/humble /usr/bin/cmake --install /home/quan/thuc_hanh_tuan3/build/ur_simulation_gazebo
[0.073s] -- Install configuration: ""
[0.073s] -- Execute custom install script
[0.074s] -- Up-to-date symlink: /home/quan/thuc_hanh_tuan3/install/ur_simulation_gazebo/share/ur_simulation_gazebo/config/ur_controllers.yaml
[0.074s] -- Up-to-date symlink: /home/quan/thuc_hanh_tuan3/install/ur_simulation_gazebo/share/ur_simulation_gazebo/launch/ur_sim_control.launch.py
[0.074s] -- Up-to-date symlink: /home/quan/thuc_hanh_tuan3/install/ur_simulation_gazebo/share/ur_simulation_gazebo/launch/ur_sim_moveit.launch.py
[0.074s] -- Up-to-date symlink: /home/quan/thuc_hanh_tuan3/install/ur_simulation_gazebo/share/ament_index/resource_index/package_run_dependencies/ur_simulation_gazebo
[0.075s] -- Up-to-date symlink: /home/quan/thuc_hanh_tuan3/install/ur_simulation_gazebo/share/ament_index/resource_index/parent_prefix_path/ur_simulation_gazebo
[0.075s] -- Up-to-date symlink: /home/quan/thuc_hanh_tuan3/install/ur_simulation_gazebo/share/ur_simulation_gazebo/environment/ament_prefix_path.sh
[0.075s] -- Up-to-date symlink: /home/quan/thuc_hanh_tuan3/install/ur_simulation_gazebo/share/ur_simulation_gazebo/environment/ament_prefix_path.dsv
[0.076s] -- Up-to-date symlink: /home/quan/thuc_hanh_tuan3/install/ur_simulation_gazebo/share/ur_simulation_gazebo/environment/path.sh
[0.077s] -- Up-to-date symlink: /home/quan/thuc_hanh_tuan3/install/ur_simulation_gazebo/share/ur_simulation_gazebo/environment/path.dsv
[0.077s] -- Up-to-date symlink: /home/quan/thuc_hanh_tuan3/install/ur_simulation_gazebo/share/ur_simulation_gazebo/local_setup.bash
[0.077s] -- Up-to-date symlink: /home/quan/thuc_hanh_tuan3/install/ur_simulation_gazebo/share/ur_simulation_gazebo/local_setup.sh
[0.077s] -- Up-to-date symlink: /home/quan/thuc_hanh_tuan3/install/ur_simulation_gazebo/share/ur_simulation_gazebo/local_setup.zsh
[0.078s] -- Up-to-date symlink: /home/quan/thuc_hanh_tuan3/install/ur_simulation_gazebo/share/ur_simulation_gazebo/local_setup.dsv
[0.078s] -- Symlinking: /home/quan/thuc_hanh_tuan3/install/ur_simulation_gazebo/share/ur_simulation_gazebo/package.dsv
[0.084s] -- Up-to-date symlink: /home/quan/thuc_hanh_tuan3/install/ur_simulation_gazebo/share/ament_index/resource_index/packages/ur_simulation_gazebo
[0.084s] -- Up-to-date symlink: /home/quan/thuc_hanh_tuan3/install/ur_simulation_gazebo/share/ur_simulation_gazebo/cmake/ur_simulation_gazeboConfig.cmake
[0.084s] -- Up-to-date symlink: /home/quan/thuc_hanh_tuan3/install/ur_simulation_gazebo/share/ur_simulation_gazebo/cmake/ur_simulation_gazeboConfig-version.cmake
[0.084s] -- Up-to-date symlink: /home/quan/thuc_hanh_tuan3/install/ur_simulation_gazebo/share/ur_simulation_gazebo/package.xml
[0.086s] Invoked command in '/home/quan/thuc_hanh_tuan3/build/ur_simulation_gazebo' returned '0': CMAKE_PREFIX_PATH=${CMAKE_PREFIX_PATH}:/home/quan/ros2_ws/install/my_turtlesim:/home/quan/ros2_ws/install/my_robot_logic:/home/quan/ros2_ws/install/my_robot_controller:/home/quan/ros2_ws/install/lifecycle_pkg:/opt/ros/humble /usr/bin/cmake --install /home/quan/thuc_hanh_tuan3/build/ur_simulation_gazebo
