[0.126s] DEBUG:colcon:Command line arguments: ['/usr/bin/colcon', 'build', '--packages-up-to', 'ur3_llm_control', '--symlink-install']
[0.126s] DEBUG:colcon:Parsed command line arguments: Namespace(log_base=None, log_level=None, verb_name='build', build_base='build', install_base='install', merge_install=False, symlink_install=True, test_result_base=None, continue_on_error=False, executor='parallel', parallel_workers=16, event_handlers=None, ignore_user_meta=False, metas=['./colcon.meta'], base_paths=['.'], packages_ignore=None, packages_ignore_regex=None, paths=None, packages_up_to=['ur3_llm_control'], packages_up_to_regex=None, packages_above=None, packages_above_and_dependencies=None, packages_above_depth=None, packages_select_by_dep=None, packages_skip_by_dep=None, packages_skip_up_to=None, packages_select_build_failed=False, packages_skip_build_finished=False, packages_select_test_failures=False, packages_skip_test_passed=False, packages_select=None, packages_skip=None, packages_select_regex=None, packages_skip_regex=None, packages_start=None, packages_end=None, allow_overriding=[], cmake_args=None, cmake_target=None, cmake_target_skip_unavailable=False, cmake_clean_cache=False, cmake_clean_first=False, cmake_force_configure=False, ament_cmake_args=None, catkin_cmake_args=None, catkin_skip_building_tests=False, mixin_files=None, mixin=None, verb_parser=<colcon_mixin.mixin.mixin_argument.MixinArgumentDecorator object at 0x7a6f41c49870>, verb_extension=<colcon_core.verb.build.BuildVerb object at 0x7a6f41d9aaa0>, main=<bound method BuildVerb.main of <colcon_core.verb.build.BuildVerb object at 0x7a6f41d9aaa0>>, mixin_verb=('build',))
[0.309s] Level 1:colcon.colcon_core.package_discovery:discover_packages(colcon_meta) check parameters
[0.309s] Level 1:colcon.colcon_core.package_discovery:discover_packages(recursive) check parameters
[0.309s] Level 1:colcon.colcon_core.package_discovery:discover_packages(ignore) check parameters
[0.309s] Level 1:colcon.colcon_core.package_discovery:discover_packages(path) check parameters
[0.309s] Level 1:colcon.colcon_core.package_discovery:discover_packages(colcon_meta) discover
[0.309s] Level 1:colcon.colcon_core.package_discovery:discover_packages(recursive) discover
[0.309s] INFO:colcon.colcon_core.package_discovery:Crawling recursively for packages in '/home/quan/thuc_hanh_tuan3/src'
[0.309s] Level 1:colcon.colcon_core.package_identification:_identify(.) by extensions ['ignore', 'ignore_ament_install']
[0.309s] Level 1:colcon.colcon_core.package_identification:_identify(.) by extension 'ignore'
[0.309s] Level 1:colcon.colcon_core.package_identification:_identify(.) by extension 'ignore_ament_install'
[0.309s] Level 1:colcon.colcon_core.package_identification:_identify(.) by extensions ['colcon_pkg']
[0.309s] Level 1:colcon.colcon_core.package_identification:_identify(.) by extension 'colcon_pkg'
[0.309s] Level 1:colcon.colcon_core.package_identification:_identify(.) by extensions ['colcon_meta']
[0.309s] Level 1:colcon.colcon_core.package_identification:_identify(.) by extension 'colcon_meta'
[0.309s] Level 1:colcon.colcon_core.package_identification:_identify(.) by extensions ['ros']
[0.309s] Level 1:colcon.colcon_core.package_identification:_identify(.) by extension 'ros'
[0.334s] Level 1:colcon.colcon_core.package_identification:_identify(.) by extensions ['cmake', 'python']
[0.334s] Level 1:colcon.colcon_core.package_identification:_identify(.) by extension 'cmake'
[0.334s] Level 1:colcon.colcon_core.package_identification:_identify(.) by extension 'python'
[0.335s] Level 1:colcon.colcon_core.package_identification:_identify(.) by extensions ['python_setup_py']
[0.335s] Level 1:colcon.colcon_core.package_identification:_identify(.) by extension 'python_setup_py'
[0.335s] Level 1:colcon.colcon_core.package_identification:_identify(Universal_Robots_ROS2_Gazebo_Simulation) by extensions ['ignore', 'ignore_ament_install']
[0.335s] Level 1:colcon.colcon_core.package_identification:_identify(Universal_Robots_ROS2_Gazebo_Simulation) by extension 'ignore'
[0.335s] Level 1:colcon.colcon_core.package_identification:_identify(Universal_Robots_ROS2_Gazebo_Simulation) by extension 'ignore_ament_install'
[0.335s] Level 1:colcon.colcon_core.package_identification:_identify(Universal_Robots_ROS2_Gazebo_Simulation) by extensions ['colcon_pkg']
[0.335s] Level 1:colcon.colcon_core.package_identification:_identify(Universal_Robots_ROS2_Gazebo_Simulation) by extension 'colcon_pkg'
[0.335s] Level 1:colcon.colcon_core.package_identification:_identify(Universal_Robots_ROS2_Gazebo_Simulation) by extensions ['colcon_meta']
[0.335s] Level 1:colcon.colcon_core.package_identification:_identify(Universal_Robots_ROS2_Gazebo_Simulation) by extension 'colcon_meta'
[0.335s] Level 1:colcon.colcon_core.package_identification:_identify(Universal_Robots_ROS2_Gazebo_Simulation) by extensions ['ros']
[0.335s] Level 1:colcon.colcon_core.package_identification:_identify(Universal_Robots_ROS2_Gazebo_Simulation) by extension 'ros'
[0.335s] Level 1:colcon.colcon_core.package_identification:_identify(Universal_Robots_ROS2_Gazebo_Simulation) by extensions ['cmake', 'python']
[0.335s] Level 1:colcon.colcon_core.package_identification:_identify(Universal_Robots_ROS2_Gazebo_Simulation) by extension 'cmake'
[0.335s] Level 1:colcon.colcon_core.package_identification:_identify(Universal_Robots_ROS2_Gazebo_Simulation) by extension 'python'
[0.335s] Level 1:colcon.colcon_core.package_identification:_identify(Universal_Robots_ROS2_Gazebo_Simulation) by extensions ['python_setup_py']
[0.335s] Level 1:colcon.colcon_core.package_identification:_identify(Universal_Robots_ROS2_Gazebo_Simulation) by extension 'python_setup_py'
[0.336s] Level 1:colcon.colcon_core.package_identification:_identify(Universal_Robots_ROS2_Gazebo_Simulation/ur_simulation_gazebo) by extensions ['ignore', 'ignore_ament_install']
[0.336s] Level 1:colcon.colcon_core.package_identification:_identify(Universal_Robots_ROS2_Gazebo_Simulation/ur_simulation_gazebo) by extension 'ignore'
[0.336s] Level 1:colcon.colcon_core.package_identification:_identify(Universal_Robots_ROS2_Gazebo_Simulation/ur_simulation_gazebo) by extension 'ignore_ament_install'
[0.336s] Level 1:colcon.colcon_core.package_identification:_identify(Universal_Robots_ROS2_Gazebo_Simulation/ur_simulation_gazebo) by extensions ['colcon_pkg']
[0.336s] Level 1:colcon.colcon_core.package_identification:_identify(Universal_Robots_ROS2_Gazebo_Simulation/ur_simulation_gazebo) by extension 'colcon_pkg'
[0.336s] Level 1:colcon.colcon_core.package_identification:_identify(Universal_Robots_ROS2_Gazebo_Simulation/ur_simulation_gazebo) by extensions ['colcon_meta']
[0.336s] Level 1:colcon.colcon_core.package_identification:_identify(Universal_Robots_ROS2_Gazebo_Simulation/ur_simulation_gazebo) by extension 'colcon_meta'
[0.336s] Level 1:colcon.colcon_core.package_identification:_identify(Universal_Robots_ROS2_Gazebo_Simulation/ur_simulation_gazebo) by extensions ['ros']
[0.336s] Level 1:colcon.colcon_core.package_identification:_identify(Universal_Robots_ROS2_Gazebo_Simulation/ur_simulation_gazebo) by extension 'ros'
[0.338s] DEBUG:colcon.colcon_core.package_identification:Package 'Universal_Robots_ROS2_Gazebo_Simulation/ur_simulation_gazebo' with type 'ros.ament_cmake' and name 'ur_simulation_gazebo'
[0.338s] Level 1:colcon.colcon_core.package_identification:_identify(build) by extensions ['ignore', 'ignore_ament_install']
[0.338s] Level 1:colcon.colcon_core.package_identification:_identify(build) by extension 'ignore'
[0.338s] Level 1:colcon.colcon_core.package_identification:_identify(build) ignored
[0.338s] Level 1:colcon.colcon_core.package_identification:_identify(install) by extensions ['ignore', 'ignore_ament_install']
[0.339s] Level 1:colcon.colcon_core.package_identification:_identify(install) by extension 'ignore'
[0.339s] Level 1:colcon.colcon_core.package_identification:_identify(install) ignored
[0.339s] Level 1:colcon.colcon_core.package_identification:_identify(log) by extensions ['ignore', 'ignore_ament_install']
[0.339s] Level 1:colcon.colcon_core.package_identification:_identify(log) by extension 'ignore'
[0.339s] Level 1:colcon.colcon_core.package_identification:_identify(log) ignored
[0.339s] Level 1:colcon.colcon_core.package_identification:_identify(ros2_robotiq_gripper) by extensions ['ignore', 'ignore_ament_install']
[0.339s] Level 1:colcon.colcon_core.package_identification:_identify(ros2_robotiq_gripper) by extension 'ignore'
[0.339s] Level 1:colcon.colcon_core.package_identification:_identify(ros2_robotiq_gripper) by extension 'ignore_ament_install'
[0.339s] Level 1:colcon.colcon_core.package_identification:_identify(ros2_robotiq_gripper) by extensions ['colcon_pkg']
[0.339s] Level 1:colcon.colcon_core.package_identification:_identify(ros2_robotiq_gripper) by extension 'colcon_pkg'
[0.339s] Level 1:colcon.colcon_core.package_identification:_identify(ros2_robotiq_gripper) by extensions ['colcon_meta']
[0.339s] Level 1:colcon.colcon_core.package_identification:_identify(ros2_robotiq_gripper) by extension 'colcon_meta'
[0.339s] Level 1:colcon.colcon_core.package_identification:_identify(ros2_robotiq_gripper) by extensions ['ros']
[0.339s] Level 1:colcon.colcon_core.package_identification:_identify(ros2_robotiq_gripper) by extension 'ros'
[0.339s] Level 1:colcon.colcon_core.package_identification:_identify(ros2_robotiq_gripper) by extensions ['cmake', 'python']
[0.339s] Level 1:colcon.colcon_core.package_identification:_identify(ros2_robotiq_gripper) by extension 'cmake'
[0.339s] Level 1:colcon.colcon_core.package_identification:_identify(ros2_robotiq_gripper) by extension 'python'
[0.339s] Level 1:colcon.colcon_core.package_identification:_identify(ros2_robotiq_gripper) by extensions ['python_setup_py']
[0.339s] Level 1:colcon.colcon_core.package_identification:_identify(ros2_robotiq_gripper) by extension 'python_setup_py'
[0.339s] Level 1:colcon.colcon_core.package_identification:_identify(ros2_robotiq_gripper/robotiq_controllers) by extensions ['ignore', 'ignore_ament_install']
[0.339s] Level 1:colcon.colcon_core.package_identification:_identify(ros2_robotiq_gripper/robotiq_controllers) by extension 'ignore'
[0.339s] Level 1:colcon.colcon_core.package_identification:_identify(ros2_robotiq_gripper/robotiq_controllers) by extension 'ignore_ament_install'
[0.339s] Level 1:colcon.colcon_core.package_identification:_identify(ros2_robotiq_gripper/robotiq_controllers) by extensions ['colcon_pkg']
[0.339s] Level 1:colcon.colcon_core.package_identification:_identify(ros2_robotiq_gripper/robotiq_controllers) by extension 'colcon_pkg'
[0.339s] Level 1:colcon.colcon_core.package_identification:_identify(ros2_robotiq_gripper/robotiq_controllers) by extensions ['colcon_meta']
[0.339s] Level 1:colcon.colcon_core.package_identification:_identify(ros2_robotiq_gripper/robotiq_controllers) by extension 'colcon_meta'
[0.339s] Level 1:colcon.colcon_core.package_identification:_identify(ros2_robotiq_gripper/robotiq_controllers) by extensions ['ros']
[0.339s] Level 1:colcon.colcon_core.package_identification:_identify(ros2_robotiq_gripper/robotiq_controllers) by extension 'ros'
[0.340s] DEBUG:colcon.colcon_core.package_identification:Package 'ros2_robotiq_gripper/robotiq_controllers' with type 'ros.ament_cmake' and name 'robotiq_controllers'
[0.340s] Level 1:colcon.colcon_core.package_identification:_identify(ros2_robotiq_gripper/robotiq_description) by extensions ['ignore', 'ignore_ament_install']
[0.340s] Level 1:colcon.colcon_core.package_identification:_identify(ros2_robotiq_gripper/robotiq_description) by extension 'ignore'
[0.340s] Level 1:colcon.colcon_core.package_identification:_identify(ros2_robotiq_gripper/robotiq_description) by extension 'ignore_ament_install'
[0.340s] Level 1:colcon.colcon_core.package_identification:_identify(ros2_robotiq_gripper/robotiq_description) by extensions ['colcon_pkg']
[0.340s] Level 1:colcon.colcon_core.package_identification:_identify(ros2_robotiq_gripper/robotiq_description) by extension 'colcon_pkg'
[0.340s] Level 1:colcon.colcon_core.package_identification:_identify(ros2_robotiq_gripper/robotiq_description) by extensions ['colcon_meta']
[0.340s] Level 1:colcon.colcon_core.package_identification:_identify(ros2_robotiq_gripper/robotiq_description) by extension 'colcon_meta'
[0.340s] Level 1:colcon.colcon_core.package_identification:_identify(ros2_robotiq_gripper/robotiq_description) by extensions ['ros']
[0.340s] Level 1:colcon.colcon_core.package_identification:_identify(ros2_robotiq_gripper/robotiq_description) by extension 'ros'
[0.341s] DEBUG:colcon.colcon_core.package_identification:Package 'ros2_robotiq_gripper/robotiq_description' with type 'ros.ament_cmake' and name 'robotiq_description'
[0.341s] Level 1:colcon.colcon_core.package_identification:_identify(ros2_robotiq_gripper/robotiq_driver) by extensions ['ignore', 'ignore_ament_install']
[0.341s] Level 1:colcon.colcon_core.package_identification:_identify(ros2_robotiq_gripper/robotiq_driver) by extension 'ignore'
[0.341s] Level 1:colcon.colcon_core.package_identification:_identify(ros2_robotiq_gripper/robotiq_driver) by extension 'ignore_ament_install'
[0.341s] Level 1:colcon.colcon_core.package_identification:_identify(ros2_robotiq_gripper/robotiq_driver) by extensions ['colcon_pkg']
[0.341s] Level 1:colcon.colcon_core.package_identification:_identify(ros2_robotiq_gripper/robotiq_driver) by extension 'colcon_pkg'
[0.341s] Level 1:colcon.colcon_core.package_identification:_identify(ros2_robotiq_gripper/robotiq_driver) by extensions ['colcon_meta']
[0.341s] Level 1:colcon.colcon_core.package_identification:_identify(ros2_robotiq_gripper/robotiq_driver) by extension 'colcon_meta'
[0.341s] Level 1:colcon.colcon_core.package_identification:_identify(ros2_robotiq_gripper/robotiq_driver) by extensions ['ros']
[0.341s] Level 1:colcon.colcon_core.package_identification:_identify(ros2_robotiq_gripper/robotiq_driver) by extension 'ros'
[0.342s] DEBUG:colcon.colcon_core.package_identification:Package 'ros2_robotiq_gripper/robotiq_driver' with type 'ros.ament_cmake' and name 'robotiq_driver'
[0.342s] Level 1:colcon.colcon_core.package_identification:_identify(ros2_robotiq_gripper/robotiq_hardware_tests) by extensions ['ignore', 'ignore_ament_install']
[0.342s] Level 1:colcon.colcon_core.package_identification:_identify(ros2_robotiq_gripper/robotiq_hardware_tests) by extension 'ignore'
[0.342s] Level 1:colcon.colcon_core.package_identification:_identify(ros2_robotiq_gripper/robotiq_hardware_tests) by extension 'ignore_ament_install'
[0.342s] Level 1:colcon.colcon_core.package_identification:_identify(ros2_robotiq_gripper/robotiq_hardware_tests) by extensions ['colcon_pkg']
[0.342s] Level 1:colcon.colcon_core.package_identification:_identify(ros2_robotiq_gripper/robotiq_hardware_tests) by extension 'colcon_pkg'
[0.342s] Level 1:colcon.colcon_core.package_identification:_identify(ros2_robotiq_gripper/robotiq_hardware_tests) by extensions ['colcon_meta']
[0.342s] Level 1:colcon.colcon_core.package_identification:_identify(ros2_robotiq_gripper/robotiq_hardware_tests) by extension 'colcon_meta'
[0.342s] Level 1:colcon.colcon_core.package_identification:_identify(ros2_robotiq_gripper/robotiq_hardware_tests) by extensions ['ros']
[0.342s] Level 1:colcon.colcon_core.package_identification:_identify(ros2_robotiq_gripper/robotiq_hardware_tests) by extension 'ros'
[0.343s] DEBUG:colcon.colcon_core.package_identification:Package 'ros2_robotiq_gripper/robotiq_hardware_tests' with type 'ros.ament_cmake' and name 'robotiq_hardware_tests'
[0.343s] Level 1:colcon.colcon_core.package_identification:_identify(ur3_llm_control) by extensions ['ignore', 'ignore_ament_install']
[0.343s] Level 1:colcon.colcon_core.package_identification:_identify(ur3_llm_control) by extension 'ignore'
[0.343s] Level 1:colcon.colcon_core.package_identification:_identify(ur3_llm_control) by extension 'ignore_ament_install'
[0.343s] Level 1:colcon.colcon_core.package_identification:_identify(ur3_llm_control) by extensions ['colcon_pkg']
[0.343s] Level 1:colcon.colcon_core.package_identification:_identify(ur3_llm_control) by extension 'colcon_pkg'
[0.343s] Level 1:colcon.colcon_core.package_identification:_identify(ur3_llm_control) by extensions ['colcon_meta']
[0.343s] Level 1:colcon.colcon_core.package_identification:_identify(ur3_llm_control) by extension 'colcon_meta'
[0.343s] Level 1:colcon.colcon_core.package_identification:_identify(ur3_llm_control) by extensions ['ros']
[0.344s] Level 1:colcon.colcon_core.package_identification:_identify(ur3_llm_control) by extension 'ros'
[0.345s] DEBUG:colcon.colcon_core.package_identification:Package 'ur3_llm_control' with type 'ros.ament_cmake' and name 'ur3_llm_control'
[0.345s] Level 1:colcon.colcon_core.package_discovery:discover_packages(recursive) using defaults
[0.345s] Level 1:colcon.colcon_core.package_discovery:discover_packages(ignore) discover
[0.345s] Level 1:colcon.colcon_core.package_discovery:discover_packages(ignore) using defaults
[0.345s] Level 1:colcon.colcon_core.package_discovery:discover_packages(path) discover
[0.345s] Level 1:colcon.colcon_core.package_discovery:discover_packages(path) using defaults
[0.369s] INFO:colcon.colcon_core.package_selection:Skipping package 'robotiq_hardware_tests' in 'ros2_robotiq_gripper/robotiq_hardware_tests'
[0.369s] INFO:colcon.colcon_core.package_selection:Skipping package 'robotiq_driver' in 'ros2_robotiq_gripper/robotiq_driver'
[0.369s] INFO:colcon.colcon_core.package_selection:Skipping package 'robotiq_controllers' in 'ros2_robotiq_gripper/robotiq_controllers'
[0.370s] Level 1:colcon.colcon_core.package_discovery:discover_packages(prefix_path) check parameters
[0.370s] Level 1:colcon.colcon_core.package_discovery:discover_packages(prefix_path) discover
[0.372s] DEBUG:colcon.colcon_installed_package_information.package_discovery:Found 4 installed packages in /home/quan/thuc_hanh_tuan3/install
[0.372s] DEBUG:colcon.colcon_installed_package_information.package_discovery:Found 8 installed packages in /home/quan/ros2_ws/install
[0.372s] DEBUG:colcon.colcon_installed_package_information.package_discovery:Found 1 installed packages in /home/quan/ros2_ws/src/msgs_test/install
[0.374s] DEBUG:colcon.colcon_installed_package_information.package_discovery:Found 493 installed packages in /opt/ros/humble
[0.375s] Level 1:colcon.colcon_core.package_discovery:discover_packages(prefix_path) using defaults
[0.427s] Level 5:colcon.colcon_core.verb:set package 'robotiq_description' build argument 'cmake_args' from command line to 'None'
[0.427s] Level 5:colcon.colcon_core.verb:set package 'robotiq_description' build argument 'cmake_target' from command line to 'None'
[0.427s] Level 5:colcon.colcon_core.verb:set package 'robotiq_description' build argument 'cmake_target_skip_unavailable' from command line to 'False'
[0.427s] Level 5:colcon.colcon_core.verb:set package 'robotiq_description' build argument 'cmake_clean_cache' from command line to 'False'
[0.427s] Level 5:colcon.colcon_core.verb:set package 'robotiq_description' build argument 'cmake_clean_first' from command line to 'False'
[0.427s] Level 5:colcon.colcon_core.verb:set package 'robotiq_description' build argument 'cmake_force_configure' from command line to 'False'
[0.427s] Level 5:colcon.colcon_core.verb:set package 'robotiq_description' build argument 'ament_cmake_args' from command line to 'None'
[0.427s] Level 5:colcon.colcon_core.verb:set package 'robotiq_description' build argument 'catkin_cmake_args' from command line to 'None'
[0.427s] Level 5:colcon.colcon_core.verb:set package 'robotiq_description' build argument 'catkin_skip_building_tests' from command line to 'False'
[0.427s] DEBUG:colcon.colcon_core.verb:Building package 'robotiq_description' with the following arguments: {'ament_cmake_args': None, 'build_base': '/home/quan/thuc_hanh_tuan3/src/build/robotiq_description', 'catkin_cmake_args': None, 'catkin_skip_building_tests': False, 'cmake_args': None, 'cmake_clean_cache': False, 'cmake_clean_first': False, 'cmake_force_configure': False, 'cmake_target': None, 'cmake_target_skip_unavailable': False, 'install_base': '/home/quan/thuc_hanh_tuan3/src/install/robotiq_description', 'merge_install': False, 'path': '/home/quan/thuc_hanh_tuan3/src/ros2_robotiq_gripper/robotiq_description', 'symlink_install': True, 'test_result_base': None}
[0.427s] Level 5:colcon.colcon_core.verb:set package 'ur_simulation_gazebo' build argument 'cmake_args' from command line to 'None'
[0.427s] Level 5:colcon.colcon_core.verb:set package 'ur_simulation_gazebo' build argument 'cmake_target' from command line to 'None'
[0.427s] Level 5:colcon.colcon_core.verb:set package 'ur_simulation_gazebo' build argument 'cmake_target_skip_unavailable' from command line to 'False'
[0.427s] Level 5:colcon.colcon_core.verb:set package 'ur_simulation_gazebo' build argument 'cmake_clean_cache' from command line to 'False'
[0.427s] Level 5:colcon.colcon_core.verb:set package 'ur_simulation_gazebo' build argument 'cmake_clean_first' from command line to 'False'
[0.427s] Level 5:colcon.colcon_core.verb:set package 'ur_simulation_gazebo' build argument 'cmake_force_configure' from command line to 'False'
[0.427s] Level 5:colcon.colcon_core.verb:set package 'ur_simulation_gazebo' build argument 'ament_cmake_args' from command line to 'None'
[0.427s] Level 5:colcon.colcon_core.verb:set package 'ur_simulation_gazebo' build argument 'catkin_cmake_args' from command line to 'None'
[0.427s] Level 5:colcon.colcon_core.verb:set package 'ur_simulation_gazebo' build argument 'catkin_skip_building_tests' from command line to 'False'
[0.427s] DEBUG:colcon.colcon_core.verb:Building package 'ur_simulation_gazebo' with the following arguments: {'ament_cmake_args': None, 'build_base': '/home/quan/thuc_hanh_tuan3/src/build/ur_simulation_gazebo', 'catkin_cmake_args': None, 'catkin_skip_building_tests': False, 'cmake_args': None, 'cmake_clean_cache': False, 'cmake_clean_first': False, 'cmake_force_configure': False, 'cmake_target': None, 'cmake_target_skip_unavailable': False, 'install_base': '/home/quan/thuc_hanh_tuan3/src/install/ur_simulation_gazebo', 'merge_install': False, 'path': '/home/quan/thuc_hanh_tuan3/src/Universal_Robots_ROS2_Gazebo_Simulation/ur_simulation_gazebo', 'symlink_install': True, 'test_result_base': None}
[0.428s] Level 5:colcon.colcon_core.verb:set package 'ur3_llm_control' build argument 'cmake_args' from command line to 'None'
[0.428s] Level 5:colcon.colcon_core.verb:set package 'ur3_llm_control' build argument 'cmake_target' from command line to 'None'
[0.428s] Level 5:colcon.colcon_core.verb:set package 'ur3_llm_control' build argument 'cmake_target_skip_unavailable' from command line to 'False'
[0.428s] Level 5:colcon.colcon_core.verb:set package 'ur3_llm_control' build argument 'cmake_clean_cache' from command line to 'False'
[0.428s] Level 5:colcon.colcon_core.verb:set package 'ur3_llm_control' build argument 'cmake_clean_first' from command line to 'False'
[0.428s] Level 5:colcon.colcon_core.verb:set package 'ur3_llm_control' build argument 'cmake_force_configure' from command line to 'False'
[0.428s] Level 5:colcon.colcon_core.verb:set package 'ur3_llm_control' build argument 'ament_cmake_args' from command line to 'None'
[0.428s] Level 5:colcon.colcon_core.verb:set package 'ur3_llm_control' build argument 'catkin_cmake_args' from command line to 'None'
[0.428s] Level 5:colcon.colcon_core.verb:set package 'ur3_llm_control' build argument 'catkin_skip_building_tests' from command line to 'False'
[0.428s] DEBUG:colcon.colcon_core.verb:Building package 'ur3_llm_control' with the following arguments: {'ament_cmake_args': None, 'build_base': '/home/quan/thuc_hanh_tuan3/src/build/ur3_llm_control', 'catkin_cmake_args': None, 'catkin_skip_building_tests': False, 'cmake_args': None, 'cmake_clean_cache': False, 'cmake_clean_first': False, 'cmake_force_configure': False, 'cmake_target': None, 'cmake_target_skip_unavailable': False, 'install_base': '/home/quan/thuc_hanh_tuan3/src/install/ur3_llm_control', 'merge_install': False, 'path': '/home/quan/thuc_hanh_tuan3/src/ur3_llm_control', 'symlink_install': True, 'test_result_base': None}
[0.428s] INFO:colcon.colcon_core.executor:Executing jobs using 'parallel' executor
[0.429s] DEBUG:colcon.colcon_parallel_executor.executor.parallel:run_until_complete
[0.429s] INFO:colcon.colcon_ros.task.ament_cmake.build:Building ROS package in '/home/quan/thuc_hanh_tuan3/src/ros2_robotiq_gripper/robotiq_description' with build type 'ament_cmake'
[0.429s] INFO:colcon.colcon_cmake.task.cmake.build:Building CMake package in '/home/quan/thuc_hanh_tuan3/src/ros2_robotiq_gripper/robotiq_description'
[0.431s] INFO:colcon.colcon_core.plugin_system:Skipping extension 'colcon_core.shell.bat': Not used on non-Windows systems
[0.431s] INFO:colcon.colcon_core.shell:Skip shell extension 'powershell' for command environment: Not usable outside of PowerShell
[0.431s] DEBUG:colcon.colcon_core.shell:Skip shell extension 'dsv' for command environment
[0.437s] INFO:colcon.colcon_ros.task.ament_cmake.build:Building ROS package in '/home/quan/thuc_hanh_tuan3/src/Universal_Robots_ROS2_Gazebo_Simulation/ur_simulation_gazebo' with build type 'ament_cmake'
[0.437s] INFO:colcon.colcon_cmake.task.cmake.build:Building CMake package in '/home/quan/thuc_hanh_tuan3/src/Universal_Robots_ROS2_Gazebo_Simulation/ur_simulation_gazebo'
[0.438s] INFO:colcon.colcon_core.shell:Skip shell extension 'powershell' for command environment: Not usable outside of PowerShell
[0.438s] DEBUG:colcon.colcon_core.shell:Skip shell extension 'dsv' for command environment
[0.445s] DEBUG:colcon.colcon_core.event_handler.log_command:Invoking command in '/home/quan/thuc_hanh_tuan3/src/build/robotiq_description': CMAKE_PREFIX_PATH=${CMAKE_PREFIX_PATH}:/home/quan/ros2_ws/install/my_turtlesim:/home/quan/ros2_ws/install/my_robot_logic:/home/quan/ros2_ws/install/my_robot_controller:/home/quan/ros2_ws/install/lifecycle_pkg:/opt/ros/humble /usr/bin/cmake --build /home/quan/thuc_hanh_tuan3/src/build/robotiq_description -- -j16 -l16
[0.447s] DEBUG:colcon.colcon_core.event_handler.log_command:Invoking command in '/home/quan/thuc_hanh_tuan3/src/build/ur_simulation_gazebo': CMAKE_PREFIX_PATH=${CMAKE_PREFIX_PATH}:/home/quan/ros2_ws/install/my_turtlesim:/home/quan/ros2_ws/install/my_robot_logic:/home/quan/ros2_ws/install/my_robot_controller:/home/quan/ros2_ws/install/lifecycle_pkg:/opt/ros/humble /usr/bin/cmake --build /home/quan/thuc_hanh_tuan3/src/build/ur_simulation_gazebo -- -j16 -l16
[0.519s] DEBUG:colcon.colcon_core.event_handler.log_command:Invoked command in '/home/quan/thuc_hanh_tuan3/src/build/robotiq_description' returned '0': CMAKE_PREFIX_PATH=${CMAKE_PREFIX_PATH}:/home/quan/ros2_ws/install/my_turtlesim:/home/quan/ros2_ws/install/my_robot_logic:/home/quan/ros2_ws/install/my_robot_controller:/home/quan/ros2_ws/install/lifecycle_pkg:/opt/ros/humble /usr/bin/cmake --build /home/quan/thuc_hanh_tuan3/src/build/robotiq_description -- -j16 -l16
[0.530s] DEBUG:colcon.colcon_core.event_handler.log_command:Invoking command in '/home/quan/thuc_hanh_tuan3/src/build/robotiq_description': CMAKE_PREFIX_PATH=${CMAKE_PREFIX_PATH}:/home/quan/ros2_ws/install/my_turtlesim:/home/quan/ros2_ws/install/my_robot_logic:/home/quan/ros2_ws/install/my_robot_controller:/home/quan/ros2_ws/install/lifecycle_pkg:/opt/ros/humble /usr/bin/cmake --install /home/quan/thuc_hanh_tuan3/src/build/robotiq_description
[0.531s] DEBUG:colcon.colcon_core.event_handler.log_command:Invoked command in '/home/quan/thuc_hanh_tuan3/src/build/ur_simulation_gazebo' returned '0': CMAKE_PREFIX_PATH=${CMAKE_PREFIX_PATH}:/home/quan/ros2_ws/install/my_turtlesim:/home/quan/ros2_ws/install/my_robot_logic:/home/quan/ros2_ws/install/my_robot_controller:/home/quan/ros2_ws/install/lifecycle_pkg:/opt/ros/humble /usr/bin/cmake --build /home/quan/thuc_hanh_tuan3/src/build/ur_simulation_gazebo -- -j16 -l16
[0.535s] DEBUG:colcon.colcon_core.event_handler.log_command:Invoking command in '/home/quan/thuc_hanh_tuan3/src/build/ur_simulation_gazebo': CMAKE_PREFIX_PATH=${CMAKE_PREFIX_PATH}:/home/quan/ros2_ws/install/my_turtlesim:/home/quan/ros2_ws/install/my_robot_logic:/home/quan/ros2_ws/install/my_robot_controller:/home/quan/ros2_ws/install/lifecycle_pkg:/opt/ros/humble /usr/bin/cmake --install /home/quan/thuc_hanh_tuan3/src/build/ur_simulation_gazebo
[0.559s] Level 1:colcon.colcon_core.environment:create_environment_scripts_only(ur_simulation_gazebo)
[0.559s] DEBUG:colcon.colcon_core.event_handler.log_command:Invoked command in '/home/quan/thuc_hanh_tuan3/src/build/ur_simulation_gazebo' returned '0': CMAKE_PREFIX_PATH=${CMAKE_PREFIX_PATH}:/home/quan/ros2_ws/install/my_turtlesim:/home/quan/ros2_ws/install/my_robot_logic:/home/quan/ros2_ws/install/my_robot_controller:/home/quan/ros2_ws/install/lifecycle_pkg:/opt/ros/humble /usr/bin/cmake --install /home/quan/thuc_hanh_tuan3/src/build/ur_simulation_gazebo
[0.562s] Level 1:colcon.colcon_core.environment:checking '/home/quan/thuc_hanh_tuan3/src/install/ur_simulation_gazebo' for CMake module files
[0.563s] Level 1:colcon.colcon_core.environment:checking '/home/quan/thuc_hanh_tuan3/src/install/ur_simulation_gazebo' for CMake config files
[0.563s] Level 1:colcon.colcon_core.shell:create_environment_hook('ur_simulation_gazebo', 'cmake_prefix_path')
[0.564s] INFO:colcon.colcon_core.shell:Creating environment hook '/home/quan/thuc_hanh_tuan3/src/install/ur_simulation_gazebo/share/ur_simulation_gazebo/hook/cmake_prefix_path.ps1'
[0.565s] INFO:colcon.colcon_core.shell:Creating environment descriptor '/home/quan/thuc_hanh_tuan3/src/install/ur_simulation_gazebo/share/ur_simulation_gazebo/hook/cmake_prefix_path.dsv'
[0.567s] INFO:colcon.colcon_core.shell:Creating environment hook '/home/quan/thuc_hanh_tuan3/src/install/ur_simulation_gazebo/share/ur_simulation_gazebo/hook/cmake_prefix_path.sh'
[0.570s] Level 1:colcon.colcon_core.environment:checking '/home/quan/thuc_hanh_tuan3/src/install/ur_simulation_gazebo/bin'
[0.570s] Level 1:colcon.colcon_core.environment:checking '/home/quan/thuc_hanh_tuan3/src/install/ur_simulation_gazebo/lib/pkgconfig/ur_simulation_gazebo.pc'
[0.570s] Level 1:colcon.colcon_core.environment:checking '/home/quan/thuc_hanh_tuan3/src/install/ur_simulation_gazebo/lib/python3.10/site-packages'
[0.571s] Level 1:colcon.colcon_core.environment:checking '/home/quan/thuc_hanh_tuan3/src/install/ur_simulation_gazebo/bin'
[0.571s] INFO:colcon.colcon_core.shell:Creating package script '/home/quan/thuc_hanh_tuan3/src/install/ur_simulation_gazebo/share/ur_simulation_gazebo/package.ps1'
[0.573s] INFO:colcon.colcon_core.shell:Creating package descriptor '/home/quan/thuc_hanh_tuan3/src/install/ur_simulation_gazebo/share/ur_simulation_gazebo/package.dsv'
[0.574s] INFO:colcon.colcon_core.shell:Creating package script '/home/quan/thuc_hanh_tuan3/src/install/ur_simulation_gazebo/share/ur_simulation_gazebo/package.sh'
[0.575s] INFO:colcon.colcon_core.shell:Creating package script '/home/quan/thuc_hanh_tuan3/src/install/ur_simulation_gazebo/share/ur_simulation_gazebo/package.bash'
[0.575s] INFO:colcon.colcon_core.shell:Creating package script '/home/quan/thuc_hanh_tuan3/src/install/ur_simulation_gazebo/share/ur_simulation_gazebo/package.zsh'
[0.576s] Level 1:colcon.colcon_core.environment:create_file_with_runtime_dependencies(/home/quan/thuc_hanh_tuan3/src/install/ur_simulation_gazebo/share/colcon-core/packages/ur_simulation_gazebo)
[0.577s] Level 1:colcon.colcon_core.environment:create_environment_scripts_only(ur_simulation_gazebo)
[0.577s] Level 1:colcon.colcon_core.environment:checking '/home/quan/thuc_hanh_tuan3/src/install/ur_simulation_gazebo' for CMake module files
[0.577s] Level 1:colcon.colcon_core.environment:checking '/home/quan/thuc_hanh_tuan3/src/install/ur_simulation_gazebo' for CMake config files
[0.577s] Level 1:colcon.colcon_core.shell:create_environment_hook('ur_simulation_gazebo', 'cmake_prefix_path')
[0.577s] INFO:colcon.colcon_core.shell:Creating environment hook '/home/quan/thuc_hanh_tuan3/src/install/ur_simulation_gazebo/share/ur_simulation_gazebo/hook/cmake_prefix_path.ps1'
[0.578s] INFO:colcon.colcon_core.shell:Creating environment descriptor '/home/quan/thuc_hanh_tuan3/src/install/ur_simulation_gazebo/share/ur_simulation_gazebo/hook/cmake_prefix_path.dsv'
[0.578s] INFO:colcon.colcon_core.shell:Creating environment hook '/home/quan/thuc_hanh_tuan3/src/install/ur_simulation_gazebo/share/ur_simulation_gazebo/hook/cmake_prefix_path.sh'
[0.578s] Level 1:colcon.colcon_core.environment:checking '/home/quan/thuc_hanh_tuan3/src/install/ur_simulation_gazebo/bin'
[0.578s] Level 1:colcon.colcon_core.environment:checking '/home/quan/thuc_hanh_tuan3/src/install/ur_simulation_gazebo/lib/pkgconfig/ur_simulation_gazebo.pc'
[0.579s] Level 1:colcon.colcon_core.environment:checking '/home/quan/thuc_hanh_tuan3/src/install/ur_simulation_gazebo/lib/python3.10/site-packages'
[0.579s] Level 1:colcon.colcon_core.environment:checking '/home/quan/thuc_hanh_tuan3/src/install/ur_simulation_gazebo/bin'
[0.579s] INFO:colcon.colcon_core.shell:Creating package script '/home/quan/thuc_hanh_tuan3/src/install/ur_simulation_gazebo/share/ur_simulation_gazebo/package.ps1'
[0.579s] INFO:colcon.colcon_core.shell:Creating package descriptor '/home/quan/thuc_hanh_tuan3/src/install/ur_simulation_gazebo/share/ur_simulation_gazebo/package.dsv'
[0.580s] INFO:colcon.colcon_core.shell:Creating package script '/home/quan/thuc_hanh_tuan3/src/install/ur_simulation_gazebo/share/ur_simulation_gazebo/package.sh'
[0.580s] INFO:colcon.colcon_core.shell:Creating package script '/home/quan/thuc_hanh_tuan3/src/install/ur_simulation_gazebo/share/ur_simulation_gazebo/package.bash'
[0.580s] INFO:colcon.colcon_core.shell:Creating package script '/home/quan/thuc_hanh_tuan3/src/install/ur_simulation_gazebo/share/ur_simulation_gazebo/package.zsh'
[0.581s] Level 1:colcon.colcon_core.environment:create_file_with_runtime_dependencies(/home/quan/thuc_hanh_tuan3/src/install/ur_simulation_gazebo/share/colcon-core/packages/ur_simulation_gazebo)
[0.582s] Level 1:colcon.colcon_core.environment:create_environment_scripts_only(robotiq_description)
[0.582s] Level 1:colcon.colcon_core.environment:checking '/home/quan/thuc_hanh_tuan3/src/install/robotiq_description' for CMake module files
[0.584s] DEBUG:colcon.colcon_core.event_handler.log_command:Invoked command in '/home/quan/thuc_hanh_tuan3/src/build/robotiq_description' returned '0': CMAKE_PREFIX_PATH=${CMAKE_PREFIX_PATH}:/home/quan/ros2_ws/install/my_turtlesim:/home/quan/ros2_ws/install/my_robot_logic:/home/quan/ros2_ws/install/my_robot_controller:/home/quan/ros2_ws/install/lifecycle_pkg:/opt/ros/humble /usr/bin/cmake --install /home/quan/thuc_hanh_tuan3/src/build/robotiq_description
[0.585s] Level 1:colcon.colcon_core.environment:checking '/home/quan/thuc_hanh_tuan3/src/install/robotiq_description' for CMake config files
[0.586s] Level 1:colcon.colcon_core.shell:create_environment_hook('robotiq_description', 'cmake_prefix_path')
[0.586s] INFO:colcon.colcon_core.shell:Creating environment hook '/home/quan/thuc_hanh_tuan3/src/install/robotiq_description/share/robotiq_description/hook/cmake_prefix_path.ps1'
[0.587s] INFO:colcon.colcon_core.shell:Creating environment descriptor '/home/quan/thuc_hanh_tuan3/src/install/robotiq_description/share/robotiq_description/hook/cmake_prefix_path.dsv'
[0.587s] INFO:colcon.colcon_core.shell:Creating environment hook '/home/quan/thuc_hanh_tuan3/src/install/robotiq_description/share/robotiq_description/hook/cmake_prefix_path.sh'
[0.587s] Level 1:colcon.colcon_core.environment:checking '/home/quan/thuc_hanh_tuan3/src/install/robotiq_description/bin'
[0.587s] Level 1:colcon.colcon_core.environment:checking '/home/quan/thuc_hanh_tuan3/src/install/robotiq_description/lib/pkgconfig/robotiq_description.pc'
[0.588s] Level 1:colcon.colcon_core.environment:checking '/home/quan/thuc_hanh_tuan3/src/install/robotiq_description/lib/python3.10/site-packages'
[0.588s] Level 1:colcon.colcon_core.environment:checking '/home/quan/thuc_hanh_tuan3/src/install/robotiq_description/bin'
[0.588s] INFO:colcon.colcon_core.shell:Creating package script '/home/quan/thuc_hanh_tuan3/src/install/robotiq_description/share/robotiq_description/package.ps1'
[0.589s] INFO:colcon.colcon_core.shell:Creating package descriptor '/home/quan/thuc_hanh_tuan3/src/install/robotiq_description/share/robotiq_description/package.dsv'
[0.589s] INFO:colcon.colcon_core.shell:Creating package script '/home/quan/thuc_hanh_tuan3/src/install/robotiq_description/share/robotiq_description/package.sh'
[0.589s] INFO:colcon.colcon_core.shell:Creating package script '/home/quan/thuc_hanh_tuan3/src/install/robotiq_description/share/robotiq_description/package.bash'
[0.589s] INFO:colcon.colcon_core.shell:Creating package script '/home/quan/thuc_hanh_tuan3/src/install/robotiq_description/share/robotiq_description/package.zsh'
[0.590s] Level 1:colcon.colcon_core.environment:create_file_with_runtime_dependencies(/home/quan/thuc_hanh_tuan3/src/install/robotiq_description/share/colcon-core/packages/robotiq_description)
[0.590s] Level 1:colcon.colcon_core.environment:create_environment_scripts_only(robotiq_description)
[0.590s] Level 1:colcon.colcon_core.environment:checking '/home/quan/thuc_hanh_tuan3/src/install/robotiq_description' for CMake module files
[0.590s] Level 1:colcon.colcon_core.environment:checking '/home/quan/thuc_hanh_tuan3/src/install/robotiq_description' for CMake config files
[0.591s] Level 1:colcon.colcon_core.shell:create_environment_hook('robotiq_description', 'cmake_prefix_path')
[0.591s] INFO:colcon.colcon_core.shell:Creating environment hook '/home/quan/thuc_hanh_tuan3/src/install/robotiq_description/share/robotiq_description/hook/cmake_prefix_path.ps1'
[0.591s] INFO:colcon.colcon_core.shell:Creating environment descriptor '/home/quan/thuc_hanh_tuan3/src/install/robotiq_description/share/robotiq_description/hook/cmake_prefix_path.dsv'
[0.591s] INFO:colcon.colcon_core.shell:Creating environment hook '/home/quan/thuc_hanh_tuan3/src/install/robotiq_description/share/robotiq_description/hook/cmake_prefix_path.sh'
[0.592s] Level 1:colcon.colcon_core.environment:checking '/home/quan/thuc_hanh_tuan3/src/install/robotiq_description/bin'
[0.592s] Level 1:colcon.colcon_core.environment:checking '/home/quan/thuc_hanh_tuan3/src/install/robotiq_description/lib/pkgconfig/robotiq_description.pc'
[0.592s] Level 1:colcon.colcon_core.environment:checking '/home/quan/thuc_hanh_tuan3/src/install/robotiq_description/lib/python3.10/site-packages'
[0.592s] Level 1:colcon.colcon_core.environment:checking '/home/quan/thuc_hanh_tuan3/src/install/robotiq_description/bin'
[0.592s] INFO:colcon.colcon_core.shell:Creating package script '/home/quan/thuc_hanh_tuan3/src/install/robotiq_description/share/robotiq_description/package.ps1'
[0.593s] INFO:colcon.colcon_core.shell:Creating package descriptor '/home/quan/thuc_hanh_tuan3/src/install/robotiq_description/share/robotiq_description/package.dsv'
[0.593s] INFO:colcon.colcon_core.shell:Creating package script '/home/quan/thuc_hanh_tuan3/src/install/robotiq_description/share/robotiq_description/package.sh'
[0.594s] INFO:colcon.colcon_core.shell:Creating package script '/home/quan/thuc_hanh_tuan3/src/install/robotiq_description/share/robotiq_description/package.bash'
[0.594s] INFO:colcon.colcon_core.shell:Creating package script '/home/quan/thuc_hanh_tuan3/src/install/robotiq_description/share/robotiq_description/package.zsh'
[0.594s] Level 1:colcon.colcon_core.environment:create_file_with_runtime_dependencies(/home/quan/thuc_hanh_tuan3/src/install/robotiq_description/share/colcon-core/packages/robotiq_description)
[0.594s] INFO:colcon.colcon_ros.task.ament_cmake.build:Building ROS package in '/home/quan/thuc_hanh_tuan3/src/ur3_llm_control' with build type 'ament_cmake'
[0.595s] INFO:colcon.colcon_cmake.task.cmake.build:Building CMake package in '/home/quan/thuc_hanh_tuan3/src/ur3_llm_control'
[0.595s] INFO:colcon.colcon_core.shell:Skip shell extension 'powershell' for command environment: Not usable outside of PowerShell
[0.595s] DEBUG:colcon.colcon_core.shell:Skip shell extension 'dsv' for command environment
[0.607s] DEBUG:colcon.colcon_core.event_handler.log_command:Invoking command in '/home/quan/thuc_hanh_tuan3/src/build/ur3_llm_control': AMENT_PREFIX_PATH=/home/quan/thuc_hanh_tuan3/src/install/ur_simulation_gazebo:/home/quan/thuc_hanh_tuan3/src/install/robotiq_description:${AMENT_PREFIX_PATH} CMAKE_PREFIX_PATH=/home/quan/thuc_hanh_tuan3/src/install/ur_simulation_gazebo:/home/quan/thuc_hanh_tuan3/src/install/robotiq_description:/home/quan/thuc_hanh_tuan3/install/ur3_llm_control:/home/quan/thuc_hanh_tuan3/install/ur_simulation_gazebo:/home/quan/thuc_hanh_tuan3/install/robotiq_description:/home/quan/ros2_ws/install/robot1:/home/quan/ros2_ws/install/robot:/home/quan/ros2_ws/install/msgs_test:/home/quan/ros2_ws/install/component_pkg:/home/quan/ros2_ws/src/msgs_test/install/msgs_test:/home/quan/ros2_ws/install/my_turtlesim:/home/quan/ros2_ws/install/my_robot_logic:/home/quan/ros2_ws/install/my_robot_controller:/home/quan/ros2_ws/install/lifecycle_pkg:/opt/ros/humble /usr/bin/cmake --build /home/quan/thuc_hanh_tuan3/src/build/ur3_llm_control -- -j16 -l16
[26.004s] DEBUG:colcon.colcon_core.event_handler.log_command:Invoked command in '/home/quan/thuc_hanh_tuan3/src/build/ur3_llm_control' returned '0': AMENT_PREFIX_PATH=/home/quan/thuc_hanh_tuan3/src/install/ur_simulation_gazebo:/home/quan/thuc_hanh_tuan3/src/install/robotiq_description:${AMENT_PREFIX_PATH} CMAKE_PREFIX_PATH=/home/quan/thuc_hanh_tuan3/src/install/ur_simulation_gazebo:/home/quan/thuc_hanh_tuan3/src/install/robotiq_description:/home/quan/thuc_hanh_tuan3/install/ur3_llm_control:/home/quan/thuc_hanh_tuan3/install/ur_simulation_gazebo:/home/quan/thuc_hanh_tuan3/install/robotiq_description:/home/quan/ros2_ws/install/robot1:/home/quan/ros2_ws/install/robot:/home/quan/ros2_ws/install/msgs_test:/home/quan/ros2_ws/install/component_pkg:/home/quan/ros2_ws/src/msgs_test/install/msgs_test:/home/quan/ros2_ws/install/my_turtlesim:/home/quan/ros2_ws/install/my_robot_logic:/home/quan/ros2_ws/install/my_robot_controller:/home/quan/ros2_ws/install/lifecycle_pkg:/opt/ros/humble /usr/bin/cmake --build /home/quan/thuc_hanh_tuan3/src/build/ur3_llm_control -- -j16 -l16
[26.006s] DEBUG:colcon.colcon_core.event_handler.log_command:Invoking command in '/home/quan/thuc_hanh_tuan3/src/build/ur3_llm_control': AMENT_PREFIX_PATH=/home/quan/thuc_hanh_tuan3/src/install/ur_simulation_gazebo:/home/quan/thuc_hanh_tuan3/src/install/robotiq_description:${AMENT_PREFIX_PATH} CMAKE_PREFIX_PATH=/home/quan/thuc_hanh_tuan3/src/install/ur_simulation_gazebo:/home/quan/thuc_hanh_tuan3/src/install/robotiq_description:/home/quan/thuc_hanh_tuan3/install/ur3_llm_control:/home/quan/thuc_hanh_tuan3/install/ur_simulation_gazebo:/home/quan/thuc_hanh_tuan3/install/robotiq_description:/home/quan/ros2_ws/install/robot1:/home/quan/ros2_ws/install/robot:/home/quan/ros2_ws/install/msgs_test:/home/quan/ros2_ws/install/component_pkg:/home/quan/ros2_ws/src/msgs_test/install/msgs_test:/home/quan/ros2_ws/install/my_turtlesim:/home/quan/ros2_ws/install/my_robot_logic:/home/quan/ros2_ws/install/my_robot_controller:/home/quan/ros2_ws/install/lifecycle_pkg:/opt/ros/humble /usr/bin/cmake --install /home/quan/thuc_hanh_tuan3/src/build/ur3_llm_control
[26.104s] Level 1:colcon.colcon_core.environment:create_environment_scripts_only(ur3_llm_control)
[26.105s] Level 1:colcon.colcon_core.environment:checking '/home/quan/thuc_hanh_tuan3/src/install/ur3_llm_control' for CMake module files
[26.105s] DEBUG:colcon.colcon_core.event_handler.log_command:Invoked command in '/home/quan/thuc_hanh_tuan3/src/build/ur3_llm_control' returned '0': AMENT_PREFIX_PATH=/home/quan/thuc_hanh_tuan3/src/install/ur_simulation_gazebo:/home/quan/thuc_hanh_tuan3/src/install/robotiq_description:${AMENT_PREFIX_PATH} CMAKE_PREFIX_PATH=/home/quan/thuc_hanh_tuan3/src/install/ur_simulation_gazebo:/home/quan/thuc_hanh_tuan3/src/install/robotiq_description:/home/quan/thuc_hanh_tuan3/install/ur3_llm_control:/home/quan/thuc_hanh_tuan3/install/ur_simulation_gazebo:/home/quan/thuc_hanh_tuan3/install/robotiq_description:/home/quan/ros2_ws/install/robot1:/home/quan/ros2_ws/install/robot:/home/quan/ros2_ws/install/msgs_test:/home/quan/ros2_ws/install/component_pkg:/home/quan/ros2_ws/src/msgs_test/install/msgs_test:/home/quan/ros2_ws/install/my_turtlesim:/home/quan/ros2_ws/install/my_robot_logic:/home/quan/ros2_ws/install/my_robot_controller:/home/quan/ros2_ws/install/lifecycle_pkg:/opt/ros/humble /usr/bin/cmake --install /home/quan/thuc_hanh_tuan3/src/build/ur3_llm_control
[26.106s] Level 1:colcon.colcon_core.environment:checking '/home/quan/thuc_hanh_tuan3/src/install/ur3_llm_control' for CMake config files
[26.109s] Level 1:colcon.colcon_core.shell:create_environment_hook('ur3_llm_control', 'cmake_prefix_path')
[26.109s] INFO:colcon.colcon_core.shell:Creating environment hook '/home/quan/thuc_hanh_tuan3/src/install/ur3_llm_control/share/ur3_llm_control/hook/cmake_prefix_path.ps1'
[26.109s] INFO:colcon.colcon_core.shell:Creating environment descriptor '/home/quan/thuc_hanh_tuan3/src/install/ur3_llm_control/share/ur3_llm_control/hook/cmake_prefix_path.dsv'
[26.110s] INFO:colcon.colcon_core.shell:Creating environment hook '/home/quan/thuc_hanh_tuan3/src/install/ur3_llm_control/share/ur3_llm_control/hook/cmake_prefix_path.sh'
[26.111s] Level 1:colcon.colcon_core.environment:checking '/home/quan/thuc_hanh_tuan3/src/install/ur3_llm_control/lib'
[26.111s] Level 1:colcon.colcon_core.shell:create_environment_hook('ur3_llm_control', 'ld_library_path_lib')
[26.111s] INFO:colcon.colcon_core.shell:Creating environment hook '/home/quan/thuc_hanh_tuan3/src/install/ur3_llm_control/share/ur3_llm_control/hook/ld_library_path_lib.ps1'
[26.112s] INFO:colcon.colcon_core.shell:Creating environment descriptor '/home/quan/thuc_hanh_tuan3/src/install/ur3_llm_control/share/ur3_llm_control/hook/ld_library_path_lib.dsv'
[26.112s] INFO:colcon.colcon_core.shell:Creating environment hook '/home/quan/thuc_hanh_tuan3/src/install/ur3_llm_control/share/ur3_llm_control/hook/ld_library_path_lib.sh'
[26.112s] Level 1:colcon.colcon_core.environment:checking '/home/quan/thuc_hanh_tuan3/src/install/ur3_llm_control/bin'
[26.113s] Level 1:colcon.colcon_core.environment:checking '/home/quan/thuc_hanh_tuan3/src/install/ur3_llm_control/lib/pkgconfig/ur3_llm_control.pc'
[26.113s] Level 1:colcon.colcon_core.environment:checking '/home/quan/thuc_hanh_tuan3/src/install/ur3_llm_control/lib/python3.10/site-packages'
[26.114s] Level 1:colcon.colcon_core.environment:checking '/home/quan/thuc_hanh_tuan3/src/install/ur3_llm_control/bin'
[26.115s] INFO:colcon.colcon_core.shell:Creating package script '/home/quan/thuc_hanh_tuan3/src/install/ur3_llm_control/share/ur3_llm_control/package.ps1'
[26.117s] INFO:colcon.colcon_core.shell:Creating package descriptor '/home/quan/thuc_hanh_tuan3/src/install/ur3_llm_control/share/ur3_llm_control/package.dsv'
[26.118s] INFO:colcon.colcon_core.shell:Creating package script '/home/quan/thuc_hanh_tuan3/src/install/ur3_llm_control/share/ur3_llm_control/package.sh'
[26.118s] INFO:colcon.colcon_core.shell:Creating package script '/home/quan/thuc_hanh_tuan3/src/install/ur3_llm_control/share/ur3_llm_control/package.bash'
[26.119s] INFO:colcon.colcon_core.shell:Creating package script '/home/quan/thuc_hanh_tuan3/src/install/ur3_llm_control/share/ur3_llm_control/package.zsh'
[26.119s] Level 1:colcon.colcon_core.environment:create_file_with_runtime_dependencies(/home/quan/thuc_hanh_tuan3/src/install/ur3_llm_control/share/colcon-core/packages/ur3_llm_control)
[26.120s] Level 1:colcon.colcon_core.environment:create_environment_scripts_only(ur3_llm_control)
[26.120s] Level 1:colcon.colcon_core.environment:checking '/home/quan/thuc_hanh_tuan3/src/install/ur3_llm_control' for CMake module files
[26.121s] Level 1:colcon.colcon_core.environment:checking '/home/quan/thuc_hanh_tuan3/src/install/ur3_llm_control' for CMake config files
[26.123s] Level 1:colcon.colcon_core.shell:create_environment_hook('ur3_llm_control', 'cmake_prefix_path')
[26.123s] INFO:colcon.colcon_core.shell:Creating environment hook '/home/quan/thuc_hanh_tuan3/src/install/ur3_llm_control/share/ur3_llm_control/hook/cmake_prefix_path.ps1'
[26.124s] INFO:colcon.colcon_core.shell:Creating environment descriptor '/home/quan/thuc_hanh_tuan3/src/install/ur3_llm_control/share/ur3_llm_control/hook/cmake_prefix_path.dsv'
[26.124s] INFO:colcon.colcon_core.shell:Creating environment hook '/home/quan/thuc_hanh_tuan3/src/install/ur3_llm_control/share/ur3_llm_control/hook/cmake_prefix_path.sh'
[26.125s] Level 1:colcon.colcon_core.environment:checking '/home/quan/thuc_hanh_tuan3/src/install/ur3_llm_control/lib'
[26.125s] Level 1:colcon.colcon_core.shell:create_environment_hook('ur3_llm_control', 'ld_library_path_lib')
[26.125s] INFO:colcon.colcon_core.shell:Creating environment hook '/home/quan/thuc_hanh_tuan3/src/install/ur3_llm_control/share/ur3_llm_control/hook/ld_library_path_lib.ps1'
[26.125s] INFO:colcon.colcon_core.shell:Creating environment descriptor '/home/quan/thuc_hanh_tuan3/src/install/ur3_llm_control/share/ur3_llm_control/hook/ld_library_path_lib.dsv'
[26.125s] INFO:colcon.colcon_core.shell:Creating environment hook '/home/quan/thuc_hanh_tuan3/src/install/ur3_llm_control/share/ur3_llm_control/hook/ld_library_path_lib.sh'
[26.126s] Level 1:colcon.colcon_core.environment:checking '/home/quan/thuc_hanh_tuan3/src/install/ur3_llm_control/bin'
[26.126s] Level 1:colcon.colcon_core.environment:checking '/home/quan/thuc_hanh_tuan3/src/install/ur3_llm_control/lib/pkgconfig/ur3_llm_control.pc'
[26.126s] Level 1:colcon.colcon_core.environment:checking '/home/quan/thuc_hanh_tuan3/src/install/ur3_llm_control/lib/python3.10/site-packages'
[26.126s] Level 1:colcon.colcon_core.environment:checking '/home/quan/thuc_hanh_tuan3/src/install/ur3_llm_control/bin'
[26.126s] INFO:colcon.colcon_core.shell:Creating package script '/home/quan/thuc_hanh_tuan3/src/install/ur3_llm_control/share/ur3_llm_control/package.ps1'
[26.127s] INFO:colcon.colcon_core.shell:Creating package descriptor '/home/quan/thuc_hanh_tuan3/src/install/ur3_llm_control/share/ur3_llm_control/package.dsv'
[26.127s] INFO:colcon.colcon_core.shell:Creating package script '/home/quan/thuc_hanh_tuan3/src/install/ur3_llm_control/share/ur3_llm_control/package.sh'
[26.128s] INFO:colcon.colcon_core.shell:Creating package script '/home/quan/thuc_hanh_tuan3/src/install/ur3_llm_control/share/ur3_llm_control/package.bash'
[26.128s] INFO:colcon.colcon_core.shell:Creating package script '/home/quan/thuc_hanh_tuan3/src/install/ur3_llm_control/share/ur3_llm_control/package.zsh'
[26.128s] Level 1:colcon.colcon_core.environment:create_file_with_runtime_dependencies(/home/quan/thuc_hanh_tuan3/src/install/ur3_llm_control/share/colcon-core/packages/ur3_llm_control)
[26.129s] DEBUG:colcon.colcon_parallel_executor.executor.parallel:closing loop
[26.129s] DEBUG:colcon.colcon_parallel_executor.executor.parallel:loop closed
[26.129s] DEBUG:colcon.colcon_parallel_executor.executor.parallel:run_until_complete finished with '0'
[26.129s] DEBUG:colcon.colcon_core.event_reactor:joining thread
[26.136s] INFO:colcon.colcon_core.plugin_system:Skipping extension 'colcon_notification.desktop_notification.terminal_notifier': Not used on non-Darwin systems
[26.136s] INFO:colcon.colcon_core.plugin_system:Skipping extension 'colcon_notification.desktop_notification.win32': Not used on non-Windows systems
[26.136s] INFO:colcon.colcon_notification.desktop_notification:Sending desktop notification using 'notify2'
[26.136s] DEBUG:colcon.colcon_notification.desktop_notification.notify2:Failed to initialize notify2: org.freedesktop.DBus.Error.AccessDenied: Failed to connect to socket /run/user/1000/bus: Operation not permitted
[26.137s] DEBUG:colcon.colcon_core.event_reactor:joined thread
[26.137s] INFO:colcon.colcon_core.shell:Creating prefix script '/home/quan/thuc_hanh_tuan3/src/install/local_setup.ps1'
[26.138s] INFO:colcon.colcon_core.shell:Creating prefix util module '/home/quan/thuc_hanh_tuan3/src/install/_local_setup_util_ps1.py'
[26.139s] INFO:colcon.colcon_core.shell:Creating prefix chain script '/home/quan/thuc_hanh_tuan3/src/install/setup.ps1'
[26.140s] INFO:colcon.colcon_core.shell:Creating prefix script '/home/quan/thuc_hanh_tuan3/src/install/local_setup.sh'
[26.141s] INFO:colcon.colcon_core.shell:Creating prefix util module '/home/quan/thuc_hanh_tuan3/src/install/_local_setup_util_sh.py'
[26.141s] INFO:colcon.colcon_core.shell:Creating prefix chain script '/home/quan/thuc_hanh_tuan3/src/install/setup.sh'
[26.142s] INFO:colcon.colcon_core.shell:Creating prefix script '/home/quan/thuc_hanh_tuan3/src/install/local_setup.bash'
[26.143s] INFO:colcon.colcon_core.shell:Creating prefix chain script '/home/quan/thuc_hanh_tuan3/src/install/setup.bash'
[26.143s] INFO:colcon.colcon_core.shell:Creating prefix script '/home/quan/thuc_hanh_tuan3/src/install/local_setup.zsh'
[26.144s] INFO:colcon.colcon_core.shell:Creating prefix chain script '/home/quan/thuc_hanh_tuan3/src/install/setup.zsh'
