[0.016s] Invoking command in '/home/quan/thuc_hanh_tuan3/build/ur_simulation_gazebo': CMAKE_PREFIX_PATH=${CMAKE_PREFIX_PATH}:/home/quan/ros2_ws/install/my_turtlesim:/home/quan/ros2_ws/install/my_robot_logic:/home/quan/ros2_ws/install/my_robot_controller:/home/quan/ros2_ws/install/lifecycle_pkg:/opt/ros/humble /usr/bin/cmake /home/quan/thuc_hanh_tuan3/src/Universal_Robots_ROS2_Gazebo_Simulation/ur_simulation_gazebo -DAMENT_CMAKE_SYMLINK_INSTALL=1 -DCMAKE_INSTALL_PREFIX=/home/quan/thuc_hanh_tuan3/install/ur_simulation_gazebo
[0.031s] -- Found ament_cmake: 1.3.14 (/opt/ros/humble/share/ament_cmake/cmake)
[0.185s] -- Override CMake install command with custom implementation using symlinks instead of copying resources
[0.194s] -- Found launch_testing_ament_cmake: 1.0.15 (/opt/ros/humble/share/launch_testing_ament_cmake/cmake)
[0.194s] -- Found python_cmake_module: 0.10.0 (/opt/ros/humble/share/python_cmake_module/cmake)
[0.218s] -- Using PYTHON_EXECUTABLE: /usr/bin/python3
[0.218s] -- Using PYTHON_INCLUDE_DIRS: /usr/include/python3.10
[0.218s] -- Using PYTHON_LIBRARIES: /usr/lib/x86_64-linux-gnu/libpython3.10.so
[0.219s] -- Found ament_cmake_pytest: 1.3.14 (/opt/ros/humble/share/ament_cmake_pytest/cmake)
[0.293s] -- Configuring done
[0.297s] -- Generating done
[0.299s] -- Build files have been written to: /home/quan/thuc_hanh_tuan3/build/ur_simulation_gazebo
[0.303s] Invoked command in '/home/quan/thuc_hanh_tuan3/build/ur_simulation_gazebo' returned '0': CMAKE_PREFIX_PATH=${CMAKE_PREFIX_PATH}:/home/quan/ros2_ws/install/my_turtlesim:/home/quan/ros2_ws/install/my_robot_logic:/home/quan/ros2_ws/install/my_robot_controller:/home/quan/ros2_ws/install/lifecycle_pkg:/opt/ros/humble /usr/bin/cmake /home/quan/thuc_hanh_tuan3/src/Universal_Robots_ROS2_Gazebo_Simulation/ur_simulation_gazebo -DAMENT_CMAKE_SYMLINK_INSTALL=1 -DCMAKE_INSTALL_PREFIX=/home/quan/thuc_hanh_tuan3/install/ur_simulation_gazebo
[0.305s] Invoking command in '/home/quan/thuc_hanh_tuan3/build/ur_simulation_gazebo': CMAKE_PREFIX_PATH=${CMAKE_PREFIX_PATH}:/home/quan/ros2_ws/install/my_turtlesim:/home/quan/ros2_ws/install/my_robot_logic:/home/quan/ros2_ws/install/my_robot_controller:/home/quan/ros2_ws/install/lifecycle_pkg:/opt/ros/humble /usr/bin/cmake --build /home/quan/thuc_hanh_tuan3/build/ur_simulation_gazebo -- -j16 -l16
[0.380s] Invoked command in '/home/quan/thuc_hanh_tuan3/build/ur_simulation_gazebo' returned '0': CMAKE_PREFIX_PATH=${CMAKE_PREFIX_PATH}:/home/quan/ros2_ws/install/my_turtlesim:/home/quan/ros2_ws/install/my_robot_logic:/home/quan/ros2_ws/install/my_robot_controller:/home/quan/ros2_ws/install/lifecycle_pkg:/opt/ros/humble /usr/bin/cmake --build /home/quan/thuc_hanh_tuan3/build/ur_simulation_gazebo -- -j16 -l16
[0.382s] Invoking command in '/home/quan/thuc_hanh_tuan3/build/ur_simulation_gazebo': CMAKE_PREFIX_PATH=${CMAKE_PREFIX_PATH}:/home/quan/ros2_ws/install/my_turtlesim:/home/quan/ros2_ws/install/my_robot_logic:/home/quan/ros2_ws/install/my_robot_controller:/home/quan/ros2_ws/install/lifecycle_pkg:/opt/ros/humble /usr/bin/cmake --install /home/quan/thuc_hanh_tuan3/build/ur_simulation_gazebo
[0.393s] -- Install configuration: ""
[0.394s] -- Execute custom install script
[0.394s] -- Symlinking: /home/quan/thuc_hanh_tuan3/install/ur_simulation_gazebo/share/ur_simulation_gazebo/config/ur_controllers.yaml
[0.403s] -- Symlinking: /home/quan/thuc_hanh_tuan3/install/ur_simulation_gazebo/share/ur_simulation_gazebo/launch/ur_sim_control.launch.py
[0.415s] -- Symlinking: /home/quan/thuc_hanh_tuan3/install/ur_simulation_gazebo/share/ur_simulation_gazebo/launch/ur_sim_moveit.launch.py
[0.429s] -- Symlinking: /home/quan/thuc_hanh_tuan3/install/ur_simulation_gazebo/share/ament_index/resource_index/package_run_dependencies/ur_simulation_gazebo
[0.443s] -- Symlinking: /home/quan/thuc_hanh_tuan3/install/ur_simulation_gazebo/share/ament_index/resource_index/parent_prefix_path/ur_simulation_gazebo
[0.455s] -- Symlinking: /home/quan/thuc_hanh_tuan3/install/ur_simulation_gazebo/share/ur_simulation_gazebo/environment/ament_prefix_path.sh
[0.465s] -- Symlinking: /home/quan/thuc_hanh_tuan3/install/ur_simulation_gazebo/share/ur_simulation_gazebo/environment/ament_prefix_path.dsv
[0.476s] -- Symlinking: /home/quan/thuc_hanh_tuan3/install/ur_simulation_gazebo/share/ur_simulation_gazebo/environment/path.sh
[0.487s] -- Symlinking: /home/quan/thuc_hanh_tuan3/install/ur_simulation_gazebo/share/ur_simulation_gazebo/environment/path.dsv
[0.499s] -- Symlinking: /home/quan/thuc_hanh_tuan3/install/ur_simulation_gazebo/share/ur_simulation_gazebo/local_setup.bash
[0.511s] -- Symlinking: /home/quan/thuc_hanh_tuan3/install/ur_simulation_gazebo/share/ur_simulation_gazebo/local_setup.sh
[0.520s] -- Symlinking: /home/quan/thuc_hanh_tuan3/install/ur_simulation_gazebo/share/ur_simulation_gazebo/local_setup.zsh
[0.533s] -- Symlinking: /home/quan/thuc_hanh_tuan3/install/ur_simulation_gazebo/share/ur_simulation_gazebo/local_setup.dsv
[0.545s] -- Symlinking: /home/quan/thuc_hanh_tuan3/install/ur_simulation_gazebo/share/ur_simulation_gazebo/package.dsv
[0.552s] -- Symlinking: /home/quan/thuc_hanh_tuan3/install/ur_simulation_gazebo/share/ament_index/resource_index/packages/ur_simulation_gazebo
[0.565s] -- Symlinking: /home/quan/thuc_hanh_tuan3/install/ur_simulation_gazebo/share/ur_simulation_gazebo/cmake/ur_simulation_gazeboConfig.cmake
[0.576s] -- Symlinking: /home/quan/thuc_hanh_tuan3/install/ur_simulation_gazebo/share/ur_simulation_gazebo/cmake/ur_simulation_gazeboConfig-version.cmake
[0.584s] -- Symlinking: /home/quan/thuc_hanh_tuan3/install/ur_simulation_gazebo/share/ur_simulation_gazebo/package.xml
[0.599s] Invoked command in '/home/quan/thuc_hanh_tuan3/build/ur_simulation_gazebo' returned '0': CMAKE_PREFIX_PATH=${CMAKE_PREFIX_PATH}:/home/quan/ros2_ws/install/my_turtlesim:/home/quan/ros2_ws/install/my_robot_logic:/home/quan/ros2_ws/install/my_robot_controller:/home/quan/ros2_ws/install/lifecycle_pkg:/opt/ros/humble /usr/bin/cmake --install /home/quan/thuc_hanh_tuan3/build/ur_simulation_gazebo
