[0.012s] Invoking command in '/home/quan/thuc_hanh_tuan3/src/build/ur3_llm_control': AMENT_PREFIX_PATH=/home/quan/thuc_hanh_tuan3/src/install/ur_simulation_gazebo:/home/quan/thuc_hanh_tuan3/src/install/robotiq_description:${AMENT_PREFIX_PATH} CMAKE_PREFIX_PATH=/home/quan/thuc_hanh_tuan3/src/install/ur_simulation_gazebo:/home/quan/thuc_hanh_tuan3/src/install/robotiq_description:/home/quan/thuc_hanh_tuan3/install/ur3_llm_control:/home/quan/thuc_hanh_tuan3/install/ur_simulation_gazebo:/home/quan/thuc_hanh_tuan3/install/robotiq_description:/home/quan/ros2_ws/install/robot1:/home/quan/ros2_ws/install/robot:/home/quan/ros2_ws/install/msgs_test:/home/quan/ros2_ws/install/component_pkg:/home/quan/ros2_ws/src/msgs_test/install/msgs_test:/home/quan/ros2_ws/install/my_turtlesim:/home/quan/ros2_ws/install/my_robot_logic:/home/quan/ros2_ws/install/my_robot_controller:/home/quan/ros2_ws/install/lifecycle_pkg:/opt/ros/humble /usr/bin/cmake --build /home/quan/thuc_hanh_tuan3/src/build/ur3_llm_control -- -j16 -l16
[0.081s] [  3%] Built target ur3_llm_control__cpp
[0.081s] [  3%] Built target ur3_llm_control__rs
[0.082s] [ 13%] Built target ur3_llm_control__rosidl_generator_c
[0.092s] [ 13%] Built target ament_cmake_python_symlink_ur3_llm_control
[0.110s] [ 23%] Built target ur3_llm_control__rosidl_typesupport_cpp
[0.112s] [ 32%] Built target ur3_llm_control__rosidl_typesupport_fastrtps_cpp
[0.112s] [ 42%] Built target ur3_llm_control__rosidl_typesupport_introspection_cpp
[0.113s] [ 51%] Built target ur3_llm_control__rosidl_typesupport_c
[0.113s] [ 61%] Built target ur3_llm_control__rosidl_typesupport_introspection_c
[0.119s] [ 71%] Built target ur3_llm_control__rosidl_typesupport_fastrtps_c
[0.155s] [ 71%] Built target ur3_llm_control
[0.193s] Consolidate compiler generated dependencies of target robot_skills
[0.195s] [ 73%] Built target ur3_llm_control__py
[0.213s] [ 76%] Built target ur3_physical_gripper
[0.215s] [ 78%] Building CXX object CMakeFiles/robot_skills.dir/src/robot_skills.cpp.o
[0.233s] [ 86%] Built target ur3_llm_control__rosidl_generator_py
[0.264s] [ 94%] Built target ur3_llm_control__rosidl_typesupport_c__pyext
[0.264s] [ 94%] Built target ur3_llm_control__rosidl_typesupport_fastrtps_c__pyext
[0.265s] [ 98%] Built target ur3_llm_control__rosidl_typesupport_introspection_c__pyext
[0.445s] running egg_info
[0.446s] writing ur3_llm_control.egg-info/PKG-INFO
[0.446s] writing dependency_links to ur3_llm_control.egg-info/dependency_links.txt
[0.446s] writing top-level names to ur3_llm_control.egg-info/top_level.txt
[0.448s] reading manifest file 'ur3_llm_control.egg-info/SOURCES.txt'
[0.449s] writing manifest file 'ur3_llm_control.egg-info/SOURCES.txt'
[0.484s] [ 98%] Built target ament_cmake_python_build_ur3_llm_control_egg
[23.773s] [100%] Linking CXX executable robot_skills
[25.393s] [100%] Built target robot_skills
[25.408s] Invoked command in '/home/quan/thuc_hanh_tuan3/src/build/ur3_llm_control' returned '0': AMENT_PREFIX_PATH=/home/quan/thuc_hanh_tuan3/src/install/ur_simulation_gazebo:/home/quan/thuc_hanh_tuan3/src/install/robotiq_description:${AMENT_PREFIX_PATH} CMAKE_PREFIX_PATH=/home/quan/thuc_hanh_tuan3/src/install/ur_simulation_gazebo:/home/quan/thuc_hanh_tuan3/src/install/robotiq_description:/home/quan/thuc_hanh_tuan3/install/ur3_llm_control:/home/quan/thuc_hanh_tuan3/install/ur_simulation_gazebo:/home/quan/thuc_hanh_tuan3/install/robotiq_description:/home/quan/ros2_ws/install/robot1:/home/quan/ros2_ws/install/robot:/home/quan/ros2_ws/install/msgs_test:/home/quan/ros2_ws/install/component_pkg:/home/quan/ros2_ws/src/msgs_test/install/msgs_test:/home/quan/ros2_ws/install/my_turtlesim:/home/quan/ros2_ws/install/my_robot_logic:/home/quan/ros2_ws/install/my_robot_controller:/home/quan/ros2_ws/install/lifecycle_pkg:/opt/ros/humble /usr/bin/cmake --build /home/quan/thuc_hanh_tuan3/src/build/ur3_llm_control -- -j16 -l16
[25.410s] Invoking command in '/home/quan/thuc_hanh_tuan3/src/build/ur3_llm_control': AMENT_PREFIX_PATH=/home/quan/thuc_hanh_tuan3/src/install/ur_simulation_gazebo:/home/quan/thuc_hanh_tuan3/src/install/robotiq_description:${AMENT_PREFIX_PATH} CMAKE_PREFIX_PATH=/home/quan/thuc_hanh_tuan3/src/install/ur_simulation_gazebo:/home/quan/thuc_hanh_tuan3/src/install/robotiq_description:/home/quan/thuc_hanh_tuan3/install/ur3_llm_control:/home/quan/thuc_hanh_tuan3/install/ur_simulation_gazebo:/home/quan/thuc_hanh_tuan3/install/robotiq_description:/home/quan/ros2_ws/install/robot1:/home/quan/ros2_ws/install/robot:/home/quan/ros2_ws/install/msgs_test:/home/quan/ros2_ws/install/component_pkg:/home/quan/ros2_ws/src/msgs_test/install/msgs_test:/home/quan/ros2_ws/install/my_turtlesim:/home/quan/ros2_ws/install/my_robot_logic:/home/quan/ros2_ws/install/my_robot_controller:/home/quan/ros2_ws/install/lifecycle_pkg:/opt/ros/humble /usr/bin/cmake --install /home/quan/thuc_hanh_tuan3/src/build/ur3_llm_control
[25.423s] -- Install configuration: ""
[25.424s] -- Execute custom install script
[25.424s] -- Up-to-date symlink: /home/quan/thuc_hanh_tuan3/src/install/ur3_llm_control/share/ament_index/resource_index/rosidl_interfaces/ur3_llm_control
[25.427s] -- Up-to-date symlink: /home/quan/thuc_hanh_tuan3/src/install/ur3_llm_control/include/ur3_llm_control/ur3_llm_control/msg/rosidl_generator_c__visibility_control.h
[25.427s] -- Up-to-date symlink: /home/quan/thuc_hanh_tuan3/src/install/ur3_llm_control/include/ur3_llm_control/ur3_llm_control/srv/detail/execute_skill__functions.h
[25.427s] -- Up-to-date symlink: /home/quan/thuc_hanh_tuan3/src/install/ur3_llm_control/include/ur3_llm_control/ur3_llm_control/srv/detail/execute_skill__struct.h
[25.427s] -- Up-to-date symlink: /home/quan/thuc_hanh_tuan3/src/install/ur3_llm_control/include/ur3_llm_control/ur3_llm_control/srv/detail/execute_skill__type_support.h
[25.428s] -- Up-to-date symlink: /home/quan/thuc_hanh_tuan3/src/install/ur3_llm_control/include/ur3_llm_control/ur3_llm_control/srv/detail/get_world_state__functions.h
[25.428s] -- Up-to-date symlink: /home/quan/thuc_hanh_tuan3/src/install/ur3_llm_control/include/ur3_llm_control/ur3_llm_control/srv/detail/get_world_state__struct.h
[25.428s] -- Up-to-date symlink: /home/quan/thuc_hanh_tuan3/src/install/ur3_llm_control/include/ur3_llm_control/ur3_llm_control/srv/detail/get_world_state__type_support.h
[25.428s] -- Up-to-date symlink: /home/quan/thuc_hanh_tuan3/src/install/ur3_llm_control/include/ur3_llm_control/ur3_llm_control/srv/detail/set_attachment__functions.h
[25.428s] -- Up-to-date symlink: /home/quan/thuc_hanh_tuan3/src/install/ur3_llm_control/include/ur3_llm_control/ur3_llm_control/srv/detail/set_attachment__struct.h
[25.430s] -- Up-to-date symlink: /home/quan/thuc_hanh_tuan3/src/install/ur3_llm_control/include/ur3_llm_control/ur3_llm_control/srv/detail/set_attachment__type_support.h
[25.432s] -- Up-to-date symlink: /home/quan/thuc_hanh_tuan3/src/install/ur3_llm_control/include/ur3_llm_control/ur3_llm_control/srv/execute_skill.h
[25.432s] -- Up-to-date symlink: /home/quan/thuc_hanh_tuan3/src/install/ur3_llm_control/include/ur3_llm_control/ur3_llm_control/srv/get_world_state.h
[25.432s] -- Up-to-date symlink: /home/quan/thuc_hanh_tuan3/src/install/ur3_llm_control/include/ur3_llm_control/ur3_llm_control/srv/set_attachment.h
[25.433s] -- Up-to-date symlink: /home/quan/thuc_hanh_tuan3/src/install/ur3_llm_control/share/ur3_llm_control/environment/library_path.sh
[25.433s] -- Up-to-date symlink: /home/quan/thuc_hanh_tuan3/src/install/ur3_llm_control/share/ur3_llm_control/environment/library_path.dsv
[25.433s] -- Up-to-date symlink: /home/quan/thuc_hanh_tuan3/src/install/ur3_llm_control/include/ur3_llm_control/ur3_llm_control/msg/rosidl_typesupport_fastrtps_c__visibility_control.h
[25.433s] -- Up-to-date symlink: /home/quan/thuc_hanh_tuan3/src/install/ur3_llm_control/include/ur3_llm_control/ur3_llm_control/srv/detail/execute_skill__rosidl_typesupport_fastrtps_c.h
[25.433s] -- Up-to-date symlink: /home/quan/thuc_hanh_tuan3/src/install/ur3_llm_control/include/ur3_llm_control/ur3_llm_control/srv/detail/get_world_state__rosidl_typesupport_fastrtps_c.h
[25.434s] -- Up-to-date symlink: /home/quan/thuc_hanh_tuan3/src/install/ur3_llm_control/include/ur3_llm_control/ur3_llm_control/srv/detail/set_attachment__rosidl_typesupport_fastrtps_c.h
[25.434s] -- Up-to-date symlink: /home/quan/thuc_hanh_tuan3/src/install/ur3_llm_control/include/ur3_llm_control/ur3_llm_control/msg/rosidl_generator_cpp__visibility_control.hpp
[25.434s] -- Up-to-date symlink: /home/quan/thuc_hanh_tuan3/src/install/ur3_llm_control/include/ur3_llm_control/ur3_llm_control/srv/detail/execute_skill__builder.hpp
[25.434s] -- Up-to-date symlink: /home/quan/thuc_hanh_tuan3/src/install/ur3_llm_control/include/ur3_llm_control/ur3_llm_control/srv/detail/execute_skill__struct.hpp
[25.434s] -- Up-to-date symlink: /home/quan/thuc_hanh_tuan3/src/install/ur3_llm_control/include/ur3_llm_control/ur3_llm_control/srv/detail/execute_skill__traits.hpp
[25.435s] -- Up-to-date symlink: /home/quan/thuc_hanh_tuan3/src/install/ur3_llm_control/include/ur3_llm_control/ur3_llm_control/srv/detail/execute_skill__type_support.hpp
[25.435s] -- Up-to-date symlink: /home/quan/thuc_hanh_tuan3/src/install/ur3_llm_control/include/ur3_llm_control/ur3_llm_control/srv/detail/get_world_state__builder.hpp
[25.435s] -- Up-to-date symlink: /home/quan/thuc_hanh_tuan3/src/install/ur3_llm_control/include/ur3_llm_control/ur3_llm_control/srv/detail/get_world_state__struct.hpp
[25.435s] -- Up-to-date symlink: /home/quan/thuc_hanh_tuan3/src/install/ur3_llm_control/include/ur3_llm_control/ur3_llm_control/srv/detail/get_world_state__traits.hpp
[25.435s] -- Up-to-date symlink: /home/quan/thuc_hanh_tuan3/src/install/ur3_llm_control/include/ur3_llm_control/ur3_llm_control/srv/detail/get_world_state__type_support.hpp
[25.436s] -- Up-to-date symlink: /home/quan/thuc_hanh_tuan3/src/install/ur3_llm_control/include/ur3_llm_control/ur3_llm_control/srv/detail/set_attachment__builder.hpp
[25.436s] -- Up-to-date symlink: /home/quan/thuc_hanh_tuan3/src/install/ur3_llm_control/include/ur3_llm_control/ur3_llm_control/srv/detail/set_attachment__struct.hpp
[25.436s] -- Up-to-date symlink: /home/quan/thuc_hanh_tuan3/src/install/ur3_llm_control/include/ur3_llm_control/ur3_llm_control/srv/detail/set_attachment__traits.hpp
[25.436s] -- Up-to-date symlink: /home/quan/thuc_hanh_tuan3/src/install/ur3_llm_control/include/ur3_llm_control/ur3_llm_control/srv/detail/set_attachment__type_support.hpp
[25.436s] -- Up-to-date symlink: /home/quan/thuc_hanh_tuan3/src/install/ur3_llm_control/include/ur3_llm_control/ur3_llm_control/srv/execute_skill.hpp
[25.437s] -- Up-to-date symlink: /home/quan/thuc_hanh_tuan3/src/install/ur3_llm_control/include/ur3_llm_control/ur3_llm_control/srv/get_world_state.hpp
[25.437s] -- Up-to-date symlink: /home/quan/thuc_hanh_tuan3/src/install/ur3_llm_control/include/ur3_llm_control/ur3_llm_control/srv/set_attachment.hpp
[25.437s] -- Up-to-date symlink: /home/quan/thuc_hanh_tuan3/src/install/ur3_llm_control/include/ur3_llm_control/ur3_llm_control/msg/rosidl_typesupport_fastrtps_cpp__visibility_control.h
[25.437s] -- Up-to-date symlink: /home/quan/thuc_hanh_tuan3/src/install/ur3_llm_control/include/ur3_llm_control/ur3_llm_control/srv/detail/execute_skill__rosidl_typesupport_fastrtps_cpp.hpp
[25.437s] -- Up-to-date symlink: /home/quan/thuc_hanh_tuan3/src/install/ur3_llm_control/include/ur3_llm_control/ur3_llm_control/srv/detail/get_world_state__rosidl_typesupport_fastrtps_cpp.hpp
[25.438s] -- Up-to-date symlink: /home/quan/thuc_hanh_tuan3/src/install/ur3_llm_control/include/ur3_llm_control/ur3_llm_control/srv/detail/set_attachment__rosidl_typesupport_fastrtps_cpp.hpp
[25.438s] -- Up-to-date symlink: /home/quan/thuc_hanh_tuan3/src/install/ur3_llm_control/include/ur3_llm_control/ur3_llm_control/msg/rosidl_typesupport_introspection_c__visibility_control.h
[25.438s] -- Up-to-date symlink: /home/quan/thuc_hanh_tuan3/src/install/ur3_llm_control/include/ur3_llm_control/ur3_llm_control/srv/detail/execute_skill__rosidl_typesupport_introspection_c.h
[25.438s] -- Up-to-date symlink: /home/quan/thuc_hanh_tuan3/src/install/ur3_llm_control/include/ur3_llm_control/ur3_llm_control/srv/detail/get_world_state__rosidl_typesupport_introspection_c.h
[25.438s] -- Up-to-date symlink: /home/quan/thuc_hanh_tuan3/src/install/ur3_llm_control/include/ur3_llm_control/ur3_llm_control/srv/detail/set_attachment__rosidl_typesupport_introspection_c.h
[25.438s] -- Up-to-date symlink: /home/quan/thuc_hanh_tuan3/src/install/ur3_llm_control/include/ur3_llm_control/ur3_llm_control/srv/detail/execute_skill__rosidl_typesupport_introspection_cpp.hpp
[25.438s] -- Up-to-date symlink: /home/quan/thuc_hanh_tuan3/src/install/ur3_llm_control/include/ur3_llm_control/ur3_llm_control/srv/detail/get_world_state__rosidl_typesupport_introspection_cpp.hpp
[25.438s] -- Up-to-date symlink: /home/quan/thuc_hanh_tuan3/src/install/ur3_llm_control/include/ur3_llm_control/ur3_llm_control/srv/detail/set_attachment__rosidl_typesupport_introspection_cpp.hpp
[25.438s] -- Up-to-date symlink: /home/quan/thuc_hanh_tuan3/src/install/ur3_llm_control/share/ur3_llm_control/environment/pythonpath.sh
[25.438s] -- Up-to-date symlink: /home/quan/thuc_hanh_tuan3/src/install/ur3_llm_control/share/ur3_llm_control/environment/pythonpath.dsv
[25.438s] -- Up-to-date symlink: /home/quan/thuc_hanh_tuan3/src/install/ur3_llm_control/local/lib/python3.10/dist-packages/ur3_llm_control-0.1.0-py3.10.egg-info/PKG-INFO
[25.438s] -- Up-to-date symlink: /home/quan/thuc_hanh_tuan3/src/install/ur3_llm_control/local/lib/python3.10/dist-packages/ur3_llm_control-0.1.0-py3.10.egg-info/SOURCES.txt
[25.438s] -- Up-to-date symlink: /home/quan/thuc_hanh_tuan3/src/install/ur3_llm_control/local/lib/python3.10/dist-packages/ur3_llm_control-0.1.0-py3.10.egg-info/dependency_links.txt
[25.439s] -- Up-to-date symlink: /home/quan/thuc_hanh_tuan3/src/install/ur3_llm_control/local/lib/python3.10/dist-packages/ur3_llm_control-0.1.0-py3.10.egg-info/top_level.txt
[25.439s] -- Up-to-date symlink: /home/quan/thuc_hanh_tuan3/src/install/ur3_llm_control/local/lib/python3.10/dist-packages/ur3_llm_control/__init__.py
[25.439s] -- Up-to-date symlink: /home/quan/thuc_hanh_tuan3/src/install/ur3_llm_control/local/lib/python3.10/dist-packages/ur3_llm_control/_ur3_llm_control_s.ep.rosidl_typesupport_c.c
[25.439s] -- Up-to-date symlink: /home/quan/thuc_hanh_tuan3/src/install/ur3_llm_control/local/lib/python3.10/dist-packages/ur3_llm_control/_ur3_llm_control_s.ep.rosidl_typesupport_fastrtps_c.c
[25.439s] -- Up-to-date symlink: /home/quan/thuc_hanh_tuan3/src/install/ur3_llm_control/local/lib/python3.10/dist-packages/ur3_llm_control/_ur3_llm_control_s.ep.rosidl_typesupport_introspection_c.c
[25.439s] -- Up-to-date symlink: /home/quan/thuc_hanh_tuan3/src/install/ur3_llm_control/local/lib/python3.10/dist-packages/ur3_llm_control/libur3_llm_control__rosidl_generator_py.so
[25.439s] -- Up-to-date symlink: /home/quan/thuc_hanh_tuan3/src/install/ur3_llm_control/local/lib/python3.10/dist-packages/ur3_llm_control/srv/__init__.py
[25.439s] -- Up-to-date symlink: /home/quan/thuc_hanh_tuan3/src/install/ur3_llm_control/local/lib/python3.10/dist-packages/ur3_llm_control/srv/_execute_skill.py
[25.439s] -- Up-to-date symlink: /home/quan/thuc_hanh_tuan3/src/install/ur3_llm_control/local/lib/python3.10/dist-packages/ur3_llm_control/srv/_execute_skill_s.c
[25.440s] -- Up-to-date symlink: /home/quan/thuc_hanh_tuan3/src/install/ur3_llm_control/local/lib/python3.10/dist-packages/ur3_llm_control/srv/_get_world_state.py
[25.440s] -- Up-to-date symlink: /home/quan/thuc_hanh_tuan3/src/install/ur3_llm_control/local/lib/python3.10/dist-packages/ur3_llm_control/srv/_get_world_state_s.c
[25.440s] -- Up-to-date symlink: /home/quan/thuc_hanh_tuan3/src/install/ur3_llm_control/local/lib/python3.10/dist-packages/ur3_llm_control/srv/_set_attachment.py
[25.440s] -- Up-to-date symlink: /home/quan/thuc_hanh_tuan3/src/install/ur3_llm_control/local/lib/python3.10/dist-packages/ur3_llm_control/srv/_set_attachment_s.c
[25.440s] -- Up-to-date symlink: /home/quan/thuc_hanh_tuan3/src/install/ur3_llm_control/local/lib/python3.10/dist-packages/ur3_llm_control/ur3_llm_control_s__rosidl_typesupport_c.cpython-310-x86_64-linux-gnu.so
[25.440s] -- Up-to-date symlink: /home/quan/thuc_hanh_tuan3/src/install/ur3_llm_control/local/lib/python3.10/dist-packages/ur3_llm_control/ur3_llm_control_s__rosidl_typesupport_fastrtps_c.cpython-310-x86_64-linux-gnu.so
[25.440s] -- Up-to-date symlink: /home/quan/thuc_hanh_tuan3/src/install/ur3_llm_control/local/lib/python3.10/dist-packages/ur3_llm_control/ur3_llm_control_s__rosidl_typesupport_introspection_c.cpython-310-x86_64-linux-gnu.so
[25.440s] -- Up-to-date symlink: /home/quan/thuc_hanh_tuan3/src/install/ur3_llm_control/local/lib/python3.10/dist-packages/ur3_llm_control/ur3_llm_control_s__rosidl_typesupport_fastrtps_c.cpython-310-x86_64-linux-gnu.so
[25.440s] -- Up-to-date symlink: /home/quan/thuc_hanh_tuan3/src/install/ur3_llm_control/local/lib/python3.10/dist-packages/ur3_llm_control/ur3_llm_control_s__rosidl_typesupport_introspection_c.cpython-310-x86_64-linux-gnu.so
[25.440s] -- Up-to-date symlink: /home/quan/thuc_hanh_tuan3/src/install/ur3_llm_control/local/lib/python3.10/dist-packages/ur3_llm_control/ur3_llm_control_s__rosidl_typesupport_c.cpython-310-x86_64-linux-gnu.so
[25.441s] -- Up-to-date symlink: /home/quan/thuc_hanh_tuan3/src/install/ur3_llm_control/share/ur3_llm_control/rust/Cargo.toml
[25.441s] -- Up-to-date symlink: /home/quan/thuc_hanh_tuan3/src/install/ur3_llm_control/share/ur3_llm_control/rust/build.rs
[25.441s] -- Up-to-date symlink: /home/quan/thuc_hanh_tuan3/src/install/ur3_llm_control/share/ur3_llm_control/rust/src/lib.rs
[25.441s] -- Up-to-date symlink: /home/quan/thuc_hanh_tuan3/src/install/ur3_llm_control/share/ur3_llm_control/rust/src/srv.rs
[25.441s] -- Up-to-date symlink: /home/quan/thuc_hanh_tuan3/src/install/ur3_llm_control/share/ur3_llm_control/rust/src/srv/rmw.rs
[25.441s] -- Up-to-date symlink: /home/quan/thuc_hanh_tuan3/src/install/ur3_llm_control/share/ur3_llm_control/srv/ExecuteSkill.idl
[25.441s] -- Up-to-date symlink: /home/quan/thuc_hanh_tuan3/src/install/ur3_llm_control/share/ur3_llm_control/srv/SetAttachment.idl
[25.442s] -- Up-to-date symlink: /home/quan/thuc_hanh_tuan3/src/install/ur3_llm_control/share/ur3_llm_control/srv/GetWorldState.idl
[25.442s] -- Up-to-date symlink: /home/quan/thuc_hanh_tuan3/src/install/ur3_llm_control/share/ur3_llm_control/srv/ExecuteSkill.srv
[25.442s] -- Up-to-date symlink: /home/quan/thuc_hanh_tuan3/src/install/ur3_llm_control/share/ur3_llm_control/srv/ExecuteSkill_Request.msg
[25.442s] -- Up-to-date symlink: /home/quan/thuc_hanh_tuan3/src/install/ur3_llm_control/share/ur3_llm_control/srv/ExecuteSkill_Response.msg
[25.443s] -- Up-to-date symlink: /home/quan/thuc_hanh_tuan3/src/install/ur3_llm_control/share/ur3_llm_control/srv/SetAttachment.srv
[25.443s] -- Up-to-date symlink: /home/quan/thuc_hanh_tuan3/src/install/ur3_llm_control/share/ur3_llm_control/srv/SetAttachment_Request.msg
[25.443s] -- Up-to-date symlink: /home/quan/thuc_hanh_tuan3/src/install/ur3_llm_control/share/ur3_llm_control/srv/SetAttachment_Response.msg
[25.443s] -- Up-to-date symlink: /home/quan/thuc_hanh_tuan3/src/install/ur3_llm_control/share/ur3_llm_control/srv/GetWorldState.srv
[25.443s] -- Up-to-date symlink: /home/quan/thuc_hanh_tuan3/src/install/ur3_llm_control/share/ur3_llm_control/srv/GetWorldState_Request.msg
[25.443s] -- Up-to-date symlink: /home/quan/thuc_hanh_tuan3/src/install/ur3_llm_control/share/ur3_llm_control/srv/GetWorldState_Response.msg
[25.443s] -- Up-to-date symlink: /home/quan/thuc_hanh_tuan3/src/install/ur3_llm_control/lib/ur3_llm_control/robot_skills
[25.443s] -- Up-to-date symlink: /home/quan/thuc_hanh_tuan3/src/install/ur3_llm_control/lib/libur3_physical_gripper.so
[25.444s] -- Up-to-date symlink: /home/quan/thuc_hanh_tuan3/src/install/ur3_llm_control/lib/ur3_llm_control/llm_planner.py
[25.444s] -- Up-to-date symlink: /home/quan/thuc_hanh_tuan3/src/install/ur3_llm_control/lib/ur3_llm_control/task_validator.py
[25.444s] -- Up-to-date symlink: /home/quan/thuc_hanh_tuan3/src/install/ur3_llm_control/lib/ur3_llm_control/skill_executor.py
[25.444s] -- Up-to-date symlink: /home/quan/thuc_hanh_tuan3/src/install/ur3_llm_control/lib/ur3_llm_control/task_manager.py
[25.444s] -- Up-to-date symlink: /home/quan/thuc_hanh_tuan3/src/install/ur3_llm_control/lib/ur3_llm_control/camera_state.py
[25.444s] -- Up-to-date symlink: /home/quan/thuc_hanh_tuan3/src/install/ur3_llm_control/lib/ur3_llm_control/demo_occupied_zone.py
[25.444s] -- Up-to-date symlink: /home/quan/thuc_hanh_tuan3/src/install/ur3_llm_control/lib/ur3_llm_control/demo_purple_zone.py
[25.444s] -- Up-to-date symlink: /home/quan/thuc_hanh_tuan3/src/install/ur3_llm_control/share/ur3_llm_control/launch/llm_robot.launch.py
[25.445s] -- Up-to-date symlink: /home/quan/thuc_hanh_tuan3/src/install/ur3_llm_control/share/ur3_llm_control/config/home_joints.yaml
[25.445s] -- Up-to-date symlink: /home/quan/thuc_hanh_tuan3/src/install/ur3_llm_control/share/ur3_llm_control/config/scene.yaml
[25.445s] -- Up-to-date symlink: /home/quan/thuc_hanh_tuan3/src/install/ur3_llm_control/share/ur3_llm_control/config/staging_joints.yaml
[25.445s] -- Up-to-date symlink: /home/quan/thuc_hanh_tuan3/src/install/ur3_llm_control/share/ur3_llm_control/config/student_config.yaml
[25.445s] -- Up-to-date symlink: /home/quan/thuc_hanh_tuan3/src/install/ur3_llm_control/share/ur3_llm_control/config/ur3e/default_kinematics.yaml
[25.445s] -- Up-to-date symlink: /home/quan/thuc_hanh_tuan3/src/install/ur3_llm_control/share/ur3_llm_control/config/ur3e/joint_limits.yaml
[25.446s] -- Up-to-date symlink: /home/quan/thuc_hanh_tuan3/src/install/ur3_llm_control/share/ur3_llm_control/config/ur3e/physical_parameters.yaml
[25.446s] -- Up-to-date symlink: /home/quan/thuc_hanh_tuan3/src/install/ur3_llm_control/share/ur3_llm_control/config/ur3e/visual_parameters.yaml
[25.446s] -- Up-to-date symlink: /home/quan/thuc_hanh_tuan3/src/install/ur3_llm_control/share/ur3_llm_control/config/ur_controllers.yaml
[25.446s] -- Up-to-date symlink: /home/quan/thuc_hanh_tuan3/src/install/ur3_llm_control/share/ur3_llm_control/prompt/planner_prompt.txt
[25.446s] -- Up-to-date symlink: /home/quan/thuc_hanh_tuan3/src/install/ur3_llm_control/share/ur3_llm_control/worlds/assignment2.world
[25.446s] -- Up-to-date symlink: /home/quan/thuc_hanh_tuan3/src/install/ur3_llm_control/share/ur3_llm_control/models/blue_cube/model.config
[25.446s] -- Up-to-date symlink: /home/quan/thuc_hanh_tuan3/src/install/ur3_llm_control/share/ur3_llm_control/models/blue_cube/model.sdf
[25.447s] -- Up-to-date symlink: /home/quan/thuc_hanh_tuan3/src/install/ur3_llm_control/share/ur3_llm_control/models/buffer/model.config
[25.447s] -- Up-to-date symlink: /home/quan/thuc_hanh_tuan3/src/install/ur3_llm_control/share/ur3_llm_control/models/buffer/model.sdf
[25.447s] -- Up-to-date symlink: /home/quan/thuc_hanh_tuan3/src/install/ur3_llm_control/share/ur3_llm_control/models/green_cube/model.config
[25.447s] -- Up-to-date symlink: /home/quan/thuc_hanh_tuan3/src/install/ur3_llm_control/share/ur3_llm_control/models/green_cube/model.sdf
[25.447s] -- Up-to-date symlink: /home/quan/thuc_hanh_tuan3/src/install/ur3_llm_control/share/ur3_llm_control/models/purple_cube/model.config
[25.447s] -- Up-to-date symlink: /home/quan/thuc_hanh_tuan3/src/install/ur3_llm_control/share/ur3_llm_control/models/purple_cube/model.sdf
[25.447s] -- Up-to-date symlink: /home/quan/thuc_hanh_tuan3/src/install/ur3_llm_control/share/ur3_llm_control/models/red_cube/model.config
[25.447s] -- Up-to-date symlink: /home/quan/thuc_hanh_tuan3/src/install/ur3_llm_control/share/ur3_llm_control/models/red_cube/model.sdf
[25.448s] -- Up-to-date symlink: /home/quan/thuc_hanh_tuan3/src/install/ur3_llm_control/share/ur3_llm_control/models/ur3_task_table/model.config
[25.448s] -- Up-to-date symlink: /home/quan/thuc_hanh_tuan3/src/install/ur3_llm_control/share/ur3_llm_control/models/ur3_task_table/model.sdf
[25.448s] -- Up-to-date symlink: /home/quan/thuc_hanh_tuan3/src/install/ur3_llm_control/share/ur3_llm_control/models/yellow_cube/model.config
[25.448s] -- Up-to-date symlink: /home/quan/thuc_hanh_tuan3/src/install/ur3_llm_control/share/ur3_llm_control/models/yellow_cube/model.sdf
[25.448s] -- Up-to-date symlink: /home/quan/thuc_hanh_tuan3/src/install/ur3_llm_control/share/ur3_llm_control/models/zone_a/model.config
[25.448s] -- Up-to-date symlink: /home/quan/thuc_hanh_tuan3/src/install/ur3_llm_control/share/ur3_llm_control/models/zone_a/model.sdf
[25.448s] -- Up-to-date symlink: /home/quan/thuc_hanh_tuan3/src/install/ur3_llm_control/share/ur3_llm_control/models/zone_b/model.config
[25.448s] -- Up-to-date symlink: /home/quan/thuc_hanh_tuan3/src/install/ur3_llm_control/share/ur3_llm_control/models/zone_b/model.sdf
[25.448s] -- Up-to-date symlink: /home/quan/thuc_hanh_tuan3/src/install/ur3_llm_control/share/ur3_llm_control/models/zone_c/model.config
[25.448s] -- Up-to-date symlink: /home/quan/thuc_hanh_tuan3/src/install/ur3_llm_control/share/ur3_llm_control/models/zone_c/model.sdf
[25.448s] -- Up-to-date symlink: /home/quan/thuc_hanh_tuan3/src/install/ur3_llm_control/share/ur3_llm_control/urdf/ur3e_with_gripper.urdf.xacro
[25.448s] -- Up-to-date symlink: /home/quan/thuc_hanh_tuan3/src/install/ur3_llm_control/share/ur3_llm_control/srdf/ur_robotiq.srdf.xacro
[25.448s] -- Up-to-date symlink: /home/quan/thuc_hanh_tuan3/src/install/ur3_llm_control/share/ament_index/resource_index/package_run_dependencies/ur3_llm_control
[25.449s] -- Up-to-date symlink: /home/quan/thuc_hanh_tuan3/src/install/ur3_llm_control/share/ament_index/resource_index/parent_prefix_path/ur3_llm_control
[25.449s] -- Up-to-date symlink: /home/quan/thuc_hanh_tuan3/src/install/ur3_llm_control/share/ur3_llm_control/environment/ament_prefix_path.sh
[25.449s] -- Up-to-date symlink: /home/quan/thuc_hanh_tuan3/src/install/ur3_llm_control/share/ur3_llm_control/environment/ament_prefix_path.dsv
[25.449s] -- Up-to-date symlink: /home/quan/thuc_hanh_tuan3/src/install/ur3_llm_control/share/ur3_llm_control/environment/path.sh
[25.449s] -- Up-to-date symlink: /home/quan/thuc_hanh_tuan3/src/install/ur3_llm_control/share/ur3_llm_control/environment/path.dsv
[25.449s] -- Up-to-date symlink: /home/quan/thuc_hanh_tuan3/src/install/ur3_llm_control/share/ur3_llm_control/local_setup.bash
[25.449s] -- Up-to-date symlink: /home/quan/thuc_hanh_tuan3/src/install/ur3_llm_control/share/ur3_llm_control/local_setup.sh
[25.449s] -- Up-to-date symlink: /home/quan/thuc_hanh_tuan3/src/install/ur3_llm_control/share/ur3_llm_control/local_setup.zsh
[25.449s] -- Up-to-date symlink: /home/quan/thuc_hanh_tuan3/src/install/ur3_llm_control/share/ur3_llm_control/local_setup.dsv
[25.449s] -- Symlinking: /home/quan/thuc_hanh_tuan3/src/install/ur3_llm_control/share/ur3_llm_control/package.dsv
[25.457s] -- Up-to-date symlink: /home/quan/thuc_hanh_tuan3/src/install/ur3_llm_control/share/ament_index/resource_index/packages/ur3_llm_control
[25.457s] -- Up-to-date symlink: /home/quan/thuc_hanh_tuan3/src/install/ur3_llm_control/share/ur3_llm_control/cmake/rosidl_cmake-extras.cmake
[25.457s] -- Up-to-date symlink: /home/quan/thuc_hanh_tuan3/src/install/ur3_llm_control/share/ur3_llm_control/cmake/ament_cmake_export_include_directories-extras.cmake
[25.458s] -- Up-to-date symlink: /home/quan/thuc_hanh_tuan3/src/install/ur3_llm_control/share/ur3_llm_control/cmake/ament_cmake_export_libraries-extras.cmake
[25.458s] -- Up-to-date symlink: /home/quan/thuc_hanh_tuan3/src/install/ur3_llm_control/share/ur3_llm_control/cmake/ament_cmake_export_targets-extras.cmake
[25.458s] -- Up-to-date symlink: /home/quan/thuc_hanh_tuan3/src/install/ur3_llm_control/share/ur3_llm_control/cmake/rosidl_cmake_export_typesupport_targets-extras.cmake
[25.458s] -- Up-to-date symlink: /home/quan/thuc_hanh_tuan3/src/install/ur3_llm_control/share/ur3_llm_control/cmake/ament_cmake_export_dependencies-extras.cmake
[25.458s] -- Up-to-date symlink: /home/quan/thuc_hanh_tuan3/src/install/ur3_llm_control/share/ur3_llm_control/cmake/rosidl_cmake_export_typesupport_libraries-extras.cmake
[25.458s] -- Up-to-date symlink: /home/quan/thuc_hanh_tuan3/src/install/ur3_llm_control/share/ur3_llm_control/cmake/rosidl_cmake_aggregate_target-extras.cmake
[25.458s] -- Up-to-date symlink: /home/quan/thuc_hanh_tuan3/src/install/ur3_llm_control/share/ur3_llm_control/cmake/ur3_llm_controlConfig.cmake
[25.458s] -- Up-to-date symlink: /home/quan/thuc_hanh_tuan3/src/install/ur3_llm_control/share/ur3_llm_control/cmake/ur3_llm_controlConfig-version.cmake
[25.458s] -- Up-to-date symlink: /home/quan/thuc_hanh_tuan3/src/install/ur3_llm_control/share/ur3_llm_control/package.xml
[25.459s] -- Up-to-date: /home/quan/thuc_hanh_tuan3/src/install/ur3_llm_control/lib/libur3_llm_control__rosidl_generator_c.so
[25.459s] -- Up-to-date: /home/quan/thuc_hanh_tuan3/src/install/ur3_llm_control/lib/libur3_llm_control__rosidl_typesupport_fastrtps_c.so
[25.459s] -- Up-to-date: /home/quan/thuc_hanh_tuan3/src/install/ur3_llm_control/lib/libur3_llm_control__rosidl_typesupport_fastrtps_cpp.so
[25.459s] -- Up-to-date: /home/quan/thuc_hanh_tuan3/src/install/ur3_llm_control/lib/libur3_llm_control__rosidl_typesupport_introspection_c.so
[25.459s] -- Up-to-date: /home/quan/thuc_hanh_tuan3/src/install/ur3_llm_control/lib/libur3_llm_control__rosidl_typesupport_c.so
[25.459s] -- Up-to-date: /home/quan/thuc_hanh_tuan3/src/install/ur3_llm_control/lib/libur3_llm_control__rosidl_typesupport_introspection_cpp.so
[25.459s] -- Up-to-date: /home/quan/thuc_hanh_tuan3/src/install/ur3_llm_control/lib/libur3_llm_control__rosidl_typesupport_cpp.so
[25.498s] Listing '/home/quan/thuc_hanh_tuan3/src/install/ur3_llm_control/local/lib/python3.10/dist-packages/ur3_llm_control'...
[25.498s] Listing '/home/quan/thuc_hanh_tuan3/src/install/ur3_llm_control/local/lib/python3.10/dist-packages/ur3_llm_control/srv'...
[25.505s] -- Up-to-date: /home/quan/thuc_hanh_tuan3/src/install/ur3_llm_control/lib/libur3_llm_control__rosidl_generator_py.so
[25.506s] -- Up-to-date: /home/quan/thuc_hanh_tuan3/src/install/ur3_llm_control/share/ur3_llm_control/cmake/export_ur3_llm_control__rosidl_generator_cExport.cmake
[25.506s] -- Up-to-date: /home/quan/thuc_hanh_tuan3/src/install/ur3_llm_control/share/ur3_llm_control/cmake/export_ur3_llm_control__rosidl_generator_cExport-noconfig.cmake
[25.506s] -- Up-to-date: /home/quan/thuc_hanh_tuan3/src/install/ur3_llm_control/share/ur3_llm_control/cmake/export_ur3_llm_control__rosidl_typesupport_fastrtps_cExport.cmake
[25.507s] -- Up-to-date: /home/quan/thuc_hanh_tuan3/src/install/ur3_llm_control/share/ur3_llm_control/cmake/export_ur3_llm_control__rosidl_typesupport_fastrtps_cExport-noconfig.cmake
[25.507s] -- Up-to-date: /home/quan/thuc_hanh_tuan3/src/install/ur3_llm_control/share/ur3_llm_control/cmake/export_ur3_llm_control__rosidl_generator_cppExport.cmake
[25.507s] -- Up-to-date: /home/quan/thuc_hanh_tuan3/src/install/ur3_llm_control/share/ur3_llm_control/cmake/export_ur3_llm_control__rosidl_typesupport_fastrtps_cppExport.cmake
[25.507s] -- Up-to-date: /home/quan/thuc_hanh_tuan3/src/install/ur3_llm_control/share/ur3_llm_control/cmake/export_ur3_llm_control__rosidl_typesupport_fastrtps_cppExport-noconfig.cmake
[25.507s] -- Up-to-date: /home/quan/thuc_hanh_tuan3/src/install/ur3_llm_control/share/ur3_llm_control/cmake/ur3_llm_control__rosidl_typesupport_introspection_cExport.cmake
[25.507s] -- Up-to-date: /home/quan/thuc_hanh_tuan3/src/install/ur3_llm_control/share/ur3_llm_control/cmake/ur3_llm_control__rosidl_typesupport_introspection_cExport-noconfig.cmake
[25.507s] -- Up-to-date: /home/quan/thuc_hanh_tuan3/src/install/ur3_llm_control/share/ur3_llm_control/cmake/ur3_llm_control__rosidl_typesupport_cExport.cmake
[25.507s] -- Up-to-date: /home/quan/thuc_hanh_tuan3/src/install/ur3_llm_control/share/ur3_llm_control/cmake/ur3_llm_control__rosidl_typesupport_cExport-noconfig.cmake
[25.507s] -- Up-to-date: /home/quan/thuc_hanh_tuan3/src/install/ur3_llm_control/share/ur3_llm_control/cmake/ur3_llm_control__rosidl_typesupport_introspection_cppExport.cmake
[25.507s] -- Up-to-date: /home/quan/thuc_hanh_tuan3/src/install/ur3_llm_control/share/ur3_llm_control/cmake/ur3_llm_control__rosidl_typesupport_introspection_cppExport-noconfig.cmake
[25.507s] -- Up-to-date: /home/quan/thuc_hanh_tuan3/src/install/ur3_llm_control/share/ur3_llm_control/cmake/ur3_llm_control__rosidl_typesupport_cppExport.cmake
[25.508s] -- Up-to-date: /home/quan/thuc_hanh_tuan3/src/install/ur3_llm_control/share/ur3_llm_control/cmake/ur3_llm_control__rosidl_typesupport_cppExport-noconfig.cmake
[25.508s] -- Up-to-date: /home/quan/thuc_hanh_tuan3/src/install/ur3_llm_control/share/ur3_llm_control/cmake/export_ur3_llm_control__rosidl_generator_pyExport.cmake
[25.508s] -- Up-to-date: /home/quan/thuc_hanh_tuan3/src/install/ur3_llm_control/share/ur3_llm_control/cmake/export_ur3_llm_control__rosidl_generator_pyExport-noconfig.cmake
[25.510s] Invoked command in '/home/quan/thuc_hanh_tuan3/src/build/ur3_llm_control' returned '0': AMENT_PREFIX_PATH=/home/quan/thuc_hanh_tuan3/src/install/ur_simulation_gazebo:/home/quan/thuc_hanh_tuan3/src/install/robotiq_description:${AMENT_PREFIX_PATH} CMAKE_PREFIX_PATH=/home/quan/thuc_hanh_tuan3/src/install/ur_simulation_gazebo:/home/quan/thuc_hanh_tuan3/src/install/robotiq_description:/home/quan/thuc_hanh_tuan3/install/ur3_llm_control:/home/quan/thuc_hanh_tuan3/install/ur_simulation_gazebo:/home/quan/thuc_hanh_tuan3/install/robotiq_description:/home/quan/ros2_ws/install/robot1:/home/quan/ros2_ws/install/robot:/home/quan/ros2_ws/install/msgs_test:/home/quan/ros2_ws/install/component_pkg:/home/quan/ros2_ws/src/msgs_test/install/msgs_test:/home/quan/ros2_ws/install/my_turtlesim:/home/quan/ros2_ws/install/my_robot_logic:/home/quan/ros2_ws/install/my_robot_controller:/home/quan/ros2_ws/install/lifecycle_pkg:/opt/ros/humble /usr/bin/cmake --install /home/quan/thuc_hanh_tuan3/src/build/ur3_llm_control
