[  1%] Built target ur3_llm_control__cpp
[ 11%] Built target ur3_llm_control__rosidl_generator_c
[ 13%] Built target ur3_llm_control__rs
[ 13%] Built target ament_cmake_python_symlink_ur3_llm_control
[ 32%] Built target ur3_llm_control__rosidl_typesupport_c
[ 32%] Built target ur3_llm_control__rosidl_typesupport_introspection_cpp
[ 42%] Built target ur3_llm_control__rosidl_typesupport_fastrtps_c
[ 51%] Built target ur3_llm_control__rosidl_typesupport_fastrtps_cpp
[ 71%] Built target ur3_llm_control__rosidl_typesupport_introspection_c
[ 71%] Built target ur3_llm_control__rosidl_typesupport_cpp
[ 71%] Built target ur3_llm_control
[ 73%] Built target ur3_llm_control__py
Consolidate compiler generated dependencies of target ur3_virtual_attachment
[ 76%] Built target robot_skills
[ 84%] Built target ur3_llm_control__rosidl_generator_py
[ 86%] Building CXX object CMakeFiles/ur3_virtual_attachment.dir/src/virtual_attachment.cpp.o
[ 94%] Built target ur3_llm_control__rosidl_typesupport_introspection_c__pyext
[ 94%] Built target ur3_llm_control__rosidl_typesupport_c__pyext
[ 98%] Built target ur3_llm_control__rosidl_typesupport_fastrtps_c__pyext
running egg_info
writing ur3_llm_control.egg-info/PKG-INFO
writing dependency_links to ur3_llm_control.egg-info/dependency_links.txt
writing top-level names to ur3_llm_control.egg-info/top_level.txt
reading manifest file 'ur3_llm_control.egg-info/SOURCES.txt'
writing manifest file 'ur3_llm_control.egg-info/SOURCES.txt'
[ 98%] Built target ament_cmake_python_build_ur3_llm_control_egg
/home/quan/thuc_hanh_tuan3/src/ur3_llm_control/src/virtual_attachment.cpp: In member function ‘std::pair<bool, std::__cxx11::basic_string<char> > gazebo::PhysicalGripper::Apply(const gazebo::PhysicalGripper::Job&)’:
/home/quan/thuc_hanh_tuan3/src/ur3_llm_control/src/virtual_attachment.cpp:89:56: error: ‘robot’ was not declared in this scope
   89 |       grasp_ = world_->Physics()->CreateJoint("fixed", robot);
      |                                                        ^~~~~
gmake[2]: *** [CMakeFiles/ur3_virtual_attachment.dir/build.make:76: CMakeFiles/ur3_virtual_attachment.dir/src/virtual_attachment.cpp.o] Error 1
gmake[1]: *** [CMakeFiles/Makefile2:643: CMakeFiles/ur3_virtual_attachment.dir/all] Error 2
gmake: *** [Makefile:146: all] Error 2
