[0.009s] Invoking command in '/home/quan/thuc_hanh_tuan3/src/build/robotiq_description': CMAKE_PREFIX_PATH=${CMAKE_PREFIX_PATH}:/home/quan/ros2_ws/install/my_turtlesim:/home/quan/ros2_ws/install/my_robot_logic:/home/quan/ros2_ws/install/my_robot_controller:/home/quan/ros2_ws/install/lifecycle_pkg:/opt/ros/humble /usr/bin/cmake /home/quan/thuc_hanh_tuan3/src/ros2_robotiq_gripper/robotiq_description -DAMENT_CMAKE_SYMLINK_INSTALL=1 -DCMAKE_INSTALL_PREFIX=/home/quan/thuc_hanh_tuan3/src/install/robotiq_description
[0.061s] -- The C compiler identification is GNU 11.4.0
[0.112s] -- The CXX compiler identification is GNU 11.4.0
[0.119s] -- Detecting C compiler ABI info
[0.197s] -- Detecting C compiler ABI info - done
[0.201s] -- Check for working C compiler: /usr/bin/cc - skipped
[0.202s] -- Detecting C compile features
[0.202s] -- Detecting C compile features - done
[0.204s] -- Detecting CXX compiler ABI info
[0.270s] -- Detecting CXX compiler ABI info - done
[0.275s] -- Check for working CXX compiler: /usr/bin/c++ - skipped
[0.275s] -- Detecting CXX compile features
[0.275s] -- Detecting CXX compile features - done
[0.278s] -- Found ament_cmake: 1.3.14 (/opt/ros/humble/share/ament_cmake/cmake)
[0.403s] -- Found Python3: /usr/bin/python3 (found version "3.10.12") found components: Interpreter 
[0.454s] -- Override CMake install command with custom implementation using symlinks instead of copying resources
[0.526s] -- Configuring done
[0.527s] -- Generating done
[0.528s] -- Build files have been written to: /home/quan/thuc_hanh_tuan3/src/build/robotiq_description
[0.532s] Invoked command in '/home/quan/thuc_hanh_tuan3/src/build/robotiq_description' returned '0': CMAKE_PREFIX_PATH=${CMAKE_PREFIX_PATH}:/home/quan/ros2_ws/install/my_turtlesim:/home/quan/ros2_ws/install/my_robot_logic:/home/quan/ros2_ws/install/my_robot_controller:/home/quan/ros2_ws/install/lifecycle_pkg:/opt/ros/humble /usr/bin/cmake /home/quan/thuc_hanh_tuan3/src/ros2_robotiq_gripper/robotiq_description -DAMENT_CMAKE_SYMLINK_INSTALL=1 -DCMAKE_INSTALL_PREFIX=/home/quan/thuc_hanh_tuan3/src/install/robotiq_description
[0.534s] Invoking command in '/home/quan/thuc_hanh_tuan3/src/build/robotiq_description': CMAKE_PREFIX_PATH=${CMAKE_PREFIX_PATH}:/home/quan/ros2_ws/install/my_turtlesim:/home/quan/ros2_ws/install/my_robot_logic:/home/quan/ros2_ws/install/my_robot_controller:/home/quan/ros2_ws/install/lifecycle_pkg:/opt/ros/humble /usr/bin/cmake --build /home/quan/thuc_hanh_tuan3/src/build/robotiq_description -- -j16 -l16
[0.572s] Invoked command in '/home/quan/thuc_hanh_tuan3/src/build/robotiq_description' returned '0': CMAKE_PREFIX_PATH=${CMAKE_PREFIX_PATH}:/home/quan/ros2_ws/install/my_turtlesim:/home/quan/ros2_ws/install/my_robot_logic:/home/quan/ros2_ws/install/my_robot_controller:/home/quan/ros2_ws/install/lifecycle_pkg:/opt/ros/humble /usr/bin/cmake --build /home/quan/thuc_hanh_tuan3/src/build/robotiq_description -- -j16 -l16
[0.583s] Invoking command in '/home/quan/thuc_hanh_tuan3/src/build/robotiq_description': CMAKE_PREFIX_PATH=${CMAKE_PREFIX_PATH}:/home/quan/ros2_ws/install/my_turtlesim:/home/quan/ros2_ws/install/my_robot_logic:/home/quan/ros2_ws/install/my_robot_controller:/home/quan/ros2_ws/install/lifecycle_pkg:/opt/ros/humble /usr/bin/cmake --install /home/quan/thuc_hanh_tuan3/src/build/robotiq_description
[0.590s] -- Install configuration: ""
[0.590s] -- Execute custom install script
[0.591s] -- Symlinking: /home/quan/thuc_hanh_tuan3/src/install/robotiq_description/share/robotiq_description/config/robotiq_controllers.yaml
[0.601s] -- Symlinking: /home/quan/thuc_hanh_tuan3/src/install/robotiq_description/share/robotiq_description/launch/robotiq_control.launch.py
[0.608s] -- Symlinking: /home/quan/thuc_hanh_tuan3/src/install/robotiq_description/share/robotiq_description/launch/view_gripper.launch.py
[0.617s] -- Symlinking: /home/quan/thuc_hanh_tuan3/src/install/robotiq_description/share/robotiq_description/meshes/collision/2f_140/robotiq_2f_140_base_link.stl
[0.624s] -- Symlinking: /home/quan/thuc_hanh_tuan3/src/install/robotiq_description/share/robotiq_description/meshes/collision/2f_140/robotiq_2f_140_coupling.stl
[0.634s] -- Symlinking: /home/quan/thuc_hanh_tuan3/src/install/robotiq_description/share/robotiq_description/meshes/collision/2f_140/robotiq_2f_140_inner_finger.stl
[0.640s] -- Symlinking: /home/quan/thuc_hanh_tuan3/src/install/robotiq_description/share/robotiq_description/meshes/collision/2f_140/robotiq_2f_140_inner_knuckle.stl
[0.649s] -- Symlinking: /home/quan/thuc_hanh_tuan3/src/install/robotiq_description/share/robotiq_description/meshes/collision/2f_140/robotiq_2f_140_outer_finger.stl
[0.657s] -- Symlinking: /home/quan/thuc_hanh_tuan3/src/install/robotiq_description/share/robotiq_description/meshes/collision/2f_140/robotiq_2f_140_outer_knuckle.stl
[0.666s] -- Symlinking: /home/quan/thuc_hanh_tuan3/src/install/robotiq_description/share/robotiq_description/meshes/collision/2f_85/left_finger.stl
[0.673s] -- Symlinking: /home/quan/thuc_hanh_tuan3/src/install/robotiq_description/share/robotiq_description/meshes/collision/2f_85/left_finger_tip.stl
[0.682s] -- Symlinking: /home/quan/thuc_hanh_tuan3/src/install/robotiq_description/share/robotiq_description/meshes/collision/2f_85/left_inner_knuckle.stl
[0.689s] -- Symlinking: /home/quan/thuc_hanh_tuan3/src/install/robotiq_description/share/robotiq_description/meshes/collision/2f_85/left_knuckle.stl
[0.699s] -- Symlinking: /home/quan/thuc_hanh_tuan3/src/install/robotiq_description/share/robotiq_description/meshes/collision/2f_85/right_finger.stl
[0.707s] -- Symlinking: /home/quan/thuc_hanh_tuan3/src/install/robotiq_description/share/robotiq_description/meshes/collision/2f_85/right_finger_tip.stl
[0.716s] -- Symlinking: /home/quan/thuc_hanh_tuan3/src/install/robotiq_description/share/robotiq_description/meshes/collision/2f_85/right_inner_knuckle.stl
[0.725s] -- Symlinking: /home/quan/thuc_hanh_tuan3/src/install/robotiq_description/share/robotiq_description/meshes/collision/2f_85/right_knuckle.stl
[0.734s] -- Symlinking: /home/quan/thuc_hanh_tuan3/src/install/robotiq_description/share/robotiq_description/meshes/collision/2f_85/robotiq_base.stl
[0.743s] -- Symlinking: /home/quan/thuc_hanh_tuan3/src/install/robotiq_description/share/robotiq_description/meshes/collision/2f_85/ur_to_robotiq_adapter.stl
[0.752s] -- Symlinking: /home/quan/thuc_hanh_tuan3/src/install/robotiq_description/share/robotiq_description/meshes/visual/2f_140/robotiq_2f_140_base_link.stl
[0.767s] -- Symlinking: /home/quan/thuc_hanh_tuan3/src/install/robotiq_description/share/robotiq_description/meshes/visual/2f_140/robotiq_2f_140_coupling.stl
[0.777s] -- Symlinking: /home/quan/thuc_hanh_tuan3/src/install/robotiq_description/share/robotiq_description/meshes/visual/2f_140/robotiq_2f_140_inner_finger.stl
[0.786s] -- Symlinking: /home/quan/thuc_hanh_tuan3/src/install/robotiq_description/share/robotiq_description/meshes/visual/2f_140/robotiq_2f_140_inner_knuckle.stl
[0.794s] -- Symlinking: /home/quan/thuc_hanh_tuan3/src/install/robotiq_description/share/robotiq_description/meshes/visual/2f_140/robotiq_2f_140_outer_finger.stl
[0.803s] -- Symlinking: /home/quan/thuc_hanh_tuan3/src/install/robotiq_description/share/robotiq_description/meshes/visual/2f_140/robotiq_2f_140_outer_knuckle.stl
[0.812s] -- Symlinking: /home/quan/thuc_hanh_tuan3/src/install/robotiq_description/share/robotiq_description/meshes/visual/2f_85/left_finger.dae
[0.819s] -- Symlinking: /home/quan/thuc_hanh_tuan3/src/install/robotiq_description/share/robotiq_description/meshes/visual/2f_85/left_finger_tip.dae
[0.828s] -- Symlinking: /home/quan/thuc_hanh_tuan3/src/install/robotiq_description/share/robotiq_description/meshes/visual/2f_85/left_inner_knuckle.dae
[0.837s] -- Symlinking: /home/quan/thuc_hanh_tuan3/src/install/robotiq_description/share/robotiq_description/meshes/visual/2f_85/left_knuckle.dae
[0.844s] -- Symlinking: /home/quan/thuc_hanh_tuan3/src/install/robotiq_description/share/robotiq_description/meshes/visual/2f_85/right_finger.dae
[0.854s] -- Symlinking: /home/quan/thuc_hanh_tuan3/src/install/robotiq_description/share/robotiq_description/meshes/visual/2f_85/right_finger_tip.dae
[0.861s] -- Symlinking: /home/quan/thuc_hanh_tuan3/src/install/robotiq_description/share/robotiq_description/meshes/visual/2f_85/right_inner_knuckle.dae
[0.869s] -- Symlinking: /home/quan/thuc_hanh_tuan3/src/install/robotiq_description/share/robotiq_description/meshes/visual/2f_85/right_knuckle.dae
[0.877s] -- Symlinking: /home/quan/thuc_hanh_tuan3/src/install/robotiq_description/share/robotiq_description/meshes/visual/2f_85/robotiq_base.dae
[0.887s] -- Symlinking: /home/quan/thuc_hanh_tuan3/src/install/robotiq_description/share/robotiq_description/meshes/visual/2f_85/ur_to_robotiq_adapter.dae
[0.894s] -- Symlinking: /home/quan/thuc_hanh_tuan3/src/install/robotiq_description/share/robotiq_description/rviz/view_urdf.rviz
[0.903s] -- Symlinking: /home/quan/thuc_hanh_tuan3/src/install/robotiq_description/share/robotiq_description/urdf/2f_140.ros2_control.xacro
[0.910s] -- Symlinking: /home/quan/thuc_hanh_tuan3/src/install/robotiq_description/share/robotiq_description/urdf/2f_85.ros2_control.xacro
[0.919s] -- Symlinking: /home/quan/thuc_hanh_tuan3/src/install/robotiq_description/share/robotiq_description/urdf/robotiq_2f_140.xacro
[0.926s] -- Symlinking: /home/quan/thuc_hanh_tuan3/src/install/robotiq_description/share/robotiq_description/urdf/robotiq_2f_140_gripper.urdf.xacro
[0.937s] -- Symlinking: /home/quan/thuc_hanh_tuan3/src/install/robotiq_description/share/robotiq_description/urdf/robotiq_2f_140_macro.urdf.xacro
[0.948s] -- Symlinking: /home/quan/thuc_hanh_tuan3/src/install/robotiq_description/share/robotiq_description/urdf/robotiq_2f_85_gripper.urdf.xacro
[0.957s] -- Symlinking: /home/quan/thuc_hanh_tuan3/src/install/robotiq_description/share/robotiq_description/urdf/robotiq_2f_85_macro.urdf.xacro
[0.966s] -- Symlinking: /home/quan/thuc_hanh_tuan3/src/install/robotiq_description/share/robotiq_description/urdf/ur_to_robotiq_adapter.urdf.xacro
[0.974s] -- Symlinking: /home/quan/thuc_hanh_tuan3/src/install/robotiq_description/share/ament_index/resource_index/package_run_dependencies/robotiq_description
[0.983s] -- Symlinking: /home/quan/thuc_hanh_tuan3/src/install/robotiq_description/share/ament_index/resource_index/parent_prefix_path/robotiq_description
[0.991s] -- Symlinking: /home/quan/thuc_hanh_tuan3/src/install/robotiq_description/share/robotiq_description/environment/ament_prefix_path.sh
[1.000s] -- Symlinking: /home/quan/thuc_hanh_tuan3/src/install/robotiq_description/share/robotiq_description/environment/ament_prefix_path.dsv
[1.007s] -- Symlinking: /home/quan/thuc_hanh_tuan3/src/install/robotiq_description/share/robotiq_description/environment/path.sh
[1.016s] -- Symlinking: /home/quan/thuc_hanh_tuan3/src/install/robotiq_description/share/robotiq_description/environment/path.dsv
[1.023s] -- Symlinking: /home/quan/thuc_hanh_tuan3/src/install/robotiq_description/share/robotiq_description/local_setup.bash
[1.032s] -- Symlinking: /home/quan/thuc_hanh_tuan3/src/install/robotiq_description/share/robotiq_description/local_setup.sh
[1.039s] -- Symlinking: /home/quan/thuc_hanh_tuan3/src/install/robotiq_description/share/robotiq_description/local_setup.zsh
[1.048s] -- Symlinking: /home/quan/thuc_hanh_tuan3/src/install/robotiq_description/share/robotiq_description/local_setup.dsv
[1.054s] -- Symlinking: /home/quan/thuc_hanh_tuan3/src/install/robotiq_description/share/robotiq_description/package.dsv
[1.063s] -- Symlinking: /home/quan/thuc_hanh_tuan3/src/install/robotiq_description/share/ament_index/resource_index/packages/robotiq_description
[1.070s] -- Symlinking: /home/quan/thuc_hanh_tuan3/src/install/robotiq_description/share/robotiq_description/cmake/robotiq_descriptionConfig.cmake
[1.076s] -- Symlinking: /home/quan/thuc_hanh_tuan3/src/install/robotiq_description/share/robotiq_description/cmake/robotiq_descriptionConfig-version.cmake
[1.084s] -- Symlinking: /home/quan/thuc_hanh_tuan3/src/install/robotiq_description/share/robotiq_description/package.xml
[1.095s] Invoked command in '/home/quan/thuc_hanh_tuan3/src/build/robotiq_description' returned '0': CMAKE_PREFIX_PATH=${CMAKE_PREFIX_PATH}:/home/quan/ros2_ws/install/my_turtlesim:/home/quan/ros2_ws/install/my_robot_logic:/home/quan/ros2_ws/install/my_robot_controller:/home/quan/ros2_ws/install/lifecycle_pkg:/opt/ros/humble /usr/bin/cmake --install /home/quan/thuc_hanh_tuan3/src/build/robotiq_description
