[0.012s] Invoking command in '/home/quan/thuc_hanh_tuan3/build/ur3_llm_control': AMENT_PREFIX_PATH=/home/quan/thuc_hanh_tuan3/install/ur_simulation_gazebo:/home/quan/thuc_hanh_tuan3/install/robotiq_description:${AMENT_PREFIX_PATH} CMAKE_PREFIX_PATH=/home/quan/thuc_hanh_tuan3/install/ur_simulation_gazebo:/home/quan/thuc_hanh_tuan3/install/robotiq_description:/home/quan/ros2_ws/install/robot1:/home/quan/ros2_ws/install/robot:/home/quan/ros2_ws/install/msgs_test:/home/quan/ros2_ws/install/component_pkg:/home/quan/ros2_ws/src/msgs_test/install/msgs_test:/home/quan/ros2_ws/install/my_turtlesim:/home/quan/ros2_ws/install/my_robot_logic:/home/quan/ros2_ws/install/my_robot_controller:/home/quan/ros2_ws/install/lifecycle_pkg:/opt/ros/humble /usr/bin/cmake --build /home/quan/thuc_hanh_tuan3/build/ur3_llm_control -- -j16 -l16
[0.041s] -- Found ament_cmake: 1.3.14 (/opt/ros/humble/share/ament_cmake/cmake)
[0.150s] -- Override CMake install command with custom implementation using symlinks instead of copying resources
[0.157s] -- Found rclcpp: 16.0.21 (/opt/ros/humble/share/rclcpp/cmake)
[0.178s] -- Found rosidl_generator_c: 3.1.9 (/opt/ros/humble/share/rosidl_generator_c/cmake)
[0.179s] -- Found rosidl_adapter: 3.1.9 (/opt/ros/humble/share/rosidl_adapter/cmake)
[0.183s] -- Found rosidl_generator_cpp: 3.1.9 (/opt/ros/humble/share/rosidl_generator_cpp/cmake)
[0.190s] -- Using all available rosidl_typesupport_c: rosidl_typesupport_fastrtps_c;rosidl_typesupport_introspection_c
[0.199s] -- Using all available rosidl_typesupport_cpp: rosidl_typesupport_fastrtps_cpp;rosidl_typesupport_introspection_cpp
[0.222s] -- Found rmw_implementation_cmake: 6.1.4 (/opt/ros/humble/share/rmw_implementation_cmake/cmake)
[0.223s] -- Found rmw_fastrtps_cpp: 6.2.10 (/opt/ros/humble/share/rmw_fastrtps_cpp/cmake)
[0.305s] -- Using RMW implementation 'rmw_fastrtps_cpp' as default
[0.339s] -- Found rosidl_default_generators: 1.2.1 (/opt/ros/humble/share/rosidl_default_generators/cmake)
[0.346s] -- Found geometry_msgs: 4.9.2 (/opt/ros/humble/share/geometry_msgs/cmake)
[0.355s] -- Found sensor_msgs: 4.9.2 (/opt/ros/humble/share/sensor_msgs/cmake)
[0.367s] -- Found moveit_ros_planning_interface: 2.5.10 (/opt/ros/humble/share/moveit_ros_planning_interface/cmake)
[0.375s] -- Found Boost: /usr/lib/x86_64-linux-gnu/cmake/Boost-1.74.0/BoostConfig.cmake (found version "1.74.0") found components: date_time filesystem program_options system thread 
[0.468s] -- Found Boost: /usr/lib/x86_64-linux-gnu/cmake/Boost-1.74.0/BoostConfig.cmake (found version "1.74.0") found components: chrono date_time filesystem iostreams program_options regex serialization system thread 
[0.486s] -- Found tcb_span: 1.3.2 (/opt/ros/humble/share/tcb_span/cmake)
[0.487s] -- Found rclcpp_lifecycle: 16.0.21 (/opt/ros/humble/share/rclcpp_lifecycle/cmake)
[0.499s] -- Found parameter_traits: 0.7.6 (/opt/ros/humble/share/parameter_traits/cmake)
[0.528s] -- library: /usr/lib/x86_64-linux-gnu/libcurl.so
[0.548s] -- Ensuring Eigen3 include directory is part of orocos-kdl CMake target
[0.620s] -- Found Boost: /usr/lib/x86_64-linux-gnu/cmake/Boost-1.74.0/BoostConfig.cmake (found version "1.74.0") found components: system filesystem date_time program_options thread chrono 
[0.638s] -- Found Boost: /usr/lib/x86_64-linux-gnu/cmake/Boost-1.74.0/BoostConfig.cmake (found version "1.74.0") found components: thread system filesystem regex date_time program_options 
[0.651s] -- Found Boost: /usr/lib/x86_64-linux-gnu/cmake/Boost-1.74.0/BoostConfig.cmake (found version "1.74.0") found components: system filesystem date_time program_options thread 
[0.667s] -- Found gazebo_dev: 3.9.0 (/opt/ros/humble/share/gazebo_dev/cmake)
[0.691s] -- Found DART: /usr/include (Required is at least version "6.6") found components: dart 
[0.701s] -- Found Boost: /usr/lib/x86_64-linux-gnu/cmake/Boost-1.74.0/BoostConfig.cmake (found suitable version "1.74.0", minimum required is "1.40.0") found components: thread system filesystem program_options regex iostreams date_time 
[0.708s] -- Found Protobuf: /usr/lib/x86_64-linux-gnu/libprotobuf.so (found version "3.12.4") 
[0.709s] -- Looking for ignition-math6 -- found version 6.16.0
[0.714s] -- Searching for dependencies of ignition-math6
[0.715s] -- Looking for OGRE...
[0.721s] -- Found Ogre Ghadamon (1.9.0)
[0.721s] -- Found OGRE: optimized;/usr/lib/x86_64-linux-gnu/libOgreMain.so;debug;/usr/lib/x86_64-linux-gnu/libOgreMain.so
[0.732s] -- Looking for OGRE_Paging...
[0.732s] -- Found OGRE_Paging: optimized;/usr/lib/x86_64-linux-gnu/libOgrePaging.so;debug;/usr/lib/x86_64-linux-gnu/libOgrePaging.so
[0.732s] -- Looking for OGRE_Terrain...
[0.732s] -- Found OGRE_Terrain: optimized;/usr/lib/x86_64-linux-gnu/libOgreTerrain.so;debug;/usr/lib/x86_64-linux-gnu/libOgreTerrain.so
[0.732s] -- Looking for OGRE_Property...
[0.732s] -- Found OGRE_Property: optimized;/usr/lib/x86_64-linux-gnu/libOgreProperty.so;debug;/usr/lib/x86_64-linux-gnu/libOgreProperty.so
[0.732s] -- Looking for OGRE_RTShaderSystem...
[0.732s] -- Found OGRE_RTShaderSystem: optimized;/usr/lib/x86_64-linux-gnu/libOgreRTShaderSystem.so;debug;/usr/lib/x86_64-linux-gnu/libOgreRTShaderSystem.so
[0.732s] -- Looking for OGRE_Volume...
[0.732s] -- Found OGRE_Volume: optimized;/usr/lib/x86_64-linux-gnu/libOgreVolume.so;debug;/usr/lib/x86_64-linux-gnu/libOgreVolume.so
[0.732s] -- Looking for OGRE_Overlay...
[0.732s] -- Found OGRE_Overlay: optimized;/usr/lib/x86_64-linux-gnu/libOgreOverlay.so;debug;/usr/lib/x86_64-linux-gnu/libOgreOverlay.so
[0.816s] -- Looking for ignition-math6 -- found version 6.16.0
[0.816s] -- Looking for ignition-transport8 -- found version 8.2.1
[0.817s] -- Searching for dependencies of ignition-transport8
[0.831s] -- Found Protobuf: /usr/lib/x86_64-linux-gnu/libprotobuf.so (found suitable version "3.12.4", minimum required is "3") 
[0.840s] -- Config-file not installed for ZeroMQ -- checking for pkg-config
[0.845s] -- Checking for module 'libzmq >= 4'
[0.859s] --   Found libzmq , version 4.3.4
[0.920s] -- Checking for module 'uuid'
[0.941s] --   Found uuid, version 2.37.2
[0.996s] -- Looking for ignition-msgs5 -- found version 5.8.1
[0.997s] -- Searching for dependencies of ignition-msgs5
[1.013s] -- Looking for ignition-math6 -- found version 6.16.0
[1.019s] -- Looking for ignition-msgs5 -- found version 5.8.1
[1.020s] -- Looking for ignition-common3 -- found version 3.14.0
[1.020s] -- Searching for dependencies of ignition-common3
[1.020s] -- Looking for dlfcn.h - found
[1.020s] -- Looking for libdl - found
[1.030s] -- Searching for <ignition-common3> component [graphics]
[1.030s] -- Looking for ignition-common3-graphics -- found version 3.14.0
[1.031s] -- Searching for dependencies of ignition-common3-graphics
[1.031s] -- Looking for ignition-math6 -- found version 6.16.0
[1.032s] -- Looking for ignition-fuel_tools4 -- found version 4.4.0
[1.032s] -- Searching for dependencies of ignition-fuel_tools4
[1.069s] -- Checking for module 'jsoncpp'
[1.092s] --   Found jsoncpp, version 1.9.5
[1.158s] -- Checking for module 'libzip'
[1.177s] --   Found libzip, version 1.7.3
[1.238s] -- Looking for ignition-common3 -- found version 3.14.0
[1.239s] -- Looking for ignition-math6 -- found version 6.16.0
[1.239s] -- Looking for ignition-msgs5 -- found version 5.8.1
[1.241s] -- Gazebo version: 11.10
[1.241s] -- Found gazebo_ros: 3.9.0 (/opt/ros/humble/share/gazebo_ros/cmake)
[1.431s] -- Found ament_cmake_ros: 0.10.1 (/opt/ros/humble/share/ament_cmake_ros/cmake)
[1.669s] -- Using all available rosidl_typesupport_c: rosidl_typesupport_fastrtps_c;rosidl_typesupport_introspection_c
[1.761s] -- Using all available rosidl_typesupport_cpp: rosidl_typesupport_fastrtps_cpp;rosidl_typesupport_introspection_cpp
[1.784s] -- Found python_cmake_module: 0.10.0 (/opt/ros/humble/share/python_cmake_module/cmake)
[1.806s] -- Using PYTHON_EXECUTABLE: /usr/bin/python3
[1.806s] -- Using PYTHON_INCLUDE_DIRS: /usr/include/python3.10
[1.806s] -- Using PYTHON_LIBRARIES: /usr/lib/x86_64-linux-gnu/libpython3.10.so
[1.872s] CMake Deprecation Warning at /opt/ros/humble/share/rosidl_cmake/cmake/rosidl_target_interfaces.cmake:32 (message):
[1.873s]   Use rosidl_get_typesupport_target() and target_link_libraries() instead of
[1.873s]   rosidl_target_interfaces()
[1.873s] Call Stack (most recent call first):
[1.873s]   CMakeLists.txt:27 (rosidl_target_interfaces)
[1.873s] 
[1.873s] 
[1.876s] CMake Deprecation Warning at /opt/ros/humble/share/rosidl_cmake/cmake/rosidl_target_interfaces.cmake:32 (message):
[1.877s]   Use rosidl_get_typesupport_target() and target_link_libraries() instead of
[1.877s]   rosidl_target_interfaces()
[1.877s] Call Stack (most recent call first):
[1.877s]   CMakeLists.txt:32 (rosidl_target_interfaces)
[1.877s] 
[1.877s] 
[1.884s] -- Configuring done
[1.930s] -- Generating done
[1.942s] -- Build files have been written to: /home/quan/thuc_hanh_tuan3/build/ur3_llm_control
[1.975s] Consolidate compiler generated dependencies of target ur3_llm_control__rosidl_generator_c
[1.985s] [  1%] Built target ur3_llm_control__rs
[1.986s] [  3%] Built target ur3_llm_control__cpp
[1.989s] [ 13%] Built target ur3_llm_control__rosidl_generator_c
[1.993s] [ 13%] Built target ament_cmake_python_symlink_ur3_llm_control
[1.999s] Consolidate compiler generated dependencies of target ur3_llm_control__rosidl_typesupport_introspection_cpp
[1.999s] Consolidate compiler generated dependencies of target ur3_llm_control__rosidl_typesupport_fastrtps_cpp
[2.001s] Consolidate compiler generated dependencies of target ur3_llm_control__rosidl_typesupport_introspection_c
[2.004s] Consolidate compiler generated dependencies of target ur3_llm_control__rosidl_typesupport_cpp
[2.004s] Consolidate compiler generated dependencies of target ur3_llm_control__rosidl_typesupport_c
[2.006s] Consolidate compiler generated dependencies of target ur3_llm_control__rosidl_typesupport_fastrtps_c
[2.009s] [ 23%] Built target ur3_llm_control__rosidl_typesupport_introspection_cpp
[2.011s] [ 32%] Built target ur3_llm_control__rosidl_typesupport_introspection_c
[2.014s] [ 50%] Built target ur3_llm_control__rosidl_typesupport_c
[2.015s] [ 51%] Built target ur3_llm_control__rosidl_typesupport_fastrtps_cpp
[2.017s] [ 61%] Built target ur3_llm_control__rosidl_typesupport_cpp
[2.019s] [ 71%] Built target ur3_llm_control__rosidl_typesupport_fastrtps_c
[2.040s] [ 71%] Built target ur3_llm_control
[2.060s] Consolidate compiler generated dependencies of target robot_skills
[2.061s] [ 73%] Built target ur3_llm_control__py
[2.065s] Consolidate compiler generated dependencies of target ur3_physical_gripper
[2.076s] Consolidate compiler generated dependencies of target ur3_llm_control__rosidl_generator_py
[2.076s] [ 76%] Built target robot_skills
[2.083s] [ 80%] Built target ur3_physical_gripper
[2.088s] [ 88%] Built target ur3_llm_control__rosidl_generator_py
[2.101s] Consolidate compiler generated dependencies of target ur3_llm_control__rosidl_typesupport_introspection_c__pyext
[2.101s] Consolidate compiler generated dependencies of target ur3_llm_control__rosidl_typesupport_c__pyext
[2.101s] Consolidate compiler generated dependencies of target ur3_llm_control__rosidl_typesupport_fastrtps_c__pyext
[2.114s] [100%] Built target ur3_llm_control__rosidl_typesupport_fastrtps_c__pyext
[2.115s] [100%] Built target ur3_llm_control__rosidl_typesupport_c__pyext
[2.115s] [100%] Built target ur3_llm_control__rosidl_typesupport_introspection_c__pyext
[2.196s] running egg_info
[2.196s] writing ur3_llm_control.egg-info/PKG-INFO
[2.197s] writing dependency_links to ur3_llm_control.egg-info/dependency_links.txt
[2.197s] writing top-level names to ur3_llm_control.egg-info/top_level.txt
[2.199s] reading manifest file 'ur3_llm_control.egg-info/SOURCES.txt'
[2.199s] writing manifest file 'ur3_llm_control.egg-info/SOURCES.txt'
[2.222s] [100%] Built target ament_cmake_python_build_ur3_llm_control_egg
[2.233s] Invoked command in '/home/quan/thuc_hanh_tuan3/build/ur3_llm_control' returned '0': AMENT_PREFIX_PATH=/home/quan/thuc_hanh_tuan3/install/ur_simulation_gazebo:/home/quan/thuc_hanh_tuan3/install/robotiq_description:${AMENT_PREFIX_PATH} CMAKE_PREFIX_PATH=/home/quan/thuc_hanh_tuan3/install/ur_simulation_gazebo:/home/quan/thuc_hanh_tuan3/install/robotiq_description:/home/quan/ros2_ws/install/robot1:/home/quan/ros2_ws/install/robot:/home/quan/ros2_ws/install/msgs_test:/home/quan/ros2_ws/install/component_pkg:/home/quan/ros2_ws/src/msgs_test/install/msgs_test:/home/quan/ros2_ws/install/my_turtlesim:/home/quan/ros2_ws/install/my_robot_logic:/home/quan/ros2_ws/install/my_robot_controller:/home/quan/ros2_ws/install/lifecycle_pkg:/opt/ros/humble /usr/bin/cmake --build /home/quan/thuc_hanh_tuan3/build/ur3_llm_control -- -j16 -l16
[2.241s] Invoking command in '/home/quan/thuc_hanh_tuan3/build/ur3_llm_control': AMENT_PREFIX_PATH=/home/quan/thuc_hanh_tuan3/install/ur_simulation_gazebo:/home/quan/thuc_hanh_tuan3/install/robotiq_description:${AMENT_PREFIX_PATH} CMAKE_PREFIX_PATH=/home/quan/thuc_hanh_tuan3/install/ur_simulation_gazebo:/home/quan/thuc_hanh_tuan3/install/robotiq_description:/home/quan/ros2_ws/install/robot1:/home/quan/ros2_ws/install/robot:/home/quan/ros2_ws/install/msgs_test:/home/quan/ros2_ws/install/component_pkg:/home/quan/ros2_ws/src/msgs_test/install/msgs_test:/home/quan/ros2_ws/install/my_turtlesim:/home/quan/ros2_ws/install/my_robot_logic:/home/quan/ros2_ws/install/my_robot_controller:/home/quan/ros2_ws/install/lifecycle_pkg:/opt/ros/humble /usr/bin/cmake --install /home/quan/thuc_hanh_tuan3/build/ur3_llm_control
[2.249s] -- Install configuration: ""
[2.250s] -- Execute custom install script
[2.251s] -- Up-to-date symlink: /home/quan/thuc_hanh_tuan3/install/ur3_llm_control/share/ament_index/resource_index/rosidl_interfaces/ur3_llm_control
[2.251s] -- Up-to-date symlink: /home/quan/thuc_hanh_tuan3/install/ur3_llm_control/include/ur3_llm_control/ur3_llm_control/msg/rosidl_generator_c__visibility_control.h
[2.251s] -- Up-to-date symlink: /home/quan/thuc_hanh_tuan3/install/ur3_llm_control/include/ur3_llm_control/ur3_llm_control/srv/detail/execute_skill__functions.h
[2.252s] -- Up-to-date symlink: /home/quan/thuc_hanh_tuan3/install/ur3_llm_control/include/ur3_llm_control/ur3_llm_control/srv/detail/execute_skill__struct.h
[2.252s] -- Up-to-date symlink: /home/quan/thuc_hanh_tuan3/install/ur3_llm_control/include/ur3_llm_control/ur3_llm_control/srv/detail/execute_skill__type_support.h
[2.252s] -- Up-to-date symlink: /home/quan/thuc_hanh_tuan3/install/ur3_llm_control/include/ur3_llm_control/ur3_llm_control/srv/detail/get_world_state__functions.h
[2.252s] -- Up-to-date symlink: /home/quan/thuc_hanh_tuan3/install/ur3_llm_control/include/ur3_llm_control/ur3_llm_control/srv/detail/get_world_state__struct.h
[2.252s] -- Up-to-date symlink: /home/quan/thuc_hanh_tuan3/install/ur3_llm_control/include/ur3_llm_control/ur3_llm_control/srv/detail/get_world_state__type_support.h
[2.252s] -- Up-to-date symlink: /home/quan/thuc_hanh_tuan3/install/ur3_llm_control/include/ur3_llm_control/ur3_llm_control/srv/detail/set_attachment__functions.h
[2.252s] -- Up-to-date symlink: /home/quan/thuc_hanh_tuan3/install/ur3_llm_control/include/ur3_llm_control/ur3_llm_control/srv/detail/set_attachment__struct.h
[2.252s] -- Up-to-date symlink: /home/quan/thuc_hanh_tuan3/install/ur3_llm_control/include/ur3_llm_control/ur3_llm_control/srv/detail/set_attachment__type_support.h
[2.253s] -- Up-to-date symlink: /home/quan/thuc_hanh_tuan3/install/ur3_llm_control/include/ur3_llm_control/ur3_llm_control/srv/execute_skill.h
[2.253s] -- Up-to-date symlink: /home/quan/thuc_hanh_tuan3/install/ur3_llm_control/include/ur3_llm_control/ur3_llm_control/srv/get_world_state.h
[2.254s] -- Up-to-date symlink: /home/quan/thuc_hanh_tuan3/install/ur3_llm_control/include/ur3_llm_control/ur3_llm_control/srv/set_attachment.h
[2.254s] -- Up-to-date symlink: /home/quan/thuc_hanh_tuan3/install/ur3_llm_control/share/ur3_llm_control/environment/library_path.sh
[2.255s] -- Up-to-date symlink: /home/quan/thuc_hanh_tuan3/install/ur3_llm_control/share/ur3_llm_control/environment/library_path.dsv
[2.255s] -- Up-to-date symlink: /home/quan/thuc_hanh_tuan3/install/ur3_llm_control/include/ur3_llm_control/ur3_llm_control/msg/rosidl_typesupport_fastrtps_c__visibility_control.h
[2.256s] -- Up-to-date symlink: /home/quan/thuc_hanh_tuan3/install/ur3_llm_control/include/ur3_llm_control/ur3_llm_control/srv/detail/execute_skill__rosidl_typesupport_fastrtps_c.h
[2.256s] -- Up-to-date symlink: /home/quan/thuc_hanh_tuan3/install/ur3_llm_control/include/ur3_llm_control/ur3_llm_control/srv/detail/get_world_state__rosidl_typesupport_fastrtps_c.h
[2.256s] -- Up-to-date symlink: /home/quan/thuc_hanh_tuan3/install/ur3_llm_control/include/ur3_llm_control/ur3_llm_control/srv/detail/set_attachment__rosidl_typesupport_fastrtps_c.h
[2.256s] -- Up-to-date symlink: /home/quan/thuc_hanh_tuan3/install/ur3_llm_control/include/ur3_llm_control/ur3_llm_control/msg/rosidl_generator_cpp__visibility_control.hpp
[2.257s] -- Up-to-date symlink: /home/quan/thuc_hanh_tuan3/install/ur3_llm_control/include/ur3_llm_control/ur3_llm_control/srv/detail/execute_skill__builder.hpp
[2.257s] -- Up-to-date symlink: /home/quan/thuc_hanh_tuan3/install/ur3_llm_control/include/ur3_llm_control/ur3_llm_control/srv/detail/execute_skill__struct.hpp
[2.257s] -- Up-to-date symlink: /home/quan/thuc_hanh_tuan3/install/ur3_llm_control/include/ur3_llm_control/ur3_llm_control/srv/detail/execute_skill__traits.hpp
[2.257s] -- Up-to-date symlink: /home/quan/thuc_hanh_tuan3/install/ur3_llm_control/include/ur3_llm_control/ur3_llm_control/srv/detail/execute_skill__type_support.hpp
[2.257s] -- Up-to-date symlink: /home/quan/thuc_hanh_tuan3/install/ur3_llm_control/include/ur3_llm_control/ur3_llm_control/srv/detail/get_world_state__builder.hpp
[2.258s] -- Up-to-date symlink: /home/quan/thuc_hanh_tuan3/install/ur3_llm_control/include/ur3_llm_control/ur3_llm_control/srv/detail/get_world_state__struct.hpp
[2.258s] -- Up-to-date symlink: /home/quan/thuc_hanh_tuan3/install/ur3_llm_control/include/ur3_llm_control/ur3_llm_control/srv/detail/get_world_state__traits.hpp
[2.258s] -- Up-to-date symlink: /home/quan/thuc_hanh_tuan3/install/ur3_llm_control/include/ur3_llm_control/ur3_llm_control/srv/detail/get_world_state__type_support.hpp
[2.258s] -- Up-to-date symlink: /home/quan/thuc_hanh_tuan3/install/ur3_llm_control/include/ur3_llm_control/ur3_llm_control/srv/detail/set_attachment__builder.hpp
[2.258s] -- Up-to-date symlink: /home/quan/thuc_hanh_tuan3/install/ur3_llm_control/include/ur3_llm_control/ur3_llm_control/srv/detail/set_attachment__struct.hpp
[2.258s] -- Up-to-date symlink: /home/quan/thuc_hanh_tuan3/install/ur3_llm_control/include/ur3_llm_control/ur3_llm_control/srv/detail/set_attachment__traits.hpp
[2.259s] -- Up-to-date symlink: /home/quan/thuc_hanh_tuan3/install/ur3_llm_control/include/ur3_llm_control/ur3_llm_control/srv/detail/set_attachment__type_support.hpp
[2.259s] -- Up-to-date symlink: /home/quan/thuc_hanh_tuan3/install/ur3_llm_control/include/ur3_llm_control/ur3_llm_control/srv/execute_skill.hpp
[2.259s] -- Up-to-date symlink: /home/quan/thuc_hanh_tuan3/install/ur3_llm_control/include/ur3_llm_control/ur3_llm_control/srv/get_world_state.hpp
[2.259s] -- Up-to-date symlink: /home/quan/thuc_hanh_tuan3/install/ur3_llm_control/include/ur3_llm_control/ur3_llm_control/srv/set_attachment.hpp
[2.259s] -- Up-to-date symlink: /home/quan/thuc_hanh_tuan3/install/ur3_llm_control/include/ur3_llm_control/ur3_llm_control/msg/rosidl_typesupport_fastrtps_cpp__visibility_control.h
[2.259s] -- Up-to-date symlink: /home/quan/thuc_hanh_tuan3/install/ur3_llm_control/include/ur3_llm_control/ur3_llm_control/srv/detail/execute_skill__rosidl_typesupport_fastrtps_cpp.hpp
[2.259s] -- Up-to-date symlink: /home/quan/thuc_hanh_tuan3/install/ur3_llm_control/include/ur3_llm_control/ur3_llm_control/srv/detail/get_world_state__rosidl_typesupport_fastrtps_cpp.hpp
[2.259s] -- Up-to-date symlink: /home/quan/thuc_hanh_tuan3/install/ur3_llm_control/include/ur3_llm_control/ur3_llm_control/srv/detail/set_attachment__rosidl_typesupport_fastrtps_cpp.hpp
[2.259s] -- Up-to-date symlink: /home/quan/thuc_hanh_tuan3/install/ur3_llm_control/include/ur3_llm_control/ur3_llm_control/msg/rosidl_typesupport_introspection_c__visibility_control.h
[2.260s] -- Up-to-date symlink: /home/quan/thuc_hanh_tuan3/install/ur3_llm_control/include/ur3_llm_control/ur3_llm_control/srv/detail/execute_skill__rosidl_typesupport_introspection_c.h
[2.260s] -- Up-to-date symlink: /home/quan/thuc_hanh_tuan3/install/ur3_llm_control/include/ur3_llm_control/ur3_llm_control/srv/detail/get_world_state__rosidl_typesupport_introspection_c.h
[2.260s] -- Up-to-date symlink: /home/quan/thuc_hanh_tuan3/install/ur3_llm_control/include/ur3_llm_control/ur3_llm_control/srv/detail/set_attachment__rosidl_typesupport_introspection_c.h
[2.260s] -- Up-to-date symlink: /home/quan/thuc_hanh_tuan3/install/ur3_llm_control/include/ur3_llm_control/ur3_llm_control/srv/detail/execute_skill__rosidl_typesupport_introspection_cpp.hpp
[2.260s] -- Up-to-date symlink: /home/quan/thuc_hanh_tuan3/install/ur3_llm_control/include/ur3_llm_control/ur3_llm_control/srv/detail/get_world_state__rosidl_typesupport_introspection_cpp.hpp
[2.260s] -- Up-to-date symlink: /home/quan/thuc_hanh_tuan3/install/ur3_llm_control/include/ur3_llm_control/ur3_llm_control/srv/detail/set_attachment__rosidl_typesupport_introspection_cpp.hpp
[2.260s] -- Up-to-date symlink: /home/quan/thuc_hanh_tuan3/install/ur3_llm_control/share/ur3_llm_control/environment/pythonpath.sh
[2.260s] -- Up-to-date symlink: /home/quan/thuc_hanh_tuan3/install/ur3_llm_control/share/ur3_llm_control/environment/pythonpath.dsv
[2.261s] -- Up-to-date symlink: /home/quan/thuc_hanh_tuan3/install/ur3_llm_control/local/lib/python3.10/dist-packages/ur3_llm_control-0.1.0-py3.10.egg-info/PKG-INFO
[2.261s] -- Up-to-date symlink: /home/quan/thuc_hanh_tuan3/install/ur3_llm_control/local/lib/python3.10/dist-packages/ur3_llm_control-0.1.0-py3.10.egg-info/SOURCES.txt
[2.261s] -- Up-to-date symlink: /home/quan/thuc_hanh_tuan3/install/ur3_llm_control/local/lib/python3.10/dist-packages/ur3_llm_control-0.1.0-py3.10.egg-info/dependency_links.txt
[2.261s] -- Up-to-date symlink: /home/quan/thuc_hanh_tuan3/install/ur3_llm_control/local/lib/python3.10/dist-packages/ur3_llm_control-0.1.0-py3.10.egg-info/top_level.txt
[2.261s] -- Up-to-date symlink: /home/quan/thuc_hanh_tuan3/install/ur3_llm_control/local/lib/python3.10/dist-packages/ur3_llm_control/__init__.py
[2.261s] -- Up-to-date symlink: /home/quan/thuc_hanh_tuan3/install/ur3_llm_control/local/lib/python3.10/dist-packages/ur3_llm_control/_ur3_llm_control_s.ep.rosidl_typesupport_c.c
[2.261s] -- Up-to-date symlink: /home/quan/thuc_hanh_tuan3/install/ur3_llm_control/local/lib/python3.10/dist-packages/ur3_llm_control/_ur3_llm_control_s.ep.rosidl_typesupport_fastrtps_c.c
[2.261s] -- Up-to-date symlink: /home/quan/thuc_hanh_tuan3/install/ur3_llm_control/local/lib/python3.10/dist-packages/ur3_llm_control/_ur3_llm_control_s.ep.rosidl_typesupport_introspection_c.c
[2.261s] -- Up-to-date symlink: /home/quan/thuc_hanh_tuan3/install/ur3_llm_control/local/lib/python3.10/dist-packages/ur3_llm_control/libur3_llm_control__rosidl_generator_py.so
[2.262s] -- Up-to-date symlink: /home/quan/thuc_hanh_tuan3/install/ur3_llm_control/local/lib/python3.10/dist-packages/ur3_llm_control/srv/__init__.py
[2.262s] -- Up-to-date symlink: /home/quan/thuc_hanh_tuan3/install/ur3_llm_control/local/lib/python3.10/dist-packages/ur3_llm_control/srv/_execute_skill.py
[2.262s] -- Up-to-date symlink: /home/quan/thuc_hanh_tuan3/install/ur3_llm_control/local/lib/python3.10/dist-packages/ur3_llm_control/srv/_execute_skill_s.c
[2.262s] -- Up-to-date symlink: /home/quan/thuc_hanh_tuan3/install/ur3_llm_control/local/lib/python3.10/dist-packages/ur3_llm_control/srv/_get_world_state.py
[2.262s] -- Up-to-date symlink: /home/quan/thuc_hanh_tuan3/install/ur3_llm_control/local/lib/python3.10/dist-packages/ur3_llm_control/srv/_get_world_state_s.c
[2.262s] -- Up-to-date symlink: /home/quan/thuc_hanh_tuan3/install/ur3_llm_control/local/lib/python3.10/dist-packages/ur3_llm_control/srv/_set_attachment.py
[2.262s] -- Up-to-date symlink: /home/quan/thuc_hanh_tuan3/install/ur3_llm_control/local/lib/python3.10/dist-packages/ur3_llm_control/srv/_set_attachment_s.c
[2.262s] -- Up-to-date symlink: /home/quan/thuc_hanh_tuan3/install/ur3_llm_control/local/lib/python3.10/dist-packages/ur3_llm_control/ur3_llm_control_s__rosidl_typesupport_c.cpython-310-x86_64-linux-gnu.so
[2.262s] -- Up-to-date symlink: /home/quan/thuc_hanh_tuan3/install/ur3_llm_control/local/lib/python3.10/dist-packages/ur3_llm_control/ur3_llm_control_s__rosidl_typesupport_fastrtps_c.cpython-310-x86_64-linux-gnu.so
[2.262s] -- Up-to-date symlink: /home/quan/thuc_hanh_tuan3/install/ur3_llm_control/local/lib/python3.10/dist-packages/ur3_llm_control/ur3_llm_control_s__rosidl_typesupport_introspection_c.cpython-310-x86_64-linux-gnu.so
[2.262s] -- Up-to-date symlink: /home/quan/thuc_hanh_tuan3/install/ur3_llm_control/local/lib/python3.10/dist-packages/ur3_llm_control/ur3_llm_control_s__rosidl_typesupport_fastrtps_c.cpython-310-x86_64-linux-gnu.so
[2.262s] -- Up-to-date symlink: /home/quan/thuc_hanh_tuan3/install/ur3_llm_control/local/lib/python3.10/dist-packages/ur3_llm_control/ur3_llm_control_s__rosidl_typesupport_introspection_c.cpython-310-x86_64-linux-gnu.so
[2.262s] -- Up-to-date symlink: /home/quan/thuc_hanh_tuan3/install/ur3_llm_control/local/lib/python3.10/dist-packages/ur3_llm_control/ur3_llm_control_s__rosidl_typesupport_c.cpython-310-x86_64-linux-gnu.so
[2.262s] -- Up-to-date symlink: /home/quan/thuc_hanh_tuan3/install/ur3_llm_control/share/ur3_llm_control/rust/Cargo.toml
[2.262s] -- Up-to-date symlink: /home/quan/thuc_hanh_tuan3/install/ur3_llm_control/share/ur3_llm_control/rust/build.rs
[2.262s] -- Up-to-date symlink: /home/quan/thuc_hanh_tuan3/install/ur3_llm_control/share/ur3_llm_control/rust/src/lib.rs
[2.262s] -- Up-to-date symlink: /home/quan/thuc_hanh_tuan3/install/ur3_llm_control/share/ur3_llm_control/rust/src/srv.rs
[2.263s] -- Up-to-date symlink: /home/quan/thuc_hanh_tuan3/install/ur3_llm_control/share/ur3_llm_control/rust/src/srv/rmw.rs
[2.263s] -- Up-to-date symlink: /home/quan/thuc_hanh_tuan3/install/ur3_llm_control/share/ur3_llm_control/srv/ExecuteSkill.idl
[2.263s] -- Up-to-date symlink: /home/quan/thuc_hanh_tuan3/install/ur3_llm_control/share/ur3_llm_control/srv/SetAttachment.idl
[2.263s] -- Up-to-date symlink: /home/quan/thuc_hanh_tuan3/install/ur3_llm_control/share/ur3_llm_control/srv/GetWorldState.idl
[2.263s] -- Up-to-date symlink: /home/quan/thuc_hanh_tuan3/install/ur3_llm_control/share/ur3_llm_control/srv/ExecuteSkill.srv
[2.263s] -- Up-to-date symlink: /home/quan/thuc_hanh_tuan3/install/ur3_llm_control/share/ur3_llm_control/srv/ExecuteSkill_Request.msg
[2.263s] -- Up-to-date symlink: /home/quan/thuc_hanh_tuan3/install/ur3_llm_control/share/ur3_llm_control/srv/ExecuteSkill_Response.msg
[2.263s] -- Up-to-date symlink: /home/quan/thuc_hanh_tuan3/install/ur3_llm_control/share/ur3_llm_control/srv/SetAttachment.srv
[2.263s] -- Up-to-date symlink: /home/quan/thuc_hanh_tuan3/install/ur3_llm_control/share/ur3_llm_control/srv/SetAttachment_Request.msg
[2.263s] -- Up-to-date symlink: /home/quan/thuc_hanh_tuan3/install/ur3_llm_control/share/ur3_llm_control/srv/SetAttachment_Response.msg
[2.263s] -- Up-to-date symlink: /home/quan/thuc_hanh_tuan3/install/ur3_llm_control/share/ur3_llm_control/srv/GetWorldState.srv
[2.263s] -- Up-to-date symlink: /home/quan/thuc_hanh_tuan3/install/ur3_llm_control/share/ur3_llm_control/srv/GetWorldState_Request.msg
[2.263s] -- Up-to-date symlink: /home/quan/thuc_hanh_tuan3/install/ur3_llm_control/share/ur3_llm_control/srv/GetWorldState_Response.msg
[2.263s] -- Up-to-date symlink: /home/quan/thuc_hanh_tuan3/install/ur3_llm_control/lib/ur3_llm_control/robot_skills
[2.263s] -- Up-to-date symlink: /home/quan/thuc_hanh_tuan3/install/ur3_llm_control/lib/libur3_physical_gripper.so
[2.263s] -- Up-to-date symlink: /home/quan/thuc_hanh_tuan3/install/ur3_llm_control/lib/ur3_llm_control/llm_planner.py
[2.263s] -- Up-to-date symlink: /home/quan/thuc_hanh_tuan3/install/ur3_llm_control/lib/ur3_llm_control/task_validator.py
[2.263s] -- Up-to-date symlink: /home/quan/thuc_hanh_tuan3/install/ur3_llm_control/lib/ur3_llm_control/skill_executor.py
[2.263s] -- Up-to-date symlink: /home/quan/thuc_hanh_tuan3/install/ur3_llm_control/lib/ur3_llm_control/task_manager.py
[2.263s] -- Up-to-date symlink: /home/quan/thuc_hanh_tuan3/install/ur3_llm_control/lib/ur3_llm_control/camera_state.py
[2.263s] -- Up-to-date symlink: /home/quan/thuc_hanh_tuan3/install/ur3_llm_control/lib/ur3_llm_control/demo_occupied_zone.py
[2.263s] -- Symlinking: /home/quan/thuc_hanh_tuan3/install/ur3_llm_control/lib/ur3_llm_control/demo_purple_zone.py
[2.270s] -- Up-to-date symlink: /home/quan/thuc_hanh_tuan3/install/ur3_llm_control/share/ur3_llm_control/launch/llm_robot.launch.py
[2.270s] -- Up-to-date symlink: /home/quan/thuc_hanh_tuan3/install/ur3_llm_control/share/ur3_llm_control/config/home_joints.yaml
[2.270s] -- Up-to-date symlink: /home/quan/thuc_hanh_tuan3/install/ur3_llm_control/share/ur3_llm_control/config/scene.yaml
[2.271s] -- Up-to-date symlink: /home/quan/thuc_hanh_tuan3/install/ur3_llm_control/share/ur3_llm_control/config/staging_joints.yaml
[2.271s] -- Up-to-date symlink: /home/quan/thuc_hanh_tuan3/install/ur3_llm_control/share/ur3_llm_control/config/student_config.yaml
[2.271s] -- Up-to-date symlink: /home/quan/thuc_hanh_tuan3/install/ur3_llm_control/share/ur3_llm_control/config/ur3e/default_kinematics.yaml
[2.271s] -- Up-to-date symlink: /home/quan/thuc_hanh_tuan3/install/ur3_llm_control/share/ur3_llm_control/config/ur3e/joint_limits.yaml
[2.271s] -- Up-to-date symlink: /home/quan/thuc_hanh_tuan3/install/ur3_llm_control/share/ur3_llm_control/config/ur3e/physical_parameters.yaml
[2.271s] -- Up-to-date symlink: /home/quan/thuc_hanh_tuan3/install/ur3_llm_control/share/ur3_llm_control/config/ur3e/visual_parameters.yaml
[2.271s] -- Up-to-date symlink: /home/quan/thuc_hanh_tuan3/install/ur3_llm_control/share/ur3_llm_control/config/ur_controllers.yaml
[2.271s] -- Up-to-date symlink: /home/quan/thuc_hanh_tuan3/install/ur3_llm_control/share/ur3_llm_control/prompt/planner_prompt.txt
[2.271s] -- Up-to-date symlink: /home/quan/thuc_hanh_tuan3/install/ur3_llm_control/share/ur3_llm_control/worlds/assignment2.world
[2.271s] -- Up-to-date symlink: /home/quan/thuc_hanh_tuan3/install/ur3_llm_control/share/ur3_llm_control/models/blue_cube/model.config
[2.271s] -- Up-to-date symlink: /home/quan/thuc_hanh_tuan3/install/ur3_llm_control/share/ur3_llm_control/models/blue_cube/model.sdf
[2.271s] -- Up-to-date symlink: /home/quan/thuc_hanh_tuan3/install/ur3_llm_control/share/ur3_llm_control/models/buffer/model.config
[2.271s] -- Up-to-date symlink: /home/quan/thuc_hanh_tuan3/install/ur3_llm_control/share/ur3_llm_control/models/buffer/model.sdf
[2.272s] -- Up-to-date symlink: /home/quan/thuc_hanh_tuan3/install/ur3_llm_control/share/ur3_llm_control/models/green_cube/model.config
[2.272s] -- Up-to-date symlink: /home/quan/thuc_hanh_tuan3/install/ur3_llm_control/share/ur3_llm_control/models/green_cube/model.sdf
[2.272s] -- Up-to-date symlink: /home/quan/thuc_hanh_tuan3/install/ur3_llm_control/share/ur3_llm_control/models/purple_cube/model.config
[2.272s] -- Up-to-date symlink: /home/quan/thuc_hanh_tuan3/install/ur3_llm_control/share/ur3_llm_control/models/purple_cube/model.sdf
[2.272s] -- Up-to-date symlink: /home/quan/thuc_hanh_tuan3/install/ur3_llm_control/share/ur3_llm_control/models/red_cube/model.config
[2.272s] -- Up-to-date symlink: /home/quan/thuc_hanh_tuan3/install/ur3_llm_control/share/ur3_llm_control/models/red_cube/model.sdf
[2.272s] -- Up-to-date symlink: /home/quan/thuc_hanh_tuan3/install/ur3_llm_control/share/ur3_llm_control/models/ur3_task_table/model.config
[2.272s] -- Up-to-date symlink: /home/quan/thuc_hanh_tuan3/install/ur3_llm_control/share/ur3_llm_control/models/ur3_task_table/model.sdf
[2.272s] -- Up-to-date symlink: /home/quan/thuc_hanh_tuan3/install/ur3_llm_control/share/ur3_llm_control/models/yellow_cube/model.config
[2.272s] -- Up-to-date symlink: /home/quan/thuc_hanh_tuan3/install/ur3_llm_control/share/ur3_llm_control/models/yellow_cube/model.sdf
[2.272s] -- Up-to-date symlink: /home/quan/thuc_hanh_tuan3/install/ur3_llm_control/share/ur3_llm_control/models/zone_a/model.config
[2.272s] -- Up-to-date symlink: /home/quan/thuc_hanh_tuan3/install/ur3_llm_control/share/ur3_llm_control/models/zone_a/model.sdf
[2.272s] -- Up-to-date symlink: /home/quan/thuc_hanh_tuan3/install/ur3_llm_control/share/ur3_llm_control/models/zone_b/model.config
[2.272s] -- Up-to-date symlink: /home/quan/thuc_hanh_tuan3/install/ur3_llm_control/share/ur3_llm_control/models/zone_b/model.sdf
[2.272s] -- Up-to-date symlink: /home/quan/thuc_hanh_tuan3/install/ur3_llm_control/share/ur3_llm_control/models/zone_c/model.config
[2.272s] -- Up-to-date symlink: /home/quan/thuc_hanh_tuan3/install/ur3_llm_control/share/ur3_llm_control/models/zone_c/model.sdf
[2.272s] -- Up-to-date symlink: /home/quan/thuc_hanh_tuan3/install/ur3_llm_control/share/ur3_llm_control/urdf/ur3e_with_gripper.urdf.xacro
[2.273s] -- Up-to-date symlink: /home/quan/thuc_hanh_tuan3/install/ur3_llm_control/share/ur3_llm_control/srdf/ur_robotiq.srdf.xacro
[2.273s] -- Up-to-date symlink: /home/quan/thuc_hanh_tuan3/install/ur3_llm_control/share/ament_index/resource_index/package_run_dependencies/ur3_llm_control
[2.273s] -- Up-to-date symlink: /home/quan/thuc_hanh_tuan3/install/ur3_llm_control/share/ament_index/resource_index/parent_prefix_path/ur3_llm_control
[2.273s] -- Up-to-date symlink: /home/quan/thuc_hanh_tuan3/install/ur3_llm_control/share/ur3_llm_control/environment/ament_prefix_path.sh
[2.273s] -- Up-to-date symlink: /home/quan/thuc_hanh_tuan3/install/ur3_llm_control/share/ur3_llm_control/environment/ament_prefix_path.dsv
[2.273s] -- Up-to-date symlink: /home/quan/thuc_hanh_tuan3/install/ur3_llm_control/share/ur3_llm_control/environment/path.sh
[2.273s] -- Up-to-date symlink: /home/quan/thuc_hanh_tuan3/install/ur3_llm_control/share/ur3_llm_control/environment/path.dsv
[2.273s] -- Up-to-date symlink: /home/quan/thuc_hanh_tuan3/install/ur3_llm_control/share/ur3_llm_control/local_setup.bash
[2.273s] -- Up-to-date symlink: /home/quan/thuc_hanh_tuan3/install/ur3_llm_control/share/ur3_llm_control/local_setup.sh
[2.273s] -- Up-to-date symlink: /home/quan/thuc_hanh_tuan3/install/ur3_llm_control/share/ur3_llm_control/local_setup.zsh
[2.273s] -- Up-to-date symlink: /home/quan/thuc_hanh_tuan3/install/ur3_llm_control/share/ur3_llm_control/local_setup.dsv
[2.273s] -- Symlinking: /home/quan/thuc_hanh_tuan3/install/ur3_llm_control/share/ur3_llm_control/package.dsv
[2.282s] -- Up-to-date symlink: /home/quan/thuc_hanh_tuan3/install/ur3_llm_control/share/ament_index/resource_index/packages/ur3_llm_control
[2.282s] -- Up-to-date symlink: /home/quan/thuc_hanh_tuan3/install/ur3_llm_control/share/ur3_llm_control/cmake/rosidl_cmake-extras.cmake
[2.282s] -- Up-to-date symlink: /home/quan/thuc_hanh_tuan3/install/ur3_llm_control/share/ur3_llm_control/cmake/ament_cmake_export_include_directories-extras.cmake
[2.282s] -- Up-to-date symlink: /home/quan/thuc_hanh_tuan3/install/ur3_llm_control/share/ur3_llm_control/cmake/ament_cmake_export_libraries-extras.cmake
[2.282s] -- Up-to-date symlink: /home/quan/thuc_hanh_tuan3/install/ur3_llm_control/share/ur3_llm_control/cmake/ament_cmake_export_targets-extras.cmake
[2.282s] -- Up-to-date symlink: /home/quan/thuc_hanh_tuan3/install/ur3_llm_control/share/ur3_llm_control/cmake/rosidl_cmake_export_typesupport_targets-extras.cmake
[2.282s] -- Up-to-date symlink: /home/quan/thuc_hanh_tuan3/install/ur3_llm_control/share/ur3_llm_control/cmake/ament_cmake_export_dependencies-extras.cmake
[2.282s] -- Up-to-date symlink: /home/quan/thuc_hanh_tuan3/install/ur3_llm_control/share/ur3_llm_control/cmake/rosidl_cmake_export_typesupport_libraries-extras.cmake
[2.282s] -- Up-to-date symlink: /home/quan/thuc_hanh_tuan3/install/ur3_llm_control/share/ur3_llm_control/cmake/rosidl_cmake_aggregate_target-extras.cmake
[2.282s] -- Up-to-date symlink: /home/quan/thuc_hanh_tuan3/install/ur3_llm_control/share/ur3_llm_control/cmake/ur3_llm_controlConfig.cmake
[2.282s] -- Up-to-date symlink: /home/quan/thuc_hanh_tuan3/install/ur3_llm_control/share/ur3_llm_control/cmake/ur3_llm_controlConfig-version.cmake
[2.282s] -- Up-to-date symlink: /home/quan/thuc_hanh_tuan3/install/ur3_llm_control/share/ur3_llm_control/package.xml
[2.282s] -- Up-to-date: /home/quan/thuc_hanh_tuan3/install/ur3_llm_control/lib/libur3_llm_control__rosidl_generator_c.so
[2.283s] -- Up-to-date: /home/quan/thuc_hanh_tuan3/install/ur3_llm_control/lib/libur3_llm_control__rosidl_typesupport_fastrtps_c.so
[2.283s] -- Up-to-date: /home/quan/thuc_hanh_tuan3/install/ur3_llm_control/lib/libur3_llm_control__rosidl_typesupport_fastrtps_cpp.so
[2.283s] -- Up-to-date: /home/quan/thuc_hanh_tuan3/install/ur3_llm_control/lib/libur3_llm_control__rosidl_typesupport_introspection_c.so
[2.283s] -- Up-to-date: /home/quan/thuc_hanh_tuan3/install/ur3_llm_control/lib/libur3_llm_control__rosidl_typesupport_c.so
[2.283s] -- Up-to-date: /home/quan/thuc_hanh_tuan3/install/ur3_llm_control/lib/libur3_llm_control__rosidl_typesupport_introspection_cpp.so
[2.283s] -- Up-to-date: /home/quan/thuc_hanh_tuan3/install/ur3_llm_control/lib/libur3_llm_control__rosidl_typesupport_cpp.so
[2.309s] Listing '/home/quan/thuc_hanh_tuan3/install/ur3_llm_control/local/lib/python3.10/dist-packages/ur3_llm_control'...
[2.309s] Compiling '/home/quan/thuc_hanh_tuan3/install/ur3_llm_control/local/lib/python3.10/dist-packages/ur3_llm_control/__init__.py'...
[2.309s] Listing '/home/quan/thuc_hanh_tuan3/install/ur3_llm_control/local/lib/python3.10/dist-packages/ur3_llm_control/srv'...
[2.313s] -- Up-to-date: /home/quan/thuc_hanh_tuan3/install/ur3_llm_control/lib/libur3_llm_control__rosidl_generator_py.so
[2.313s] -- Up-to-date: /home/quan/thuc_hanh_tuan3/install/ur3_llm_control/share/ur3_llm_control/cmake/export_ur3_llm_control__rosidl_generator_cExport.cmake
[2.313s] -- Up-to-date: /home/quan/thuc_hanh_tuan3/install/ur3_llm_control/share/ur3_llm_control/cmake/export_ur3_llm_control__rosidl_generator_cExport-noconfig.cmake
[2.313s] -- Up-to-date: /home/quan/thuc_hanh_tuan3/install/ur3_llm_control/share/ur3_llm_control/cmake/export_ur3_llm_control__rosidl_typesupport_fastrtps_cExport.cmake
[2.313s] -- Up-to-date: /home/quan/thuc_hanh_tuan3/install/ur3_llm_control/share/ur3_llm_control/cmake/export_ur3_llm_control__rosidl_typesupport_fastrtps_cExport-noconfig.cmake
[2.313s] -- Up-to-date: /home/quan/thuc_hanh_tuan3/install/ur3_llm_control/share/ur3_llm_control/cmake/export_ur3_llm_control__rosidl_generator_cppExport.cmake
[2.313s] -- Up-to-date: /home/quan/thuc_hanh_tuan3/install/ur3_llm_control/share/ur3_llm_control/cmake/export_ur3_llm_control__rosidl_typesupport_fastrtps_cppExport.cmake
[2.313s] -- Up-to-date: /home/quan/thuc_hanh_tuan3/install/ur3_llm_control/share/ur3_llm_control/cmake/export_ur3_llm_control__rosidl_typesupport_fastrtps_cppExport-noconfig.cmake
[2.313s] -- Up-to-date: /home/quan/thuc_hanh_tuan3/install/ur3_llm_control/share/ur3_llm_control/cmake/ur3_llm_control__rosidl_typesupport_introspection_cExport.cmake
[2.313s] -- Up-to-date: /home/quan/thuc_hanh_tuan3/install/ur3_llm_control/share/ur3_llm_control/cmake/ur3_llm_control__rosidl_typesupport_introspection_cExport-noconfig.cmake
[2.313s] -- Up-to-date: /home/quan/thuc_hanh_tuan3/install/ur3_llm_control/share/ur3_llm_control/cmake/ur3_llm_control__rosidl_typesupport_cExport.cmake
[2.313s] -- Up-to-date: /home/quan/thuc_hanh_tuan3/install/ur3_llm_control/share/ur3_llm_control/cmake/ur3_llm_control__rosidl_typesupport_cExport-noconfig.cmake
[2.313s] -- Up-to-date: /home/quan/thuc_hanh_tuan3/install/ur3_llm_control/share/ur3_llm_control/cmake/ur3_llm_control__rosidl_typesupport_introspection_cppExport.cmake
[2.313s] -- Up-to-date: /home/quan/thuc_hanh_tuan3/install/ur3_llm_control/share/ur3_llm_control/cmake/ur3_llm_control__rosidl_typesupport_introspection_cppExport-noconfig.cmake
[2.313s] -- Up-to-date: /home/quan/thuc_hanh_tuan3/install/ur3_llm_control/share/ur3_llm_control/cmake/ur3_llm_control__rosidl_typesupport_cppExport.cmake
[2.313s] -- Up-to-date: /home/quan/thuc_hanh_tuan3/install/ur3_llm_control/share/ur3_llm_control/cmake/ur3_llm_control__rosidl_typesupport_cppExport-noconfig.cmake
[2.313s] -- Up-to-date: /home/quan/thuc_hanh_tuan3/install/ur3_llm_control/share/ur3_llm_control/cmake/export_ur3_llm_control__rosidl_generator_pyExport.cmake
[2.313s] -- Up-to-date: /home/quan/thuc_hanh_tuan3/install/ur3_llm_control/share/ur3_llm_control/cmake/export_ur3_llm_control__rosidl_generator_pyExport-noconfig.cmake
[2.315s] Invoked command in '/home/quan/thuc_hanh_tuan3/build/ur3_llm_control' returned '0': AMENT_PREFIX_PATH=/home/quan/thuc_hanh_tuan3/install/ur_simulation_gazebo:/home/quan/thuc_hanh_tuan3/install/robotiq_description:${AMENT_PREFIX_PATH} CMAKE_PREFIX_PATH=/home/quan/thuc_hanh_tuan3/install/ur_simulation_gazebo:/home/quan/thuc_hanh_tuan3/install/robotiq_description:/home/quan/ros2_ws/install/robot1:/home/quan/ros2_ws/install/robot:/home/quan/ros2_ws/install/msgs_test:/home/quan/ros2_ws/install/component_pkg:/home/quan/ros2_ws/src/msgs_test/install/msgs_test:/home/quan/ros2_ws/install/my_turtlesim:/home/quan/ros2_ws/install/my_robot_logic:/home/quan/ros2_ws/install/my_robot_controller:/home/quan/ros2_ws/install/lifecycle_pkg:/opt/ros/humble /usr/bin/cmake --install /home/quan/thuc_hanh_tuan3/build/ur3_llm_control
