[0.010s] Invoking command in '/home/quan/thuc_hanh_tuan3/src/build/robotiq_description': CMAKE_PREFIX_PATH=${CMAKE_PREFIX_PATH}:/home/quan/ros2_ws/install/my_turtlesim:/home/quan/ros2_ws/install/my_robot_logic:/home/quan/ros2_ws/install/my_robot_controller:/home/quan/ros2_ws/install/lifecycle_pkg:/opt/ros/humble /usr/bin/cmake --build /home/quan/thuc_hanh_tuan3/src/build/robotiq_description -- -j16 -l16
[0.051s] Invoked command in '/home/quan/thuc_hanh_tuan3/src/build/robotiq_description' returned '0': CMAKE_PREFIX_PATH=${CMAKE_PREFIX_PATH}:/home/quan/ros2_ws/install/my_turtlesim:/home/quan/ros2_ws/install/my_robot_logic:/home/quan/ros2_ws/install/my_robot_controller:/home/quan/ros2_ws/install/lifecycle_pkg:/opt/ros/humble /usr/bin/cmake --build /home/quan/thuc_hanh_tuan3/src/build/robotiq_description -- -j16 -l16
[0.052s] Invoking command in '/home/quan/thuc_hanh_tuan3/src/build/robotiq_description': CMAKE_PREFIX_PATH=${CMAKE_PREFIX_PATH}:/home/quan/ros2_ws/install/my_turtlesim:/home/quan/ros2_ws/install/my_robot_logic:/home/quan/ros2_ws/install/my_robot_controller:/home/quan/ros2_ws/install/lifecycle_pkg:/opt/ros/humble /usr/bin/cmake --install /home/quan/thuc_hanh_tuan3/src/build/robotiq_description
[0.059s] -- Install configuration: ""
[0.059s] -- Execute custom install script
[0.059s] -- Up-to-date symlink: /home/quan/thuc_hanh_tuan3/src/install/robotiq_description/share/robotiq_description/config/robotiq_controllers.yaml
[0.059s] -- Up-to-date symlink: /home/quan/thuc_hanh_tuan3/src/install/robotiq_description/share/robotiq_description/launch/robotiq_control.launch.py
[0.059s] -- Up-to-date symlink: /home/quan/thuc_hanh_tuan3/src/install/robotiq_description/share/robotiq_description/launch/view_gripper.launch.py
[0.060s] -- Up-to-date symlink: /home/quan/thuc_hanh_tuan3/src/install/robotiq_description/share/robotiq_description/meshes/collision/2f_140/robotiq_2f_140_base_link.stl
[0.060s] -- Up-to-date symlink: /home/quan/thuc_hanh_tuan3/src/install/robotiq_description/share/robotiq_description/meshes/collision/2f_140/robotiq_2f_140_coupling.stl
[0.060s] -- Up-to-date symlink: /home/quan/thuc_hanh_tuan3/src/install/robotiq_description/share/robotiq_description/meshes/collision/2f_140/robotiq_2f_140_inner_finger.stl
[0.060s] -- Up-to-date symlink: /home/quan/thuc_hanh_tuan3/src/install/robotiq_description/share/robotiq_description/meshes/collision/2f_140/robotiq_2f_140_inner_knuckle.stl
[0.061s] -- Up-to-date symlink: /home/quan/thuc_hanh_tuan3/src/install/robotiq_description/share/robotiq_description/meshes/collision/2f_140/robotiq_2f_140_outer_finger.stl
[0.061s] -- Up-to-date symlink: /home/quan/thuc_hanh_tuan3/src/install/robotiq_description/share/robotiq_description/meshes/collision/2f_140/robotiq_2f_140_outer_knuckle.stl
[0.061s] -- Up-to-date symlink: /home/quan/thuc_hanh_tuan3/src/install/robotiq_description/share/robotiq_description/meshes/collision/2f_85/left_finger.stl
[0.061s] -- Up-to-date symlink: /home/quan/thuc_hanh_tuan3/src/install/robotiq_description/share/robotiq_description/meshes/collision/2f_85/left_finger_tip.stl
[0.061s] -- Up-to-date symlink: /home/quan/thuc_hanh_tuan3/src/install/robotiq_description/share/robotiq_description/meshes/collision/2f_85/left_inner_knuckle.stl
[0.061s] -- Up-to-date symlink: /home/quan/thuc_hanh_tuan3/src/install/robotiq_description/share/robotiq_description/meshes/collision/2f_85/left_knuckle.stl
[0.061s] -- Up-to-date symlink: /home/quan/thuc_hanh_tuan3/src/install/robotiq_description/share/robotiq_description/meshes/collision/2f_85/right_finger.stl
[0.062s] -- Up-to-date symlink: /home/quan/thuc_hanh_tuan3/src/install/robotiq_description/share/robotiq_description/meshes/collision/2f_85/right_finger_tip.stl
[0.062s] -- Up-to-date symlink: /home/quan/thuc_hanh_tuan3/src/install/robotiq_description/share/robotiq_description/meshes/collision/2f_85/right_inner_knuckle.stl
[0.062s] -- Up-to-date symlink: /home/quan/thuc_hanh_tuan3/src/install/robotiq_description/share/robotiq_description/meshes/collision/2f_85/right_knuckle.stl
[0.062s] -- Up-to-date symlink: /home/quan/thuc_hanh_tuan3/src/install/robotiq_description/share/robotiq_description/meshes/collision/2f_85/robotiq_base.stl
[0.062s] -- Up-to-date symlink: /home/quan/thuc_hanh_tuan3/src/install/robotiq_description/share/robotiq_description/meshes/collision/2f_85/ur_to_robotiq_adapter.stl
[0.062s] -- Up-to-date symlink: /home/quan/thuc_hanh_tuan3/src/install/robotiq_description/share/robotiq_description/meshes/visual/2f_140/robotiq_2f_140_base_link.stl
[0.063s] -- Up-to-date symlink: /home/quan/thuc_hanh_tuan3/src/install/robotiq_description/share/robotiq_description/meshes/visual/2f_140/robotiq_2f_140_coupling.stl
[0.063s] -- Up-to-date symlink: /home/quan/thuc_hanh_tuan3/src/install/robotiq_description/share/robotiq_description/meshes/visual/2f_140/robotiq_2f_140_inner_finger.stl
[0.063s] -- Up-to-date symlink: /home/quan/thuc_hanh_tuan3/src/install/robotiq_description/share/robotiq_description/meshes/visual/2f_140/robotiq_2f_140_inner_knuckle.stl
[0.063s] -- Up-to-date symlink: /home/quan/thuc_hanh_tuan3/src/install/robotiq_description/share/robotiq_description/meshes/visual/2f_140/robotiq_2f_140_outer_finger.stl
[0.063s] -- Up-to-date symlink: /home/quan/thuc_hanh_tuan3/src/install/robotiq_description/share/robotiq_description/meshes/visual/2f_140/robotiq_2f_140_outer_knuckle.stl
[0.063s] -- Up-to-date symlink: /home/quan/thuc_hanh_tuan3/src/install/robotiq_description/share/robotiq_description/meshes/visual/2f_85/left_finger.dae
[0.063s] -- Up-to-date symlink: /home/quan/thuc_hanh_tuan3/src/install/robotiq_description/share/robotiq_description/meshes/visual/2f_85/left_finger_tip.dae
[0.064s] -- Up-to-date symlink: /home/quan/thuc_hanh_tuan3/src/install/robotiq_description/share/robotiq_description/meshes/visual/2f_85/left_inner_knuckle.dae
[0.064s] -- Up-to-date symlink: /home/quan/thuc_hanh_tuan3/src/install/robotiq_description/share/robotiq_description/meshes/visual/2f_85/left_knuckle.dae
[0.064s] -- Up-to-date symlink: /home/quan/thuc_hanh_tuan3/src/install/robotiq_description/share/robotiq_description/meshes/visual/2f_85/right_finger.dae
[0.064s] -- Up-to-date symlink: /home/quan/thuc_hanh_tuan3/src/install/robotiq_description/share/robotiq_description/meshes/visual/2f_85/right_finger_tip.dae
[0.064s] -- Up-to-date symlink: /home/quan/thuc_hanh_tuan3/src/install/robotiq_description/share/robotiq_description/meshes/visual/2f_85/right_inner_knuckle.dae
[0.064s] -- Up-to-date symlink: /home/quan/thuc_hanh_tuan3/src/install/robotiq_description/share/robotiq_description/meshes/visual/2f_85/right_knuckle.dae
[0.065s] -- Up-to-date symlink: /home/quan/thuc_hanh_tuan3/src/install/robotiq_description/share/robotiq_description/meshes/visual/2f_85/robotiq_base.dae
[0.065s] -- Up-to-date symlink: /home/quan/thuc_hanh_tuan3/src/install/robotiq_description/share/robotiq_description/meshes/visual/2f_85/ur_to_robotiq_adapter.dae
[0.065s] -- Up-to-date symlink: /home/quan/thuc_hanh_tuan3/src/install/robotiq_description/share/robotiq_description/rviz/view_urdf.rviz
[0.065s] -- Up-to-date symlink: /home/quan/thuc_hanh_tuan3/src/install/robotiq_description/share/robotiq_description/urdf/2f_140.ros2_control.xacro
[0.065s] -- Up-to-date symlink: /home/quan/thuc_hanh_tuan3/src/install/robotiq_description/share/robotiq_description/urdf/2f_85.ros2_control.xacro
[0.065s] -- Up-to-date symlink: /home/quan/thuc_hanh_tuan3/src/install/robotiq_description/share/robotiq_description/urdf/robotiq_2f_140.xacro
[0.065s] -- Up-to-date symlink: /home/quan/thuc_hanh_tuan3/src/install/robotiq_description/share/robotiq_description/urdf/robotiq_2f_140_gripper.urdf.xacro
[0.066s] -- Up-to-date symlink: /home/quan/thuc_hanh_tuan3/src/install/robotiq_description/share/robotiq_description/urdf/robotiq_2f_140_macro.urdf.xacro
[0.066s] -- Up-to-date symlink: /home/quan/thuc_hanh_tuan3/src/install/robotiq_description/share/robotiq_description/urdf/robotiq_2f_85_gripper.urdf.xacro
[0.066s] -- Up-to-date symlink: /home/quan/thuc_hanh_tuan3/src/install/robotiq_description/share/robotiq_description/urdf/robotiq_2f_85_macro.urdf.xacro
[0.066s] -- Up-to-date symlink: /home/quan/thuc_hanh_tuan3/src/install/robotiq_description/share/robotiq_description/urdf/ur_to_robotiq_adapter.urdf.xacro
[0.067s] -- Up-to-date symlink: /home/quan/thuc_hanh_tuan3/src/install/robotiq_description/share/ament_index/resource_index/package_run_dependencies/robotiq_description
[0.067s] -- Up-to-date symlink: /home/quan/thuc_hanh_tuan3/src/install/robotiq_description/share/ament_index/resource_index/parent_prefix_path/robotiq_description
[0.067s] -- Up-to-date symlink: /home/quan/thuc_hanh_tuan3/src/install/robotiq_description/share/robotiq_description/environment/ament_prefix_path.sh
[0.068s] -- Up-to-date symlink: /home/quan/thuc_hanh_tuan3/src/install/robotiq_description/share/robotiq_description/environment/ament_prefix_path.dsv
[0.068s] -- Up-to-date symlink: /home/quan/thuc_hanh_tuan3/src/install/robotiq_description/share/robotiq_description/environment/path.sh
[0.068s] -- Up-to-date symlink: /home/quan/thuc_hanh_tuan3/src/install/robotiq_description/share/robotiq_description/environment/path.dsv
[0.068s] -- Up-to-date symlink: /home/quan/thuc_hanh_tuan3/src/install/robotiq_description/share/robotiq_description/local_setup.bash
[0.068s] -- Up-to-date symlink: /home/quan/thuc_hanh_tuan3/src/install/robotiq_description/share/robotiq_description/local_setup.sh
[0.068s] -- Up-to-date symlink: /home/quan/thuc_hanh_tuan3/src/install/robotiq_description/share/robotiq_description/local_setup.zsh
[0.068s] -- Up-to-date symlink: /home/quan/thuc_hanh_tuan3/src/install/robotiq_description/share/robotiq_description/local_setup.dsv
[0.069s] -- Symlinking: /home/quan/thuc_hanh_tuan3/src/install/robotiq_description/share/robotiq_description/package.dsv
[0.082s] -- Up-to-date symlink: /home/quan/thuc_hanh_tuan3/src/install/robotiq_description/share/ament_index/resource_index/packages/robotiq_description
[0.082s] -- Up-to-date symlink: /home/quan/thuc_hanh_tuan3/src/install/robotiq_description/share/robotiq_description/cmake/robotiq_descriptionConfig.cmake
[0.082s] -- Up-to-date symlink: /home/quan/thuc_hanh_tuan3/src/install/robotiq_description/share/robotiq_description/cmake/robotiq_descriptionConfig-version.cmake
[0.082s] -- Up-to-date symlink: /home/quan/thuc_hanh_tuan3/src/install/robotiq_description/share/robotiq_description/package.xml
[0.082s] Invoked command in '/home/quan/thuc_hanh_tuan3/src/build/robotiq_description' returned '0': CMAKE_PREFIX_PATH=${CMAKE_PREFIX_PATH}:/home/quan/ros2_ws/install/my_turtlesim:/home/quan/ros2_ws/install/my_robot_logic:/home/quan/ros2_ws/install/my_robot_controller:/home/quan/ros2_ws/install/lifecycle_pkg:/opt/ros/humble /usr/bin/cmake --install /home/quan/thuc_hanh_tuan3/src/build/robotiq_description
