[0.010s] Invoking command in '/home/quan/thuc_hanh_tuan3/build/ur3_llm_control': CMAKE_PREFIX_PATH=/home/quan/thuc_hanh_tuan3/install/ur_simulation_gazebo:/home/quan/thuc_hanh_tuan3/install/ur3_llm_control:/home/quan/ros2_ws/install/robot1:/home/quan/ros2_ws/install/robot:/home/quan/ros2_ws/install/msgs_test:/home/quan/ros2_ws/install/component_pkg:/home/quan/ros2_ws/src/msgs_test/install/msgs_test:/home/quan/ros2_ws/install/my_turtlesim:/home/quan/ros2_ws/install/my_robot_logic:/home/quan/ros2_ws/install/my_robot_controller:/home/quan/ros2_ws/install/lifecycle_pkg:/opt/ros/humble /usr/bin/cmake /home/quan/thuc_hanh_tuan3/src/ur3_llm_control -DAMENT_CMAKE_SYMLINK_INSTALL=1 -DCMAKE_INSTALL_PREFIX=/home/quan/thuc_hanh_tuan3/install/ur3_llm_control
[0.023s] -- Found ament_cmake: 1.3.14 (/opt/ros/humble/share/ament_cmake/cmake)
[0.135s] -- Override CMake install command with custom implementation using symlinks instead of copying resources
[0.143s] -- Found rclcpp: 16.0.21 (/opt/ros/humble/share/rclcpp/cmake)
[0.167s] -- Found rosidl_generator_c: 3.1.9 (/opt/ros/humble/share/rosidl_generator_c/cmake)
[0.169s] -- Found rosidl_adapter: 3.1.9 (/opt/ros/humble/share/rosidl_adapter/cmake)
[0.173s] -- Found rosidl_generator_cpp: 3.1.9 (/opt/ros/humble/share/rosidl_generator_cpp/cmake)
[0.179s] -- Using all available rosidl_typesupport_c: rosidl_typesupport_fastrtps_c;rosidl_typesupport_introspection_c
[0.186s] -- Using all available rosidl_typesupport_cpp: rosidl_typesupport_fastrtps_cpp;rosidl_typesupport_introspection_cpp
[0.206s] -- Found rmw_implementation_cmake: 6.1.4 (/opt/ros/humble/share/rmw_implementation_cmake/cmake)
[0.208s] -- Found rmw_fastrtps_cpp: 6.2.10 (/opt/ros/humble/share/rmw_fastrtps_cpp/cmake)
[0.288s] -- Using RMW implementation 'rmw_fastrtps_cpp' as default
[0.324s] -- Found rosidl_default_generators: 1.2.1 (/opt/ros/humble/share/rosidl_default_generators/cmake)
[0.331s] -- Found geometry_msgs: 4.9.2 (/opt/ros/humble/share/geometry_msgs/cmake)
[0.340s] -- Found sensor_msgs: 4.9.2 (/opt/ros/humble/share/sensor_msgs/cmake)
[0.351s] -- Found moveit_ros_planning_interface: 2.5.10 (/opt/ros/humble/share/moveit_ros_planning_interface/cmake)
[0.359s] -- Found Boost: /usr/lib/x86_64-linux-gnu/cmake/Boost-1.74.0/BoostConfig.cmake (found version "1.74.0") found components: date_time filesystem program_options system thread 
[0.450s] -- Found Boost: /usr/lib/x86_64-linux-gnu/cmake/Boost-1.74.0/BoostConfig.cmake (found version "1.74.0") found components: chrono date_time filesystem iostreams program_options regex serialization system thread 
[0.469s] -- Found tcb_span: 1.3.2 (/opt/ros/humble/share/tcb_span/cmake)
[0.470s] -- Found rclcpp_lifecycle: 16.0.21 (/opt/ros/humble/share/rclcpp_lifecycle/cmake)
[0.481s] -- Found parameter_traits: 0.7.6 (/opt/ros/humble/share/parameter_traits/cmake)
[0.510s] -- library: /usr/lib/x86_64-linux-gnu/libcurl.so
[0.529s] -- Ensuring Eigen3 include directory is part of orocos-kdl CMake target
[0.604s] -- Found Boost: /usr/lib/x86_64-linux-gnu/cmake/Boost-1.74.0/BoostConfig.cmake (found version "1.74.0") found components: system filesystem date_time program_options thread chrono 
[0.623s] -- Found Boost: /usr/lib/x86_64-linux-gnu/cmake/Boost-1.74.0/BoostConfig.cmake (found version "1.74.0") found components: thread system filesystem regex date_time program_options 
[0.637s] -- Found Boost: /usr/lib/x86_64-linux-gnu/cmake/Boost-1.74.0/BoostConfig.cmake (found version "1.74.0") found components: system filesystem date_time program_options thread 
[0.655s] -- Found gazebo_dev: 3.9.0 (/opt/ros/humble/share/gazebo_dev/cmake)
[0.682s] -- Found DART: /usr/include (Required is at least version "6.6") found components: dart 
[0.696s] -- Found Boost: /usr/lib/x86_64-linux-gnu/cmake/Boost-1.74.0/BoostConfig.cmake (found suitable version "1.74.0", minimum required is "1.40.0") found components: thread system filesystem program_options regex iostreams date_time 
[0.705s] -- Found Protobuf: /usr/lib/x86_64-linux-gnu/libprotobuf.so (found version "3.12.4") 
[0.707s] -- Looking for ignition-math6 -- found version 6.16.0
[0.712s] -- Searching for dependencies of ignition-math6
[0.713s] -- Looking for OGRE...
[0.719s] -- Found Ogre Ghadamon (1.9.0)
[0.720s] -- Found OGRE: optimized;/usr/lib/x86_64-linux-gnu/libOgreMain.so;debug;/usr/lib/x86_64-linux-gnu/libOgreMain.so
[0.730s] -- Looking for OGRE_Paging...
[0.730s] -- Found OGRE_Paging: optimized;/usr/lib/x86_64-linux-gnu/libOgrePaging.so;debug;/usr/lib/x86_64-linux-gnu/libOgrePaging.so
[0.730s] -- Looking for OGRE_Terrain...
[0.730s] -- Found OGRE_Terrain: optimized;/usr/lib/x86_64-linux-gnu/libOgreTerrain.so;debug;/usr/lib/x86_64-linux-gnu/libOgreTerrain.so
[0.730s] -- Looking for OGRE_Property...
[0.730s] -- Found OGRE_Property: optimized;/usr/lib/x86_64-linux-gnu/libOgreProperty.so;debug;/usr/lib/x86_64-linux-gnu/libOgreProperty.so
[0.730s] -- Looking for OGRE_RTShaderSystem...
[0.731s] -- Found OGRE_RTShaderSystem: optimized;/usr/lib/x86_64-linux-gnu/libOgreRTShaderSystem.so;debug;/usr/lib/x86_64-linux-gnu/libOgreRTShaderSystem.so
[0.731s] -- Looking for OGRE_Volume...
[0.731s] -- Found OGRE_Volume: optimized;/usr/lib/x86_64-linux-gnu/libOgreVolume.so;debug;/usr/lib/x86_64-linux-gnu/libOgreVolume.so
[0.731s] -- Looking for OGRE_Overlay...
[0.731s] -- Found OGRE_Overlay: optimized;/usr/lib/x86_64-linux-gnu/libOgreOverlay.so;debug;/usr/lib/x86_64-linux-gnu/libOgreOverlay.so
[0.820s] -- Looking for ignition-math6 -- found version 6.16.0
[0.820s] -- Looking for ignition-transport8 -- found version 8.2.1
[0.820s] -- Searching for dependencies of ignition-transport8
[0.834s] -- Found Protobuf: /usr/lib/x86_64-linux-gnu/libprotobuf.so (found suitable version "3.12.4", minimum required is "3") 
[0.842s] -- Config-file not installed for ZeroMQ -- checking for pkg-config
[0.847s] -- Checking for module 'libzmq >= 4'
[0.862s] --   Found libzmq , version 4.3.4
[0.919s] -- Checking for module 'uuid'
[0.939s] --   Found uuid, version 2.37.2
[0.991s] -- Looking for ignition-msgs5 -- found version 5.8.1
[0.992s] -- Searching for dependencies of ignition-msgs5
[1.012s] -- Looking for ignition-math6 -- found version 6.16.0
[1.019s] -- Looking for ignition-msgs5 -- found version 5.8.1
[1.020s] -- Looking for ignition-common3 -- found version 3.14.0
[1.020s] -- Searching for dependencies of ignition-common3
[1.021s] -- Looking for dlfcn.h - found
[1.021s] -- Looking for libdl - found
[1.033s] -- Searching for <ignition-common3> component [graphics]
[1.033s] -- Looking for ignition-common3-graphics -- found version 3.14.0
[1.034s] -- Searching for dependencies of ignition-common3-graphics
[1.034s] -- Looking for ignition-math6 -- found version 6.16.0
[1.035s] -- Looking for ignition-fuel_tools4 -- found version 4.4.0
[1.036s] -- Searching for dependencies of ignition-fuel_tools4
[1.071s] -- Checking for module 'jsoncpp'
[1.089s] --   Found jsoncpp, version 1.9.5
[1.139s] -- Checking for module 'libzip'
[1.154s] --   Found libzip, version 1.7.3
[1.195s] -- Looking for ignition-common3 -- found version 3.14.0
[1.195s] -- Looking for ignition-math6 -- found version 6.16.0
[1.196s] -- Looking for ignition-msgs5 -- found version 5.8.1
[1.198s] -- Gazebo version: 11.10
[1.199s] -- Found gazebo_ros: 3.9.0 (/opt/ros/humble/share/gazebo_ros/cmake)
[1.410s] -- Found ament_cmake_ros: 0.10.1 (/opt/ros/humble/share/ament_cmake_ros/cmake)
[1.662s] -- Using all available rosidl_typesupport_c: rosidl_typesupport_fastrtps_c;rosidl_typesupport_introspection_c
[1.757s] -- Using all available rosidl_typesupport_cpp: rosidl_typesupport_fastrtps_cpp;rosidl_typesupport_introspection_cpp
[1.779s] -- Found python_cmake_module: 0.10.0 (/opt/ros/humble/share/python_cmake_module/cmake)
[1.799s] -- Using PYTHON_EXECUTABLE: /usr/bin/python3
[1.799s] -- Using PYTHON_INCLUDE_DIRS: /usr/include/python3.10
[1.799s] -- Using PYTHON_LIBRARIES: /usr/lib/x86_64-linux-gnu/libpython3.10.so
[1.864s] CMake Deprecation Warning at /opt/ros/humble/share/rosidl_cmake/cmake/rosidl_target_interfaces.cmake:32 (message):
[1.864s]   Use rosidl_get_typesupport_target() and target_link_libraries() instead of
[1.864s]   rosidl_target_interfaces()
[1.864s] Call Stack (most recent call first):
[1.864s]   CMakeLists.txt:27 (rosidl_target_interfaces)
[1.864s] 
[1.864s] 
[1.867s] CMake Deprecation Warning at /opt/ros/humble/share/rosidl_cmake/cmake/rosidl_target_interfaces.cmake:32 (message):
[1.867s]   Use rosidl_get_typesupport_target() and target_link_libraries() instead of
[1.867s]   rosidl_target_interfaces()
[1.867s] Call Stack (most recent call first):
[1.867s]   CMakeLists.txt:32 (rosidl_target_interfaces)
[1.867s] 
[1.867s] 
[1.873s] -- Configuring done
[1.915s] -- Generating done
[1.931s] -- Build files have been written to: /home/quan/thuc_hanh_tuan3/build/ur3_llm_control
[1.946s] Invoked command in '/home/quan/thuc_hanh_tuan3/build/ur3_llm_control' returned '0': CMAKE_PREFIX_PATH=/home/quan/thuc_hanh_tuan3/install/ur_simulation_gazebo:/home/quan/thuc_hanh_tuan3/install/ur3_llm_control:/home/quan/ros2_ws/install/robot1:/home/quan/ros2_ws/install/robot:/home/quan/ros2_ws/install/msgs_test:/home/quan/ros2_ws/install/component_pkg:/home/quan/ros2_ws/src/msgs_test/install/msgs_test:/home/quan/ros2_ws/install/my_turtlesim:/home/quan/ros2_ws/install/my_robot_logic:/home/quan/ros2_ws/install/my_robot_controller:/home/quan/ros2_ws/install/lifecycle_pkg:/opt/ros/humble /usr/bin/cmake /home/quan/thuc_hanh_tuan3/src/ur3_llm_control -DAMENT_CMAKE_SYMLINK_INSTALL=1 -DCMAKE_INSTALL_PREFIX=/home/quan/thuc_hanh_tuan3/install/ur3_llm_control
[1.948s] Invoking command in '/home/quan/thuc_hanh_tuan3/build/ur3_llm_control': CMAKE_PREFIX_PATH=/home/quan/thuc_hanh_tuan3/install/ur_simulation_gazebo:/home/quan/thuc_hanh_tuan3/install/ur3_llm_control:/home/quan/ros2_ws/install/robot1:/home/quan/ros2_ws/install/robot:/home/quan/ros2_ws/install/msgs_test:/home/quan/ros2_ws/install/component_pkg:/home/quan/ros2_ws/src/msgs_test/install/msgs_test:/home/quan/ros2_ws/install/my_turtlesim:/home/quan/ros2_ws/install/my_robot_logic:/home/quan/ros2_ws/install/my_robot_controller:/home/quan/ros2_ws/install/lifecycle_pkg:/opt/ros/humble /usr/bin/cmake --build /home/quan/thuc_hanh_tuan3/build/ur3_llm_control -- -j16 -l16
[1.995s] [  1%] Generating C code for ROS interfaces
[2.003s] failed to create symbolic link '/home/quan/thuc_hanh_tuan3/build/ur3_llm_control/ament_cmake_python/ur3_llm_control/ur3_llm_control' because existing path cannot be removed: Is a directory
[2.004s] gmake[2]: *** [CMakeFiles/ament_cmake_python_symlink_ur3_llm_control.dir/build.make:70: CMakeFiles/ament_cmake_python_symlink_ur3_llm_control] Error 1
[2.004s] gmake[1]: *** [CMakeFiles/Makefile2:444: CMakeFiles/ament_cmake_python_symlink_ur3_llm_control.dir/all] Error 2
[2.004s] gmake[1]: *** Waiting for unfinished jobs....
[2.005s] [  3%] Generating C++ code for ROS interfaces
[2.007s] [  5%] Generating Rust code for ROS interfaces
[2.243s] [  5%] Built target ur3_llm_control__rs
[2.365s] Consolidate compiler generated dependencies of target ur3_llm_control__rosidl_generator_c
[2.377s] [  7%] Building C object CMakeFiles/ur3_llm_control__rosidl_generator_c.dir/rosidl_generator_c/ur3_llm_control/srv/detail/execute_skill__functions.c.o
[2.377s] [  7%] Built target ur3_llm_control__cpp
[2.377s] [ 11%] Building C object CMakeFiles/ur3_llm_control__rosidl_generator_c.dir/rosidl_generator_c/ur3_llm_control/srv/detail/get_world_state__functions.c.o
[2.377s] [ 11%] Building C object CMakeFiles/ur3_llm_control__rosidl_generator_c.dir/rosidl_generator_c/ur3_llm_control/srv/detail/set_attachment__functions.c.o
[2.437s] [ 13%] Linking C shared library libur3_llm_control__rosidl_generator_c.so
[2.470s] [ 13%] Built target ur3_llm_control__rosidl_generator_c
[2.472s] gmake: *** [Makefile:146: all] Error 2
[2.474s] Invoked command in '/home/quan/thuc_hanh_tuan3/build/ur3_llm_control' returned '2': CMAKE_PREFIX_PATH=/home/quan/thuc_hanh_tuan3/install/ur_simulation_gazebo:/home/quan/thuc_hanh_tuan3/install/ur3_llm_control:/home/quan/ros2_ws/install/robot1:/home/quan/ros2_ws/install/robot:/home/quan/ros2_ws/install/msgs_test:/home/quan/ros2_ws/install/component_pkg:/home/quan/ros2_ws/src/msgs_test/install/msgs_test:/home/quan/ros2_ws/install/my_turtlesim:/home/quan/ros2_ws/install/my_robot_logic:/home/quan/ros2_ws/install/my_robot_controller:/home/quan/ros2_ws/install/lifecycle_pkg:/opt/ros/humble /usr/bin/cmake --build /home/quan/thuc_hanh_tuan3/build/ur3_llm_control -- -j16 -l16
