-- The C compiler identification is GNU 11.4.0
-- The CXX compiler identification is GNU 11.4.0
-- Detecting C compiler ABI info
-- Detecting C compiler ABI info - done
-- Check for working C compiler: /usr/bin/cc - skipped
-- Detecting C compile features
-- Detecting C compile features - done
-- Detecting CXX compiler ABI info
-- Detecting CXX compiler ABI info - done
-- Check for working CXX compiler: /usr/bin/c++ - skipped
-- Detecting CXX compile features
-- Detecting CXX compile features - done
-- Found ament_cmake: 1.3.14 (/opt/ros/humble/share/ament_cmake/cmake)
-- Found Python3: /usr/bin/python3 (found version "3.10.12") found components: Interpreter 
-- Found rclcpp: 16.0.21 (/opt/ros/humble/share/rclcpp/cmake)
-- Found rosidl_generator_c: 3.1.9 (/opt/ros/humble/share/rosidl_generator_c/cmake)
-- Found rosidl_adapter: 3.1.9 (/opt/ros/humble/share/rosidl_adapter/cmake)
-- Found rosidl_generator_cpp: 3.1.9 (/opt/ros/humble/share/rosidl_generator_cpp/cmake)
-- Using all available rosidl_typesupport_c: rosidl_typesupport_fastrtps_c;rosidl_typesupport_introspection_c
-- Using all available rosidl_typesupport_cpp: rosidl_typesupport_fastrtps_cpp;rosidl_typesupport_introspection_cpp
-- Found rmw_implementation_cmake: 6.1.4 (/opt/ros/humble/share/rmw_implementation_cmake/cmake)
-- Found rmw_fastrtps_cpp: 6.2.10 (/opt/ros/humble/share/rmw_fastrtps_cpp/cmake)
-- Found OpenSSL: /usr/lib/x86_64-linux-gnu/libcrypto.so (found version "3.0.2")  
-- Found FastRTPS: /opt/ros/humble/include  
-- Using RMW implementation 'rmw_fastrtps_cpp' as default
-- Looking for pthread.h
-- Looking for pthread.h - found
-- Performing Test CMAKE_HAVE_LIBC_PTHREAD
-- Performing Test CMAKE_HAVE_LIBC_PTHREAD - Success
-- Found Threads: TRUE  
-- Found rosidl_default_generators: 1.2.1 (/opt/ros/humble/share/rosidl_default_generators/cmake)
-- Found geometry_msgs: 4.9.2 (/opt/ros/humble/share/geometry_msgs/cmake)
-- Found sensor_msgs: 4.9.2 (/opt/ros/humble/share/sensor_msgs/cmake)
-- Found moveit_ros_planning_interface: 2.5.10 (/opt/ros/humble/share/moveit_ros_planning_interface/cmake)
-- Found Boost: /usr/lib/x86_64-linux-gnu/cmake/Boost-1.74.0/BoostConfig.cmake (found version "1.74.0") found components: date_time filesystem program_options system thread 
-- Found Boost: /usr/lib/x86_64-linux-gnu/cmake/Boost-1.74.0/BoostConfig.cmake (found version "1.74.0") found components: chrono date_time filesystem iostreams program_options regex serialization system thread 
-- Found tcb_span: 1.3.2 (/opt/ros/humble/share/tcb_span/cmake)
-- Found rclcpp_lifecycle: 16.0.21 (/opt/ros/humble/share/rclcpp_lifecycle/cmake)
-- Found parameter_traits: 0.7.6 (/opt/ros/humble/share/parameter_traits/cmake)
-- library: /usr/lib/x86_64-linux-gnu/libcurl.so
-- Found Eigen3: TRUE (found version "3.4.0") 
-- Ensuring Eigen3 include directory is part of orocos-kdl CMake target
-- Found Boost: /usr/lib/x86_64-linux-gnu/cmake/Boost-1.74.0/BoostConfig.cmake (found version "1.74.0") found components: system filesystem date_time program_options thread chrono 
-- Found Boost: /usr/lib/x86_64-linux-gnu/cmake/Boost-1.74.0/BoostConfig.cmake (found version "1.74.0") found components: thread system filesystem regex date_time program_options 
-- Found Boost: /usr/lib/x86_64-linux-gnu/cmake/Boost-1.74.0/BoostConfig.cmake (found version "1.74.0") found components: system filesystem date_time program_options thread 
-- Found gazebo_dev: 3.9.0 (/opt/ros/humble/share/gazebo_dev/cmake)
-- Found PkgConfig: /usr/bin/pkg-config (found version "0.29.2") 
-- Checking for module 'bullet>=2.82'
--   Found bullet, version 3.05
-- Found fcl: /usr/include (found suitable version "0.7.0", minimum required is "0.5.0") 
-- Found assimp: /usr/include (found version "5.2.0") 
-- Found DART: /usr/include (Required is at least version "6.6") found components: dart 
-- Found Boost: /usr/lib/x86_64-linux-gnu/cmake/Boost-1.74.0/BoostConfig.cmake (found suitable version "1.74.0", minimum required is "1.40.0") found components: thread system filesystem program_options regex iostreams date_time 
-- Found Protobuf: /usr/lib/x86_64-linux-gnu/libprotobuf.so (found version "3.12.4") 
-- Looking for ignition-math6 -- found version 6.16.0
-- Searching for dependencies of ignition-math6
-- Looking for OGRE...
-- OGRE_PREFIX_WATCH changed.
-- Checking for module 'OGRE'
--   Found OGRE, version 1.9.0
-- Found Ogre Ghadamon (1.9.0)
-- Found OGRE: optimized;/usr/lib/x86_64-linux-gnu/libOgreMain.so;debug;/usr/lib/x86_64-linux-gnu/libOgreMain.so
-- Looking for OGRE_Paging...
-- Found OGRE_Paging: optimized;/usr/lib/x86_64-linux-gnu/libOgrePaging.so;debug;/usr/lib/x86_64-linux-gnu/libOgrePaging.so
-- Looking for OGRE_Terrain...
-- Found OGRE_Terrain: optimized;/usr/lib/x86_64-linux-gnu/libOgreTerrain.so;debug;/usr/lib/x86_64-linux-gnu/libOgreTerrain.so
-- Looking for OGRE_Property...
-- Found OGRE_Property: optimized;/usr/lib/x86_64-linux-gnu/libOgreProperty.so;debug;/usr/lib/x86_64-linux-gnu/libOgreProperty.so
-- Looking for OGRE_RTShaderSystem...
-- Found OGRE_RTShaderSystem: optimized;/usr/lib/x86_64-linux-gnu/libOgreRTShaderSystem.so;debug;/usr/lib/x86_64-linux-gnu/libOgreRTShaderSystem.so
-- Looking for OGRE_Volume...
-- Found OGRE_Volume: optimized;/usr/lib/x86_64-linux-gnu/libOgreVolume.so;debug;/usr/lib/x86_64-linux-gnu/libOgreVolume.so
-- Looking for OGRE_Overlay...
-- Found OGRE_Overlay: optimized;/usr/lib/x86_64-linux-gnu/libOgreOverlay.so;debug;/usr/lib/x86_64-linux-gnu/libOgreOverlay.so
-- Looking for ignition-math6 -- found version 6.16.0
-- Looking for ignition-transport8 -- found version 8.2.1
-- Searching for dependencies of ignition-transport8
-- Found Protobuf: /usr/lib/x86_64-linux-gnu/libprotobuf.so (found suitable version "3.12.4", minimum required is "3") 
-- Config-file not installed for ZeroMQ -- checking for pkg-config
-- Checking for module 'libzmq >= 4'
--   Found libzmq , version 4.3.4
-- Found ZeroMQ: TRUE (Required is at least version "4") 
-- Checking for module 'uuid'
--   Found uuid, version 2.37.2
-- Found UUID: TRUE  
-- Looking for ignition-msgs5 -- found version 5.8.1
-- Searching for dependencies of ignition-msgs5
-- Looking for ignition-math6 -- found version 6.16.0
-- Checking for module 'tinyxml2'
--   Found tinyxml2, version 9.0.0
-- Looking for ignition-msgs5 -- found version 5.8.1
-- Looking for ignition-common3 -- found version 3.14.0
-- Searching for dependencies of ignition-common3
-- Looking for dlfcn.h - found
-- Looking for libdl - found
-- Found DL: TRUE  
-- Found tinyobjloader: /usr/lib/x86_64-linux-gnu/cmake/tinyobjloader/tinyobjloader-config.cmake (found version "2.0.0") 
-- Searching for <ignition-common3> component [graphics]
-- Looking for ignition-common3-graphics -- found version 3.14.0
-- Searching for dependencies of ignition-common3-graphics
-- Looking for ignition-math6 -- found version 6.16.0
-- Looking for ignition-fuel_tools4 -- found version 4.4.0
-- Searching for dependencies of ignition-fuel_tools4
-- Found CURL: /usr/lib/x86_64-linux-gnu/libcurl.so (found version "7.81.0")  
-- Checking for module 'jsoncpp'
--   Found jsoncpp, version 1.9.5
-- Found JSONCPP: TRUE  
-- Checking for module 'libzip'
--   Found libzip, version 1.7.3
-- Found ZIP: TRUE  
-- Looking for ignition-common3 -- found version 3.14.0
-- Looking for ignition-math6 -- found version 6.16.0
-- Looking for ignition-msgs5 -- found version 5.8.1
-- Gazebo version: 11.10
-- Checking for module 'tbb'
--   Found tbb, version 2021.5.0
-- Found gazebo_ros: 3.9.0 (/opt/ros/humble/share/gazebo_ros/cmake)
-- Found ament_cmake_ros: 0.10.1 (/opt/ros/humble/share/ament_cmake_ros/cmake)
-- Using all available rosidl_typesupport_c: rosidl_typesupport_fastrtps_c;rosidl_typesupport_introspection_c
-- Using all available rosidl_typesupport_cpp: rosidl_typesupport_fastrtps_cpp;rosidl_typesupport_introspection_cpp
-- Found PythonInterp: /usr/bin/python3 (found suitable version "3.10.12", minimum required is "3.6") 
-- Found python_cmake_module: 0.10.0 (/opt/ros/humble/share/python_cmake_module/cmake)
-- Found PythonLibs: /usr/lib/x86_64-linux-gnu/libpython3.10.so (found suitable version "3.10.12", minimum required is "3.5") 
-- Using PYTHON_EXECUTABLE: /usr/bin/python3
-- Using PYTHON_INCLUDE_DIRS: /usr/include/python3.10
-- Using PYTHON_LIBRARIES: /usr/lib/x86_64-linux-gnu/libpython3.10.so
-- Found PythonExtra: .so  
-- Configuring done
-- Generating done
-- Build files have been written to: /home/quan/thuc_hanh_tuan3/build/ur3_llm_control
[  1%] [34m[1mGenerating C code for ROS interfaces[0m
[  3%] [34m[1mGenerating C++ code for ROS interfaces[0m
[  5%] [34m[1mGenerating Rust code for ROS interfaces[0m
[  5%] Built target ament_cmake_python_copy_ur3_llm_control
running egg_info
creating ur3_llm_control.egg-info
writing ur3_llm_control.egg-info/PKG-INFO
writing dependency_links to ur3_llm_control.egg-info/dependency_links.txt
writing top-level names to ur3_llm_control.egg-info/top_level.txt
writing manifest file 'ur3_llm_control.egg-info/SOURCES.txt'
reading manifest file 'ur3_llm_control.egg-info/SOURCES.txt'
writing manifest file 'ur3_llm_control.egg-info/SOURCES.txt'
[  5%] Built target ur3_llm_control__rs
[  5%] Built target ament_cmake_python_build_ur3_llm_control_egg
[  7%] [32mBuilding C object CMakeFiles/ur3_llm_control__rosidl_generator_c.dir/rosidl_generator_c/ur3_llm_control/srv/detail/get_world_state__functions.c.o[0m
[ 11%] [32mBuilding C object CMakeFiles/ur3_llm_control__rosidl_generator_c.dir/rosidl_generator_c/ur3_llm_control/srv/detail/set_attachment__functions.c.o[0m
[ 11%] [32mBuilding C object CMakeFiles/ur3_llm_control__rosidl_generator_c.dir/rosidl_generator_c/ur3_llm_control/srv/detail/execute_skill__functions.c.o[0m
[ 11%] Built target ur3_llm_control__cpp
[ 13%] [34m[1mGenerating C++ type support dispatch for ROS interfaces[0m
[ 15%] [34m[1mGenerating C++ type support for eProsima Fast-RTPS[0m
[ 17%] [34m[1mGenerating C++ introspection for ROS interfaces[0m
[ 19%] [32m[1mLinking C shared library libur3_llm_control__rosidl_generator_c.so[0m
[ 19%] Built target ur3_llm_control__rosidl_generator_c
[ 25%] [34m[1mGenerating C type support for eProsima Fast-RTPS[0m
[ 25%] [34m[1mGenerating C type support dispatch for ROS interfaces[0m
[ 25%] [34m[1mGenerating C introspection for ROS interfaces[0m
[ 30%] [32mBuilding CXX object CMakeFiles/ur3_llm_control__rosidl_typesupport_cpp.dir/rosidl_typesupport_cpp/ur3_llm_control/srv/set_attachment__type_support.cpp.o[0m
[ 30%] [32mBuilding CXX object CMakeFiles/ur3_llm_control__rosidl_typesupport_cpp.dir/rosidl_typesupport_cpp/ur3_llm_control/srv/get_world_state__type_support.cpp.o[0m
[ 30%] [32mBuilding CXX object CMakeFiles/ur3_llm_control__rosidl_typesupport_cpp.dir/rosidl_typesupport_cpp/ur3_llm_control/srv/execute_skill__type_support.cpp.o[0m
[ 32%] [32mBuilding CXX object CMakeFiles/ur3_llm_control__rosidl_typesupport_introspection_cpp.dir/rosidl_typesupport_introspection_cpp/ur3_llm_control/srv/detail/execute_skill__type_support.cpp.o[0m
[ 34%] [32mBuilding CXX object CMakeFiles/ur3_llm_control__rosidl_typesupport_introspection_cpp.dir/rosidl_typesupport_introspection_cpp/ur3_llm_control/srv/detail/set_attachment__type_support.cpp.o[0m
[ 36%] [32mBuilding CXX object CMakeFiles/ur3_llm_control__rosidl_typesupport_introspection_cpp.dir/rosidl_typesupport_introspection_cpp/ur3_llm_control/srv/detail/get_world_state__type_support.cpp.o[0m
[ 42%] [32mBuilding CXX object CMakeFiles/ur3_llm_control__rosidl_typesupport_fastrtps_cpp.dir/rosidl_typesupport_fastrtps_cpp/ur3_llm_control/srv/detail/dds_fastrtps/get_world_state__type_support.cpp.o[0m
[ 42%] [32mBuilding CXX object CMakeFiles/ur3_llm_control__rosidl_typesupport_fastrtps_cpp.dir/rosidl_typesupport_fastrtps_cpp/ur3_llm_control/srv/detail/dds_fastrtps/execute_skill__type_support.cpp.o[0m
[ 42%] [32mBuilding CXX object CMakeFiles/ur3_llm_control__rosidl_typesupport_fastrtps_cpp.dir/rosidl_typesupport_fastrtps_cpp/ur3_llm_control/srv/detail/dds_fastrtps/set_attachment__type_support.cpp.o[0m
[ 44%] [32mBuilding C object CMakeFiles/ur3_llm_control__rosidl_typesupport_introspection_c.dir/rosidl_typesupport_introspection_c/ur3_llm_control/srv/detail/execute_skill__type_support.c.o[0m
[ 46%] [32mBuilding C object CMakeFiles/ur3_llm_control__rosidl_typesupport_introspection_c.dir/rosidl_typesupport_introspection_c/ur3_llm_control/srv/detail/get_world_state__type_support.c.o[0m
[ 48%] [32mBuilding C object CMakeFiles/ur3_llm_control__rosidl_typesupport_introspection_c.dir/rosidl_typesupport_introspection_c/ur3_llm_control/srv/detail/set_attachment__type_support.c.o[0m
[ 50%] [32mBuilding CXX object CMakeFiles/ur3_llm_control__rosidl_typesupport_fastrtps_c.dir/rosidl_typesupport_fastrtps_c/ur3_llm_control/srv/detail/execute_skill__type_support_c.cpp.o[0m
[ 51%] [32mBuilding CXX object CMakeFiles/ur3_llm_control__rosidl_typesupport_fastrtps_c.dir/rosidl_typesupport_fastrtps_c/ur3_llm_control/srv/detail/get_world_state__type_support_c.cpp.o[0m
[ 53%] [32mBuilding CXX object CMakeFiles/ur3_llm_control__rosidl_typesupport_fastrtps_c.dir/rosidl_typesupport_fastrtps_c/ur3_llm_control/srv/detail/set_attachment__type_support_c.cpp.o[0m
[ 55%] [32m[1mLinking C shared library libur3_llm_control__rosidl_typesupport_introspection_c.so[0m
[ 57%] [32mBuilding CXX object CMakeFiles/ur3_llm_control__rosidl_typesupport_c.dir/rosidl_typesupport_c/ur3_llm_control/srv/execute_skill__type_support.cpp.o[0m
[ 59%] [32mBuilding CXX object CMakeFiles/ur3_llm_control__rosidl_typesupport_c.dir/rosidl_typesupport_c/ur3_llm_control/srv/get_world_state__type_support.cpp.o[0m
[ 61%] [32mBuilding CXX object CMakeFiles/ur3_llm_control__rosidl_typesupport_c.dir/rosidl_typesupport_c/ur3_llm_control/srv/set_attachment__type_support.cpp.o[0m
[ 61%] Built target ur3_llm_control__rosidl_typesupport_introspection_c
[ 63%] [32m[1mLinking CXX shared library libur3_llm_control__rosidl_typesupport_c.so[0m
[ 63%] Built target ur3_llm_control__rosidl_typesupport_c
[ 65%] [32m[1mLinking CXX shared library libur3_llm_control__rosidl_typesupport_cpp.so[0m
[ 65%] Built target ur3_llm_control__rosidl_typesupport_cpp
[ 67%] [32m[1mLinking CXX shared library libur3_llm_control__rosidl_typesupport_introspection_cpp.so[0m
[ 67%] Built target ur3_llm_control__rosidl_typesupport_introspection_cpp
[ 69%] [32m[1mLinking CXX shared library libur3_llm_control__rosidl_typesupport_fastrtps_c.so[0m
[ 71%] [32m[1mLinking CXX shared library libur3_llm_control__rosidl_typesupport_fastrtps_cpp.so[0m
[ 71%] Built target ur3_llm_control__rosidl_typesupport_fastrtps_c
[ 71%] Built target ur3_llm_control__rosidl_typesupport_fastrtps_cpp
[ 71%] Built target ur3_llm_control
[ 73%] [32mBuilding CXX object CMakeFiles/robot_skills.dir/src/robot_skills.cpp.o[0m
[ 75%] [32mBuilding CXX object CMakeFiles/ur3_virtual_attachment.dir/src/virtual_attachment.cpp.o[0m
[ 76%] [34m[1mGenerating Python code for ROS interfaces[0m
[ 76%] Built target ur3_llm_control__py
[ 82%] [32mBuilding C object CMakeFiles/ur3_llm_control__rosidl_generator_py.dir/rosidl_generator_py/ur3_llm_control/srv/_set_attachment_s.c.o[0m
[ 82%] [32mBuilding C object CMakeFiles/ur3_llm_control__rosidl_generator_py.dir/rosidl_generator_py/ur3_llm_control/srv/_execute_skill_s.c.o[0m
[ 82%] [32mBuilding C object CMakeFiles/ur3_llm_control__rosidl_generator_py.dir/rosidl_generator_py/ur3_llm_control/srv/_get_world_state_s.c.o[0m
[ 84%] [32m[1mLinking C shared library rosidl_generator_py/ur3_llm_control/libur3_llm_control__rosidl_generator_py.so[0m
[ 84%] Built target ur3_llm_control__rosidl_generator_py
[ 86%] [32mBuilding C object CMakeFiles/ur3_llm_control__rosidl_typesupport_fastrtps_c__pyext.dir/rosidl_generator_py/ur3_llm_control/_ur3_llm_control_s.ep.rosidl_typesupport_fastrtps_c.c.o[0m
[ 90%] [32mBuilding C object CMakeFiles/ur3_llm_control__rosidl_typesupport_c__pyext.dir/rosidl_generator_py/ur3_llm_control/_ur3_llm_control_s.ep.rosidl_typesupport_c.c.o[0m
[ 90%] [32mBuilding C object CMakeFiles/ur3_llm_control__rosidl_typesupport_introspection_c__pyext.dir/rosidl_generator_py/ur3_llm_control/_ur3_llm_control_s.ep.rosidl_typesupport_introspection_c.c.o[0m
[ 92%] [32m[1mLinking C shared library rosidl_generator_py/ur3_llm_control/ur3_llm_control_s__rosidl_typesupport_fastrtps_c.cpython-310-x86_64-linux-gnu.so[0m
[ 94%] [32m[1mLinking C shared library rosidl_generator_py/ur3_llm_control/ur3_llm_control_s__rosidl_typesupport_c.cpython-310-x86_64-linux-gnu.so[0m
[ 96%] [32m[1mLinking C shared library rosidl_generator_py/ur3_llm_control/ur3_llm_control_s__rosidl_typesupport_introspection_c.cpython-310-x86_64-linux-gnu.so[0m
[ 96%] Built target ur3_llm_control__rosidl_typesupport_c__pyext
[ 96%] Built target ur3_llm_control__rosidl_typesupport_fastrtps_c__pyext
[ 96%] Built target ur3_llm_control__rosidl_typesupport_introspection_c__pyext
[ 98%] [32m[1mLinking CXX shared library libur3_virtual_attachment.so[0m
[ 98%] Built target ur3_virtual_attachment
[100%] [32m[1mLinking CXX executable robot_skills[0m
[100%] Built target robot_skills
-- Install configuration: ""
-- Installing: /home/quan/thuc_hanh_tuan3/install/ur3_llm_control/share/ament_index/resource_index/rosidl_interfaces/ur3_llm_control
-- Installing: /home/quan/thuc_hanh_tuan3/install/ur3_llm_control/include/ur3_llm_control/ur3_llm_control
-- Installing: /home/quan/thuc_hanh_tuan3/install/ur3_llm_control/include/ur3_llm_control/ur3_llm_control/srv
-- Installing: /home/quan/thuc_hanh_tuan3/install/ur3_llm_control/include/ur3_llm_control/ur3_llm_control/srv/detail
-- Installing: /home/quan/thuc_hanh_tuan3/install/ur3_llm_control/include/ur3_llm_control/ur3_llm_control/srv/detail/set_attachment__functions.h
-- Installing: /home/quan/thuc_hanh_tuan3/install/ur3_llm_control/include/ur3_llm_control/ur3_llm_control/srv/detail/execute_skill__functions.h
-- Installing: /home/quan/thuc_hanh_tuan3/install/ur3_llm_control/include/ur3_llm_control/ur3_llm_control/srv/detail/execute_skill__struct.h
-- Installing: /home/quan/thuc_hanh_tuan3/install/ur3_llm_control/include/ur3_llm_control/ur3_llm_control/srv/detail/get_world_state__struct.h
-- Installing: /home/quan/thuc_hanh_tuan3/install/ur3_llm_control/include/ur3_llm_control/ur3_llm_control/srv/detail/get_world_state__functions.c
-- Installing: /home/quan/thuc_hanh_tuan3/install/ur3_llm_control/include/ur3_llm_control/ur3_llm_control/srv/detail/set_attachment__functions.c
-- Installing: /home/quan/thuc_hanh_tuan3/install/ur3_llm_control/include/ur3_llm_control/ur3_llm_control/srv/detail/execute_skill__type_support.h
-- Installing: /home/quan/thuc_hanh_tuan3/install/ur3_llm_control/include/ur3_llm_control/ur3_llm_control/srv/detail/set_attachment__struct.h
-- Installing: /home/quan/thuc_hanh_tuan3/install/ur3_llm_control/include/ur3_llm_control/ur3_llm_control/srv/detail/set_attachment__type_support.h
-- Installing: /home/quan/thuc_hanh_tuan3/install/ur3_llm_control/include/ur3_llm_control/ur3_llm_control/srv/detail/get_world_state__functions.h
-- Installing: /home/quan/thuc_hanh_tuan3/install/ur3_llm_control/include/ur3_llm_control/ur3_llm_control/srv/detail/get_world_state__type_support.h
-- Installing: /home/quan/thuc_hanh_tuan3/install/ur3_llm_control/include/ur3_llm_control/ur3_llm_control/srv/detail/execute_skill__functions.c
-- Installing: /home/quan/thuc_hanh_tuan3/install/ur3_llm_control/include/ur3_llm_control/ur3_llm_control/srv/get_world_state.h
-- Installing: /home/quan/thuc_hanh_tuan3/install/ur3_llm_control/include/ur3_llm_control/ur3_llm_control/srv/set_attachment.h
-- Installing: /home/quan/thuc_hanh_tuan3/install/ur3_llm_control/include/ur3_llm_control/ur3_llm_control/srv/execute_skill.h
-- Installing: /home/quan/thuc_hanh_tuan3/install/ur3_llm_control/include/ur3_llm_control/ur3_llm_control/msg
-- Installing: /home/quan/thuc_hanh_tuan3/install/ur3_llm_control/include/ur3_llm_control/ur3_llm_control/msg/rosidl_generator_c__visibility_control.h
-- Installing: /home/quan/thuc_hanh_tuan3/install/ur3_llm_control/share/ur3_llm_control/environment/library_path.sh
-- Installing: /home/quan/thuc_hanh_tuan3/install/ur3_llm_control/share/ur3_llm_control/environment/library_path.dsv
-- Installing: /home/quan/thuc_hanh_tuan3/install/ur3_llm_control/lib/libur3_llm_control__rosidl_generator_c.so
-- Set runtime path of "/home/quan/thuc_hanh_tuan3/install/ur3_llm_control/lib/libur3_llm_control__rosidl_generator_c.so" to ""
-- Up-to-date: /home/quan/thuc_hanh_tuan3/install/ur3_llm_control/include/ur3_llm_control/ur3_llm_control
-- Up-to-date: /home/quan/thuc_hanh_tuan3/install/ur3_llm_control/include/ur3_llm_control/ur3_llm_control/srv
-- Up-to-date: /home/quan/thuc_hanh_tuan3/install/ur3_llm_control/include/ur3_llm_control/ur3_llm_control/srv/detail
-- Installing: /home/quan/thuc_hanh_tuan3/install/ur3_llm_control/include/ur3_llm_control/ur3_llm_control/srv/detail/set_attachment__rosidl_typesupport_fastrtps_c.h
-- Installing: /home/quan/thuc_hanh_tuan3/install/ur3_llm_control/include/ur3_llm_control/ur3_llm_control/srv/detail/get_world_state__rosidl_typesupport_fastrtps_c.h
-- Installing: /home/quan/thuc_hanh_tuan3/install/ur3_llm_control/include/ur3_llm_control/ur3_llm_control/srv/detail/execute_skill__rosidl_typesupport_fastrtps_c.h
-- Up-to-date: /home/quan/thuc_hanh_tuan3/install/ur3_llm_control/include/ur3_llm_control/ur3_llm_control/msg
-- Installing: /home/quan/thuc_hanh_tuan3/install/ur3_llm_control/include/ur3_llm_control/ur3_llm_control/msg/rosidl_typesupport_fastrtps_c__visibility_control.h
-- Installing: /home/quan/thuc_hanh_tuan3/install/ur3_llm_control/lib/libur3_llm_control__rosidl_typesupport_fastrtps_c.so
-- Set runtime path of "/home/quan/thuc_hanh_tuan3/install/ur3_llm_control/lib/libur3_llm_control__rosidl_typesupport_fastrtps_c.so" to ""
-- Up-to-date: /home/quan/thuc_hanh_tuan3/install/ur3_llm_control/include/ur3_llm_control/ur3_llm_control
-- Up-to-date: /home/quan/thuc_hanh_tuan3/install/ur3_llm_control/include/ur3_llm_control/ur3_llm_control/srv
-- Up-to-date: /home/quan/thuc_hanh_tuan3/install/ur3_llm_control/include/ur3_llm_control/ur3_llm_control/srv/detail
-- Installing: /home/quan/thuc_hanh_tuan3/install/ur3_llm_control/include/ur3_llm_control/ur3_llm_control/srv/detail/set_attachment__type_support.hpp
-- Installing: /home/quan/thuc_hanh_tuan3/install/ur3_llm_control/include/ur3_llm_control/ur3_llm_control/srv/detail/set_attachment__traits.hpp
-- Installing: /home/quan/thuc_hanh_tuan3/install/ur3_llm_control/include/ur3_llm_control/ur3_llm_control/srv/detail/execute_skill__traits.hpp
-- Installing: /home/quan/thuc_hanh_tuan3/install/ur3_llm_control/include/ur3_llm_control/ur3_llm_control/srv/detail/set_attachment__builder.hpp
-- Installing: /home/quan/thuc_hanh_tuan3/install/ur3_llm_control/include/ur3_llm_control/ur3_llm_control/srv/detail/get_world_state__builder.hpp
-- Installing: /home/quan/thuc_hanh_tuan3/install/ur3_llm_control/include/ur3_llm_control/ur3_llm_control/srv/detail/execute_skill__type_support.hpp
-- Installing: /home/quan/thuc_hanh_tuan3/install/ur3_llm_control/include/ur3_llm_control/ur3_llm_control/srv/detail/execute_skill__struct.hpp
-- Installing: /home/quan/thuc_hanh_tuan3/install/ur3_llm_control/include/ur3_llm_control/ur3_llm_control/srv/detail/get_world_state__traits.hpp
-- Installing: /home/quan/thuc_hanh_tuan3/install/ur3_llm_control/include/ur3_llm_control/ur3_llm_control/srv/detail/execute_skill__builder.hpp
-- Installing: /home/quan/thuc_hanh_tuan3/install/ur3_llm_control/include/ur3_llm_control/ur3_llm_control/srv/detail/set_attachment__struct.hpp
-- Installing: /home/quan/thuc_hanh_tuan3/install/ur3_llm_control/include/ur3_llm_control/ur3_llm_control/srv/detail/get_world_state__type_support.hpp
-- Installing: /home/quan/thuc_hanh_tuan3/install/ur3_llm_control/include/ur3_llm_control/ur3_llm_control/srv/detail/get_world_state__struct.hpp
-- Installing: /home/quan/thuc_hanh_tuan3/install/ur3_llm_control/include/ur3_llm_control/ur3_llm_control/srv/get_world_state.hpp
-- Installing: /home/quan/thuc_hanh_tuan3/install/ur3_llm_control/include/ur3_llm_control/ur3_llm_control/srv/set_attachment.hpp
-- Installing: /home/quan/thuc_hanh_tuan3/install/ur3_llm_control/include/ur3_llm_control/ur3_llm_control/srv/execute_skill.hpp
-- Up-to-date: /home/quan/thuc_hanh_tuan3/install/ur3_llm_control/include/ur3_llm_control/ur3_llm_control/msg
-- Installing: /home/quan/thuc_hanh_tuan3/install/ur3_llm_control/include/ur3_llm_control/ur3_llm_control/msg/rosidl_generator_cpp__visibility_control.hpp
-- Up-to-date: /home/quan/thuc_hanh_tuan3/install/ur3_llm_control/include/ur3_llm_control/ur3_llm_control
-- Up-to-date: /home/quan/thuc_hanh_tuan3/install/ur3_llm_control/include/ur3_llm_control/ur3_llm_control/srv
-- Up-to-date: /home/quan/thuc_hanh_tuan3/install/ur3_llm_control/include/ur3_llm_control/ur3_llm_control/srv/detail
-- Installing: /home/quan/thuc_hanh_tuan3/install/ur3_llm_control/include/ur3_llm_control/ur3_llm_control/srv/detail/dds_fastrtps
-- Installing: /home/quan/thuc_hanh_tuan3/install/ur3_llm_control/include/ur3_llm_control/ur3_llm_control/srv/detail/get_world_state__rosidl_typesupport_fastrtps_cpp.hpp
-- Installing: /home/quan/thuc_hanh_tuan3/install/ur3_llm_control/include/ur3_llm_control/ur3_llm_control/srv/detail/set_attachment__rosidl_typesupport_fastrtps_cpp.hpp
-- Installing: /home/quan/thuc_hanh_tuan3/install/ur3_llm_control/include/ur3_llm_control/ur3_llm_control/srv/detail/execute_skill__rosidl_typesupport_fastrtps_cpp.hpp
-- Up-to-date: /home/quan/thuc_hanh_tuan3/install/ur3_llm_control/include/ur3_llm_control/ur3_llm_control/msg
-- Installing: /home/quan/thuc_hanh_tuan3/install/ur3_llm_control/include/ur3_llm_control/ur3_llm_control/msg/rosidl_typesupport_fastrtps_cpp__visibility_control.h
-- Installing: /home/quan/thuc_hanh_tuan3/install/ur3_llm_control/lib/libur3_llm_control__rosidl_typesupport_fastrtps_cpp.so
-- Set runtime path of "/home/quan/thuc_hanh_tuan3/install/ur3_llm_control/lib/libur3_llm_control__rosidl_typesupport_fastrtps_cpp.so" to ""
-- Up-to-date: /home/quan/thuc_hanh_tuan3/install/ur3_llm_control/include/ur3_llm_control/ur3_llm_control
-- Up-to-date: /home/quan/thuc_hanh_tuan3/install/ur3_llm_control/include/ur3_llm_control/ur3_llm_control/srv
-- Up-to-date: /home/quan/thuc_hanh_tuan3/install/ur3_llm_control/include/ur3_llm_control/ur3_llm_control/srv/detail
-- Installing: /home/quan/thuc_hanh_tuan3/install/ur3_llm_control/include/ur3_llm_control/ur3_llm_control/srv/detail/get_world_state__type_support.c
-- Installing: /home/quan/thuc_hanh_tuan3/install/ur3_llm_control/include/ur3_llm_control/ur3_llm_control/srv/detail/execute_skill__rosidl_typesupport_introspection_c.h
-- Installing: /home/quan/thuc_hanh_tuan3/install/ur3_llm_control/include/ur3_llm_control/ur3_llm_control/srv/detail/set_attachment__rosidl_typesupport_introspection_c.h
-- Installing: /home/quan/thuc_hanh_tuan3/install/ur3_llm_control/include/ur3_llm_control/ur3_llm_control/srv/detail/set_attachment__type_support.c
-- Installing: /home/quan/thuc_hanh_tuan3/install/ur3_llm_control/include/ur3_llm_control/ur3_llm_control/srv/detail/execute_skill__type_support.c
-- Installing: /home/quan/thuc_hanh_tuan3/install/ur3_llm_control/include/ur3_llm_control/ur3_llm_control/srv/detail/get_world_state__rosidl_typesupport_introspection_c.h
-- Up-to-date: /home/quan/thuc_hanh_tuan3/install/ur3_llm_control/include/ur3_llm_control/ur3_llm_control/msg
-- Installing: /home/quan/thuc_hanh_tuan3/install/ur3_llm_control/include/ur3_llm_control/ur3_llm_control/msg/rosidl_typesupport_introspection_c__visibility_control.h
-- Installing: /home/quan/thuc_hanh_tuan3/install/ur3_llm_control/lib/libur3_llm_control__rosidl_typesupport_introspection_c.so
-- Set runtime path of "/home/quan/thuc_hanh_tuan3/install/ur3_llm_control/lib/libur3_llm_control__rosidl_typesupport_introspection_c.so" to ""
-- Installing: /home/quan/thuc_hanh_tuan3/install/ur3_llm_control/lib/libur3_llm_control__rosidl_typesupport_c.so
-- Set runtime path of "/home/quan/thuc_hanh_tuan3/install/ur3_llm_control/lib/libur3_llm_control__rosidl_typesupport_c.so" to ""
-- Up-to-date: /home/quan/thuc_hanh_tuan3/install/ur3_llm_control/include/ur3_llm_control/ur3_llm_control
-- Up-to-date: /home/quan/thuc_hanh_tuan3/install/ur3_llm_control/include/ur3_llm_control/ur3_llm_control/srv
-- Up-to-date: /home/quan/thuc_hanh_tuan3/install/ur3_llm_control/include/ur3_llm_control/ur3_llm_control/srv/detail
-- Installing: /home/quan/thuc_hanh_tuan3/install/ur3_llm_control/include/ur3_llm_control/ur3_llm_control/srv/detail/set_attachment__type_support.cpp
-- Installing: /home/quan/thuc_hanh_tuan3/install/ur3_llm_control/include/ur3_llm_control/ur3_llm_control/srv/detail/get_world_state__type_support.cpp
-- Installing: /home/quan/thuc_hanh_tuan3/install/ur3_llm_control/include/ur3_llm_control/ur3_llm_control/srv/detail/execute_skill__type_support.cpp
-- Installing: /home/quan/thuc_hanh_tuan3/install/ur3_llm_control/include/ur3_llm_control/ur3_llm_control/srv/detail/execute_skill__rosidl_typesupport_introspection_cpp.hpp
-- Installing: /home/quan/thuc_hanh_tuan3/install/ur3_llm_control/include/ur3_llm_control/ur3_llm_control/srv/detail/set_attachment__rosidl_typesupport_introspection_cpp.hpp
-- Installing: /home/quan/thuc_hanh_tuan3/install/ur3_llm_control/include/ur3_llm_control/ur3_llm_control/srv/detail/get_world_state__rosidl_typesupport_introspection_cpp.hpp
-- Installing: /home/quan/thuc_hanh_tuan3/install/ur3_llm_control/lib/libur3_llm_control__rosidl_typesupport_introspection_cpp.so
-- Set runtime path of "/home/quan/thuc_hanh_tuan3/install/ur3_llm_control/lib/libur3_llm_control__rosidl_typesupport_introspection_cpp.so" to ""
-- Installing: /home/quan/thuc_hanh_tuan3/install/ur3_llm_control/lib/libur3_llm_control__rosidl_typesupport_cpp.so
-- Set runtime path of "/home/quan/thuc_hanh_tuan3/install/ur3_llm_control/lib/libur3_llm_control__rosidl_typesupport_cpp.so" to ""
-- Installing: /home/quan/thuc_hanh_tuan3/install/ur3_llm_control/share/ur3_llm_control/environment/pythonpath.sh
-- Installing: /home/quan/thuc_hanh_tuan3/install/ur3_llm_control/share/ur3_llm_control/environment/pythonpath.dsv
-- Installing: /home/quan/thuc_hanh_tuan3/install/ur3_llm_control/local/lib/python3.10/dist-packages/ur3_llm_control-0.1.0-py3.10.egg-info
-- Installing: /home/quan/thuc_hanh_tuan3/install/ur3_llm_control/local/lib/python3.10/dist-packages/ur3_llm_control-0.1.0-py3.10.egg-info/top_level.txt
-- Installing: /home/quan/thuc_hanh_tuan3/install/ur3_llm_control/local/lib/python3.10/dist-packages/ur3_llm_control-0.1.0-py3.10.egg-info/PKG-INFO
-- Installing: /home/quan/thuc_hanh_tuan3/install/ur3_llm_control/local/lib/python3.10/dist-packages/ur3_llm_control-0.1.0-py3.10.egg-info/dependency_links.txt
-- Installing: /home/quan/thuc_hanh_tuan3/install/ur3_llm_control/local/lib/python3.10/dist-packages/ur3_llm_control-0.1.0-py3.10.egg-info/SOURCES.txt
-- Installing: /home/quan/thuc_hanh_tuan3/install/ur3_llm_control/local/lib/python3.10/dist-packages/ur3_llm_control
-- Installing: /home/quan/thuc_hanh_tuan3/install/ur3_llm_control/local/lib/python3.10/dist-packages/ur3_llm_control/ur3_llm_control_s__rosidl_typesupport_fastrtps_c.cpython-310-x86_64-linux-gnu.so
-- Installing: /home/quan/thuc_hanh_tuan3/install/ur3_llm_control/local/lib/python3.10/dist-packages/ur3_llm_control/_ur3_llm_control_s.ep.rosidl_typesupport_c.c
-- Installing: /home/quan/thuc_hanh_tuan3/install/ur3_llm_control/local/lib/python3.10/dist-packages/ur3_llm_control/_ur3_llm_control_s.ep.rosidl_typesupport_fastrtps_c.c
-- Installing: /home/quan/thuc_hanh_tuan3/install/ur3_llm_control/local/lib/python3.10/dist-packages/ur3_llm_control/srv
-- Installing: /home/quan/thuc_hanh_tuan3/install/ur3_llm_control/local/lib/python3.10/dist-packages/ur3_llm_control/srv/_set_attachment.py
-- Installing: /home/quan/thuc_hanh_tuan3/install/ur3_llm_control/local/lib/python3.10/dist-packages/ur3_llm_control/srv/_set_attachment_s.c
-- Installing: /home/quan/thuc_hanh_tuan3/install/ur3_llm_control/local/lib/python3.10/dist-packages/ur3_llm_control/srv/__init__.py
-- Installing: /home/quan/thuc_hanh_tuan3/install/ur3_llm_control/local/lib/python3.10/dist-packages/ur3_llm_control/srv/_execute_skill_s.c
-- Installing: /home/quan/thuc_hanh_tuan3/install/ur3_llm_control/local/lib/python3.10/dist-packages/ur3_llm_control/srv/_get_world_state.py
-- Installing: /home/quan/thuc_hanh_tuan3/install/ur3_llm_control/local/lib/python3.10/dist-packages/ur3_llm_control/srv/_execute_skill.py
-- Installing: /home/quan/thuc_hanh_tuan3/install/ur3_llm_control/local/lib/python3.10/dist-packages/ur3_llm_control/srv/_get_world_state_s.c
-- Installing: /home/quan/thuc_hanh_tuan3/install/ur3_llm_control/local/lib/python3.10/dist-packages/ur3_llm_control/_ur3_llm_control_s.ep.rosidl_typesupport_introspection_c.c
-- Installing: /home/quan/thuc_hanh_tuan3/install/ur3_llm_control/local/lib/python3.10/dist-packages/ur3_llm_control/ur3_llm_control_s__rosidl_typesupport_c.cpython-310-x86_64-linux-gnu.so
-- Installing: /home/quan/thuc_hanh_tuan3/install/ur3_llm_control/local/lib/python3.10/dist-packages/ur3_llm_control/ur3_llm_control_s__rosidl_typesupport_introspection_c.cpython-310-x86_64-linux-gnu.so
-- Installing: /home/quan/thuc_hanh_tuan3/install/ur3_llm_control/local/lib/python3.10/dist-packages/ur3_llm_control/__init__.py
-- Installing: /home/quan/thuc_hanh_tuan3/install/ur3_llm_control/local/lib/python3.10/dist-packages/ur3_llm_control/libur3_llm_control__rosidl_generator_py.so
Listing '/home/quan/thuc_hanh_tuan3/install/ur3_llm_control/local/lib/python3.10/dist-packages/ur3_llm_control'...
Compiling '/home/quan/thuc_hanh_tuan3/install/ur3_llm_control/local/lib/python3.10/dist-packages/ur3_llm_control/__init__.py'...
Listing '/home/quan/thuc_hanh_tuan3/install/ur3_llm_control/local/lib/python3.10/dist-packages/ur3_llm_control/srv'...
Compiling '/home/quan/thuc_hanh_tuan3/install/ur3_llm_control/local/lib/python3.10/dist-packages/ur3_llm_control/srv/__init__.py'...
Compiling '/home/quan/thuc_hanh_tuan3/install/ur3_llm_control/local/lib/python3.10/dist-packages/ur3_llm_control/srv/_execute_skill.py'...
Compiling '/home/quan/thuc_hanh_tuan3/install/ur3_llm_control/local/lib/python3.10/dist-packages/ur3_llm_control/srv/_get_world_state.py'...
Compiling '/home/quan/thuc_hanh_tuan3/install/ur3_llm_control/local/lib/python3.10/dist-packages/ur3_llm_control/srv/_set_attachment.py'...
-- Installing: /home/quan/thuc_hanh_tuan3/install/ur3_llm_control/local/lib/python3.10/dist-packages/ur3_llm_control/ur3_llm_control_s__rosidl_typesupport_fastrtps_c.cpython-310-x86_64-linux-gnu.so
-- Set runtime path of "/home/quan/thuc_hanh_tuan3/install/ur3_llm_control/local/lib/python3.10/dist-packages/ur3_llm_control/ur3_llm_control_s__rosidl_typesupport_fastrtps_c.cpython-310-x86_64-linux-gnu.so" to ""
-- Installing: /home/quan/thuc_hanh_tuan3/install/ur3_llm_control/local/lib/python3.10/dist-packages/ur3_llm_control/ur3_llm_control_s__rosidl_typesupport_introspection_c.cpython-310-x86_64-linux-gnu.so
-- Set runtime path of "/home/quan/thuc_hanh_tuan3/install/ur3_llm_control/local/lib/python3.10/dist-packages/ur3_llm_control/ur3_llm_control_s__rosidl_typesupport_introspection_c.cpython-310-x86_64-linux-gnu.so" to ""
-- Installing: /home/quan/thuc_hanh_tuan3/install/ur3_llm_control/local/lib/python3.10/dist-packages/ur3_llm_control/ur3_llm_control_s__rosidl_typesupport_c.cpython-310-x86_64-linux-gnu.so
-- Set runtime path of "/home/quan/thuc_hanh_tuan3/install/ur3_llm_control/local/lib/python3.10/dist-packages/ur3_llm_control/ur3_llm_control_s__rosidl_typesupport_c.cpython-310-x86_64-linux-gnu.so" to ""
-- Installing: /home/quan/thuc_hanh_tuan3/install/ur3_llm_control/lib/libur3_llm_control__rosidl_generator_py.so
-- Set runtime path of "/home/quan/thuc_hanh_tuan3/install/ur3_llm_control/lib/libur3_llm_control__rosidl_generator_py.so" to ""
-- Installing: /home/quan/thuc_hanh_tuan3/install/ur3_llm_control/share/ur3_llm_control/rust
-- Installing: /home/quan/thuc_hanh_tuan3/install/ur3_llm_control/share/ur3_llm_control/rust/build.rs
-- Installing: /home/quan/thuc_hanh_tuan3/install/ur3_llm_control/share/ur3_llm_control/rust/Cargo.toml
-- Installing: /home/quan/thuc_hanh_tuan3/install/ur3_llm_control/share/ur3_llm_control/rust/src
-- Installing: /home/quan/thuc_hanh_tuan3/install/ur3_llm_control/share/ur3_llm_control/rust/src/srv
-- Installing: /home/quan/thuc_hanh_tuan3/install/ur3_llm_control/share/ur3_llm_control/rust/src/srv/rmw.rs
-- Installing: /home/quan/thuc_hanh_tuan3/install/ur3_llm_control/share/ur3_llm_control/rust/src/lib.rs
-- Installing: /home/quan/thuc_hanh_tuan3/install/ur3_llm_control/share/ur3_llm_control/rust/src/srv.rs
-- Installing: /home/quan/thuc_hanh_tuan3/install/ur3_llm_control/share/ur3_llm_control/srv/ExecuteSkill.idl
-- Installing: /home/quan/thuc_hanh_tuan3/install/ur3_llm_control/share/ur3_llm_control/srv/SetAttachment.idl
-- Installing: /home/quan/thuc_hanh_tuan3/install/ur3_llm_control/share/ur3_llm_control/srv/GetWorldState.idl
-- Installing: /home/quan/thuc_hanh_tuan3/install/ur3_llm_control/share/ur3_llm_control/srv/ExecuteSkill.srv
-- Installing: /home/quan/thuc_hanh_tuan3/install/ur3_llm_control/share/ur3_llm_control/srv/ExecuteSkill_Request.msg
-- Installing: /home/quan/thuc_hanh_tuan3/install/ur3_llm_control/share/ur3_llm_control/srv/ExecuteSkill_Response.msg
-- Installing: /home/quan/thuc_hanh_tuan3/install/ur3_llm_control/share/ur3_llm_control/srv/SetAttachment.srv
-- Installing: /home/quan/thuc_hanh_tuan3/install/ur3_llm_control/share/ur3_llm_control/srv/SetAttachment_Request.msg
-- Installing: /home/quan/thuc_hanh_tuan3/install/ur3_llm_control/share/ur3_llm_control/srv/SetAttachment_Response.msg
-- Installing: /home/quan/thuc_hanh_tuan3/install/ur3_llm_control/share/ur3_llm_control/srv/GetWorldState.srv
-- Installing: /home/quan/thuc_hanh_tuan3/install/ur3_llm_control/share/ur3_llm_control/srv/GetWorldState_Request.msg
-- Installing: /home/quan/thuc_hanh_tuan3/install/ur3_llm_control/share/ur3_llm_control/srv/GetWorldState_Response.msg
-- Installing: /home/quan/thuc_hanh_tuan3/install/ur3_llm_control/lib/ur3_llm_control/robot_skills
-- Set runtime path of "/home/quan/thuc_hanh_tuan3/install/ur3_llm_control/lib/ur3_llm_control/robot_skills" to ""
-- Installing: /home/quan/thuc_hanh_tuan3/install/ur3_llm_control/lib/libur3_virtual_attachment.so
-- Set runtime path of "/home/quan/thuc_hanh_tuan3/install/ur3_llm_control/lib/libur3_virtual_attachment.so" to ""
-- Installing: /home/quan/thuc_hanh_tuan3/install/ur3_llm_control/lib/ur3_llm_control/llm_planner.py
-- Installing: /home/quan/thuc_hanh_tuan3/install/ur3_llm_control/lib/ur3_llm_control/task_validator.py
-- Installing: /home/quan/thuc_hanh_tuan3/install/ur3_llm_control/lib/ur3_llm_control/skill_executor.py
-- Installing: /home/quan/thuc_hanh_tuan3/install/ur3_llm_control/lib/ur3_llm_control/task_manager.py
-- Installing: /home/quan/thuc_hanh_tuan3/install/ur3_llm_control/share/ur3_llm_control/launch
-- Installing: /home/quan/thuc_hanh_tuan3/install/ur3_llm_control/share/ur3_llm_control/launch/llm_robot.launch.py
-- Installing: /home/quan/thuc_hanh_tuan3/install/ur3_llm_control/share/ur3_llm_control/config
-- Installing: /home/quan/thuc_hanh_tuan3/install/ur3_llm_control/share/ur3_llm_control/config/home_joints.yaml
-- Installing: /home/quan/thuc_hanh_tuan3/install/ur3_llm_control/share/ur3_llm_control/config/staging_joints.yaml
-- Installing: /home/quan/thuc_hanh_tuan3/install/ur3_llm_control/share/ur3_llm_control/config/ur_controllers.yaml
-- Installing: /home/quan/thuc_hanh_tuan3/install/ur3_llm_control/share/ur3_llm_control/config/scene.yaml
-- Installing: /home/quan/thuc_hanh_tuan3/install/ur3_llm_control/share/ur3_llm_control/config/student_config.yaml
-- Installing: /home/quan/thuc_hanh_tuan3/install/ur3_llm_control/share/ur3_llm_control/prompt
-- Installing: /home/quan/thuc_hanh_tuan3/install/ur3_llm_control/share/ur3_llm_control/prompt/planner_prompt.txt
-- Installing: /home/quan/thuc_hanh_tuan3/install/ur3_llm_control/share/ur3_llm_control/worlds
-- Installing: /home/quan/thuc_hanh_tuan3/install/ur3_llm_control/share/ur3_llm_control/worlds/assignment2.world
-- Installing: /home/quan/thuc_hanh_tuan3/install/ur3_llm_control/share/ur3_llm_control/models
-- Installing: /home/quan/thuc_hanh_tuan3/install/ur3_llm_control/share/ur3_llm_control/models/blue_cube
-- Installing: /home/quan/thuc_hanh_tuan3/install/ur3_llm_control/share/ur3_llm_control/models/blue_cube/model.sdf
-- Installing: /home/quan/thuc_hanh_tuan3/install/ur3_llm_control/share/ur3_llm_control/models/blue_cube/model.config
-- Installing: /home/quan/thuc_hanh_tuan3/install/ur3_llm_control/share/ur3_llm_control/models/red_cube
-- Installing: /home/quan/thuc_hanh_tuan3/install/ur3_llm_control/share/ur3_llm_control/models/red_cube/model.sdf
-- Installing: /home/quan/thuc_hanh_tuan3/install/ur3_llm_control/share/ur3_llm_control/models/red_cube/model.config
-- Installing: /home/quan/thuc_hanh_tuan3/install/ur3_llm_control/share/ur3_llm_control/models/zone_a
-- Installing: /home/quan/thuc_hanh_tuan3/install/ur3_llm_control/share/ur3_llm_control/models/zone_a/model.sdf
-- Installing: /home/quan/thuc_hanh_tuan3/install/ur3_llm_control/share/ur3_llm_control/models/zone_a/model.config
-- Installing: /home/quan/thuc_hanh_tuan3/install/ur3_llm_control/share/ur3_llm_control/models/zone_b
-- Installing: /home/quan/thuc_hanh_tuan3/install/ur3_llm_control/share/ur3_llm_control/models/zone_b/model.sdf
-- Installing: /home/quan/thuc_hanh_tuan3/install/ur3_llm_control/share/ur3_llm_control/models/zone_b/model.config
-- Installing: /home/quan/thuc_hanh_tuan3/install/ur3_llm_control/share/ur3_llm_control/models/zone_c
-- Installing: /home/quan/thuc_hanh_tuan3/install/ur3_llm_control/share/ur3_llm_control/models/zone_c/model.sdf
-- Installing: /home/quan/thuc_hanh_tuan3/install/ur3_llm_control/share/ur3_llm_control/models/zone_c/model.config
-- Installing: /home/quan/thuc_hanh_tuan3/install/ur3_llm_control/share/ur3_llm_control/models/yellow_cube
-- Installing: /home/quan/thuc_hanh_tuan3/install/ur3_llm_control/share/ur3_llm_control/models/yellow_cube/model.sdf
-- Installing: /home/quan/thuc_hanh_tuan3/install/ur3_llm_control/share/ur3_llm_control/models/yellow_cube/model.config
-- Installing: /home/quan/thuc_hanh_tuan3/install/ur3_llm_control/share/ur3_llm_control/models/ur3_task_table
-- Installing: /home/quan/thuc_hanh_tuan3/install/ur3_llm_control/share/ur3_llm_control/models/ur3_task_table/model.sdf
-- Installing: /home/quan/thuc_hanh_tuan3/install/ur3_llm_control/share/ur3_llm_control/models/ur3_task_table/model.config
-- Installing: /home/quan/thuc_hanh_tuan3/install/ur3_llm_control/share/ur3_llm_control/models/buffer
-- Installing: /home/quan/thuc_hanh_tuan3/install/ur3_llm_control/share/ur3_llm_control/models/buffer/model.sdf
-- Installing: /home/quan/thuc_hanh_tuan3/install/ur3_llm_control/share/ur3_llm_control/models/buffer/model.config
-- Installing: /home/quan/thuc_hanh_tuan3/install/ur3_llm_control/share/ament_index/resource_index/package_run_dependencies/ur3_llm_control
-- Installing: /home/quan/thuc_hanh_tuan3/install/ur3_llm_control/share/ament_index/resource_index/parent_prefix_path/ur3_llm_control
-- Installing: /home/quan/thuc_hanh_tuan3/install/ur3_llm_control/share/ur3_llm_control/environment/ament_prefix_path.sh
-- Installing: /home/quan/thuc_hanh_tuan3/install/ur3_llm_control/share/ur3_llm_control/environment/ament_prefix_path.dsv
-- Installing: /home/quan/thuc_hanh_tuan3/install/ur3_llm_control/share/ur3_llm_control/environment/path.sh
-- Installing: /home/quan/thuc_hanh_tuan3/install/ur3_llm_control/share/ur3_llm_control/environment/path.dsv
-- Installing: /home/quan/thuc_hanh_tuan3/install/ur3_llm_control/share/ur3_llm_control/local_setup.bash
-- Installing: /home/quan/thuc_hanh_tuan3/install/ur3_llm_control/share/ur3_llm_control/local_setup.sh
-- Installing: /home/quan/thuc_hanh_tuan3/install/ur3_llm_control/share/ur3_llm_control/local_setup.zsh
-- Installing: /home/quan/thuc_hanh_tuan3/install/ur3_llm_control/share/ur3_llm_control/local_setup.dsv
-- Installing: /home/quan/thuc_hanh_tuan3/install/ur3_llm_control/share/ur3_llm_control/package.dsv
-- Installing: /home/quan/thuc_hanh_tuan3/install/ur3_llm_control/share/ament_index/resource_index/packages/ur3_llm_control
-- Installing: /home/quan/thuc_hanh_tuan3/install/ur3_llm_control/share/ur3_llm_control/cmake/export_ur3_llm_control__rosidl_generator_cExport.cmake
-- Installing: /home/quan/thuc_hanh_tuan3/install/ur3_llm_control/share/ur3_llm_control/cmake/export_ur3_llm_control__rosidl_generator_cExport-noconfig.cmake
-- Installing: /home/quan/thuc_hanh_tuan3/install/ur3_llm_control/share/ur3_llm_control/cmake/export_ur3_llm_control__rosidl_typesupport_fastrtps_cExport.cmake
-- Installing: /home/quan/thuc_hanh_tuan3/install/ur3_llm_control/share/ur3_llm_control/cmake/export_ur3_llm_control__rosidl_typesupport_fastrtps_cExport-noconfig.cmake
-- Installing: /home/quan/thuc_hanh_tuan3/install/ur3_llm_control/share/ur3_llm_control/cmake/export_ur3_llm_control__rosidl_generator_cppExport.cmake
-- Installing: /home/quan/thuc_hanh_tuan3/install/ur3_llm_control/share/ur3_llm_control/cmake/export_ur3_llm_control__rosidl_typesupport_fastrtps_cppExport.cmake
-- Installing: /home/quan/thuc_hanh_tuan3/install/ur3_llm_control/share/ur3_llm_control/cmake/export_ur3_llm_control__rosidl_typesupport_fastrtps_cppExport-noconfig.cmake
-- Installing: /home/quan/thuc_hanh_tuan3/install/ur3_llm_control/share/ur3_llm_control/cmake/ur3_llm_control__rosidl_typesupport_introspection_cExport.cmake
-- Installing: /home/quan/thuc_hanh_tuan3/install/ur3_llm_control/share/ur3_llm_control/cmake/ur3_llm_control__rosidl_typesupport_introspection_cExport-noconfig.cmake
-- Installing: /home/quan/thuc_hanh_tuan3/install/ur3_llm_control/share/ur3_llm_control/cmake/ur3_llm_control__rosidl_typesupport_cExport.cmake
-- Installing: /home/quan/thuc_hanh_tuan3/install/ur3_llm_control/share/ur3_llm_control/cmake/ur3_llm_control__rosidl_typesupport_cExport-noconfig.cmake
-- Installing: /home/quan/thuc_hanh_tuan3/install/ur3_llm_control/share/ur3_llm_control/cmake/ur3_llm_control__rosidl_typesupport_introspection_cppExport.cmake
-- Installing: /home/quan/thuc_hanh_tuan3/install/ur3_llm_control/share/ur3_llm_control/cmake/ur3_llm_control__rosidl_typesupport_introspection_cppExport-noconfig.cmake
-- Installing: /home/quan/thuc_hanh_tuan3/install/ur3_llm_control/share/ur3_llm_control/cmake/ur3_llm_control__rosidl_typesupport_cppExport.cmake
-- Installing: /home/quan/thuc_hanh_tuan3/install/ur3_llm_control/share/ur3_llm_control/cmake/ur3_llm_control__rosidl_typesupport_cppExport-noconfig.cmake
-- Installing: /home/quan/thuc_hanh_tuan3/install/ur3_llm_control/share/ur3_llm_control/cmake/export_ur3_llm_control__rosidl_generator_pyExport.cmake
-- Installing: /home/quan/thuc_hanh_tuan3/install/ur3_llm_control/share/ur3_llm_control/cmake/export_ur3_llm_control__rosidl_generator_pyExport-noconfig.cmake
-- Installing: /home/quan/thuc_hanh_tuan3/install/ur3_llm_control/share/ur3_llm_control/cmake/rosidl_cmake-extras.cmake
-- Installing: /home/quan/thuc_hanh_tuan3/install/ur3_llm_control/share/ur3_llm_control/cmake/ament_cmake_export_include_directories-extras.cmake
-- Installing: /home/quan/thuc_hanh_tuan3/install/ur3_llm_control/share/ur3_llm_control/cmake/ament_cmake_export_libraries-extras.cmake
-- Installing: /home/quan/thuc_hanh_tuan3/install/ur3_llm_control/share/ur3_llm_control/cmake/ament_cmake_export_targets-extras.cmake
-- Installing: /home/quan/thuc_hanh_tuan3/install/ur3_llm_control/share/ur3_llm_control/cmake/rosidl_cmake_export_typesupport_targets-extras.cmake
-- Installing: /home/quan/thuc_hanh_tuan3/install/ur3_llm_control/share/ur3_llm_control/cmake/ament_cmake_export_dependencies-extras.cmake
-- Installing: /home/quan/thuc_hanh_tuan3/install/ur3_llm_control/share/ur3_llm_control/cmake/rosidl_cmake_export_typesupport_libraries-extras.cmake
-- Installing: /home/quan/thuc_hanh_tuan3/install/ur3_llm_control/share/ur3_llm_control/cmake/rosidl_cmake_aggregate_target-extras.cmake
-- Installing: /home/quan/thuc_hanh_tuan3/install/ur3_llm_control/share/ur3_llm_control/cmake/ur3_llm_controlConfig.cmake
-- Installing: /home/quan/thuc_hanh_tuan3/install/ur3_llm_control/share/ur3_llm_control/cmake/ur3_llm_controlConfig-version.cmake
-- Installing: /home/quan/thuc_hanh_tuan3/install/ur3_llm_control/share/ur3_llm_control/package.xml
