[0.007s] Invoking command in '/home/quan/thuc_hanh_tuan3/build/ur3_llm_control': AMENT_PREFIX_PATH=/home/quan/thuc_hanh_tuan3/install/ur_simulation_gazebo:${AMENT_PREFIX_PATH} CMAKE_PREFIX_PATH=/home/quan/thuc_hanh_tuan3/install/ur_simulation_gazebo:/home/quan/ros2_ws/install/robot1:/home/quan/ros2_ws/install/robot:/home/quan/ros2_ws/install/msgs_test:/home/quan/ros2_ws/install/component_pkg:/home/quan/ros2_ws/src/msgs_test/install/msgs_test:/home/quan/ros2_ws/install/my_turtlesim:/home/quan/ros2_ws/install/my_robot_logic:/home/quan/ros2_ws/install/my_robot_controller:/home/quan/ros2_ws/install/lifecycle_pkg:/opt/ros/humble /usr/bin/cmake /home/quan/thuc_hanh_tuan3/src/ur3_llm_control -DCMAKE_INSTALL_PREFIX=/home/quan/thuc_hanh_tuan3/install/ur3_llm_control
[0.056s] -- The C compiler identification is GNU 11.4.0
[0.102s] -- The CXX compiler identification is GNU 11.4.0
[0.113s] -- Detecting C compiler ABI info
[0.169s] -- Detecting C compiler ABI info - done
[0.174s] -- Check for working C compiler: /usr/bin/cc - skipped
[0.174s] -- Detecting C compile features
[0.174s] -- Detecting C compile features - done
[0.176s] -- Detecting CXX compiler ABI info
[0.242s] -- Detecting CXX compiler ABI info - done
[0.250s] -- Check for working CXX compiler: /usr/bin/c++ - skipped
[0.250s] -- Detecting CXX compile features
[0.251s] -- Detecting CXX compile features - done
[0.254s] -- Found ament_cmake: 1.3.14 (/opt/ros/humble/share/ament_cmake/cmake)
[0.372s] -- Found Python3: /usr/bin/python3 (found version "3.10.12") found components: Interpreter 
[0.438s] -- Found rclcpp: 16.0.21 (/opt/ros/humble/share/rclcpp/cmake)
[0.477s] -- Found rosidl_generator_c: 3.1.9 (/opt/ros/humble/share/rosidl_generator_c/cmake)
[0.481s] -- Found rosidl_adapter: 3.1.9 (/opt/ros/humble/share/rosidl_adapter/cmake)
[0.489s] -- Found rosidl_generator_cpp: 3.1.9 (/opt/ros/humble/share/rosidl_generator_cpp/cmake)
[0.499s] -- Using all available rosidl_typesupport_c: rosidl_typesupport_fastrtps_c;rosidl_typesupport_introspection_c
[0.513s] -- Using all available rosidl_typesupport_cpp: rosidl_typesupport_fastrtps_cpp;rosidl_typesupport_introspection_cpp
[0.550s] -- Found rmw_implementation_cmake: 6.1.4 (/opt/ros/humble/share/rmw_implementation_cmake/cmake)
[0.553s] -- Found rmw_fastrtps_cpp: 6.2.10 (/opt/ros/humble/share/rmw_fastrtps_cpp/cmake)
[0.652s] -- Found OpenSSL: /usr/lib/x86_64-linux-gnu/libcrypto.so (found version "3.0.2")  
[0.681s] -- Found FastRTPS: /opt/ros/humble/include  
[0.715s] -- Using RMW implementation 'rmw_fastrtps_cpp' as default
[0.726s] -- Looking for pthread.h
[0.789s] -- Looking for pthread.h - found
[0.790s] -- Performing Test CMAKE_HAVE_LIBC_PTHREAD
[0.858s] -- Performing Test CMAKE_HAVE_LIBC_PTHREAD - Success
[0.859s] -- Found Threads: TRUE  
[0.905s] -- Found rosidl_default_generators: 1.2.1 (/opt/ros/humble/share/rosidl_default_generators/cmake)
[0.916s] -- Found geometry_msgs: 4.9.2 (/opt/ros/humble/share/geometry_msgs/cmake)
[0.931s] -- Found sensor_msgs: 4.9.2 (/opt/ros/humble/share/sensor_msgs/cmake)
[0.949s] -- Found moveit_ros_planning_interface: 2.5.10 (/opt/ros/humble/share/moveit_ros_planning_interface/cmake)
[0.977s] -- Found Boost: /usr/lib/x86_64-linux-gnu/cmake/Boost-1.74.0/BoostConfig.cmake (found version "1.74.0") found components: date_time filesystem program_options system thread 
[1.089s] -- Found Boost: /usr/lib/x86_64-linux-gnu/cmake/Boost-1.74.0/BoostConfig.cmake (found version "1.74.0") found components: chrono date_time filesystem iostreams program_options regex serialization system thread 
[1.140s] -- Found tcb_span: 1.3.2 (/opt/ros/humble/share/tcb_span/cmake)
[1.145s] -- Found rclcpp_lifecycle: 16.0.21 (/opt/ros/humble/share/rclcpp_lifecycle/cmake)
[1.161s] -- Found parameter_traits: 0.7.6 (/opt/ros/humble/share/parameter_traits/cmake)
[1.263s] -- library: /usr/lib/x86_64-linux-gnu/libcurl.so
[1.290s] -- Found Eigen3: TRUE (found version "3.4.0") 
[1.290s] -- Ensuring Eigen3 include directory is part of orocos-kdl CMake target
[1.405s] -- Found Boost: /usr/lib/x86_64-linux-gnu/cmake/Boost-1.74.0/BoostConfig.cmake (found version "1.74.0") found components: system filesystem date_time program_options thread chrono 
[1.427s] -- Found Boost: /usr/lib/x86_64-linux-gnu/cmake/Boost-1.74.0/BoostConfig.cmake (found version "1.74.0") found components: thread system filesystem regex date_time program_options 
[1.443s] -- Found Boost: /usr/lib/x86_64-linux-gnu/cmake/Boost-1.74.0/BoostConfig.cmake (found version "1.74.0") found components: system filesystem date_time program_options thread 
[1.464s] -- Found gazebo_dev: 3.9.0 (/opt/ros/humble/share/gazebo_dev/cmake)
[1.472s] -- Found PkgConfig: /usr/bin/pkg-config (found version "0.29.2") 
[1.474s] -- Checking for module 'bullet>=2.82'
[1.487s] --   Found bullet, version 3.05
[1.631s] -- Found fcl: /usr/include (found suitable version "0.7.0", minimum required is "0.5.0") 
[1.719s] -- Found assimp: /usr/include (found version "5.2.0") 
[1.730s] -- Found DART: /usr/include (Required is at least version "6.6") found components: dart 
[1.742s] -- Found Boost: /usr/lib/x86_64-linux-gnu/cmake/Boost-1.74.0/BoostConfig.cmake (found suitable version "1.74.0", minimum required is "1.40.0") found components: thread system filesystem program_options regex iostreams date_time 
[1.758s] -- Found Protobuf: /usr/lib/x86_64-linux-gnu/libprotobuf.so (found version "3.12.4") 
[1.763s] -- Looking for ignition-math6 -- found version 6.16.0
[1.771s] -- Searching for dependencies of ignition-math6
[1.773s] -- Looking for OGRE...
[1.773s] -- OGRE_PREFIX_WATCH changed.
[1.777s] -- Checking for module 'OGRE'
[1.791s] --   Found OGRE, version 1.9.0
[1.847s] -- Found Ogre Ghadamon (1.9.0)
[1.865s] -- Found OGRE: optimized;/usr/lib/x86_64-linux-gnu/libOgreMain.so;debug;/usr/lib/x86_64-linux-gnu/libOgreMain.so
[1.873s] -- Looking for OGRE_Paging...
[1.878s] -- Found OGRE_Paging: optimized;/usr/lib/x86_64-linux-gnu/libOgrePaging.so;debug;/usr/lib/x86_64-linux-gnu/libOgrePaging.so
[1.878s] -- Looking for OGRE_Terrain...
[1.882s] -- Found OGRE_Terrain: optimized;/usr/lib/x86_64-linux-gnu/libOgreTerrain.so;debug;/usr/lib/x86_64-linux-gnu/libOgreTerrain.so
[1.882s] -- Looking for OGRE_Property...
[1.885s] -- Found OGRE_Property: optimized;/usr/lib/x86_64-linux-gnu/libOgreProperty.so;debug;/usr/lib/x86_64-linux-gnu/libOgreProperty.so
[1.885s] -- Looking for OGRE_RTShaderSystem...
[1.889s] -- Found OGRE_RTShaderSystem: optimized;/usr/lib/x86_64-linux-gnu/libOgreRTShaderSystem.so;debug;/usr/lib/x86_64-linux-gnu/libOgreRTShaderSystem.so
[1.889s] -- Looking for OGRE_Volume...
[1.892s] -- Found OGRE_Volume: optimized;/usr/lib/x86_64-linux-gnu/libOgreVolume.so;debug;/usr/lib/x86_64-linux-gnu/libOgreVolume.so
[1.892s] -- Looking for OGRE_Overlay...
[1.895s] -- Found OGRE_Overlay: optimized;/usr/lib/x86_64-linux-gnu/libOgreOverlay.so;debug;/usr/lib/x86_64-linux-gnu/libOgreOverlay.so
[1.970s] -- Looking for ignition-math6 -- found version 6.16.0
[1.973s] -- Looking for ignition-transport8 -- found version 8.2.1
[1.973s] -- Searching for dependencies of ignition-transport8
[1.985s] -- Found Protobuf: /usr/lib/x86_64-linux-gnu/libprotobuf.so (found suitable version "3.12.4", minimum required is "3") 
[1.993s] -- Config-file not installed for ZeroMQ -- checking for pkg-config
[1.997s] -- Checking for module 'libzmq >= 4'
[2.011s] --   Found libzmq , version 4.3.4
[2.062s] -- Found ZeroMQ: TRUE (Required is at least version "4") 
[2.076s] -- Checking for module 'uuid'
[2.098s] --   Found uuid, version 2.37.2
[2.148s] -- Found UUID: TRUE  
[2.153s] -- Looking for ignition-msgs5 -- found version 5.8.1
[2.153s] -- Searching for dependencies of ignition-msgs5
[2.167s] -- Looking for ignition-math6 -- found version 6.16.0
[2.172s] -- Checking for module 'tinyxml2'
[2.187s] --   Found tinyxml2, version 9.0.0
[2.247s] -- Looking for ignition-msgs5 -- found version 5.8.1
[2.251s] -- Looking for ignition-common3 -- found version 3.14.0
[2.251s] -- Searching for dependencies of ignition-common3
[2.251s] -- Looking for dlfcn.h - found
[2.252s] -- Looking for libdl - found
[2.254s] -- Found DL: TRUE  
[2.273s] -- Found tinyobjloader: /usr/lib/x86_64-linux-gnu/cmake/tinyobjloader/tinyobjloader-config.cmake (found version "2.0.0") 
[2.273s] -- Searching for <ignition-common3> component [graphics]
[2.275s] -- Looking for ignition-common3-graphics -- found version 3.14.0
[2.275s] -- Searching for dependencies of ignition-common3-graphics
[2.275s] -- Looking for ignition-math6 -- found version 6.16.0
[2.278s] -- Looking for ignition-fuel_tools4 -- found version 4.4.0
[2.278s] -- Searching for dependencies of ignition-fuel_tools4
[2.301s] -- Found CURL: /usr/lib/x86_64-linux-gnu/libcurl.so (found version "7.81.0")  
[2.311s] -- Checking for module 'jsoncpp'
[2.328s] --   Found jsoncpp, version 1.9.5
[2.394s] -- Found JSONCPP: TRUE  
[2.404s] -- Checking for module 'libzip'
[2.423s] --   Found libzip, version 1.7.3
[2.480s] -- Found ZIP: TRUE  
[2.480s] -- Looking for ignition-common3 -- found version 3.14.0
[2.481s] -- Looking for ignition-math6 -- found version 6.16.0
[2.482s] -- Looking for ignition-msgs5 -- found version 5.8.1
[2.490s] -- Gazebo version: 11.10
[2.490s] -- Checking for module 'tbb'
[2.509s] --   Found tbb, version 2021.5.0
[2.567s] -- Found gazebo_ros: 3.9.0 (/opt/ros/humble/share/gazebo_ros/cmake)
[2.767s] -- Found ament_cmake_ros: 0.10.1 (/opt/ros/humble/share/ament_cmake_ros/cmake)
[3.000s] -- Using all available rosidl_typesupport_c: rosidl_typesupport_fastrtps_c;rosidl_typesupport_introspection_c
[3.093s] -- Using all available rosidl_typesupport_cpp: rosidl_typesupport_fastrtps_cpp;rosidl_typesupport_introspection_cpp
[3.119s] -- Found PythonInterp: /usr/bin/python3 (found suitable version "3.10.12", minimum required is "3.6") 
[3.121s] -- Found python_cmake_module: 0.10.0 (/opt/ros/humble/share/python_cmake_module/cmake)
[3.139s] -- Found PythonLibs: /usr/lib/x86_64-linux-gnu/libpython3.10.so (found suitable version "3.10.12", minimum required is "3.5") 
[3.139s] -- Using PYTHON_EXECUTABLE: /usr/bin/python3
[3.139s] -- Using PYTHON_INCLUDE_DIRS: /usr/include/python3.10
[3.139s] -- Using PYTHON_LIBRARIES: /usr/lib/x86_64-linux-gnu/libpython3.10.so
[3.159s] -- Found PythonExtra: .so  
[3.235s] [0mCMake Deprecation Warning at /opt/ros/humble/share/rosidl_cmake/cmake/rosidl_target_interfaces.cmake:32 (message):
[3.235s]   Use rosidl_get_typesupport_target() and target_link_libraries() instead of
[3.235s]   rosidl_target_interfaces()
[3.235s] Call Stack (most recent call first):
[3.235s]   CMakeLists.txt:27 (rosidl_target_interfaces)
[3.235s] 
[3.235s] [0m
[3.238s] [0mCMake Deprecation Warning at /opt/ros/humble/share/rosidl_cmake/cmake/rosidl_target_interfaces.cmake:32 (message):
[3.238s]   Use rosidl_get_typesupport_target() and target_link_libraries() instead of
[3.238s]   rosidl_target_interfaces()
[3.238s] Call Stack (most recent call first):
[3.238s]   CMakeLists.txt:32 (rosidl_target_interfaces)
[3.238s] 
[3.238s] [0m
[3.243s] -- Configuring done
[3.295s] -- Generating done
[3.306s] -- Build files have been written to: /home/quan/thuc_hanh_tuan3/build/ur3_llm_control
[3.320s] Invoked command in '/home/quan/thuc_hanh_tuan3/build/ur3_llm_control' returned '0': AMENT_PREFIX_PATH=/home/quan/thuc_hanh_tuan3/install/ur_simulation_gazebo:${AMENT_PREFIX_PATH} CMAKE_PREFIX_PATH=/home/quan/thuc_hanh_tuan3/install/ur_simulation_gazebo:/home/quan/ros2_ws/install/robot1:/home/quan/ros2_ws/install/robot:/home/quan/ros2_ws/install/msgs_test:/home/quan/ros2_ws/install/component_pkg:/home/quan/ros2_ws/src/msgs_test/install/msgs_test:/home/quan/ros2_ws/install/my_turtlesim:/home/quan/ros2_ws/install/my_robot_logic:/home/quan/ros2_ws/install/my_robot_controller:/home/quan/ros2_ws/install/lifecycle_pkg:/opt/ros/humble /usr/bin/cmake /home/quan/thuc_hanh_tuan3/src/ur3_llm_control -DCMAKE_INSTALL_PREFIX=/home/quan/thuc_hanh_tuan3/install/ur3_llm_control
[3.320s] Invoking command in '/home/quan/thuc_hanh_tuan3/build/ur3_llm_control': AMENT_PREFIX_PATH=/home/quan/thuc_hanh_tuan3/install/ur_simulation_gazebo:${AMENT_PREFIX_PATH} CMAKE_PREFIX_PATH=/home/quan/thuc_hanh_tuan3/install/ur_simulation_gazebo:/home/quan/ros2_ws/install/robot1:/home/quan/ros2_ws/install/robot:/home/quan/ros2_ws/install/msgs_test:/home/quan/ros2_ws/install/component_pkg:/home/quan/ros2_ws/src/msgs_test/install/msgs_test:/home/quan/ros2_ws/install/my_turtlesim:/home/quan/ros2_ws/install/my_robot_logic:/home/quan/ros2_ws/install/my_robot_controller:/home/quan/ros2_ws/install/lifecycle_pkg:/opt/ros/humble /usr/bin/cmake --build /home/quan/thuc_hanh_tuan3/build/ur3_llm_control -- -j16 -l16
[3.365s] [  1%] [34m[1mGenerating C code for ROS interfaces[0m
[3.375s] [  3%] [34m[1mGenerating C++ code for ROS interfaces[0m
[3.375s] [  5%] [34m[1mGenerating Rust code for ROS interfaces[0m
[3.384s] [  5%] Built target ament_cmake_python_copy_ur3_llm_control
[3.591s] running egg_info
[3.592s] creating ur3_llm_control.egg-info
[3.592s] writing ur3_llm_control.egg-info/PKG-INFO
[3.592s] writing dependency_links to ur3_llm_control.egg-info/dependency_links.txt
[3.592s] writing top-level names to ur3_llm_control.egg-info/top_level.txt
[3.593s] writing manifest file 'ur3_llm_control.egg-info/SOURCES.txt'
[3.596s] reading manifest file 'ur3_llm_control.egg-info/SOURCES.txt'
[3.596s] writing manifest file 'ur3_llm_control.egg-info/SOURCES.txt'
[3.599s] [  5%] Built target ur3_llm_control__rs
[3.630s] [  5%] Built target ament_cmake_python_build_ur3_llm_control_egg
[3.698s] [  7%] [32mBuilding C object CMakeFiles/ur3_llm_control__rosidl_generator_c.dir/rosidl_generator_c/ur3_llm_control/srv/detail/get_world_state__functions.c.o[0m
[3.699s] [ 11%] [32mBuilding C object CMakeFiles/ur3_llm_control__rosidl_generator_c.dir/rosidl_generator_c/ur3_llm_control/srv/detail/set_attachment__functions.c.o[0m
[3.699s] [ 11%] [32mBuilding C object CMakeFiles/ur3_llm_control__rosidl_generator_c.dir/rosidl_generator_c/ur3_llm_control/srv/detail/execute_skill__functions.c.o[0m
[3.714s] [ 11%] Built target ur3_llm_control__cpp
[3.722s] [ 13%] [34m[1mGenerating C++ type support dispatch for ROS interfaces[0m
[3.723s] [ 15%] [34m[1mGenerating C++ type support for eProsima Fast-RTPS[0m
[3.723s] [ 17%] [34m[1mGenerating C++ introspection for ROS interfaces[0m
[3.792s] [ 19%] [32m[1mLinking C shared library libur3_llm_control__rosidl_generator_c.so[0m
[3.833s] [ 19%] Built target ur3_llm_control__rosidl_generator_c
[3.846s] [ 25%] [34m[1mGenerating C type support for eProsima Fast-RTPS[0m
[3.846s] [ 25%] [34m[1mGenerating C type support dispatch for ROS interfaces[0m
[3.846s] [ 25%] [34m[1mGenerating C introspection for ROS interfaces[0m
[3.997s] [ 30%] [32mBuilding CXX object CMakeFiles/ur3_llm_control__rosidl_typesupport_cpp.dir/rosidl_typesupport_cpp/ur3_llm_control/srv/set_attachment__type_support.cpp.o[0m
[3.997s] [ 30%] [32mBuilding CXX object CMakeFiles/ur3_llm_control__rosidl_typesupport_cpp.dir/rosidl_typesupport_cpp/ur3_llm_control/srv/get_world_state__type_support.cpp.o[0m
[3.997s] [ 30%] [32mBuilding CXX object CMakeFiles/ur3_llm_control__rosidl_typesupport_cpp.dir/rosidl_typesupport_cpp/ur3_llm_control/srv/execute_skill__type_support.cpp.o[0m
[4.029s] [ 32%] [32mBuilding CXX object CMakeFiles/ur3_llm_control__rosidl_typesupport_introspection_cpp.dir/rosidl_typesupport_introspection_cpp/ur3_llm_control/srv/detail/execute_skill__type_support.cpp.o[0m
[4.033s] [ 34%] [32mBuilding CXX object CMakeFiles/ur3_llm_control__rosidl_typesupport_introspection_cpp.dir/rosidl_typesupport_introspection_cpp/ur3_llm_control/srv/detail/set_attachment__type_support.cpp.o[0m
[4.033s] [ 36%] [32mBuilding CXX object CMakeFiles/ur3_llm_control__rosidl_typesupport_introspection_cpp.dir/rosidl_typesupport_introspection_cpp/ur3_llm_control/srv/detail/get_world_state__type_support.cpp.o[0m
[4.095s] [ 42%] [32mBuilding CXX object CMakeFiles/ur3_llm_control__rosidl_typesupport_fastrtps_cpp.dir/rosidl_typesupport_fastrtps_cpp/ur3_llm_control/srv/detail/dds_fastrtps/get_world_state__type_support.cpp.o[0m
[4.095s] [ 42%] [32mBuilding CXX object CMakeFiles/ur3_llm_control__rosidl_typesupport_fastrtps_cpp.dir/rosidl_typesupport_fastrtps_cpp/ur3_llm_control/srv/detail/dds_fastrtps/execute_skill__type_support.cpp.o[0m
[4.096s] [ 42%] [32mBuilding CXX object CMakeFiles/ur3_llm_control__rosidl_typesupport_fastrtps_cpp.dir/rosidl_typesupport_fastrtps_cpp/ur3_llm_control/srv/detail/dds_fastrtps/set_attachment__type_support.cpp.o[0m
[4.233s] [ 44%] [32mBuilding C object CMakeFiles/ur3_llm_control__rosidl_typesupport_introspection_c.dir/rosidl_typesupport_introspection_c/ur3_llm_control/srv/detail/execute_skill__type_support.c.o[0m
[4.234s] [ 46%] [32mBuilding C object CMakeFiles/ur3_llm_control__rosidl_typesupport_introspection_c.dir/rosidl_typesupport_introspection_c/ur3_llm_control/srv/detail/get_world_state__type_support.c.o[0m
[4.235s] [ 48%] [32mBuilding C object CMakeFiles/ur3_llm_control__rosidl_typesupport_introspection_c.dir/rosidl_typesupport_introspection_c/ur3_llm_control/srv/detail/set_attachment__type_support.c.o[0m
[4.251s] [ 50%] [32mBuilding CXX object CMakeFiles/ur3_llm_control__rosidl_typesupport_fastrtps_c.dir/rosidl_typesupport_fastrtps_c/ur3_llm_control/srv/detail/execute_skill__type_support_c.cpp.o[0m
[4.251s] [ 51%] [32mBuilding CXX object CMakeFiles/ur3_llm_control__rosidl_typesupport_fastrtps_c.dir/rosidl_typesupport_fastrtps_c/ur3_llm_control/srv/detail/get_world_state__type_support_c.cpp.o[0m
[4.252s] [ 53%] [32mBuilding CXX object CMakeFiles/ur3_llm_control__rosidl_typesupport_fastrtps_c.dir/rosidl_typesupport_fastrtps_c/ur3_llm_control/srv/detail/set_attachment__type_support_c.cpp.o[0m
[4.301s] [ 55%] [32m[1mLinking C shared library libur3_llm_control__rosidl_typesupport_introspection_c.so[0m
[4.310s] [ 57%] [32mBuilding CXX object CMakeFiles/ur3_llm_control__rosidl_typesupport_c.dir/rosidl_typesupport_c/ur3_llm_control/srv/execute_skill__type_support.cpp.o[0m
[4.311s] [ 59%] [32mBuilding CXX object CMakeFiles/ur3_llm_control__rosidl_typesupport_c.dir/rosidl_typesupport_c/ur3_llm_control/srv/get_world_state__type_support.cpp.o[0m
[4.314s] [ 61%] [32mBuilding CXX object CMakeFiles/ur3_llm_control__rosidl_typesupport_c.dir/rosidl_typesupport_c/ur3_llm_control/srv/set_attachment__type_support.cpp.o[0m
[4.354s] [ 61%] Built target ur3_llm_control__rosidl_typesupport_introspection_c
[4.375s] [ 63%] [32m[1mLinking CXX shared library libur3_llm_control__rosidl_typesupport_c.so[0m
[4.419s] [ 63%] Built target ur3_llm_control__rosidl_typesupport_c
[4.446s] [ 65%] [32m[1mLinking CXX shared library libur3_llm_control__rosidl_typesupport_cpp.so[0m
[4.497s] [ 65%] Built target ur3_llm_control__rosidl_typesupport_cpp
[4.646s] [ 67%] [32m[1mLinking CXX shared library libur3_llm_control__rosidl_typesupport_introspection_cpp.so[0m
[4.709s] [ 67%] Built target ur3_llm_control__rosidl_typesupport_introspection_cpp
[4.718s] [ 69%] [32m[1mLinking CXX shared library libur3_llm_control__rosidl_typesupport_fastrtps_c.so[0m
[4.722s] [ 71%] [32m[1mLinking CXX shared library libur3_llm_control__rosidl_typesupport_fastrtps_cpp.so[0m
[4.781s] [ 71%] Built target ur3_llm_control__rosidl_typesupport_fastrtps_c
[4.781s] [ 71%] Built target ur3_llm_control__rosidl_typesupport_fastrtps_cpp
[4.798s] [ 71%] Built target ur3_llm_control
[4.816s] [ 73%] [32mBuilding CXX object CMakeFiles/robot_skills.dir/src/robot_skills.cpp.o[0m
[4.816s] [ 75%] [32mBuilding CXX object CMakeFiles/ur3_virtual_attachment.dir/src/virtual_attachment.cpp.o[0m
[4.816s] [ 76%] [34m[1mGenerating Python code for ROS interfaces[0m
[5.276s] [ 76%] Built target ur3_llm_control__py
[5.294s] [ 82%] [32mBuilding C object CMakeFiles/ur3_llm_control__rosidl_generator_py.dir/rosidl_generator_py/ur3_llm_control/srv/_set_attachment_s.c.o[0m
[5.294s] [ 82%] [32mBuilding C object CMakeFiles/ur3_llm_control__rosidl_generator_py.dir/rosidl_generator_py/ur3_llm_control/srv/_execute_skill_s.c.o[0m
[5.294s] [ 82%] [32mBuilding C object CMakeFiles/ur3_llm_control__rosidl_generator_py.dir/rosidl_generator_py/ur3_llm_control/srv/_get_world_state_s.c.o[0m
[5.412s] [ 84%] [32m[1mLinking C shared library rosidl_generator_py/ur3_llm_control/libur3_llm_control__rosidl_generator_py.so[0m
[5.449s] [ 84%] Built target ur3_llm_control__rosidl_generator_py
[5.471s] [ 86%] [32mBuilding C object CMakeFiles/ur3_llm_control__rosidl_typesupport_fastrtps_c__pyext.dir/rosidl_generator_py/ur3_llm_control/_ur3_llm_control_s.ep.rosidl_typesupport_fastrtps_c.c.o[0m
[5.473s] [ 90%] [32mBuilding C object CMakeFiles/ur3_llm_control__rosidl_typesupport_c__pyext.dir/rosidl_generator_py/ur3_llm_control/_ur3_llm_control_s.ep.rosidl_typesupport_c.c.o[0m
[5.473s] [ 90%] [32mBuilding C object CMakeFiles/ur3_llm_control__rosidl_typesupport_introspection_c__pyext.dir/rosidl_generator_py/ur3_llm_control/_ur3_llm_control_s.ep.rosidl_typesupport_introspection_c.c.o[0m
[5.575s] [ 92%] [32m[1mLinking C shared library rosidl_generator_py/ur3_llm_control/ur3_llm_control_s__rosidl_typesupport_fastrtps_c.cpython-310-x86_64-linux-gnu.so[0m
[5.575s] [ 94%] [32m[1mLinking C shared library rosidl_generator_py/ur3_llm_control/ur3_llm_control_s__rosidl_typesupport_c.cpython-310-x86_64-linux-gnu.so[0m
[5.586s] [ 96%] [32m[1mLinking C shared library rosidl_generator_py/ur3_llm_control/ur3_llm_control_s__rosidl_typesupport_introspection_c.cpython-310-x86_64-linux-gnu.so[0m
[5.618s] [ 96%] Built target ur3_llm_control__rosidl_typesupport_c__pyext
[5.633s] [ 96%] Built target ur3_llm_control__rosidl_typesupport_fastrtps_c__pyext
[5.635s] [ 96%] Built target ur3_llm_control__rosidl_typesupport_introspection_c__pyext
[12.976s] [ 98%] [32m[1mLinking CXX shared library libur3_virtual_attachment.so[0m
[13.295s] [ 98%] Built target ur3_virtual_attachment
[18.569s] [100%] [32m[1mLinking CXX executable robot_skills[0m
[19.404s] [100%] Built target robot_skills
[19.414s] Invoked command in '/home/quan/thuc_hanh_tuan3/build/ur3_llm_control' returned '0': AMENT_PREFIX_PATH=/home/quan/thuc_hanh_tuan3/install/ur_simulation_gazebo:${AMENT_PREFIX_PATH} CMAKE_PREFIX_PATH=/home/quan/thuc_hanh_tuan3/install/ur_simulation_gazebo:/home/quan/ros2_ws/install/robot1:/home/quan/ros2_ws/install/robot:/home/quan/ros2_ws/install/msgs_test:/home/quan/ros2_ws/install/component_pkg:/home/quan/ros2_ws/src/msgs_test/install/msgs_test:/home/quan/ros2_ws/install/my_turtlesim:/home/quan/ros2_ws/install/my_robot_logic:/home/quan/ros2_ws/install/my_robot_controller:/home/quan/ros2_ws/install/lifecycle_pkg:/opt/ros/humble /usr/bin/cmake --build /home/quan/thuc_hanh_tuan3/build/ur3_llm_control -- -j16 -l16
[19.415s] Invoking command in '/home/quan/thuc_hanh_tuan3/build/ur3_llm_control': AMENT_PREFIX_PATH=/home/quan/thuc_hanh_tuan3/install/ur_simulation_gazebo:${AMENT_PREFIX_PATH} CMAKE_PREFIX_PATH=/home/quan/thuc_hanh_tuan3/install/ur_simulation_gazebo:/home/quan/ros2_ws/install/robot1:/home/quan/ros2_ws/install/robot:/home/quan/ros2_ws/install/msgs_test:/home/quan/ros2_ws/install/component_pkg:/home/quan/ros2_ws/src/msgs_test/install/msgs_test:/home/quan/ros2_ws/install/my_turtlesim:/home/quan/ros2_ws/install/my_robot_logic:/home/quan/ros2_ws/install/my_robot_controller:/home/quan/ros2_ws/install/lifecycle_pkg:/opt/ros/humble /usr/bin/cmake --install /home/quan/thuc_hanh_tuan3/build/ur3_llm_control
[19.423s] -- Install configuration: ""
[19.423s] -- Installing: /home/quan/thuc_hanh_tuan3/install/ur3_llm_control/share/ament_index/resource_index/rosidl_interfaces/ur3_llm_control
[19.423s] -- Installing: /home/quan/thuc_hanh_tuan3/install/ur3_llm_control/include/ur3_llm_control/ur3_llm_control
[19.423s] -- Installing: /home/quan/thuc_hanh_tuan3/install/ur3_llm_control/include/ur3_llm_control/ur3_llm_control/srv
[19.423s] -- Installing: /home/quan/thuc_hanh_tuan3/install/ur3_llm_control/include/ur3_llm_control/ur3_llm_control/srv/detail
[19.423s] -- Installing: /home/quan/thuc_hanh_tuan3/install/ur3_llm_control/include/ur3_llm_control/ur3_llm_control/srv/detail/set_attachment__functions.h
[19.423s] -- Installing: /home/quan/thuc_hanh_tuan3/install/ur3_llm_control/include/ur3_llm_control/ur3_llm_control/srv/detail/execute_skill__functions.h
[19.424s] -- Installing: /home/quan/thuc_hanh_tuan3/install/ur3_llm_control/include/ur3_llm_control/ur3_llm_control/srv/detail/execute_skill__struct.h
[19.424s] -- Installing: /home/quan/thuc_hanh_tuan3/install/ur3_llm_control/include/ur3_llm_control/ur3_llm_control/srv/detail/get_world_state__struct.h
[19.424s] -- Installing: /home/quan/thuc_hanh_tuan3/install/ur3_llm_control/include/ur3_llm_control/ur3_llm_control/srv/detail/get_world_state__functions.c
[19.424s] -- Installing: /home/quan/thuc_hanh_tuan3/install/ur3_llm_control/include/ur3_llm_control/ur3_llm_control/srv/detail/set_attachment__functions.c
[19.424s] -- Installing: /home/quan/thuc_hanh_tuan3/install/ur3_llm_control/include/ur3_llm_control/ur3_llm_control/srv/detail/execute_skill__type_support.h
[19.424s] -- Installing: /home/quan/thuc_hanh_tuan3/install/ur3_llm_control/include/ur3_llm_control/ur3_llm_control/srv/detail/set_attachment__struct.h
[19.424s] -- Installing: /home/quan/thuc_hanh_tuan3/install/ur3_llm_control/include/ur3_llm_control/ur3_llm_control/srv/detail/set_attachment__type_support.h
[19.424s] -- Installing: /home/quan/thuc_hanh_tuan3/install/ur3_llm_control/include/ur3_llm_control/ur3_llm_control/srv/detail/get_world_state__functions.h
[19.424s] -- Installing: /home/quan/thuc_hanh_tuan3/install/ur3_llm_control/include/ur3_llm_control/ur3_llm_control/srv/detail/get_world_state__type_support.h
[19.424s] -- Installing: /home/quan/thuc_hanh_tuan3/install/ur3_llm_control/include/ur3_llm_control/ur3_llm_control/srv/detail/execute_skill__functions.c
[19.424s] -- Installing: /home/quan/thuc_hanh_tuan3/install/ur3_llm_control/include/ur3_llm_control/ur3_llm_control/srv/get_world_state.h
[19.424s] -- Installing: /home/quan/thuc_hanh_tuan3/install/ur3_llm_control/include/ur3_llm_control/ur3_llm_control/srv/set_attachment.h
[19.425s] -- Installing: /home/quan/thuc_hanh_tuan3/install/ur3_llm_control/include/ur3_llm_control/ur3_llm_control/srv/execute_skill.h
[19.425s] -- Installing: /home/quan/thuc_hanh_tuan3/install/ur3_llm_control/include/ur3_llm_control/ur3_llm_control/msg
[19.425s] -- Installing: /home/quan/thuc_hanh_tuan3/install/ur3_llm_control/include/ur3_llm_control/ur3_llm_control/msg/rosidl_generator_c__visibility_control.h
[19.425s] -- Installing: /home/quan/thuc_hanh_tuan3/install/ur3_llm_control/share/ur3_llm_control/environment/library_path.sh
[19.425s] -- Installing: /home/quan/thuc_hanh_tuan3/install/ur3_llm_control/share/ur3_llm_control/environment/library_path.dsv
[19.425s] -- Installing: /home/quan/thuc_hanh_tuan3/install/ur3_llm_control/lib/libur3_llm_control__rosidl_generator_c.so
[19.425s] -- Set runtime path of "/home/quan/thuc_hanh_tuan3/install/ur3_llm_control/lib/libur3_llm_control__rosidl_generator_c.so" to ""
[19.425s] -- Up-to-date: /home/quan/thuc_hanh_tuan3/install/ur3_llm_control/include/ur3_llm_control/ur3_llm_control
[19.425s] -- Up-to-date: /home/quan/thuc_hanh_tuan3/install/ur3_llm_control/include/ur3_llm_control/ur3_llm_control/srv
[19.425s] -- Up-to-date: /home/quan/thuc_hanh_tuan3/install/ur3_llm_control/include/ur3_llm_control/ur3_llm_control/srv/detail
[19.425s] -- Installing: /home/quan/thuc_hanh_tuan3/install/ur3_llm_control/include/ur3_llm_control/ur3_llm_control/srv/detail/set_attachment__rosidl_typesupport_fastrtps_c.h
[19.425s] -- Installing: /home/quan/thuc_hanh_tuan3/install/ur3_llm_control/include/ur3_llm_control/ur3_llm_control/srv/detail/get_world_state__rosidl_typesupport_fastrtps_c.h
[19.425s] -- Installing: /home/quan/thuc_hanh_tuan3/install/ur3_llm_control/include/ur3_llm_control/ur3_llm_control/srv/detail/execute_skill__rosidl_typesupport_fastrtps_c.h
[19.425s] -- Up-to-date: /home/quan/thuc_hanh_tuan3/install/ur3_llm_control/include/ur3_llm_control/ur3_llm_control/msg
[19.426s] -- Installing: /home/quan/thuc_hanh_tuan3/install/ur3_llm_control/include/ur3_llm_control/ur3_llm_control/msg/rosidl_typesupport_fastrtps_c__visibility_control.h
[19.426s] -- Installing: /home/quan/thuc_hanh_tuan3/install/ur3_llm_control/lib/libur3_llm_control__rosidl_typesupport_fastrtps_c.so
[19.426s] -- Set runtime path of "/home/quan/thuc_hanh_tuan3/install/ur3_llm_control/lib/libur3_llm_control__rosidl_typesupport_fastrtps_c.so" to ""
[19.426s] -- Up-to-date: /home/quan/thuc_hanh_tuan3/install/ur3_llm_control/include/ur3_llm_control/ur3_llm_control
[19.426s] -- Up-to-date: /home/quan/thuc_hanh_tuan3/install/ur3_llm_control/include/ur3_llm_control/ur3_llm_control/srv
[19.426s] -- Up-to-date: /home/quan/thuc_hanh_tuan3/install/ur3_llm_control/include/ur3_llm_control/ur3_llm_control/srv/detail
[19.426s] -- Installing: /home/quan/thuc_hanh_tuan3/install/ur3_llm_control/include/ur3_llm_control/ur3_llm_control/srv/detail/set_attachment__type_support.hpp
[19.426s] -- Installing: /home/quan/thuc_hanh_tuan3/install/ur3_llm_control/include/ur3_llm_control/ur3_llm_control/srv/detail/set_attachment__traits.hpp
[19.426s] -- Installing: /home/quan/thuc_hanh_tuan3/install/ur3_llm_control/include/ur3_llm_control/ur3_llm_control/srv/detail/execute_skill__traits.hpp
[19.426s] -- Installing: /home/quan/thuc_hanh_tuan3/install/ur3_llm_control/include/ur3_llm_control/ur3_llm_control/srv/detail/set_attachment__builder.hpp
[19.426s] -- Installing: /home/quan/thuc_hanh_tuan3/install/ur3_llm_control/include/ur3_llm_control/ur3_llm_control/srv/detail/get_world_state__builder.hpp
[19.426s] -- Installing: /home/quan/thuc_hanh_tuan3/install/ur3_llm_control/include/ur3_llm_control/ur3_llm_control/srv/detail/execute_skill__type_support.hpp
[19.426s] -- Installing: /home/quan/thuc_hanh_tuan3/install/ur3_llm_control/include/ur3_llm_control/ur3_llm_control/srv/detail/execute_skill__struct.hpp
[19.426s] -- Installing: /home/quan/thuc_hanh_tuan3/install/ur3_llm_control/include/ur3_llm_control/ur3_llm_control/srv/detail/get_world_state__traits.hpp
[19.426s] -- Installing: /home/quan/thuc_hanh_tuan3/install/ur3_llm_control/include/ur3_llm_control/ur3_llm_control/srv/detail/execute_skill__builder.hpp
[19.426s] -- Installing: /home/quan/thuc_hanh_tuan3/install/ur3_llm_control/include/ur3_llm_control/ur3_llm_control/srv/detail/set_attachment__struct.hpp
[19.426s] -- Installing: /home/quan/thuc_hanh_tuan3/install/ur3_llm_control/include/ur3_llm_control/ur3_llm_control/srv/detail/get_world_state__type_support.hpp
[19.426s] -- Installing: /home/quan/thuc_hanh_tuan3/install/ur3_llm_control/include/ur3_llm_control/ur3_llm_control/srv/detail/get_world_state__struct.hpp
[19.426s] -- Installing: /home/quan/thuc_hanh_tuan3/install/ur3_llm_control/include/ur3_llm_control/ur3_llm_control/srv/get_world_state.hpp
[19.427s] -- Installing: /home/quan/thuc_hanh_tuan3/install/ur3_llm_control/include/ur3_llm_control/ur3_llm_control/srv/set_attachment.hpp
[19.427s] -- Installing: /home/quan/thuc_hanh_tuan3/install/ur3_llm_control/include/ur3_llm_control/ur3_llm_control/srv/execute_skill.hpp
[19.427s] -- Up-to-date: /home/quan/thuc_hanh_tuan3/install/ur3_llm_control/include/ur3_llm_control/ur3_llm_control/msg
[19.427s] -- Installing: /home/quan/thuc_hanh_tuan3/install/ur3_llm_control/include/ur3_llm_control/ur3_llm_control/msg/rosidl_generator_cpp__visibility_control.hpp
[19.427s] -- Up-to-date: /home/quan/thuc_hanh_tuan3/install/ur3_llm_control/include/ur3_llm_control/ur3_llm_control
[19.427s] -- Up-to-date: /home/quan/thuc_hanh_tuan3/install/ur3_llm_control/include/ur3_llm_control/ur3_llm_control/srv
[19.427s] -- Up-to-date: /home/quan/thuc_hanh_tuan3/install/ur3_llm_control/include/ur3_llm_control/ur3_llm_control/srv/detail
[19.427s] -- Installing: /home/quan/thuc_hanh_tuan3/install/ur3_llm_control/include/ur3_llm_control/ur3_llm_control/srv/detail/dds_fastrtps
[19.427s] -- Installing: /home/quan/thuc_hanh_tuan3/install/ur3_llm_control/include/ur3_llm_control/ur3_llm_control/srv/detail/get_world_state__rosidl_typesupport_fastrtps_cpp.hpp
[19.427s] -- Installing: /home/quan/thuc_hanh_tuan3/install/ur3_llm_control/include/ur3_llm_control/ur3_llm_control/srv/detail/set_attachment__rosidl_typesupport_fastrtps_cpp.hpp
[19.427s] -- Installing: /home/quan/thuc_hanh_tuan3/install/ur3_llm_control/include/ur3_llm_control/ur3_llm_control/srv/detail/execute_skill__rosidl_typesupport_fastrtps_cpp.hpp
[19.427s] -- Up-to-date: /home/quan/thuc_hanh_tuan3/install/ur3_llm_control/include/ur3_llm_control/ur3_llm_control/msg
[19.427s] -- Installing: /home/quan/thuc_hanh_tuan3/install/ur3_llm_control/include/ur3_llm_control/ur3_llm_control/msg/rosidl_typesupport_fastrtps_cpp__visibility_control.h
[19.427s] -- Installing: /home/quan/thuc_hanh_tuan3/install/ur3_llm_control/lib/libur3_llm_control__rosidl_typesupport_fastrtps_cpp.so
[19.427s] -- Set runtime path of "/home/quan/thuc_hanh_tuan3/install/ur3_llm_control/lib/libur3_llm_control__rosidl_typesupport_fastrtps_cpp.so" to ""
[19.427s] -- Up-to-date: /home/quan/thuc_hanh_tuan3/install/ur3_llm_control/include/ur3_llm_control/ur3_llm_control
[19.427s] -- Up-to-date: /home/quan/thuc_hanh_tuan3/install/ur3_llm_control/include/ur3_llm_control/ur3_llm_control/srv
[19.427s] -- Up-to-date: /home/quan/thuc_hanh_tuan3/install/ur3_llm_control/include/ur3_llm_control/ur3_llm_control/srv/detail
[19.427s] -- Installing: /home/quan/thuc_hanh_tuan3/install/ur3_llm_control/include/ur3_llm_control/ur3_llm_control/srv/detail/get_world_state__type_support.c
[19.427s] -- Installing: /home/quan/thuc_hanh_tuan3/install/ur3_llm_control/include/ur3_llm_control/ur3_llm_control/srv/detail/execute_skill__rosidl_typesupport_introspection_c.h
[19.428s] -- Installing: /home/quan/thuc_hanh_tuan3/install/ur3_llm_control/include/ur3_llm_control/ur3_llm_control/srv/detail/set_attachment__rosidl_typesupport_introspection_c.h
[19.428s] -- Installing: /home/quan/thuc_hanh_tuan3/install/ur3_llm_control/include/ur3_llm_control/ur3_llm_control/srv/detail/set_attachment__type_support.c
[19.428s] -- Installing: /home/quan/thuc_hanh_tuan3/install/ur3_llm_control/include/ur3_llm_control/ur3_llm_control/srv/detail/execute_skill__type_support.c
[19.428s] -- Installing: /home/quan/thuc_hanh_tuan3/install/ur3_llm_control/include/ur3_llm_control/ur3_llm_control/srv/detail/get_world_state__rosidl_typesupport_introspection_c.h
[19.428s] -- Up-to-date: /home/quan/thuc_hanh_tuan3/install/ur3_llm_control/include/ur3_llm_control/ur3_llm_control/msg
[19.428s] -- Installing: /home/quan/thuc_hanh_tuan3/install/ur3_llm_control/include/ur3_llm_control/ur3_llm_control/msg/rosidl_typesupport_introspection_c__visibility_control.h
[19.428s] -- Installing: /home/quan/thuc_hanh_tuan3/install/ur3_llm_control/lib/libur3_llm_control__rosidl_typesupport_introspection_c.so
[19.428s] -- Set runtime path of "/home/quan/thuc_hanh_tuan3/install/ur3_llm_control/lib/libur3_llm_control__rosidl_typesupport_introspection_c.so" to ""
[19.428s] -- Installing: /home/quan/thuc_hanh_tuan3/install/ur3_llm_control/lib/libur3_llm_control__rosidl_typesupport_c.so
[19.428s] -- Set runtime path of "/home/quan/thuc_hanh_tuan3/install/ur3_llm_control/lib/libur3_llm_control__rosidl_typesupport_c.so" to ""
[19.428s] -- Up-to-date: /home/quan/thuc_hanh_tuan3/install/ur3_llm_control/include/ur3_llm_control/ur3_llm_control
[19.428s] -- Up-to-date: /home/quan/thuc_hanh_tuan3/install/ur3_llm_control/include/ur3_llm_control/ur3_llm_control/srv
[19.428s] -- Up-to-date: /home/quan/thuc_hanh_tuan3/install/ur3_llm_control/include/ur3_llm_control/ur3_llm_control/srv/detail
[19.428s] -- Installing: /home/quan/thuc_hanh_tuan3/install/ur3_llm_control/include/ur3_llm_control/ur3_llm_control/srv/detail/set_attachment__type_support.cpp
[19.428s] -- Installing: /home/quan/thuc_hanh_tuan3/install/ur3_llm_control/include/ur3_llm_control/ur3_llm_control/srv/detail/get_world_state__type_support.cpp
[19.428s] -- Installing: /home/quan/thuc_hanh_tuan3/install/ur3_llm_control/include/ur3_llm_control/ur3_llm_control/srv/detail/execute_skill__type_support.cpp
[19.428s] -- Installing: /home/quan/thuc_hanh_tuan3/install/ur3_llm_control/include/ur3_llm_control/ur3_llm_control/srv/detail/execute_skill__rosidl_typesupport_introspection_cpp.hpp
[19.428s] -- Installing: /home/quan/thuc_hanh_tuan3/install/ur3_llm_control/include/ur3_llm_control/ur3_llm_control/srv/detail/set_attachment__rosidl_typesupport_introspection_cpp.hpp
[19.428s] -- Installing: /home/quan/thuc_hanh_tuan3/install/ur3_llm_control/include/ur3_llm_control/ur3_llm_control/srv/detail/get_world_state__rosidl_typesupport_introspection_cpp.hpp
[19.429s] -- Installing: /home/quan/thuc_hanh_tuan3/install/ur3_llm_control/lib/libur3_llm_control__rosidl_typesupport_introspection_cpp.so
[19.429s] -- Set runtime path of "/home/quan/thuc_hanh_tuan3/install/ur3_llm_control/lib/libur3_llm_control__rosidl_typesupport_introspection_cpp.so" to ""
[19.429s] -- Installing: /home/quan/thuc_hanh_tuan3/install/ur3_llm_control/lib/libur3_llm_control__rosidl_typesupport_cpp.so
[19.429s] -- Set runtime path of "/home/quan/thuc_hanh_tuan3/install/ur3_llm_control/lib/libur3_llm_control__rosidl_typesupport_cpp.so" to ""
[19.429s] -- Installing: /home/quan/thuc_hanh_tuan3/install/ur3_llm_control/share/ur3_llm_control/environment/pythonpath.sh
[19.429s] -- Installing: /home/quan/thuc_hanh_tuan3/install/ur3_llm_control/share/ur3_llm_control/environment/pythonpath.dsv
[19.429s] -- Installing: /home/quan/thuc_hanh_tuan3/install/ur3_llm_control/local/lib/python3.10/dist-packages/ur3_llm_control-0.1.0-py3.10.egg-info
[19.429s] -- Installing: /home/quan/thuc_hanh_tuan3/install/ur3_llm_control/local/lib/python3.10/dist-packages/ur3_llm_control-0.1.0-py3.10.egg-info/top_level.txt
[19.429s] -- Installing: /home/quan/thuc_hanh_tuan3/install/ur3_llm_control/local/lib/python3.10/dist-packages/ur3_llm_control-0.1.0-py3.10.egg-info/PKG-INFO
[19.429s] -- Installing: /home/quan/thuc_hanh_tuan3/install/ur3_llm_control/local/lib/python3.10/dist-packages/ur3_llm_control-0.1.0-py3.10.egg-info/dependency_links.txt
[19.429s] -- Installing: /home/quan/thuc_hanh_tuan3/install/ur3_llm_control/local/lib/python3.10/dist-packages/ur3_llm_control-0.1.0-py3.10.egg-info/SOURCES.txt
[19.429s] -- Installing: /home/quan/thuc_hanh_tuan3/install/ur3_llm_control/local/lib/python3.10/dist-packages/ur3_llm_control
[19.429s] -- Installing: /home/quan/thuc_hanh_tuan3/install/ur3_llm_control/local/lib/python3.10/dist-packages/ur3_llm_control/ur3_llm_control_s__rosidl_typesupport_fastrtps_c.cpython-310-x86_64-linux-gnu.so
[19.429s] -- Installing: /home/quan/thuc_hanh_tuan3/install/ur3_llm_control/local/lib/python3.10/dist-packages/ur3_llm_control/_ur3_llm_control_s.ep.rosidl_typesupport_c.c
[19.430s] -- Installing: /home/quan/thuc_hanh_tuan3/install/ur3_llm_control/local/lib/python3.10/dist-packages/ur3_llm_control/_ur3_llm_control_s.ep.rosidl_typesupport_fastrtps_c.c
[19.430s] -- Installing: /home/quan/thuc_hanh_tuan3/install/ur3_llm_control/local/lib/python3.10/dist-packages/ur3_llm_control/srv
[19.430s] -- Installing: /home/quan/thuc_hanh_tuan3/install/ur3_llm_control/local/lib/python3.10/dist-packages/ur3_llm_control/srv/_set_attachment.py
[19.430s] -- Installing: /home/quan/thuc_hanh_tuan3/install/ur3_llm_control/local/lib/python3.10/dist-packages/ur3_llm_control/srv/_set_attachment_s.c
[19.430s] -- Installing: /home/quan/thuc_hanh_tuan3/install/ur3_llm_control/local/lib/python3.10/dist-packages/ur3_llm_control/srv/__init__.py
[19.430s] -- Installing: /home/quan/thuc_hanh_tuan3/install/ur3_llm_control/local/lib/python3.10/dist-packages/ur3_llm_control/srv/_execute_skill_s.c
[19.430s] -- Installing: /home/quan/thuc_hanh_tuan3/install/ur3_llm_control/local/lib/python3.10/dist-packages/ur3_llm_control/srv/_get_world_state.py
[19.430s] -- Installing: /home/quan/thuc_hanh_tuan3/install/ur3_llm_control/local/lib/python3.10/dist-packages/ur3_llm_control/srv/_execute_skill.py
[19.430s] -- Installing: /home/quan/thuc_hanh_tuan3/install/ur3_llm_control/local/lib/python3.10/dist-packages/ur3_llm_control/srv/_get_world_state_s.c
[19.430s] -- Installing: /home/quan/thuc_hanh_tuan3/install/ur3_llm_control/local/lib/python3.10/dist-packages/ur3_llm_control/_ur3_llm_control_s.ep.rosidl_typesupport_introspection_c.c
[19.430s] -- Installing: /home/quan/thuc_hanh_tuan3/install/ur3_llm_control/local/lib/python3.10/dist-packages/ur3_llm_control/ur3_llm_control_s__rosidl_typesupport_c.cpython-310-x86_64-linux-gnu.so
[19.430s] -- Installing: /home/quan/thuc_hanh_tuan3/install/ur3_llm_control/local/lib/python3.10/dist-packages/ur3_llm_control/ur3_llm_control_s__rosidl_typesupport_introspection_c.cpython-310-x86_64-linux-gnu.so
[19.430s] -- Installing: /home/quan/thuc_hanh_tuan3/install/ur3_llm_control/local/lib/python3.10/dist-packages/ur3_llm_control/__init__.py
[19.430s] -- Installing: /home/quan/thuc_hanh_tuan3/install/ur3_llm_control/local/lib/python3.10/dist-packages/ur3_llm_control/libur3_llm_control__rosidl_generator_py.so
[19.462s] Listing '/home/quan/thuc_hanh_tuan3/install/ur3_llm_control/local/lib/python3.10/dist-packages/ur3_llm_control'...
[19.462s] Compiling '/home/quan/thuc_hanh_tuan3/install/ur3_llm_control/local/lib/python3.10/dist-packages/ur3_llm_control/__init__.py'...
[19.462s] Listing '/home/quan/thuc_hanh_tuan3/install/ur3_llm_control/local/lib/python3.10/dist-packages/ur3_llm_control/srv'...
[19.462s] Compiling '/home/quan/thuc_hanh_tuan3/install/ur3_llm_control/local/lib/python3.10/dist-packages/ur3_llm_control/srv/__init__.py'...
[19.462s] Compiling '/home/quan/thuc_hanh_tuan3/install/ur3_llm_control/local/lib/python3.10/dist-packages/ur3_llm_control/srv/_execute_skill.py'...
[19.462s] Compiling '/home/quan/thuc_hanh_tuan3/install/ur3_llm_control/local/lib/python3.10/dist-packages/ur3_llm_control/srv/_get_world_state.py'...
[19.462s] Compiling '/home/quan/thuc_hanh_tuan3/install/ur3_llm_control/local/lib/python3.10/dist-packages/ur3_llm_control/srv/_set_attachment.py'...
[19.465s] -- Installing: /home/quan/thuc_hanh_tuan3/install/ur3_llm_control/local/lib/python3.10/dist-packages/ur3_llm_control/ur3_llm_control_s__rosidl_typesupport_fastrtps_c.cpython-310-x86_64-linux-gnu.so
[19.465s] -- Set runtime path of "/home/quan/thuc_hanh_tuan3/install/ur3_llm_control/local/lib/python3.10/dist-packages/ur3_llm_control/ur3_llm_control_s__rosidl_typesupport_fastrtps_c.cpython-310-x86_64-linux-gnu.so" to ""
[19.465s] -- Installing: /home/quan/thuc_hanh_tuan3/install/ur3_llm_control/local/lib/python3.10/dist-packages/ur3_llm_control/ur3_llm_control_s__rosidl_typesupport_introspection_c.cpython-310-x86_64-linux-gnu.so
[19.465s] -- Set runtime path of "/home/quan/thuc_hanh_tuan3/install/ur3_llm_control/local/lib/python3.10/dist-packages/ur3_llm_control/ur3_llm_control_s__rosidl_typesupport_introspection_c.cpython-310-x86_64-linux-gnu.so" to ""
[19.466s] -- Installing: /home/quan/thuc_hanh_tuan3/install/ur3_llm_control/local/lib/python3.10/dist-packages/ur3_llm_control/ur3_llm_control_s__rosidl_typesupport_c.cpython-310-x86_64-linux-gnu.so
[19.466s] -- Set runtime path of "/home/quan/thuc_hanh_tuan3/install/ur3_llm_control/local/lib/python3.10/dist-packages/ur3_llm_control/ur3_llm_control_s__rosidl_typesupport_c.cpython-310-x86_64-linux-gnu.so" to ""
[19.466s] -- Installing: /home/quan/thuc_hanh_tuan3/install/ur3_llm_control/lib/libur3_llm_control__rosidl_generator_py.so
[19.466s] -- Set runtime path of "/home/quan/thuc_hanh_tuan3/install/ur3_llm_control/lib/libur3_llm_control__rosidl_generator_py.so" to ""
[19.466s] -- Installing: /home/quan/thuc_hanh_tuan3/install/ur3_llm_control/share/ur3_llm_control/rust
[19.466s] -- Installing: /home/quan/thuc_hanh_tuan3/install/ur3_llm_control/share/ur3_llm_control/rust/build.rs
[19.466s] -- Installing: /home/quan/thuc_hanh_tuan3/install/ur3_llm_control/share/ur3_llm_control/rust/Cargo.toml
[19.466s] -- Installing: /home/quan/thuc_hanh_tuan3/install/ur3_llm_control/share/ur3_llm_control/rust/src
[19.466s] -- Installing: /home/quan/thuc_hanh_tuan3/install/ur3_llm_control/share/ur3_llm_control/rust/src/srv
[19.467s] -- Installing: /home/quan/thuc_hanh_tuan3/install/ur3_llm_control/share/ur3_llm_control/rust/src/srv/rmw.rs
[19.467s] -- Installing: /home/quan/thuc_hanh_tuan3/install/ur3_llm_control/share/ur3_llm_control/rust/src/lib.rs
[19.467s] -- Installing: /home/quan/thuc_hanh_tuan3/install/ur3_llm_control/share/ur3_llm_control/rust/src/srv.rs
[19.467s] -- Installing: /home/quan/thuc_hanh_tuan3/install/ur3_llm_control/share/ur3_llm_control/srv/ExecuteSkill.idl
[19.467s] -- Installing: /home/quan/thuc_hanh_tuan3/install/ur3_llm_control/share/ur3_llm_control/srv/SetAttachment.idl
[19.467s] -- Installing: /home/quan/thuc_hanh_tuan3/install/ur3_llm_control/share/ur3_llm_control/srv/GetWorldState.idl
[19.467s] -- Installing: /home/quan/thuc_hanh_tuan3/install/ur3_llm_control/share/ur3_llm_control/srv/ExecuteSkill.srv
[19.467s] -- Installing: /home/quan/thuc_hanh_tuan3/install/ur3_llm_control/share/ur3_llm_control/srv/ExecuteSkill_Request.msg
[19.467s] -- Installing: /home/quan/thuc_hanh_tuan3/install/ur3_llm_control/share/ur3_llm_control/srv/ExecuteSkill_Response.msg
[19.467s] -- Installing: /home/quan/thuc_hanh_tuan3/install/ur3_llm_control/share/ur3_llm_control/srv/SetAttachment.srv
[19.467s] -- Installing: /home/quan/thuc_hanh_tuan3/install/ur3_llm_control/share/ur3_llm_control/srv/SetAttachment_Request.msg
[19.467s] -- Installing: /home/quan/thuc_hanh_tuan3/install/ur3_llm_control/share/ur3_llm_control/srv/SetAttachment_Response.msg
[19.467s] -- Installing: /home/quan/thuc_hanh_tuan3/install/ur3_llm_control/share/ur3_llm_control/srv/GetWorldState.srv
[19.467s] -- Installing: /home/quan/thuc_hanh_tuan3/install/ur3_llm_control/share/ur3_llm_control/srv/GetWorldState_Request.msg
[19.467s] -- Installing: /home/quan/thuc_hanh_tuan3/install/ur3_llm_control/share/ur3_llm_control/srv/GetWorldState_Response.msg
[19.468s] -- Installing: /home/quan/thuc_hanh_tuan3/install/ur3_llm_control/lib/ur3_llm_control/robot_skills
[19.471s] -- Set runtime path of "/home/quan/thuc_hanh_tuan3/install/ur3_llm_control/lib/ur3_llm_control/robot_skills" to ""
[19.471s] -- Installing: /home/quan/thuc_hanh_tuan3/install/ur3_llm_control/lib/libur3_virtual_attachment.so
[19.472s] -- Set runtime path of "/home/quan/thuc_hanh_tuan3/install/ur3_llm_control/lib/libur3_virtual_attachment.so" to ""
[19.472s] -- Installing: /home/quan/thuc_hanh_tuan3/install/ur3_llm_control/lib/ur3_llm_control/llm_planner.py
[19.472s] -- Installing: /home/quan/thuc_hanh_tuan3/install/ur3_llm_control/lib/ur3_llm_control/task_validator.py
[19.473s] -- Installing: /home/quan/thuc_hanh_tuan3/install/ur3_llm_control/lib/ur3_llm_control/skill_executor.py
[19.473s] -- Installing: /home/quan/thuc_hanh_tuan3/install/ur3_llm_control/lib/ur3_llm_control/task_manager.py
[19.473s] -- Installing: /home/quan/thuc_hanh_tuan3/install/ur3_llm_control/share/ur3_llm_control/launch
[19.473s] -- Installing: /home/quan/thuc_hanh_tuan3/install/ur3_llm_control/share/ur3_llm_control/launch/llm_robot.launch.py
[19.473s] -- Installing: /home/quan/thuc_hanh_tuan3/install/ur3_llm_control/share/ur3_llm_control/config
[19.473s] -- Installing: /home/quan/thuc_hanh_tuan3/install/ur3_llm_control/share/ur3_llm_control/config/home_joints.yaml
[19.473s] -- Installing: /home/quan/thuc_hanh_tuan3/install/ur3_llm_control/share/ur3_llm_control/config/staging_joints.yaml
[19.473s] -- Installing: /home/quan/thuc_hanh_tuan3/install/ur3_llm_control/share/ur3_llm_control/config/ur_controllers.yaml
[19.473s] -- Installing: /home/quan/thuc_hanh_tuan3/install/ur3_llm_control/share/ur3_llm_control/config/scene.yaml
[19.473s] -- Installing: /home/quan/thuc_hanh_tuan3/install/ur3_llm_control/share/ur3_llm_control/config/student_config.yaml
[19.473s] -- Installing: /home/quan/thuc_hanh_tuan3/install/ur3_llm_control/share/ur3_llm_control/prompt
[19.473s] -- Installing: /home/quan/thuc_hanh_tuan3/install/ur3_llm_control/share/ur3_llm_control/prompt/planner_prompt.txt
[19.473s] -- Installing: /home/quan/thuc_hanh_tuan3/install/ur3_llm_control/share/ur3_llm_control/worlds
[19.473s] -- Installing: /home/quan/thuc_hanh_tuan3/install/ur3_llm_control/share/ur3_llm_control/worlds/assignment2.world
[19.473s] -- Installing: /home/quan/thuc_hanh_tuan3/install/ur3_llm_control/share/ur3_llm_control/models
[19.473s] -- Installing: /home/quan/thuc_hanh_tuan3/install/ur3_llm_control/share/ur3_llm_control/models/blue_cube
[19.473s] -- Installing: /home/quan/thuc_hanh_tuan3/install/ur3_llm_control/share/ur3_llm_control/models/blue_cube/model.sdf
[19.473s] -- Installing: /home/quan/thuc_hanh_tuan3/install/ur3_llm_control/share/ur3_llm_control/models/blue_cube/model.config
[19.473s] -- Installing: /home/quan/thuc_hanh_tuan3/install/ur3_llm_control/share/ur3_llm_control/models/red_cube
[19.473s] -- Installing: /home/quan/thuc_hanh_tuan3/install/ur3_llm_control/share/ur3_llm_control/models/red_cube/model.sdf
[19.473s] -- Installing: /home/quan/thuc_hanh_tuan3/install/ur3_llm_control/share/ur3_llm_control/models/red_cube/model.config
[19.474s] -- Installing: /home/quan/thuc_hanh_tuan3/install/ur3_llm_control/share/ur3_llm_control/models/zone_a
[19.474s] -- Installing: /home/quan/thuc_hanh_tuan3/install/ur3_llm_control/share/ur3_llm_control/models/zone_a/model.sdf
[19.474s] -- Installing: /home/quan/thuc_hanh_tuan3/install/ur3_llm_control/share/ur3_llm_control/models/zone_a/model.config
[19.474s] -- Installing: /home/quan/thuc_hanh_tuan3/install/ur3_llm_control/share/ur3_llm_control/models/zone_b
[19.474s] -- Installing: /home/quan/thuc_hanh_tuan3/install/ur3_llm_control/share/ur3_llm_control/models/zone_b/model.sdf
[19.474s] -- Installing: /home/quan/thuc_hanh_tuan3/install/ur3_llm_control/share/ur3_llm_control/models/zone_b/model.config
[19.474s] -- Installing: /home/quan/thuc_hanh_tuan3/install/ur3_llm_control/share/ur3_llm_control/models/zone_c
[19.474s] -- Installing: /home/quan/thuc_hanh_tuan3/install/ur3_llm_control/share/ur3_llm_control/models/zone_c/model.sdf
[19.474s] -- Installing: /home/quan/thuc_hanh_tuan3/install/ur3_llm_control/share/ur3_llm_control/models/zone_c/model.config
[19.474s] -- Installing: /home/quan/thuc_hanh_tuan3/install/ur3_llm_control/share/ur3_llm_control/models/yellow_cube
[19.474s] -- Installing: /home/quan/thuc_hanh_tuan3/install/ur3_llm_control/share/ur3_llm_control/models/yellow_cube/model.sdf
[19.474s] -- Installing: /home/quan/thuc_hanh_tuan3/install/ur3_llm_control/share/ur3_llm_control/models/yellow_cube/model.config
[19.474s] -- Installing: /home/quan/thuc_hanh_tuan3/install/ur3_llm_control/share/ur3_llm_control/models/ur3_task_table
[19.474s] -- Installing: /home/quan/thuc_hanh_tuan3/install/ur3_llm_control/share/ur3_llm_control/models/ur3_task_table/model.sdf
[19.474s] -- Installing: /home/quan/thuc_hanh_tuan3/install/ur3_llm_control/share/ur3_llm_control/models/ur3_task_table/model.config
[19.474s] -- Installing: /home/quan/thuc_hanh_tuan3/install/ur3_llm_control/share/ur3_llm_control/models/buffer
[19.474s] -- Installing: /home/quan/thuc_hanh_tuan3/install/ur3_llm_control/share/ur3_llm_control/models/buffer/model.sdf
[19.474s] -- Installing: /home/quan/thuc_hanh_tuan3/install/ur3_llm_control/share/ur3_llm_control/models/buffer/model.config
[19.474s] -- Installing: /home/quan/thuc_hanh_tuan3/install/ur3_llm_control/share/ament_index/resource_index/package_run_dependencies/ur3_llm_control
[19.474s] -- Installing: /home/quan/thuc_hanh_tuan3/install/ur3_llm_control/share/ament_index/resource_index/parent_prefix_path/ur3_llm_control
[19.474s] -- Installing: /home/quan/thuc_hanh_tuan3/install/ur3_llm_control/share/ur3_llm_control/environment/ament_prefix_path.sh
[19.474s] -- Installing: /home/quan/thuc_hanh_tuan3/install/ur3_llm_control/share/ur3_llm_control/environment/ament_prefix_path.dsv
[19.475s] -- Installing: /home/quan/thuc_hanh_tuan3/install/ur3_llm_control/share/ur3_llm_control/environment/path.sh
[19.475s] -- Installing: /home/quan/thuc_hanh_tuan3/install/ur3_llm_control/share/ur3_llm_control/environment/path.dsv
[19.475s] -- Installing: /home/quan/thuc_hanh_tuan3/install/ur3_llm_control/share/ur3_llm_control/local_setup.bash
[19.475s] -- Installing: /home/quan/thuc_hanh_tuan3/install/ur3_llm_control/share/ur3_llm_control/local_setup.sh
[19.475s] -- Installing: /home/quan/thuc_hanh_tuan3/install/ur3_llm_control/share/ur3_llm_control/local_setup.zsh
[19.475s] -- Installing: /home/quan/thuc_hanh_tuan3/install/ur3_llm_control/share/ur3_llm_control/local_setup.dsv
[19.475s] -- Installing: /home/quan/thuc_hanh_tuan3/install/ur3_llm_control/share/ur3_llm_control/package.dsv
[19.475s] -- Installing: /home/quan/thuc_hanh_tuan3/install/ur3_llm_control/share/ament_index/resource_index/packages/ur3_llm_control
[19.475s] -- Installing: /home/quan/thuc_hanh_tuan3/install/ur3_llm_control/share/ur3_llm_control/cmake/export_ur3_llm_control__rosidl_generator_cExport.cmake
[19.475s] -- Installing: /home/quan/thuc_hanh_tuan3/install/ur3_llm_control/share/ur3_llm_control/cmake/export_ur3_llm_control__rosidl_generator_cExport-noconfig.cmake
[19.475s] -- Installing: /home/quan/thuc_hanh_tuan3/install/ur3_llm_control/share/ur3_llm_control/cmake/export_ur3_llm_control__rosidl_typesupport_fastrtps_cExport.cmake
[19.475s] -- Installing: /home/quan/thuc_hanh_tuan3/install/ur3_llm_control/share/ur3_llm_control/cmake/export_ur3_llm_control__rosidl_typesupport_fastrtps_cExport-noconfig.cmake
[19.475s] -- Installing: /home/quan/thuc_hanh_tuan3/install/ur3_llm_control/share/ur3_llm_control/cmake/export_ur3_llm_control__rosidl_generator_cppExport.cmake
[19.475s] -- Installing: /home/quan/thuc_hanh_tuan3/install/ur3_llm_control/share/ur3_llm_control/cmake/export_ur3_llm_control__rosidl_typesupport_fastrtps_cppExport.cmake
[19.475s] -- Installing: /home/quan/thuc_hanh_tuan3/install/ur3_llm_control/share/ur3_llm_control/cmake/export_ur3_llm_control__rosidl_typesupport_fastrtps_cppExport-noconfig.cmake
[19.475s] -- Installing: /home/quan/thuc_hanh_tuan3/install/ur3_llm_control/share/ur3_llm_control/cmake/ur3_llm_control__rosidl_typesupport_introspection_cExport.cmake
[19.475s] -- Installing: /home/quan/thuc_hanh_tuan3/install/ur3_llm_control/share/ur3_llm_control/cmake/ur3_llm_control__rosidl_typesupport_introspection_cExport-noconfig.cmake
[19.475s] -- Installing: /home/quan/thuc_hanh_tuan3/install/ur3_llm_control/share/ur3_llm_control/cmake/ur3_llm_control__rosidl_typesupport_cExport.cmake
[19.475s] -- Installing: /home/quan/thuc_hanh_tuan3/install/ur3_llm_control/share/ur3_llm_control/cmake/ur3_llm_control__rosidl_typesupport_cExport-noconfig.cmake
[19.475s] -- Installing: /home/quan/thuc_hanh_tuan3/install/ur3_llm_control/share/ur3_llm_control/cmake/ur3_llm_control__rosidl_typesupport_introspection_cppExport.cmake
[19.475s] -- Installing: /home/quan/thuc_hanh_tuan3/install/ur3_llm_control/share/ur3_llm_control/cmake/ur3_llm_control__rosidl_typesupport_introspection_cppExport-noconfig.cmake
[19.475s] -- Installing: /home/quan/thuc_hanh_tuan3/install/ur3_llm_control/share/ur3_llm_control/cmake/ur3_llm_control__rosidl_typesupport_cppExport.cmake
[19.475s] -- Installing: /home/quan/thuc_hanh_tuan3/install/ur3_llm_control/share/ur3_llm_control/cmake/ur3_llm_control__rosidl_typesupport_cppExport-noconfig.cmake
[19.476s] -- Installing: /home/quan/thuc_hanh_tuan3/install/ur3_llm_control/share/ur3_llm_control/cmake/export_ur3_llm_control__rosidl_generator_pyExport.cmake
[19.476s] -- Installing: /home/quan/thuc_hanh_tuan3/install/ur3_llm_control/share/ur3_llm_control/cmake/export_ur3_llm_control__rosidl_generator_pyExport-noconfig.cmake
[19.476s] -- Installing: /home/quan/thuc_hanh_tuan3/install/ur3_llm_control/share/ur3_llm_control/cmake/rosidl_cmake-extras.cmake
[19.476s] -- Installing: /home/quan/thuc_hanh_tuan3/install/ur3_llm_control/share/ur3_llm_control/cmake/ament_cmake_export_include_directories-extras.cmake
[19.476s] -- Installing: /home/quan/thuc_hanh_tuan3/install/ur3_llm_control/share/ur3_llm_control/cmake/ament_cmake_export_libraries-extras.cmake
[19.476s] -- Installing: /home/quan/thuc_hanh_tuan3/install/ur3_llm_control/share/ur3_llm_control/cmake/ament_cmake_export_targets-extras.cmake
[19.476s] -- Installing: /home/quan/thuc_hanh_tuan3/install/ur3_llm_control/share/ur3_llm_control/cmake/rosidl_cmake_export_typesupport_targets-extras.cmake
[19.476s] -- Installing: /home/quan/thuc_hanh_tuan3/install/ur3_llm_control/share/ur3_llm_control/cmake/ament_cmake_export_dependencies-extras.cmake
[19.476s] -- Installing: /home/quan/thuc_hanh_tuan3/install/ur3_llm_control/share/ur3_llm_control/cmake/rosidl_cmake_export_typesupport_libraries-extras.cmake
[19.476s] -- Installing: /home/quan/thuc_hanh_tuan3/install/ur3_llm_control/share/ur3_llm_control/cmake/rosidl_cmake_aggregate_target-extras.cmake
[19.476s] -- Installing: /home/quan/thuc_hanh_tuan3/install/ur3_llm_control/share/ur3_llm_control/cmake/ur3_llm_controlConfig.cmake
[19.476s] -- Installing: /home/quan/thuc_hanh_tuan3/install/ur3_llm_control/share/ur3_llm_control/cmake/ur3_llm_controlConfig-version.cmake
[19.476s] -- Installing: /home/quan/thuc_hanh_tuan3/install/ur3_llm_control/share/ur3_llm_control/package.xml
[19.478s] Invoked command in '/home/quan/thuc_hanh_tuan3/build/ur3_llm_control' returned '0': AMENT_PREFIX_PATH=/home/quan/thuc_hanh_tuan3/install/ur_simulation_gazebo:${AMENT_PREFIX_PATH} CMAKE_PREFIX_PATH=/home/quan/thuc_hanh_tuan3/install/ur_simulation_gazebo:/home/quan/ros2_ws/install/robot1:/home/quan/ros2_ws/install/robot:/home/quan/ros2_ws/install/msgs_test:/home/quan/ros2_ws/install/component_pkg:/home/quan/ros2_ws/src/msgs_test/install/msgs_test:/home/quan/ros2_ws/install/my_turtlesim:/home/quan/ros2_ws/install/my_robot_logic:/home/quan/ros2_ws/install/my_robot_controller:/home/quan/ros2_ws/install/lifecycle_pkg:/opt/ros/humble /usr/bin/cmake --install /home/quan/thuc_hanh_tuan3/build/ur3_llm_control
