[0.008s] Invoking command in '/home/quan/thuc_hanh_tuan3/src/build/ur3_llm_control': AMENT_PREFIX_PATH=/home/quan/thuc_hanh_tuan3/src/install/ur_simulation_gazebo:/home/quan/thuc_hanh_tuan3/src/install/robotiq_description:${AMENT_PREFIX_PATH} CMAKE_PREFIX_PATH=/home/quan/thuc_hanh_tuan3/src/install/ur_simulation_gazebo:/home/quan/thuc_hanh_tuan3/src/install/robotiq_description:/home/quan/ros2_ws/install/robot1:/home/quan/ros2_ws/install/robot:/home/quan/ros2_ws/install/msgs_test:/home/quan/ros2_ws/install/component_pkg:/home/quan/ros2_ws/src/msgs_test/install/msgs_test:/home/quan/ros2_ws/install/my_turtlesim:/home/quan/ros2_ws/install/my_robot_logic:/home/quan/ros2_ws/install/my_robot_controller:/home/quan/ros2_ws/install/lifecycle_pkg:/opt/ros/humble /usr/bin/cmake --build /home/quan/thuc_hanh_tuan3/src/build/ur3_llm_control -- -j16 -l16
[0.059s] [  1%] Built target ur3_llm_control__rs
[0.060s] [  3%] Built target ur3_llm_control__cpp
[0.061s] [ 13%] Built target ur3_llm_control__rosidl_generator_c
[0.069s] [ 13%] Built target ament_cmake_python_symlink_ur3_llm_control
[0.088s] [ 23%] Built target ur3_llm_control__rosidl_typesupport_cpp
[0.095s] [ 32%] Built target ur3_llm_control__rosidl_typesupport_c
[0.095s] [ 42%] Built target ur3_llm_control__rosidl_typesupport_introspection_c
[0.098s] [ 51%] Built target ur3_llm_control__rosidl_typesupport_introspection_cpp
[0.098s] [ 61%] Built target ur3_llm_control__rosidl_typesupport_fastrtps_cpp
[0.100s] [ 71%] Built target ur3_llm_control__rosidl_typesupport_fastrtps_c
[0.119s] [ 71%] Built target ur3_llm_control
[0.140s] [ 73%] Built target ur3_llm_control__py
[0.152s] [ 75%] Building CXX object CMakeFiles/robot_skills.dir/src/robot_skills.cpp.o
[0.155s] [ 76%] Building CXX object CMakeFiles/ur3_physical_gripper.dir/src/physical_gripper.cpp.o
[0.165s] [ 84%] Built target ur3_llm_control__rosidl_generator_py
[0.187s] [ 88%] Built target ur3_llm_control__rosidl_typesupport_c__pyext
[0.189s] [ 96%] Built target ur3_llm_control__rosidl_typesupport_fastrtps_c__pyext
[0.189s] [ 96%] Built target ur3_llm_control__rosidl_typesupport_introspection_c__pyext
[0.289s] running egg_info
[0.290s] writing ur3_llm_control.egg-info/PKG-INFO
[0.290s] writing dependency_links to ur3_llm_control.egg-info/dependency_links.txt
[0.290s] writing top-level names to ur3_llm_control.egg-info/top_level.txt
[0.292s] reading manifest file 'ur3_llm_control.egg-info/SOURCES.txt'
[0.293s] writing manifest file 'ur3_llm_control.egg-info/SOURCES.txt'
[0.315s] [ 96%] Built target ament_cmake_python_build_ur3_llm_control_egg
[9.437s] [ 98%] Linking CXX shared library libur3_physical_gripper.so
[9.855s] [ 98%] Built target ur3_physical_gripper
[15.035s] [100%] Linking CXX executable robot_skills
[15.898s] [100%] Built target robot_skills
[15.909s] Invoked command in '/home/quan/thuc_hanh_tuan3/src/build/ur3_llm_control' returned '0': AMENT_PREFIX_PATH=/home/quan/thuc_hanh_tuan3/src/install/ur_simulation_gazebo:/home/quan/thuc_hanh_tuan3/src/install/robotiq_description:${AMENT_PREFIX_PATH} CMAKE_PREFIX_PATH=/home/quan/thuc_hanh_tuan3/src/install/ur_simulation_gazebo:/home/quan/thuc_hanh_tuan3/src/install/robotiq_description:/home/quan/ros2_ws/install/robot1:/home/quan/ros2_ws/install/robot:/home/quan/ros2_ws/install/msgs_test:/home/quan/ros2_ws/install/component_pkg:/home/quan/ros2_ws/src/msgs_test/install/msgs_test:/home/quan/ros2_ws/install/my_turtlesim:/home/quan/ros2_ws/install/my_robot_logic:/home/quan/ros2_ws/install/my_robot_controller:/home/quan/ros2_ws/install/lifecycle_pkg:/opt/ros/humble /usr/bin/cmake --build /home/quan/thuc_hanh_tuan3/src/build/ur3_llm_control -- -j16 -l16
[15.911s] Invoking command in '/home/quan/thuc_hanh_tuan3/src/build/ur3_llm_control': AMENT_PREFIX_PATH=/home/quan/thuc_hanh_tuan3/src/install/ur_simulation_gazebo:/home/quan/thuc_hanh_tuan3/src/install/robotiq_description:${AMENT_PREFIX_PATH} CMAKE_PREFIX_PATH=/home/quan/thuc_hanh_tuan3/src/install/ur_simulation_gazebo:/home/quan/thuc_hanh_tuan3/src/install/robotiq_description:/home/quan/ros2_ws/install/robot1:/home/quan/ros2_ws/install/robot:/home/quan/ros2_ws/install/msgs_test:/home/quan/ros2_ws/install/component_pkg:/home/quan/ros2_ws/src/msgs_test/install/msgs_test:/home/quan/ros2_ws/install/my_turtlesim:/home/quan/ros2_ws/install/my_robot_logic:/home/quan/ros2_ws/install/my_robot_controller:/home/quan/ros2_ws/install/lifecycle_pkg:/opt/ros/humble /usr/bin/cmake --install /home/quan/thuc_hanh_tuan3/src/build/ur3_llm_control
[15.916s] -- Install configuration: ""
[15.916s] -- Execute custom install script
[15.916s] -- Up-to-date symlink: /home/quan/thuc_hanh_tuan3/src/install/ur3_llm_control/share/ament_index/resource_index/rosidl_interfaces/ur3_llm_control
[15.917s] -- Up-to-date symlink: /home/quan/thuc_hanh_tuan3/src/install/ur3_llm_control/include/ur3_llm_control/ur3_llm_control/msg/rosidl_generator_c__visibility_control.h
[15.917s] -- Up-to-date symlink: /home/quan/thuc_hanh_tuan3/src/install/ur3_llm_control/include/ur3_llm_control/ur3_llm_control/srv/detail/execute_skill__functions.h
[15.917s] -- Up-to-date symlink: /home/quan/thuc_hanh_tuan3/src/install/ur3_llm_control/include/ur3_llm_control/ur3_llm_control/srv/detail/execute_skill__struct.h
[15.917s] -- Up-to-date symlink: /home/quan/thuc_hanh_tuan3/src/install/ur3_llm_control/include/ur3_llm_control/ur3_llm_control/srv/detail/execute_skill__type_support.h
[15.917s] -- Up-to-date symlink: /home/quan/thuc_hanh_tuan3/src/install/ur3_llm_control/include/ur3_llm_control/ur3_llm_control/srv/detail/get_world_state__functions.h
[15.917s] -- Up-to-date symlink: /home/quan/thuc_hanh_tuan3/src/install/ur3_llm_control/include/ur3_llm_control/ur3_llm_control/srv/detail/get_world_state__struct.h
[15.917s] -- Up-to-date symlink: /home/quan/thuc_hanh_tuan3/src/install/ur3_llm_control/include/ur3_llm_control/ur3_llm_control/srv/detail/get_world_state__type_support.h
[15.917s] -- Up-to-date symlink: /home/quan/thuc_hanh_tuan3/src/install/ur3_llm_control/include/ur3_llm_control/ur3_llm_control/srv/detail/set_attachment__functions.h
[15.917s] -- Up-to-date symlink: /home/quan/thuc_hanh_tuan3/src/install/ur3_llm_control/include/ur3_llm_control/ur3_llm_control/srv/detail/set_attachment__struct.h
[15.917s] -- Up-to-date symlink: /home/quan/thuc_hanh_tuan3/src/install/ur3_llm_control/include/ur3_llm_control/ur3_llm_control/srv/detail/set_attachment__type_support.h
[15.917s] -- Up-to-date symlink: /home/quan/thuc_hanh_tuan3/src/install/ur3_llm_control/include/ur3_llm_control/ur3_llm_control/srv/execute_skill.h
[15.917s] -- Up-to-date symlink: /home/quan/thuc_hanh_tuan3/src/install/ur3_llm_control/include/ur3_llm_control/ur3_llm_control/srv/get_world_state.h
[15.917s] -- Up-to-date symlink: /home/quan/thuc_hanh_tuan3/src/install/ur3_llm_control/include/ur3_llm_control/ur3_llm_control/srv/set_attachment.h
[15.917s] -- Up-to-date symlink: /home/quan/thuc_hanh_tuan3/src/install/ur3_llm_control/share/ur3_llm_control/environment/library_path.sh
[15.917s] -- Up-to-date symlink: /home/quan/thuc_hanh_tuan3/src/install/ur3_llm_control/share/ur3_llm_control/environment/library_path.dsv
[15.918s] -- Up-to-date symlink: /home/quan/thuc_hanh_tuan3/src/install/ur3_llm_control/include/ur3_llm_control/ur3_llm_control/msg/rosidl_typesupport_fastrtps_c__visibility_control.h
[15.918s] -- Up-to-date symlink: /home/quan/thuc_hanh_tuan3/src/install/ur3_llm_control/include/ur3_llm_control/ur3_llm_control/srv/detail/execute_skill__rosidl_typesupport_fastrtps_c.h
[15.918s] -- Up-to-date symlink: /home/quan/thuc_hanh_tuan3/src/install/ur3_llm_control/include/ur3_llm_control/ur3_llm_control/srv/detail/get_world_state__rosidl_typesupport_fastrtps_c.h
[15.918s] -- Up-to-date symlink: /home/quan/thuc_hanh_tuan3/src/install/ur3_llm_control/include/ur3_llm_control/ur3_llm_control/srv/detail/set_attachment__rosidl_typesupport_fastrtps_c.h
[15.918s] -- Up-to-date symlink: /home/quan/thuc_hanh_tuan3/src/install/ur3_llm_control/include/ur3_llm_control/ur3_llm_control/msg/rosidl_generator_cpp__visibility_control.hpp
[15.918s] -- Up-to-date symlink: /home/quan/thuc_hanh_tuan3/src/install/ur3_llm_control/include/ur3_llm_control/ur3_llm_control/srv/detail/execute_skill__builder.hpp
[15.918s] -- Up-to-date symlink: /home/quan/thuc_hanh_tuan3/src/install/ur3_llm_control/include/ur3_llm_control/ur3_llm_control/srv/detail/execute_skill__struct.hpp
[15.918s] -- Up-to-date symlink: /home/quan/thuc_hanh_tuan3/src/install/ur3_llm_control/include/ur3_llm_control/ur3_llm_control/srv/detail/execute_skill__traits.hpp
[15.918s] -- Up-to-date symlink: /home/quan/thuc_hanh_tuan3/src/install/ur3_llm_control/include/ur3_llm_control/ur3_llm_control/srv/detail/execute_skill__type_support.hpp
[15.918s] -- Up-to-date symlink: /home/quan/thuc_hanh_tuan3/src/install/ur3_llm_control/include/ur3_llm_control/ur3_llm_control/srv/detail/get_world_state__builder.hpp
[15.918s] -- Up-to-date symlink: /home/quan/thuc_hanh_tuan3/src/install/ur3_llm_control/include/ur3_llm_control/ur3_llm_control/srv/detail/get_world_state__struct.hpp
[15.919s] -- Up-to-date symlink: /home/quan/thuc_hanh_tuan3/src/install/ur3_llm_control/include/ur3_llm_control/ur3_llm_control/srv/detail/get_world_state__traits.hpp
[15.919s] -- Up-to-date symlink: /home/quan/thuc_hanh_tuan3/src/install/ur3_llm_control/include/ur3_llm_control/ur3_llm_control/srv/detail/get_world_state__type_support.hpp
[15.919s] -- Up-to-date symlink: /home/quan/thuc_hanh_tuan3/src/install/ur3_llm_control/include/ur3_llm_control/ur3_llm_control/srv/detail/set_attachment__builder.hpp
[15.919s] -- Up-to-date symlink: /home/quan/thuc_hanh_tuan3/src/install/ur3_llm_control/include/ur3_llm_control/ur3_llm_control/srv/detail/set_attachment__struct.hpp
[15.919s] -- Up-to-date symlink: /home/quan/thuc_hanh_tuan3/src/install/ur3_llm_control/include/ur3_llm_control/ur3_llm_control/srv/detail/set_attachment__traits.hpp
[15.919s] -- Up-to-date symlink: /home/quan/thuc_hanh_tuan3/src/install/ur3_llm_control/include/ur3_llm_control/ur3_llm_control/srv/detail/set_attachment__type_support.hpp
[15.919s] -- Up-to-date symlink: /home/quan/thuc_hanh_tuan3/src/install/ur3_llm_control/include/ur3_llm_control/ur3_llm_control/srv/execute_skill.hpp
[15.919s] -- Up-to-date symlink: /home/quan/thuc_hanh_tuan3/src/install/ur3_llm_control/include/ur3_llm_control/ur3_llm_control/srv/get_world_state.hpp
[15.919s] -- Up-to-date symlink: /home/quan/thuc_hanh_tuan3/src/install/ur3_llm_control/include/ur3_llm_control/ur3_llm_control/srv/set_attachment.hpp
[15.919s] -- Up-to-date symlink: /home/quan/thuc_hanh_tuan3/src/install/ur3_llm_control/include/ur3_llm_control/ur3_llm_control/msg/rosidl_typesupport_fastrtps_cpp__visibility_control.h
[15.919s] -- Up-to-date symlink: /home/quan/thuc_hanh_tuan3/src/install/ur3_llm_control/include/ur3_llm_control/ur3_llm_control/srv/detail/execute_skill__rosidl_typesupport_fastrtps_cpp.hpp
[15.919s] -- Up-to-date symlink: /home/quan/thuc_hanh_tuan3/src/install/ur3_llm_control/include/ur3_llm_control/ur3_llm_control/srv/detail/get_world_state__rosidl_typesupport_fastrtps_cpp.hpp
[15.919s] -- Up-to-date symlink: /home/quan/thuc_hanh_tuan3/src/install/ur3_llm_control/include/ur3_llm_control/ur3_llm_control/srv/detail/set_attachment__rosidl_typesupport_fastrtps_cpp.hpp
[15.920s] -- Up-to-date symlink: /home/quan/thuc_hanh_tuan3/src/install/ur3_llm_control/include/ur3_llm_control/ur3_llm_control/msg/rosidl_typesupport_introspection_c__visibility_control.h
[15.920s] -- Up-to-date symlink: /home/quan/thuc_hanh_tuan3/src/install/ur3_llm_control/include/ur3_llm_control/ur3_llm_control/srv/detail/execute_skill__rosidl_typesupport_introspection_c.h
[15.920s] -- Up-to-date symlink: /home/quan/thuc_hanh_tuan3/src/install/ur3_llm_control/include/ur3_llm_control/ur3_llm_control/srv/detail/get_world_state__rosidl_typesupport_introspection_c.h
[15.920s] -- Up-to-date symlink: /home/quan/thuc_hanh_tuan3/src/install/ur3_llm_control/include/ur3_llm_control/ur3_llm_control/srv/detail/set_attachment__rosidl_typesupport_introspection_c.h
[15.920s] -- Up-to-date symlink: /home/quan/thuc_hanh_tuan3/src/install/ur3_llm_control/include/ur3_llm_control/ur3_llm_control/srv/detail/execute_skill__rosidl_typesupport_introspection_cpp.hpp
[15.920s] -- Up-to-date symlink: /home/quan/thuc_hanh_tuan3/src/install/ur3_llm_control/include/ur3_llm_control/ur3_llm_control/srv/detail/get_world_state__rosidl_typesupport_introspection_cpp.hpp
[15.920s] -- Up-to-date symlink: /home/quan/thuc_hanh_tuan3/src/install/ur3_llm_control/include/ur3_llm_control/ur3_llm_control/srv/detail/set_attachment__rosidl_typesupport_introspection_cpp.hpp
[15.920s] -- Up-to-date symlink: /home/quan/thuc_hanh_tuan3/src/install/ur3_llm_control/share/ur3_llm_control/environment/pythonpath.sh
[15.920s] -- Up-to-date symlink: /home/quan/thuc_hanh_tuan3/src/install/ur3_llm_control/share/ur3_llm_control/environment/pythonpath.dsv
[15.921s] -- Up-to-date symlink: /home/quan/thuc_hanh_tuan3/src/install/ur3_llm_control/local/lib/python3.10/dist-packages/ur3_llm_control-0.1.0-py3.10.egg-info/PKG-INFO
[15.921s] -- Up-to-date symlink: /home/quan/thuc_hanh_tuan3/src/install/ur3_llm_control/local/lib/python3.10/dist-packages/ur3_llm_control-0.1.0-py3.10.egg-info/SOURCES.txt
[15.921s] -- Up-to-date symlink: /home/quan/thuc_hanh_tuan3/src/install/ur3_llm_control/local/lib/python3.10/dist-packages/ur3_llm_control-0.1.0-py3.10.egg-info/dependency_links.txt
[15.921s] -- Up-to-date symlink: /home/quan/thuc_hanh_tuan3/src/install/ur3_llm_control/local/lib/python3.10/dist-packages/ur3_llm_control-0.1.0-py3.10.egg-info/top_level.txt
[15.922s] -- Up-to-date symlink: /home/quan/thuc_hanh_tuan3/src/install/ur3_llm_control/local/lib/python3.10/dist-packages/ur3_llm_control/__init__.py
[15.922s] -- Up-to-date symlink: /home/quan/thuc_hanh_tuan3/src/install/ur3_llm_control/local/lib/python3.10/dist-packages/ur3_llm_control/_ur3_llm_control_s.ep.rosidl_typesupport_c.c
[15.922s] -- Up-to-date symlink: /home/quan/thuc_hanh_tuan3/src/install/ur3_llm_control/local/lib/python3.10/dist-packages/ur3_llm_control/_ur3_llm_control_s.ep.rosidl_typesupport_fastrtps_c.c
[15.922s] -- Up-to-date symlink: /home/quan/thuc_hanh_tuan3/src/install/ur3_llm_control/local/lib/python3.10/dist-packages/ur3_llm_control/_ur3_llm_control_s.ep.rosidl_typesupport_introspection_c.c
[15.922s] -- Up-to-date symlink: /home/quan/thuc_hanh_tuan3/src/install/ur3_llm_control/local/lib/python3.10/dist-packages/ur3_llm_control/libur3_llm_control__rosidl_generator_py.so
[15.922s] -- Up-to-date symlink: /home/quan/thuc_hanh_tuan3/src/install/ur3_llm_control/local/lib/python3.10/dist-packages/ur3_llm_control/srv/__init__.py
[15.922s] -- Up-to-date symlink: /home/quan/thuc_hanh_tuan3/src/install/ur3_llm_control/local/lib/python3.10/dist-packages/ur3_llm_control/srv/_execute_skill.py
[15.922s] -- Up-to-date symlink: /home/quan/thuc_hanh_tuan3/src/install/ur3_llm_control/local/lib/python3.10/dist-packages/ur3_llm_control/srv/_execute_skill_s.c
[15.922s] -- Up-to-date symlink: /home/quan/thuc_hanh_tuan3/src/install/ur3_llm_control/local/lib/python3.10/dist-packages/ur3_llm_control/srv/_get_world_state.py
[15.922s] -- Up-to-date symlink: /home/quan/thuc_hanh_tuan3/src/install/ur3_llm_control/local/lib/python3.10/dist-packages/ur3_llm_control/srv/_get_world_state_s.c
[15.922s] -- Up-to-date symlink: /home/quan/thuc_hanh_tuan3/src/install/ur3_llm_control/local/lib/python3.10/dist-packages/ur3_llm_control/srv/_set_attachment.py
[15.922s] -- Up-to-date symlink: /home/quan/thuc_hanh_tuan3/src/install/ur3_llm_control/local/lib/python3.10/dist-packages/ur3_llm_control/srv/_set_attachment_s.c
[15.922s] -- Up-to-date symlink: /home/quan/thuc_hanh_tuan3/src/install/ur3_llm_control/local/lib/python3.10/dist-packages/ur3_llm_control/ur3_llm_control_s__rosidl_typesupport_c.cpython-310-x86_64-linux-gnu.so
[15.922s] -- Up-to-date symlink: /home/quan/thuc_hanh_tuan3/src/install/ur3_llm_control/local/lib/python3.10/dist-packages/ur3_llm_control/ur3_llm_control_s__rosidl_typesupport_fastrtps_c.cpython-310-x86_64-linux-gnu.so
[15.922s] -- Up-to-date symlink: /home/quan/thuc_hanh_tuan3/src/install/ur3_llm_control/local/lib/python3.10/dist-packages/ur3_llm_control/ur3_llm_control_s__rosidl_typesupport_introspection_c.cpython-310-x86_64-linux-gnu.so
[15.923s] -- Up-to-date symlink: /home/quan/thuc_hanh_tuan3/src/install/ur3_llm_control/local/lib/python3.10/dist-packages/ur3_llm_control/ur3_llm_control_s__rosidl_typesupport_fastrtps_c.cpython-310-x86_64-linux-gnu.so
[15.923s] -- Up-to-date symlink: /home/quan/thuc_hanh_tuan3/src/install/ur3_llm_control/local/lib/python3.10/dist-packages/ur3_llm_control/ur3_llm_control_s__rosidl_typesupport_introspection_c.cpython-310-x86_64-linux-gnu.so
[15.923s] -- Up-to-date symlink: /home/quan/thuc_hanh_tuan3/src/install/ur3_llm_control/local/lib/python3.10/dist-packages/ur3_llm_control/ur3_llm_control_s__rosidl_typesupport_c.cpython-310-x86_64-linux-gnu.so
[15.923s] -- Up-to-date symlink: /home/quan/thuc_hanh_tuan3/src/install/ur3_llm_control/share/ur3_llm_control/rust/Cargo.toml
[15.923s] -- Up-to-date symlink: /home/quan/thuc_hanh_tuan3/src/install/ur3_llm_control/share/ur3_llm_control/rust/build.rs
[15.923s] -- Up-to-date symlink: /home/quan/thuc_hanh_tuan3/src/install/ur3_llm_control/share/ur3_llm_control/rust/src/lib.rs
[15.923s] -- Up-to-date symlink: /home/quan/thuc_hanh_tuan3/src/install/ur3_llm_control/share/ur3_llm_control/rust/src/srv.rs
[15.923s] -- Up-to-date symlink: /home/quan/thuc_hanh_tuan3/src/install/ur3_llm_control/share/ur3_llm_control/rust/src/srv/rmw.rs
[15.923s] -- Up-to-date symlink: /home/quan/thuc_hanh_tuan3/src/install/ur3_llm_control/share/ur3_llm_control/srv/ExecuteSkill.idl
[15.924s] -- Up-to-date symlink: /home/quan/thuc_hanh_tuan3/src/install/ur3_llm_control/share/ur3_llm_control/srv/SetAttachment.idl
[15.924s] -- Up-to-date symlink: /home/quan/thuc_hanh_tuan3/src/install/ur3_llm_control/share/ur3_llm_control/srv/GetWorldState.idl
[15.924s] -- Up-to-date symlink: /home/quan/thuc_hanh_tuan3/src/install/ur3_llm_control/share/ur3_llm_control/srv/ExecuteSkill.srv
[15.924s] -- Up-to-date symlink: /home/quan/thuc_hanh_tuan3/src/install/ur3_llm_control/share/ur3_llm_control/srv/ExecuteSkill_Request.msg
[15.924s] -- Up-to-date symlink: /home/quan/thuc_hanh_tuan3/src/install/ur3_llm_control/share/ur3_llm_control/srv/ExecuteSkill_Response.msg
[15.924s] -- Up-to-date symlink: /home/quan/thuc_hanh_tuan3/src/install/ur3_llm_control/share/ur3_llm_control/srv/SetAttachment.srv
[15.924s] -- Up-to-date symlink: /home/quan/thuc_hanh_tuan3/src/install/ur3_llm_control/share/ur3_llm_control/srv/SetAttachment_Request.msg
[15.924s] -- Up-to-date symlink: /home/quan/thuc_hanh_tuan3/src/install/ur3_llm_control/share/ur3_llm_control/srv/SetAttachment_Response.msg
[15.924s] -- Up-to-date symlink: /home/quan/thuc_hanh_tuan3/src/install/ur3_llm_control/share/ur3_llm_control/srv/GetWorldState.srv
[15.924s] -- Up-to-date symlink: /home/quan/thuc_hanh_tuan3/src/install/ur3_llm_control/share/ur3_llm_control/srv/GetWorldState_Request.msg
[15.924s] -- Up-to-date symlink: /home/quan/thuc_hanh_tuan3/src/install/ur3_llm_control/share/ur3_llm_control/srv/GetWorldState_Response.msg
[15.925s] -- Up-to-date symlink: /home/quan/thuc_hanh_tuan3/src/install/ur3_llm_control/lib/ur3_llm_control/robot_skills
[15.925s] -- Up-to-date symlink: /home/quan/thuc_hanh_tuan3/src/install/ur3_llm_control/lib/libur3_physical_gripper.so
[15.925s] -- Up-to-date symlink: /home/quan/thuc_hanh_tuan3/src/install/ur3_llm_control/lib/ur3_llm_control/llm_planner.py
[15.925s] -- Up-to-date symlink: /home/quan/thuc_hanh_tuan3/src/install/ur3_llm_control/lib/ur3_llm_control/task_validator.py
[15.925s] -- Up-to-date symlink: /home/quan/thuc_hanh_tuan3/src/install/ur3_llm_control/lib/ur3_llm_control/skill_executor.py
[15.925s] -- Up-to-date symlink: /home/quan/thuc_hanh_tuan3/src/install/ur3_llm_control/lib/ur3_llm_control/task_manager.py
[15.925s] -- Up-to-date symlink: /home/quan/thuc_hanh_tuan3/src/install/ur3_llm_control/lib/ur3_llm_control/camera_state.py
[15.925s] -- Up-to-date symlink: /home/quan/thuc_hanh_tuan3/src/install/ur3_llm_control/lib/ur3_llm_control/demo_occupied_zone.py
[15.925s] -- Up-to-date symlink: /home/quan/thuc_hanh_tuan3/src/install/ur3_llm_control/share/ur3_llm_control/launch/llm_robot.launch.py
[15.926s] -- Up-to-date symlink: /home/quan/thuc_hanh_tuan3/src/install/ur3_llm_control/share/ur3_llm_control/config/home_joints.yaml
[15.926s] -- Up-to-date symlink: /home/quan/thuc_hanh_tuan3/src/install/ur3_llm_control/share/ur3_llm_control/config/scene.yaml
[15.926s] -- Up-to-date symlink: /home/quan/thuc_hanh_tuan3/src/install/ur3_llm_control/share/ur3_llm_control/config/staging_joints.yaml
[15.926s] -- Up-to-date symlink: /home/quan/thuc_hanh_tuan3/src/install/ur3_llm_control/share/ur3_llm_control/config/student_config.yaml
[15.926s] -- Up-to-date symlink: /home/quan/thuc_hanh_tuan3/src/install/ur3_llm_control/share/ur3_llm_control/config/ur3e/default_kinematics.yaml
[15.926s] -- Up-to-date symlink: /home/quan/thuc_hanh_tuan3/src/install/ur3_llm_control/share/ur3_llm_control/config/ur3e/joint_limits.yaml
[15.926s] -- Up-to-date symlink: /home/quan/thuc_hanh_tuan3/src/install/ur3_llm_control/share/ur3_llm_control/config/ur3e/physical_parameters.yaml
[15.926s] -- Up-to-date symlink: /home/quan/thuc_hanh_tuan3/src/install/ur3_llm_control/share/ur3_llm_control/config/ur3e/visual_parameters.yaml
[15.926s] -- Up-to-date symlink: /home/quan/thuc_hanh_tuan3/src/install/ur3_llm_control/share/ur3_llm_control/config/ur_controllers.yaml
[15.926s] -- Up-to-date symlink: /home/quan/thuc_hanh_tuan3/src/install/ur3_llm_control/share/ur3_llm_control/prompt/planner_prompt.txt
[15.926s] -- Up-to-date symlink: /home/quan/thuc_hanh_tuan3/src/install/ur3_llm_control/share/ur3_llm_control/worlds/assignment2.world
[15.927s] -- Up-to-date symlink: /home/quan/thuc_hanh_tuan3/src/install/ur3_llm_control/share/ur3_llm_control/models/blue_cube/model.config
[15.927s] -- Up-to-date symlink: /home/quan/thuc_hanh_tuan3/src/install/ur3_llm_control/share/ur3_llm_control/models/blue_cube/model.sdf
[15.927s] -- Up-to-date symlink: /home/quan/thuc_hanh_tuan3/src/install/ur3_llm_control/share/ur3_llm_control/models/buffer/model.config
[15.927s] -- Up-to-date symlink: /home/quan/thuc_hanh_tuan3/src/install/ur3_llm_control/share/ur3_llm_control/models/buffer/model.sdf
[15.927s] -- Up-to-date symlink: /home/quan/thuc_hanh_tuan3/src/install/ur3_llm_control/share/ur3_llm_control/models/green_cube/model.config
[15.927s] -- Up-to-date symlink: /home/quan/thuc_hanh_tuan3/src/install/ur3_llm_control/share/ur3_llm_control/models/green_cube/model.sdf
[15.927s] -- Up-to-date symlink: /home/quan/thuc_hanh_tuan3/src/install/ur3_llm_control/share/ur3_llm_control/models/purple_cube/model.config
[15.927s] -- Up-to-date symlink: /home/quan/thuc_hanh_tuan3/src/install/ur3_llm_control/share/ur3_llm_control/models/purple_cube/model.sdf
[15.927s] -- Up-to-date symlink: /home/quan/thuc_hanh_tuan3/src/install/ur3_llm_control/share/ur3_llm_control/models/red_cube/model.config
[15.927s] -- Up-to-date symlink: /home/quan/thuc_hanh_tuan3/src/install/ur3_llm_control/share/ur3_llm_control/models/red_cube/model.sdf
[15.928s] -- Up-to-date symlink: /home/quan/thuc_hanh_tuan3/src/install/ur3_llm_control/share/ur3_llm_control/models/ur3_task_table/model.config
[15.928s] -- Up-to-date symlink: /home/quan/thuc_hanh_tuan3/src/install/ur3_llm_control/share/ur3_llm_control/models/ur3_task_table/model.sdf
[15.928s] -- Up-to-date symlink: /home/quan/thuc_hanh_tuan3/src/install/ur3_llm_control/share/ur3_llm_control/models/yellow_cube/model.config
[15.928s] -- Up-to-date symlink: /home/quan/thuc_hanh_tuan3/src/install/ur3_llm_control/share/ur3_llm_control/models/yellow_cube/model.sdf
[15.928s] -- Up-to-date symlink: /home/quan/thuc_hanh_tuan3/src/install/ur3_llm_control/share/ur3_llm_control/models/zone_a/model.config
[15.928s] -- Up-to-date symlink: /home/quan/thuc_hanh_tuan3/src/install/ur3_llm_control/share/ur3_llm_control/models/zone_a/model.sdf
[15.928s] -- Up-to-date symlink: /home/quan/thuc_hanh_tuan3/src/install/ur3_llm_control/share/ur3_llm_control/models/zone_b/model.config
[15.928s] -- Up-to-date symlink: /home/quan/thuc_hanh_tuan3/src/install/ur3_llm_control/share/ur3_llm_control/models/zone_b/model.sdf
[15.928s] -- Up-to-date symlink: /home/quan/thuc_hanh_tuan3/src/install/ur3_llm_control/share/ur3_llm_control/models/zone_c/model.config
[15.928s] -- Up-to-date symlink: /home/quan/thuc_hanh_tuan3/src/install/ur3_llm_control/share/ur3_llm_control/models/zone_c/model.sdf
[15.928s] -- Up-to-date symlink: /home/quan/thuc_hanh_tuan3/src/install/ur3_llm_control/share/ur3_llm_control/urdf/ur3e_with_gripper.urdf.xacro
[15.928s] -- Up-to-date symlink: /home/quan/thuc_hanh_tuan3/src/install/ur3_llm_control/share/ur3_llm_control/srdf/ur_robotiq.srdf.xacro
[15.928s] -- Up-to-date symlink: /home/quan/thuc_hanh_tuan3/src/install/ur3_llm_control/share/ament_index/resource_index/package_run_dependencies/ur3_llm_control
[15.928s] -- Up-to-date symlink: /home/quan/thuc_hanh_tuan3/src/install/ur3_llm_control/share/ament_index/resource_index/parent_prefix_path/ur3_llm_control
[15.929s] -- Up-to-date symlink: /home/quan/thuc_hanh_tuan3/src/install/ur3_llm_control/share/ur3_llm_control/environment/ament_prefix_path.sh
[15.929s] -- Up-to-date symlink: /home/quan/thuc_hanh_tuan3/src/install/ur3_llm_control/share/ur3_llm_control/environment/ament_prefix_path.dsv
[15.929s] -- Up-to-date symlink: /home/quan/thuc_hanh_tuan3/src/install/ur3_llm_control/share/ur3_llm_control/environment/path.sh
[15.929s] -- Up-to-date symlink: /home/quan/thuc_hanh_tuan3/src/install/ur3_llm_control/share/ur3_llm_control/environment/path.dsv
[15.929s] -- Up-to-date symlink: /home/quan/thuc_hanh_tuan3/src/install/ur3_llm_control/share/ur3_llm_control/local_setup.bash
[15.929s] -- Up-to-date symlink: /home/quan/thuc_hanh_tuan3/src/install/ur3_llm_control/share/ur3_llm_control/local_setup.sh
[15.929s] -- Up-to-date symlink: /home/quan/thuc_hanh_tuan3/src/install/ur3_llm_control/share/ur3_llm_control/local_setup.zsh
[15.929s] -- Up-to-date symlink: /home/quan/thuc_hanh_tuan3/src/install/ur3_llm_control/share/ur3_llm_control/local_setup.dsv
[15.929s] -- Symlinking: /home/quan/thuc_hanh_tuan3/src/install/ur3_llm_control/share/ur3_llm_control/package.dsv
[15.939s] -- Up-to-date symlink: /home/quan/thuc_hanh_tuan3/src/install/ur3_llm_control/share/ament_index/resource_index/packages/ur3_llm_control
[15.939s] -- Up-to-date symlink: /home/quan/thuc_hanh_tuan3/src/install/ur3_llm_control/share/ur3_llm_control/cmake/rosidl_cmake-extras.cmake
[15.939s] -- Up-to-date symlink: /home/quan/thuc_hanh_tuan3/src/install/ur3_llm_control/share/ur3_llm_control/cmake/ament_cmake_export_include_directories-extras.cmake
[15.939s] -- Up-to-date symlink: /home/quan/thuc_hanh_tuan3/src/install/ur3_llm_control/share/ur3_llm_control/cmake/ament_cmake_export_libraries-extras.cmake
[15.939s] -- Up-to-date symlink: /home/quan/thuc_hanh_tuan3/src/install/ur3_llm_control/share/ur3_llm_control/cmake/ament_cmake_export_targets-extras.cmake
[15.939s] -- Up-to-date symlink: /home/quan/thuc_hanh_tuan3/src/install/ur3_llm_control/share/ur3_llm_control/cmake/rosidl_cmake_export_typesupport_targets-extras.cmake
[15.939s] -- Up-to-date symlink: /home/quan/thuc_hanh_tuan3/src/install/ur3_llm_control/share/ur3_llm_control/cmake/ament_cmake_export_dependencies-extras.cmake
[15.939s] -- Up-to-date symlink: /home/quan/thuc_hanh_tuan3/src/install/ur3_llm_control/share/ur3_llm_control/cmake/rosidl_cmake_export_typesupport_libraries-extras.cmake
[15.939s] -- Up-to-date symlink: /home/quan/thuc_hanh_tuan3/src/install/ur3_llm_control/share/ur3_llm_control/cmake/rosidl_cmake_aggregate_target-extras.cmake
[15.939s] -- Up-to-date symlink: /home/quan/thuc_hanh_tuan3/src/install/ur3_llm_control/share/ur3_llm_control/cmake/ur3_llm_controlConfig.cmake
[15.939s] -- Up-to-date symlink: /home/quan/thuc_hanh_tuan3/src/install/ur3_llm_control/share/ur3_llm_control/cmake/ur3_llm_controlConfig-version.cmake
[15.939s] -- Up-to-date symlink: /home/quan/thuc_hanh_tuan3/src/install/ur3_llm_control/share/ur3_llm_control/package.xml
[15.940s] -- Up-to-date: /home/quan/thuc_hanh_tuan3/src/install/ur3_llm_control/lib/libur3_llm_control__rosidl_generator_c.so
[15.940s] -- Up-to-date: /home/quan/thuc_hanh_tuan3/src/install/ur3_llm_control/lib/libur3_llm_control__rosidl_typesupport_fastrtps_c.so
[15.940s] -- Up-to-date: /home/quan/thuc_hanh_tuan3/src/install/ur3_llm_control/lib/libur3_llm_control__rosidl_typesupport_fastrtps_cpp.so
[15.940s] -- Up-to-date: /home/quan/thuc_hanh_tuan3/src/install/ur3_llm_control/lib/libur3_llm_control__rosidl_typesupport_introspection_c.so
[15.940s] -- Up-to-date: /home/quan/thuc_hanh_tuan3/src/install/ur3_llm_control/lib/libur3_llm_control__rosidl_typesupport_c.so
[15.940s] -- Up-to-date: /home/quan/thuc_hanh_tuan3/src/install/ur3_llm_control/lib/libur3_llm_control__rosidl_typesupport_introspection_cpp.so
[15.941s] -- Up-to-date: /home/quan/thuc_hanh_tuan3/src/install/ur3_llm_control/lib/libur3_llm_control__rosidl_typesupport_cpp.so
[15.965s] Listing '/home/quan/thuc_hanh_tuan3/src/install/ur3_llm_control/local/lib/python3.10/dist-packages/ur3_llm_control'...
[15.965s] Listing '/home/quan/thuc_hanh_tuan3/src/install/ur3_llm_control/local/lib/python3.10/dist-packages/ur3_llm_control/srv'...
[15.968s] -- Up-to-date: /home/quan/thuc_hanh_tuan3/src/install/ur3_llm_control/lib/libur3_llm_control__rosidl_generator_py.so
[15.968s] -- Up-to-date: /home/quan/thuc_hanh_tuan3/src/install/ur3_llm_control/share/ur3_llm_control/cmake/export_ur3_llm_control__rosidl_generator_cExport.cmake
[15.968s] -- Up-to-date: /home/quan/thuc_hanh_tuan3/src/install/ur3_llm_control/share/ur3_llm_control/cmake/export_ur3_llm_control__rosidl_generator_cExport-noconfig.cmake
[15.969s] -- Up-to-date: /home/quan/thuc_hanh_tuan3/src/install/ur3_llm_control/share/ur3_llm_control/cmake/export_ur3_llm_control__rosidl_typesupport_fastrtps_cExport.cmake
[15.969s] -- Up-to-date: /home/quan/thuc_hanh_tuan3/src/install/ur3_llm_control/share/ur3_llm_control/cmake/export_ur3_llm_control__rosidl_typesupport_fastrtps_cExport-noconfig.cmake
[15.969s] -- Up-to-date: /home/quan/thuc_hanh_tuan3/src/install/ur3_llm_control/share/ur3_llm_control/cmake/export_ur3_llm_control__rosidl_generator_cppExport.cmake
[15.969s] -- Up-to-date: /home/quan/thuc_hanh_tuan3/src/install/ur3_llm_control/share/ur3_llm_control/cmake/export_ur3_llm_control__rosidl_typesupport_fastrtps_cppExport.cmake
[15.969s] -- Up-to-date: /home/quan/thuc_hanh_tuan3/src/install/ur3_llm_control/share/ur3_llm_control/cmake/export_ur3_llm_control__rosidl_typesupport_fastrtps_cppExport-noconfig.cmake
[15.969s] -- Up-to-date: /home/quan/thuc_hanh_tuan3/src/install/ur3_llm_control/share/ur3_llm_control/cmake/ur3_llm_control__rosidl_typesupport_introspection_cExport.cmake
[15.969s] -- Up-to-date: /home/quan/thuc_hanh_tuan3/src/install/ur3_llm_control/share/ur3_llm_control/cmake/ur3_llm_control__rosidl_typesupport_introspection_cExport-noconfig.cmake
[15.969s] -- Up-to-date: /home/quan/thuc_hanh_tuan3/src/install/ur3_llm_control/share/ur3_llm_control/cmake/ur3_llm_control__rosidl_typesupport_cExport.cmake
[15.969s] -- Up-to-date: /home/quan/thuc_hanh_tuan3/src/install/ur3_llm_control/share/ur3_llm_control/cmake/ur3_llm_control__rosidl_typesupport_cExport-noconfig.cmake
[15.969s] -- Up-to-date: /home/quan/thuc_hanh_tuan3/src/install/ur3_llm_control/share/ur3_llm_control/cmake/ur3_llm_control__rosidl_typesupport_introspection_cppExport.cmake
[15.969s] -- Up-to-date: /home/quan/thuc_hanh_tuan3/src/install/ur3_llm_control/share/ur3_llm_control/cmake/ur3_llm_control__rosidl_typesupport_introspection_cppExport-noconfig.cmake
[15.969s] -- Up-to-date: /home/quan/thuc_hanh_tuan3/src/install/ur3_llm_control/share/ur3_llm_control/cmake/ur3_llm_control__rosidl_typesupport_cppExport.cmake
[15.969s] -- Up-to-date: /home/quan/thuc_hanh_tuan3/src/install/ur3_llm_control/share/ur3_llm_control/cmake/ur3_llm_control__rosidl_typesupport_cppExport-noconfig.cmake
[15.969s] -- Up-to-date: /home/quan/thuc_hanh_tuan3/src/install/ur3_llm_control/share/ur3_llm_control/cmake/export_ur3_llm_control__rosidl_generator_pyExport.cmake
[15.969s] -- Up-to-date: /home/quan/thuc_hanh_tuan3/src/install/ur3_llm_control/share/ur3_llm_control/cmake/export_ur3_llm_control__rosidl_generator_pyExport-noconfig.cmake
[15.971s] Invoked command in '/home/quan/thuc_hanh_tuan3/src/build/ur3_llm_control' returned '0': AMENT_PREFIX_PATH=/home/quan/thuc_hanh_tuan3/src/install/ur_simulation_gazebo:/home/quan/thuc_hanh_tuan3/src/install/robotiq_description:${AMENT_PREFIX_PATH} CMAKE_PREFIX_PATH=/home/quan/thuc_hanh_tuan3/src/install/ur_simulation_gazebo:/home/quan/thuc_hanh_tuan3/src/install/robotiq_description:/home/quan/ros2_ws/install/robot1:/home/quan/ros2_ws/install/robot:/home/quan/ros2_ws/install/msgs_test:/home/quan/ros2_ws/install/component_pkg:/home/quan/ros2_ws/src/msgs_test/install/msgs_test:/home/quan/ros2_ws/install/my_turtlesim:/home/quan/ros2_ws/install/my_robot_logic:/home/quan/ros2_ws/install/my_robot_controller:/home/quan/ros2_ws/install/lifecycle_pkg:/opt/ros/humble /usr/bin/cmake --install /home/quan/thuc_hanh_tuan3/src/build/ur3_llm_control
