[0.007s] Invoking command in '/home/quan/thuc_hanh_tuan3/build/robotiq_description': CMAKE_PREFIX_PATH=${CMAKE_PREFIX_PATH}:/home/quan/ros2_ws/install/my_turtlesim:/home/quan/ros2_ws/install/my_robot_logic:/home/quan/ros2_ws/install/my_robot_controller:/home/quan/ros2_ws/install/lifecycle_pkg:/opt/ros/humble /usr/bin/cmake /home/quan/thuc_hanh_tuan3/src/ros2_robotiq_gripper/robotiq_description -DAMENT_CMAKE_SYMLINK_INSTALL=1 -DCMAKE_INSTALL_PREFIX=/home/quan/thuc_hanh_tuan3/install/robotiq_description
[0.054s] -- The C compiler identification is GNU 11.4.0
[0.102s] -- The CXX compiler identification is GNU 11.4.0
[0.107s] -- Detecting C compiler ABI info
[0.170s] -- Detecting C compiler ABI info - done
[0.176s] -- Check for working C compiler: /usr/bin/cc - skipped
[0.176s] -- Detecting C compile features
[0.176s] -- Detecting C compile features - done
[0.178s] -- Detecting CXX compiler ABI info
[0.246s] -- Detecting CXX compiler ABI info - done
[0.251s] -- Check for working CXX compiler: /usr/bin/c++ - skipped
[0.251s] -- Detecting CXX compile features
[0.252s] -- Detecting CXX compile features - done
[0.254s] -- Found ament_cmake: 1.3.14 (/opt/ros/humble/share/ament_cmake/cmake)
[0.373s] -- Found Python3: /usr/bin/python3 (found version "3.10.12") found components: Interpreter 
[0.416s] -- Override CMake install command with custom implementation using symlinks instead of copying resources
[0.483s] -- Configuring done
[0.484s] -- Generating done
[0.485s] -- Build files have been written to: /home/quan/thuc_hanh_tuan3/build/robotiq_description
[0.489s] Invoked command in '/home/quan/thuc_hanh_tuan3/build/robotiq_description' returned '0': CMAKE_PREFIX_PATH=${CMAKE_PREFIX_PATH}:/home/quan/ros2_ws/install/my_turtlesim:/home/quan/ros2_ws/install/my_robot_logic:/home/quan/ros2_ws/install/my_robot_controller:/home/quan/ros2_ws/install/lifecycle_pkg:/opt/ros/humble /usr/bin/cmake /home/quan/thuc_hanh_tuan3/src/ros2_robotiq_gripper/robotiq_description -DAMENT_CMAKE_SYMLINK_INSTALL=1 -DCMAKE_INSTALL_PREFIX=/home/quan/thuc_hanh_tuan3/install/robotiq_description
[0.489s] Invoking command in '/home/quan/thuc_hanh_tuan3/build/robotiq_description': CMAKE_PREFIX_PATH=${CMAKE_PREFIX_PATH}:/home/quan/ros2_ws/install/my_turtlesim:/home/quan/ros2_ws/install/my_robot_logic:/home/quan/ros2_ws/install/my_robot_controller:/home/quan/ros2_ws/install/lifecycle_pkg:/opt/ros/humble /usr/bin/cmake --build /home/quan/thuc_hanh_tuan3/build/robotiq_description -- -j16 -l16
[0.526s] Invoked command in '/home/quan/thuc_hanh_tuan3/build/robotiq_description' returned '0': CMAKE_PREFIX_PATH=${CMAKE_PREFIX_PATH}:/home/quan/ros2_ws/install/my_turtlesim:/home/quan/ros2_ws/install/my_robot_logic:/home/quan/ros2_ws/install/my_robot_controller:/home/quan/ros2_ws/install/lifecycle_pkg:/opt/ros/humble /usr/bin/cmake --build /home/quan/thuc_hanh_tuan3/build/robotiq_description -- -j16 -l16
[0.534s] Invoking command in '/home/quan/thuc_hanh_tuan3/build/robotiq_description': CMAKE_PREFIX_PATH=${CMAKE_PREFIX_PATH}:/home/quan/ros2_ws/install/my_turtlesim:/home/quan/ros2_ws/install/my_robot_logic:/home/quan/ros2_ws/install/my_robot_controller:/home/quan/ros2_ws/install/lifecycle_pkg:/opt/ros/humble /usr/bin/cmake --install /home/quan/thuc_hanh_tuan3/build/robotiq_description
[0.540s] -- Install configuration: ""
[0.540s] -- Execute custom install script
[0.540s] -- Symlinking: /home/quan/thuc_hanh_tuan3/install/robotiq_description/share/robotiq_description/config/robotiq_controllers.yaml
[0.550s] -- Symlinking: /home/quan/thuc_hanh_tuan3/install/robotiq_description/share/robotiq_description/launch/robotiq_control.launch.py
[0.557s] -- Symlinking: /home/quan/thuc_hanh_tuan3/install/robotiq_description/share/robotiq_description/launch/view_gripper.launch.py
[0.565s] -- Symlinking: /home/quan/thuc_hanh_tuan3/install/robotiq_description/share/robotiq_description/meshes/collision/2f_140/robotiq_2f_140_base_link.stl
[0.572s] -- Symlinking: /home/quan/thuc_hanh_tuan3/install/robotiq_description/share/robotiq_description/meshes/collision/2f_140/robotiq_2f_140_coupling.stl
[0.580s] -- Symlinking: /home/quan/thuc_hanh_tuan3/install/robotiq_description/share/robotiq_description/meshes/collision/2f_140/robotiq_2f_140_inner_finger.stl
[0.588s] -- Symlinking: /home/quan/thuc_hanh_tuan3/install/robotiq_description/share/robotiq_description/meshes/collision/2f_140/robotiq_2f_140_inner_knuckle.stl
[0.595s] -- Symlinking: /home/quan/thuc_hanh_tuan3/install/robotiq_description/share/robotiq_description/meshes/collision/2f_140/robotiq_2f_140_outer_finger.stl
[0.603s] -- Symlinking: /home/quan/thuc_hanh_tuan3/install/robotiq_description/share/robotiq_description/meshes/collision/2f_140/robotiq_2f_140_outer_knuckle.stl
[0.611s] -- Symlinking: /home/quan/thuc_hanh_tuan3/install/robotiq_description/share/robotiq_description/meshes/collision/2f_85/left_finger.stl
[0.619s] -- Symlinking: /home/quan/thuc_hanh_tuan3/install/robotiq_description/share/robotiq_description/meshes/collision/2f_85/left_finger_tip.stl
[0.627s] -- Symlinking: /home/quan/thuc_hanh_tuan3/install/robotiq_description/share/robotiq_description/meshes/collision/2f_85/left_inner_knuckle.stl
[0.634s] -- Symlinking: /home/quan/thuc_hanh_tuan3/install/robotiq_description/share/robotiq_description/meshes/collision/2f_85/left_knuckle.stl
[0.642s] -- Symlinking: /home/quan/thuc_hanh_tuan3/install/robotiq_description/share/robotiq_description/meshes/collision/2f_85/right_finger.stl
[0.650s] -- Symlinking: /home/quan/thuc_hanh_tuan3/install/robotiq_description/share/robotiq_description/meshes/collision/2f_85/right_finger_tip.stl
[0.659s] -- Symlinking: /home/quan/thuc_hanh_tuan3/install/robotiq_description/share/robotiq_description/meshes/collision/2f_85/right_inner_knuckle.stl
[0.666s] -- Symlinking: /home/quan/thuc_hanh_tuan3/install/robotiq_description/share/robotiq_description/meshes/collision/2f_85/right_knuckle.stl
[0.675s] -- Symlinking: /home/quan/thuc_hanh_tuan3/install/robotiq_description/share/robotiq_description/meshes/collision/2f_85/robotiq_base.stl
[0.683s] -- Symlinking: /home/quan/thuc_hanh_tuan3/install/robotiq_description/share/robotiq_description/meshes/collision/2f_85/ur_to_robotiq_adapter.stl
[0.691s] -- Symlinking: /home/quan/thuc_hanh_tuan3/install/robotiq_description/share/robotiq_description/meshes/visual/2f_140/robotiq_2f_140_base_link.stl
[0.700s] -- Symlinking: /home/quan/thuc_hanh_tuan3/install/robotiq_description/share/robotiq_description/meshes/visual/2f_140/robotiq_2f_140_coupling.stl
[0.708s] -- Symlinking: /home/quan/thuc_hanh_tuan3/install/robotiq_description/share/robotiq_description/meshes/visual/2f_140/robotiq_2f_140_inner_finger.stl
[0.716s] -- Symlinking: /home/quan/thuc_hanh_tuan3/install/robotiq_description/share/robotiq_description/meshes/visual/2f_140/robotiq_2f_140_inner_knuckle.stl
[0.724s] -- Symlinking: /home/quan/thuc_hanh_tuan3/install/robotiq_description/share/robotiq_description/meshes/visual/2f_140/robotiq_2f_140_outer_finger.stl
[0.731s] -- Symlinking: /home/quan/thuc_hanh_tuan3/install/robotiq_description/share/robotiq_description/meshes/visual/2f_140/robotiq_2f_140_outer_knuckle.stl
[0.740s] -- Symlinking: /home/quan/thuc_hanh_tuan3/install/robotiq_description/share/robotiq_description/meshes/visual/2f_85/left_finger.dae
[0.747s] -- Symlinking: /home/quan/thuc_hanh_tuan3/install/robotiq_description/share/robotiq_description/meshes/visual/2f_85/left_finger_tip.dae
[0.755s] -- Symlinking: /home/quan/thuc_hanh_tuan3/install/robotiq_description/share/robotiq_description/meshes/visual/2f_85/left_inner_knuckle.dae
[0.762s] -- Symlinking: /home/quan/thuc_hanh_tuan3/install/robotiq_description/share/robotiq_description/meshes/visual/2f_85/left_knuckle.dae
[0.771s] -- Symlinking: /home/quan/thuc_hanh_tuan3/install/robotiq_description/share/robotiq_description/meshes/visual/2f_85/right_finger.dae
[0.777s] -- Symlinking: /home/quan/thuc_hanh_tuan3/install/robotiq_description/share/robotiq_description/meshes/visual/2f_85/right_finger_tip.dae
[0.786s] -- Symlinking: /home/quan/thuc_hanh_tuan3/install/robotiq_description/share/robotiq_description/meshes/visual/2f_85/right_inner_knuckle.dae
[0.793s] -- Symlinking: /home/quan/thuc_hanh_tuan3/install/robotiq_description/share/robotiq_description/meshes/visual/2f_85/right_knuckle.dae
[0.801s] -- Symlinking: /home/quan/thuc_hanh_tuan3/install/robotiq_description/share/robotiq_description/meshes/visual/2f_85/robotiq_base.dae
[0.808s] -- Symlinking: /home/quan/thuc_hanh_tuan3/install/robotiq_description/share/robotiq_description/meshes/visual/2f_85/ur_to_robotiq_adapter.dae
[0.814s] -- Symlinking: /home/quan/thuc_hanh_tuan3/install/robotiq_description/share/robotiq_description/rviz/view_urdf.rviz
[0.823s] -- Symlinking: /home/quan/thuc_hanh_tuan3/install/robotiq_description/share/robotiq_description/urdf/2f_140.ros2_control.xacro
[0.833s] -- Symlinking: /home/quan/thuc_hanh_tuan3/install/robotiq_description/share/robotiq_description/urdf/2f_85.ros2_control.xacro
[0.842s] -- Symlinking: /home/quan/thuc_hanh_tuan3/install/robotiq_description/share/robotiq_description/urdf/robotiq_2f_140.xacro
[0.854s] -- Symlinking: /home/quan/thuc_hanh_tuan3/install/robotiq_description/share/robotiq_description/urdf/robotiq_2f_140_gripper.urdf.xacro
[0.862s] -- Symlinking: /home/quan/thuc_hanh_tuan3/install/robotiq_description/share/robotiq_description/urdf/robotiq_2f_140_macro.urdf.xacro
[0.870s] -- Symlinking: /home/quan/thuc_hanh_tuan3/install/robotiq_description/share/robotiq_description/urdf/robotiq_2f_85_gripper.urdf.xacro
[0.876s] -- Symlinking: /home/quan/thuc_hanh_tuan3/install/robotiq_description/share/robotiq_description/urdf/robotiq_2f_85_macro.urdf.xacro
[0.884s] -- Symlinking: /home/quan/thuc_hanh_tuan3/install/robotiq_description/share/robotiq_description/urdf/ur_to_robotiq_adapter.urdf.xacro
[0.891s] -- Symlinking: /home/quan/thuc_hanh_tuan3/install/robotiq_description/share/ament_index/resource_index/package_run_dependencies/robotiq_description
[0.899s] -- Symlinking: /home/quan/thuc_hanh_tuan3/install/robotiq_description/share/ament_index/resource_index/parent_prefix_path/robotiq_description
[0.906s] -- Symlinking: /home/quan/thuc_hanh_tuan3/install/robotiq_description/share/robotiq_description/environment/ament_prefix_path.sh
[0.914s] -- Symlinking: /home/quan/thuc_hanh_tuan3/install/robotiq_description/share/robotiq_description/environment/ament_prefix_path.dsv
[0.921s] -- Symlinking: /home/quan/thuc_hanh_tuan3/install/robotiq_description/share/robotiq_description/environment/path.sh
[0.929s] -- Symlinking: /home/quan/thuc_hanh_tuan3/install/robotiq_description/share/robotiq_description/environment/path.dsv
[0.939s] -- Symlinking: /home/quan/thuc_hanh_tuan3/install/robotiq_description/share/robotiq_description/local_setup.bash
[0.949s] -- Symlinking: /home/quan/thuc_hanh_tuan3/install/robotiq_description/share/robotiq_description/local_setup.sh
[0.956s] -- Symlinking: /home/quan/thuc_hanh_tuan3/install/robotiq_description/share/robotiq_description/local_setup.zsh
[0.965s] -- Symlinking: /home/quan/thuc_hanh_tuan3/install/robotiq_description/share/robotiq_description/local_setup.dsv
[0.971s] -- Symlinking: /home/quan/thuc_hanh_tuan3/install/robotiq_description/share/robotiq_description/package.dsv
[0.981s] -- Symlinking: /home/quan/thuc_hanh_tuan3/install/robotiq_description/share/ament_index/resource_index/packages/robotiq_description
[0.987s] -- Symlinking: /home/quan/thuc_hanh_tuan3/install/robotiq_description/share/robotiq_description/cmake/robotiq_descriptionConfig.cmake
[0.996s] -- Symlinking: /home/quan/thuc_hanh_tuan3/install/robotiq_description/share/robotiq_description/cmake/robotiq_descriptionConfig-version.cmake
[1.003s] -- Symlinking: /home/quan/thuc_hanh_tuan3/install/robotiq_description/share/robotiq_description/package.xml
[1.013s] Invoked command in '/home/quan/thuc_hanh_tuan3/build/robotiq_description' returned '0': CMAKE_PREFIX_PATH=${CMAKE_PREFIX_PATH}:/home/quan/ros2_ws/install/my_turtlesim:/home/quan/ros2_ws/install/my_robot_logic:/home/quan/ros2_ws/install/my_robot_controller:/home/quan/ros2_ws/install/lifecycle_pkg:/opt/ros/humble /usr/bin/cmake --install /home/quan/thuc_hanh_tuan3/build/robotiq_description
