[  1%] Built target ur3_llm_control__cpp
[  3%] Built target ur3_llm_control__rs
[ 13%] Built target ur3_llm_control__rosidl_generator_c
[ 13%] Built target ament_cmake_python_symlink_ur3_llm_control
[ 23%] Built target ur3_llm_control__rosidl_typesupport_introspection_cpp
[ 32%] Built target ur3_llm_control__rosidl_typesupport_cpp
[ 42%] Built target ur3_llm_control__rosidl_typesupport_fastrtps_cpp
[ 51%] Built target ur3_llm_control__rosidl_typesupport_c
[ 61%] Built target ur3_llm_control__rosidl_typesupport_introspection_c
[ 71%] Built target ur3_llm_control__rosidl_typesupport_fastrtps_c
[ 71%] Built target ur3_llm_control
Consolidate compiler generated dependencies of target robot_skills
[ 73%] Built target ur3_llm_control__py
Consolidate compiler generated dependencies of target ur3_physical_gripper
[ 76%] Built target robot_skills
[ 84%] Built target ur3_llm_control__rosidl_generator_py
[ 86%] Building CXX object CMakeFiles/ur3_physical_gripper.dir/src/physical_gripper.cpp.o
[ 90%] Built target ur3_llm_control__rosidl_typesupport_c__pyext
[ 94%] Built target ur3_llm_control__rosidl_typesupport_introspection_c__pyext
[ 98%] Built target ur3_llm_control__rosidl_typesupport_fastrtps_c__pyext
running egg_info
writing ur3_llm_control.egg-info/PKG-INFO
writing dependency_links to ur3_llm_control.egg-info/dependency_links.txt
writing top-level names to ur3_llm_control.egg-info/top_level.txt
reading manifest file 'ur3_llm_control.egg-info/SOURCES.txt'
writing manifest file 'ur3_llm_control.egg-info/SOURCES.txt'
[ 98%] Built target ament_cmake_python_build_ur3_llm_control_egg
[100%] Linking CXX shared library libur3_physical_gripper.so
[100%] Built target ur3_physical_gripper
-- Install configuration: ""
-- Execute custom install script
-- Up-to-date symlink: /home/quan/thuc_hanh_tuan3/src/install/ur3_llm_control/share/ament_index/resource_index/rosidl_interfaces/ur3_llm_control
-- Up-to-date symlink: /home/quan/thuc_hanh_tuan3/src/install/ur3_llm_control/include/ur3_llm_control/ur3_llm_control/msg/rosidl_generator_c__visibility_control.h
-- Up-to-date symlink: /home/quan/thuc_hanh_tuan3/src/install/ur3_llm_control/include/ur3_llm_control/ur3_llm_control/srv/detail/execute_skill__functions.h
-- Up-to-date symlink: /home/quan/thuc_hanh_tuan3/src/install/ur3_llm_control/include/ur3_llm_control/ur3_llm_control/srv/detail/execute_skill__struct.h
-- Up-to-date symlink: /home/quan/thuc_hanh_tuan3/src/install/ur3_llm_control/include/ur3_llm_control/ur3_llm_control/srv/detail/execute_skill__type_support.h
-- Up-to-date symlink: /home/quan/thuc_hanh_tuan3/src/install/ur3_llm_control/include/ur3_llm_control/ur3_llm_control/srv/detail/get_world_state__functions.h
-- Up-to-date symlink: /home/quan/thuc_hanh_tuan3/src/install/ur3_llm_control/include/ur3_llm_control/ur3_llm_control/srv/detail/get_world_state__struct.h
-- Up-to-date symlink: /home/quan/thuc_hanh_tuan3/src/install/ur3_llm_control/include/ur3_llm_control/ur3_llm_control/srv/detail/get_world_state__type_support.h
-- Up-to-date symlink: /home/quan/thuc_hanh_tuan3/src/install/ur3_llm_control/include/ur3_llm_control/ur3_llm_control/srv/detail/set_attachment__functions.h
-- Up-to-date symlink: /home/quan/thuc_hanh_tuan3/src/install/ur3_llm_control/include/ur3_llm_control/ur3_llm_control/srv/detail/set_attachment__struct.h
-- Up-to-date symlink: /home/quan/thuc_hanh_tuan3/src/install/ur3_llm_control/include/ur3_llm_control/ur3_llm_control/srv/detail/set_attachment__type_support.h
-- Up-to-date symlink: /home/quan/thuc_hanh_tuan3/src/install/ur3_llm_control/include/ur3_llm_control/ur3_llm_control/srv/execute_skill.h
-- Up-to-date symlink: /home/quan/thuc_hanh_tuan3/src/install/ur3_llm_control/include/ur3_llm_control/ur3_llm_control/srv/get_world_state.h
-- Up-to-date symlink: /home/quan/thuc_hanh_tuan3/src/install/ur3_llm_control/include/ur3_llm_control/ur3_llm_control/srv/set_attachment.h
-- Up-to-date symlink: /home/quan/thuc_hanh_tuan3/src/install/ur3_llm_control/share/ur3_llm_control/environment/library_path.sh
-- Up-to-date symlink: /home/quan/thuc_hanh_tuan3/src/install/ur3_llm_control/share/ur3_llm_control/environment/library_path.dsv
-- Up-to-date symlink: /home/quan/thuc_hanh_tuan3/src/install/ur3_llm_control/include/ur3_llm_control/ur3_llm_control/msg/rosidl_typesupport_fastrtps_c__visibility_control.h
-- Up-to-date symlink: /home/quan/thuc_hanh_tuan3/src/install/ur3_llm_control/include/ur3_llm_control/ur3_llm_control/srv/detail/execute_skill__rosidl_typesupport_fastrtps_c.h
-- Up-to-date symlink: /home/quan/thuc_hanh_tuan3/src/install/ur3_llm_control/include/ur3_llm_control/ur3_llm_control/srv/detail/get_world_state__rosidl_typesupport_fastrtps_c.h
-- Up-to-date symlink: /home/quan/thuc_hanh_tuan3/src/install/ur3_llm_control/include/ur3_llm_control/ur3_llm_control/srv/detail/set_attachment__rosidl_typesupport_fastrtps_c.h
-- Up-to-date symlink: /home/quan/thuc_hanh_tuan3/src/install/ur3_llm_control/include/ur3_llm_control/ur3_llm_control/msg/rosidl_generator_cpp__visibility_control.hpp
-- Up-to-date symlink: /home/quan/thuc_hanh_tuan3/src/install/ur3_llm_control/include/ur3_llm_control/ur3_llm_control/srv/detail/execute_skill__builder.hpp
-- Up-to-date symlink: /home/quan/thuc_hanh_tuan3/src/install/ur3_llm_control/include/ur3_llm_control/ur3_llm_control/srv/detail/execute_skill__struct.hpp
-- Up-to-date symlink: /home/quan/thuc_hanh_tuan3/src/install/ur3_llm_control/include/ur3_llm_control/ur3_llm_control/srv/detail/execute_skill__traits.hpp
-- Up-to-date symlink: /home/quan/thuc_hanh_tuan3/src/install/ur3_llm_control/include/ur3_llm_control/ur3_llm_control/srv/detail/execute_skill__type_support.hpp
-- Up-to-date symlink: /home/quan/thuc_hanh_tuan3/src/install/ur3_llm_control/include/ur3_llm_control/ur3_llm_control/srv/detail/get_world_state__builder.hpp
-- Up-to-date symlink: /home/quan/thuc_hanh_tuan3/src/install/ur3_llm_control/include/ur3_llm_control/ur3_llm_control/srv/detail/get_world_state__struct.hpp
-- Up-to-date symlink: /home/quan/thuc_hanh_tuan3/src/install/ur3_llm_control/include/ur3_llm_control/ur3_llm_control/srv/detail/get_world_state__traits.hpp
-- Up-to-date symlink: /home/quan/thuc_hanh_tuan3/src/install/ur3_llm_control/include/ur3_llm_control/ur3_llm_control/srv/detail/get_world_state__type_support.hpp
-- Up-to-date symlink: /home/quan/thuc_hanh_tuan3/src/install/ur3_llm_control/include/ur3_llm_control/ur3_llm_control/srv/detail/set_attachment__builder.hpp
-- Up-to-date symlink: /home/quan/thuc_hanh_tuan3/src/install/ur3_llm_control/include/ur3_llm_control/ur3_llm_control/srv/detail/set_attachment__struct.hpp
-- Up-to-date symlink: /home/quan/thuc_hanh_tuan3/src/install/ur3_llm_control/include/ur3_llm_control/ur3_llm_control/srv/detail/set_attachment__traits.hpp
-- Up-to-date symlink: /home/quan/thuc_hanh_tuan3/src/install/ur3_llm_control/include/ur3_llm_control/ur3_llm_control/srv/detail/set_attachment__type_support.hpp
-- Up-to-date symlink: /home/quan/thuc_hanh_tuan3/src/install/ur3_llm_control/include/ur3_llm_control/ur3_llm_control/srv/execute_skill.hpp
-- Up-to-date symlink: /home/quan/thuc_hanh_tuan3/src/install/ur3_llm_control/include/ur3_llm_control/ur3_llm_control/srv/get_world_state.hpp
-- Up-to-date symlink: /home/quan/thuc_hanh_tuan3/src/install/ur3_llm_control/include/ur3_llm_control/ur3_llm_control/srv/set_attachment.hpp
-- Up-to-date symlink: /home/quan/thuc_hanh_tuan3/src/install/ur3_llm_control/include/ur3_llm_control/ur3_llm_control/msg/rosidl_typesupport_fastrtps_cpp__visibility_control.h
-- Up-to-date symlink: /home/quan/thuc_hanh_tuan3/src/install/ur3_llm_control/include/ur3_llm_control/ur3_llm_control/srv/detail/execute_skill__rosidl_typesupport_fastrtps_cpp.hpp
-- Up-to-date symlink: /home/quan/thuc_hanh_tuan3/src/install/ur3_llm_control/include/ur3_llm_control/ur3_llm_control/srv/detail/get_world_state__rosidl_typesupport_fastrtps_cpp.hpp
-- Up-to-date symlink: /home/quan/thuc_hanh_tuan3/src/install/ur3_llm_control/include/ur3_llm_control/ur3_llm_control/srv/detail/set_attachment__rosidl_typesupport_fastrtps_cpp.hpp
-- Up-to-date symlink: /home/quan/thuc_hanh_tuan3/src/install/ur3_llm_control/include/ur3_llm_control/ur3_llm_control/msg/rosidl_typesupport_introspection_c__visibility_control.h
-- Up-to-date symlink: /home/quan/thuc_hanh_tuan3/src/install/ur3_llm_control/include/ur3_llm_control/ur3_llm_control/srv/detail/execute_skill__rosidl_typesupport_introspection_c.h
-- Up-to-date symlink: /home/quan/thuc_hanh_tuan3/src/install/ur3_llm_control/include/ur3_llm_control/ur3_llm_control/srv/detail/get_world_state__rosidl_typesupport_introspection_c.h
-- Up-to-date symlink: /home/quan/thuc_hanh_tuan3/src/install/ur3_llm_control/include/ur3_llm_control/ur3_llm_control/srv/detail/set_attachment__rosidl_typesupport_introspection_c.h
-- Up-to-date symlink: /home/quan/thuc_hanh_tuan3/src/install/ur3_llm_control/include/ur3_llm_control/ur3_llm_control/srv/detail/execute_skill__rosidl_typesupport_introspection_cpp.hpp
-- Up-to-date symlink: /home/quan/thuc_hanh_tuan3/src/install/ur3_llm_control/include/ur3_llm_control/ur3_llm_control/srv/detail/get_world_state__rosidl_typesupport_introspection_cpp.hpp
-- Up-to-date symlink: /home/quan/thuc_hanh_tuan3/src/install/ur3_llm_control/include/ur3_llm_control/ur3_llm_control/srv/detail/set_attachment__rosidl_typesupport_introspection_cpp.hpp
-- Up-to-date symlink: /home/quan/thuc_hanh_tuan3/src/install/ur3_llm_control/share/ur3_llm_control/environment/pythonpath.sh
-- Up-to-date symlink: /home/quan/thuc_hanh_tuan3/src/install/ur3_llm_control/share/ur3_llm_control/environment/pythonpath.dsv
-- Up-to-date symlink: /home/quan/thuc_hanh_tuan3/src/install/ur3_llm_control/local/lib/python3.10/dist-packages/ur3_llm_control-0.1.0-py3.10.egg-info/PKG-INFO
-- Up-to-date symlink: /home/quan/thuc_hanh_tuan3/src/install/ur3_llm_control/local/lib/python3.10/dist-packages/ur3_llm_control-0.1.0-py3.10.egg-info/SOURCES.txt
-- Up-to-date symlink: /home/quan/thuc_hanh_tuan3/src/install/ur3_llm_control/local/lib/python3.10/dist-packages/ur3_llm_control-0.1.0-py3.10.egg-info/dependency_links.txt
-- Up-to-date symlink: /home/quan/thuc_hanh_tuan3/src/install/ur3_llm_control/local/lib/python3.10/dist-packages/ur3_llm_control-0.1.0-py3.10.egg-info/top_level.txt
-- Up-to-date symlink: /home/quan/thuc_hanh_tuan3/src/install/ur3_llm_control/local/lib/python3.10/dist-packages/ur3_llm_control/__init__.py
-- Up-to-date symlink: /home/quan/thuc_hanh_tuan3/src/install/ur3_llm_control/local/lib/python3.10/dist-packages/ur3_llm_control/_ur3_llm_control_s.ep.rosidl_typesupport_c.c
-- Up-to-date symlink: /home/quan/thuc_hanh_tuan3/src/install/ur3_llm_control/local/lib/python3.10/dist-packages/ur3_llm_control/_ur3_llm_control_s.ep.rosidl_typesupport_fastrtps_c.c
-- Up-to-date symlink: /home/quan/thuc_hanh_tuan3/src/install/ur3_llm_control/local/lib/python3.10/dist-packages/ur3_llm_control/_ur3_llm_control_s.ep.rosidl_typesupport_introspection_c.c
-- Up-to-date symlink: /home/quan/thuc_hanh_tuan3/src/install/ur3_llm_control/local/lib/python3.10/dist-packages/ur3_llm_control/libur3_llm_control__rosidl_generator_py.so
-- Up-to-date symlink: /home/quan/thuc_hanh_tuan3/src/install/ur3_llm_control/local/lib/python3.10/dist-packages/ur3_llm_control/srv/__init__.py
-- Up-to-date symlink: /home/quan/thuc_hanh_tuan3/src/install/ur3_llm_control/local/lib/python3.10/dist-packages/ur3_llm_control/srv/_execute_skill.py
-- Up-to-date symlink: /home/quan/thuc_hanh_tuan3/src/install/ur3_llm_control/local/lib/python3.10/dist-packages/ur3_llm_control/srv/_execute_skill_s.c
-- Up-to-date symlink: /home/quan/thuc_hanh_tuan3/src/install/ur3_llm_control/local/lib/python3.10/dist-packages/ur3_llm_control/srv/_get_world_state.py
-- Up-to-date symlink: /home/quan/thuc_hanh_tuan3/src/install/ur3_llm_control/local/lib/python3.10/dist-packages/ur3_llm_control/srv/_get_world_state_s.c
-- Up-to-date symlink: /home/quan/thuc_hanh_tuan3/src/install/ur3_llm_control/local/lib/python3.10/dist-packages/ur3_llm_control/srv/_set_attachment.py
-- Up-to-date symlink: /home/quan/thuc_hanh_tuan3/src/install/ur3_llm_control/local/lib/python3.10/dist-packages/ur3_llm_control/srv/_set_attachment_s.c
-- Up-to-date symlink: /home/quan/thuc_hanh_tuan3/src/install/ur3_llm_control/local/lib/python3.10/dist-packages/ur3_llm_control/ur3_llm_control_s__rosidl_typesupport_c.cpython-310-x86_64-linux-gnu.so
-- Up-to-date symlink: /home/quan/thuc_hanh_tuan3/src/install/ur3_llm_control/local/lib/python3.10/dist-packages/ur3_llm_control/ur3_llm_control_s__rosidl_typesupport_fastrtps_c.cpython-310-x86_64-linux-gnu.so
-- Up-to-date symlink: /home/quan/thuc_hanh_tuan3/src/install/ur3_llm_control/local/lib/python3.10/dist-packages/ur3_llm_control/ur3_llm_control_s__rosidl_typesupport_introspection_c.cpython-310-x86_64-linux-gnu.so
-- Up-to-date symlink: /home/quan/thuc_hanh_tuan3/src/install/ur3_llm_control/local/lib/python3.10/dist-packages/ur3_llm_control/ur3_llm_control_s__rosidl_typesupport_fastrtps_c.cpython-310-x86_64-linux-gnu.so
-- Up-to-date symlink: /home/quan/thuc_hanh_tuan3/src/install/ur3_llm_control/local/lib/python3.10/dist-packages/ur3_llm_control/ur3_llm_control_s__rosidl_typesupport_introspection_c.cpython-310-x86_64-linux-gnu.so
-- Up-to-date symlink: /home/quan/thuc_hanh_tuan3/src/install/ur3_llm_control/local/lib/python3.10/dist-packages/ur3_llm_control/ur3_llm_control_s__rosidl_typesupport_c.cpython-310-x86_64-linux-gnu.so
-- Up-to-date symlink: /home/quan/thuc_hanh_tuan3/src/install/ur3_llm_control/share/ur3_llm_control/rust/Cargo.toml
-- Up-to-date symlink: /home/quan/thuc_hanh_tuan3/src/install/ur3_llm_control/share/ur3_llm_control/rust/build.rs
-- Up-to-date symlink: /home/quan/thuc_hanh_tuan3/src/install/ur3_llm_control/share/ur3_llm_control/rust/src/lib.rs
-- Up-to-date symlink: /home/quan/thuc_hanh_tuan3/src/install/ur3_llm_control/share/ur3_llm_control/rust/src/srv.rs
-- Up-to-date symlink: /home/quan/thuc_hanh_tuan3/src/install/ur3_llm_control/share/ur3_llm_control/rust/src/srv/rmw.rs
-- Up-to-date symlink: /home/quan/thuc_hanh_tuan3/src/install/ur3_llm_control/share/ur3_llm_control/srv/ExecuteSkill.idl
-- Up-to-date symlink: /home/quan/thuc_hanh_tuan3/src/install/ur3_llm_control/share/ur3_llm_control/srv/SetAttachment.idl
-- Up-to-date symlink: /home/quan/thuc_hanh_tuan3/src/install/ur3_llm_control/share/ur3_llm_control/srv/GetWorldState.idl
-- Up-to-date symlink: /home/quan/thuc_hanh_tuan3/src/install/ur3_llm_control/share/ur3_llm_control/srv/ExecuteSkill.srv
-- Up-to-date symlink: /home/quan/thuc_hanh_tuan3/src/install/ur3_llm_control/share/ur3_llm_control/srv/ExecuteSkill_Request.msg
-- Up-to-date symlink: /home/quan/thuc_hanh_tuan3/src/install/ur3_llm_control/share/ur3_llm_control/srv/ExecuteSkill_Response.msg
-- Up-to-date symlink: /home/quan/thuc_hanh_tuan3/src/install/ur3_llm_control/share/ur3_llm_control/srv/SetAttachment.srv
-- Up-to-date symlink: /home/quan/thuc_hanh_tuan3/src/install/ur3_llm_control/share/ur3_llm_control/srv/SetAttachment_Request.msg
-- Up-to-date symlink: /home/quan/thuc_hanh_tuan3/src/install/ur3_llm_control/share/ur3_llm_control/srv/SetAttachment_Response.msg
-- Up-to-date symlink: /home/quan/thuc_hanh_tuan3/src/install/ur3_llm_control/share/ur3_llm_control/srv/GetWorldState.srv
-- Up-to-date symlink: /home/quan/thuc_hanh_tuan3/src/install/ur3_llm_control/share/ur3_llm_control/srv/GetWorldState_Request.msg
-- Up-to-date symlink: /home/quan/thuc_hanh_tuan3/src/install/ur3_llm_control/share/ur3_llm_control/srv/GetWorldState_Response.msg
-- Up-to-date symlink: /home/quan/thuc_hanh_tuan3/src/install/ur3_llm_control/lib/ur3_llm_control/robot_skills
-- Up-to-date symlink: /home/quan/thuc_hanh_tuan3/src/install/ur3_llm_control/lib/libur3_physical_gripper.so
-- Up-to-date symlink: /home/quan/thuc_hanh_tuan3/src/install/ur3_llm_control/lib/ur3_llm_control/llm_planner.py
-- Up-to-date symlink: /home/quan/thuc_hanh_tuan3/src/install/ur3_llm_control/lib/ur3_llm_control/task_validator.py
-- Up-to-date symlink: /home/quan/thuc_hanh_tuan3/src/install/ur3_llm_control/lib/ur3_llm_control/skill_executor.py
-- Up-to-date symlink: /home/quan/thuc_hanh_tuan3/src/install/ur3_llm_control/lib/ur3_llm_control/task_manager.py
-- Up-to-date symlink: /home/quan/thuc_hanh_tuan3/src/install/ur3_llm_control/lib/ur3_llm_control/camera_state.py
-- Up-to-date symlink: /home/quan/thuc_hanh_tuan3/src/install/ur3_llm_control/lib/ur3_llm_control/demo_occupied_zone.py
-- Up-to-date symlink: /home/quan/thuc_hanh_tuan3/src/install/ur3_llm_control/share/ur3_llm_control/launch/llm_robot.launch.py
-- Up-to-date symlink: /home/quan/thuc_hanh_tuan3/src/install/ur3_llm_control/share/ur3_llm_control/config/home_joints.yaml
-- Up-to-date symlink: /home/quan/thuc_hanh_tuan3/src/install/ur3_llm_control/share/ur3_llm_control/config/scene.yaml
-- Up-to-date symlink: /home/quan/thuc_hanh_tuan3/src/install/ur3_llm_control/share/ur3_llm_control/config/staging_joints.yaml
-- Up-to-date symlink: /home/quan/thuc_hanh_tuan3/src/install/ur3_llm_control/share/ur3_llm_control/config/student_config.yaml
-- Up-to-date symlink: /home/quan/thuc_hanh_tuan3/src/install/ur3_llm_control/share/ur3_llm_control/config/ur3e/default_kinematics.yaml
-- Up-to-date symlink: /home/quan/thuc_hanh_tuan3/src/install/ur3_llm_control/share/ur3_llm_control/config/ur3e/joint_limits.yaml
-- Up-to-date symlink: /home/quan/thuc_hanh_tuan3/src/install/ur3_llm_control/share/ur3_llm_control/config/ur3e/physical_parameters.yaml
-- Up-to-date symlink: /home/quan/thuc_hanh_tuan3/src/install/ur3_llm_control/share/ur3_llm_control/config/ur3e/visual_parameters.yaml
-- Up-to-date symlink: /home/quan/thuc_hanh_tuan3/src/install/ur3_llm_control/share/ur3_llm_control/config/ur_controllers.yaml
-- Up-to-date symlink: /home/quan/thuc_hanh_tuan3/src/install/ur3_llm_control/share/ur3_llm_control/prompt/planner_prompt.txt
-- Up-to-date symlink: /home/quan/thuc_hanh_tuan3/src/install/ur3_llm_control/share/ur3_llm_control/worlds/assignment2.world
-- Up-to-date symlink: /home/quan/thuc_hanh_tuan3/src/install/ur3_llm_control/share/ur3_llm_control/models/blue_cube/model.config
-- Up-to-date symlink: /home/quan/thuc_hanh_tuan3/src/install/ur3_llm_control/share/ur3_llm_control/models/blue_cube/model.sdf
-- Up-to-date symlink: /home/quan/thuc_hanh_tuan3/src/install/ur3_llm_control/share/ur3_llm_control/models/buffer/model.config
-- Up-to-date symlink: /home/quan/thuc_hanh_tuan3/src/install/ur3_llm_control/share/ur3_llm_control/models/buffer/model.sdf
-- Up-to-date symlink: /home/quan/thuc_hanh_tuan3/src/install/ur3_llm_control/share/ur3_llm_control/models/green_cube/model.config
-- Up-to-date symlink: /home/quan/thuc_hanh_tuan3/src/install/ur3_llm_control/share/ur3_llm_control/models/green_cube/model.sdf
-- Up-to-date symlink: /home/quan/thuc_hanh_tuan3/src/install/ur3_llm_control/share/ur3_llm_control/models/purple_cube/model.config
-- Up-to-date symlink: /home/quan/thuc_hanh_tuan3/src/install/ur3_llm_control/share/ur3_llm_control/models/purple_cube/model.sdf
-- Up-to-date symlink: /home/quan/thuc_hanh_tuan3/src/install/ur3_llm_control/share/ur3_llm_control/models/red_cube/model.config
-- Up-to-date symlink: /home/quan/thuc_hanh_tuan3/src/install/ur3_llm_control/share/ur3_llm_control/models/red_cube/model.sdf
-- Up-to-date symlink: /home/quan/thuc_hanh_tuan3/src/install/ur3_llm_control/share/ur3_llm_control/models/ur3_task_table/model.config
-- Up-to-date symlink: /home/quan/thuc_hanh_tuan3/src/install/ur3_llm_control/share/ur3_llm_control/models/ur3_task_table/model.sdf
-- Up-to-date symlink: /home/quan/thuc_hanh_tuan3/src/install/ur3_llm_control/share/ur3_llm_control/models/yellow_cube/model.config
-- Up-to-date symlink: /home/quan/thuc_hanh_tuan3/src/install/ur3_llm_control/share/ur3_llm_control/models/yellow_cube/model.sdf
-- Up-to-date symlink: /home/quan/thuc_hanh_tuan3/src/install/ur3_llm_control/share/ur3_llm_control/models/zone_a/model.config
-- Up-to-date symlink: /home/quan/thuc_hanh_tuan3/src/install/ur3_llm_control/share/ur3_llm_control/models/zone_a/model.sdf
-- Up-to-date symlink: /home/quan/thuc_hanh_tuan3/src/install/ur3_llm_control/share/ur3_llm_control/models/zone_b/model.config
-- Up-to-date symlink: /home/quan/thuc_hanh_tuan3/src/install/ur3_llm_control/share/ur3_llm_control/models/zone_b/model.sdf
-- Up-to-date symlink: /home/quan/thuc_hanh_tuan3/src/install/ur3_llm_control/share/ur3_llm_control/models/zone_c/model.config
-- Up-to-date symlink: /home/quan/thuc_hanh_tuan3/src/install/ur3_llm_control/share/ur3_llm_control/models/zone_c/model.sdf
-- Up-to-date symlink: /home/quan/thuc_hanh_tuan3/src/install/ur3_llm_control/share/ur3_llm_control/urdf/ur3e_with_gripper.urdf.xacro
-- Up-to-date symlink: /home/quan/thuc_hanh_tuan3/src/install/ur3_llm_control/share/ur3_llm_control/srdf/ur_robotiq.srdf.xacro
-- Up-to-date symlink: /home/quan/thuc_hanh_tuan3/src/install/ur3_llm_control/share/ament_index/resource_index/package_run_dependencies/ur3_llm_control
-- Up-to-date symlink: /home/quan/thuc_hanh_tuan3/src/install/ur3_llm_control/share/ament_index/resource_index/parent_prefix_path/ur3_llm_control
-- Up-to-date symlink: /home/quan/thuc_hanh_tuan3/src/install/ur3_llm_control/share/ur3_llm_control/environment/ament_prefix_path.sh
-- Up-to-date symlink: /home/quan/thuc_hanh_tuan3/src/install/ur3_llm_control/share/ur3_llm_control/environment/ament_prefix_path.dsv
-- Up-to-date symlink: /home/quan/thuc_hanh_tuan3/src/install/ur3_llm_control/share/ur3_llm_control/environment/path.sh
-- Up-to-date symlink: /home/quan/thuc_hanh_tuan3/src/install/ur3_llm_control/share/ur3_llm_control/environment/path.dsv
-- Up-to-date symlink: /home/quan/thuc_hanh_tuan3/src/install/ur3_llm_control/share/ur3_llm_control/local_setup.bash
-- Up-to-date symlink: /home/quan/thuc_hanh_tuan3/src/install/ur3_llm_control/share/ur3_llm_control/local_setup.sh
-- Up-to-date symlink: /home/quan/thuc_hanh_tuan3/src/install/ur3_llm_control/share/ur3_llm_control/local_setup.zsh
-- Up-to-date symlink: /home/quan/thuc_hanh_tuan3/src/install/ur3_llm_control/share/ur3_llm_control/local_setup.dsv
-- Symlinking: /home/quan/thuc_hanh_tuan3/src/install/ur3_llm_control/share/ur3_llm_control/package.dsv
-- Up-to-date symlink: /home/quan/thuc_hanh_tuan3/src/install/ur3_llm_control/share/ament_index/resource_index/packages/ur3_llm_control
-- Up-to-date symlink: /home/quan/thuc_hanh_tuan3/src/install/ur3_llm_control/share/ur3_llm_control/cmake/rosidl_cmake-extras.cmake
-- Up-to-date symlink: /home/quan/thuc_hanh_tuan3/src/install/ur3_llm_control/share/ur3_llm_control/cmake/ament_cmake_export_include_directories-extras.cmake
-- Up-to-date symlink: /home/quan/thuc_hanh_tuan3/src/install/ur3_llm_control/share/ur3_llm_control/cmake/ament_cmake_export_libraries-extras.cmake
-- Up-to-date symlink: /home/quan/thuc_hanh_tuan3/src/install/ur3_llm_control/share/ur3_llm_control/cmake/ament_cmake_export_targets-extras.cmake
-- Up-to-date symlink: /home/quan/thuc_hanh_tuan3/src/install/ur3_llm_control/share/ur3_llm_control/cmake/rosidl_cmake_export_typesupport_targets-extras.cmake
-- Up-to-date symlink: /home/quan/thuc_hanh_tuan3/src/install/ur3_llm_control/share/ur3_llm_control/cmake/ament_cmake_export_dependencies-extras.cmake
-- Up-to-date symlink: /home/quan/thuc_hanh_tuan3/src/install/ur3_llm_control/share/ur3_llm_control/cmake/rosidl_cmake_export_typesupport_libraries-extras.cmake
-- Up-to-date symlink: /home/quan/thuc_hanh_tuan3/src/install/ur3_llm_control/share/ur3_llm_control/cmake/rosidl_cmake_aggregate_target-extras.cmake
-- Up-to-date symlink: /home/quan/thuc_hanh_tuan3/src/install/ur3_llm_control/share/ur3_llm_control/cmake/ur3_llm_controlConfig.cmake
-- Up-to-date symlink: /home/quan/thuc_hanh_tuan3/src/install/ur3_llm_control/share/ur3_llm_control/cmake/ur3_llm_controlConfig-version.cmake
-- Up-to-date symlink: /home/quan/thuc_hanh_tuan3/src/install/ur3_llm_control/share/ur3_llm_control/package.xml
-- Up-to-date: /home/quan/thuc_hanh_tuan3/src/install/ur3_llm_control/lib/libur3_llm_control__rosidl_generator_c.so
-- Up-to-date: /home/quan/thuc_hanh_tuan3/src/install/ur3_llm_control/lib/libur3_llm_control__rosidl_typesupport_fastrtps_c.so
-- Up-to-date: /home/quan/thuc_hanh_tuan3/src/install/ur3_llm_control/lib/libur3_llm_control__rosidl_typesupport_fastrtps_cpp.so
-- Up-to-date: /home/quan/thuc_hanh_tuan3/src/install/ur3_llm_control/lib/libur3_llm_control__rosidl_typesupport_introspection_c.so
-- Up-to-date: /home/quan/thuc_hanh_tuan3/src/install/ur3_llm_control/lib/libur3_llm_control__rosidl_typesupport_c.so
-- Up-to-date: /home/quan/thuc_hanh_tuan3/src/install/ur3_llm_control/lib/libur3_llm_control__rosidl_typesupport_introspection_cpp.so
-- Up-to-date: /home/quan/thuc_hanh_tuan3/src/install/ur3_llm_control/lib/libur3_llm_control__rosidl_typesupport_cpp.so
Listing '/home/quan/thuc_hanh_tuan3/src/install/ur3_llm_control/local/lib/python3.10/dist-packages/ur3_llm_control'...
Listing '/home/quan/thuc_hanh_tuan3/src/install/ur3_llm_control/local/lib/python3.10/dist-packages/ur3_llm_control/srv'...
-- Up-to-date: /home/quan/thuc_hanh_tuan3/src/install/ur3_llm_control/lib/libur3_llm_control__rosidl_generator_py.so
-- Up-to-date: /home/quan/thuc_hanh_tuan3/src/install/ur3_llm_control/share/ur3_llm_control/cmake/export_ur3_llm_control__rosidl_generator_cExport.cmake
-- Up-to-date: /home/quan/thuc_hanh_tuan3/src/install/ur3_llm_control/share/ur3_llm_control/cmake/export_ur3_llm_control__rosidl_generator_cExport-noconfig.cmake
-- Up-to-date: /home/quan/thuc_hanh_tuan3/src/install/ur3_llm_control/share/ur3_llm_control/cmake/export_ur3_llm_control__rosidl_typesupport_fastrtps_cExport.cmake
-- Up-to-date: /home/quan/thuc_hanh_tuan3/src/install/ur3_llm_control/share/ur3_llm_control/cmake/export_ur3_llm_control__rosidl_typesupport_fastrtps_cExport-noconfig.cmake
-- Up-to-date: /home/quan/thuc_hanh_tuan3/src/install/ur3_llm_control/share/ur3_llm_control/cmake/export_ur3_llm_control__rosidl_generator_cppExport.cmake
-- Up-to-date: /home/quan/thuc_hanh_tuan3/src/install/ur3_llm_control/share/ur3_llm_control/cmake/export_ur3_llm_control__rosidl_typesupport_fastrtps_cppExport.cmake
-- Up-to-date: /home/quan/thuc_hanh_tuan3/src/install/ur3_llm_control/share/ur3_llm_control/cmake/export_ur3_llm_control__rosidl_typesupport_fastrtps_cppExport-noconfig.cmake
-- Up-to-date: /home/quan/thuc_hanh_tuan3/src/install/ur3_llm_control/share/ur3_llm_control/cmake/ur3_llm_control__rosidl_typesupport_introspection_cExport.cmake
-- Up-to-date: /home/quan/thuc_hanh_tuan3/src/install/ur3_llm_control/share/ur3_llm_control/cmake/ur3_llm_control__rosidl_typesupport_introspection_cExport-noconfig.cmake
-- Up-to-date: /home/quan/thuc_hanh_tuan3/src/install/ur3_llm_control/share/ur3_llm_control/cmake/ur3_llm_control__rosidl_typesupport_cExport.cmake
-- Up-to-date: /home/quan/thuc_hanh_tuan3/src/install/ur3_llm_control/share/ur3_llm_control/cmake/ur3_llm_control__rosidl_typesupport_cExport-noconfig.cmake
-- Up-to-date: /home/quan/thuc_hanh_tuan3/src/install/ur3_llm_control/share/ur3_llm_control/cmake/ur3_llm_control__rosidl_typesupport_introspection_cppExport.cmake
-- Up-to-date: /home/quan/thuc_hanh_tuan3/src/install/ur3_llm_control/share/ur3_llm_control/cmake/ur3_llm_control__rosidl_typesupport_introspection_cppExport-noconfig.cmake
-- Up-to-date: /home/quan/thuc_hanh_tuan3/src/install/ur3_llm_control/share/ur3_llm_control/cmake/ur3_llm_control__rosidl_typesupport_cppExport.cmake
-- Up-to-date: /home/quan/thuc_hanh_tuan3/src/install/ur3_llm_control/share/ur3_llm_control/cmake/ur3_llm_control__rosidl_typesupport_cppExport-noconfig.cmake
-- Up-to-date: /home/quan/thuc_hanh_tuan3/src/install/ur3_llm_control/share/ur3_llm_control/cmake/export_ur3_llm_control__rosidl_generator_pyExport.cmake
-- Up-to-date: /home/quan/thuc_hanh_tuan3/src/install/ur3_llm_control/share/ur3_llm_control/cmake/export_ur3_llm_control__rosidl_generator_pyExport-noconfig.cmake
