[0.010s] Invoking command in '/home/quan/thuc_hanh_tuan3/src/build/ur3_llm_control': AMENT_PREFIX_PATH=/home/quan/thuc_hanh_tuan3/src/install/ur_simulation_gazebo:/home/quan/thuc_hanh_tuan3/src/install/robotiq_description:${AMENT_PREFIX_PATH} CMAKE_PREFIX_PATH=/home/quan/thuc_hanh_tuan3/src/install/ur_simulation_gazebo:/home/quan/thuc_hanh_tuan3/src/install/robotiq_description:/home/quan/thuc_hanh_tuan3/install/ur3_llm_control:/home/quan/thuc_hanh_tuan3/install/ur_simulation_gazebo:/home/quan/thuc_hanh_tuan3/install/robotiq_description:/home/quan/ros2_ws/install/robot1:/home/quan/ros2_ws/install/robot:/home/quan/ros2_ws/install/msgs_test:/home/quan/ros2_ws/install/component_pkg:/home/quan/ros2_ws/src/msgs_test/install/msgs_test:/home/quan/ros2_ws/install/my_turtlesim:/home/quan/ros2_ws/install/my_robot_logic:/home/quan/ros2_ws/install/my_robot_controller:/home/quan/ros2_ws/install/lifecycle_pkg:/opt/ros/humble /usr/bin/cmake --build /home/quan/thuc_hanh_tuan3/src/build/ur3_llm_control -- -j16 -l16
[0.034s] -- Found ament_cmake: 1.3.14 (/opt/ros/humble/share/ament_cmake/cmake)
[0.130s] -- Override CMake install command with custom implementation using symlinks instead of copying resources
[0.137s] -- Found rclcpp: 16.0.21 (/opt/ros/humble/share/rclcpp/cmake)
[0.159s] -- Found rosidl_generator_c: 3.1.9 (/opt/ros/humble/share/rosidl_generator_c/cmake)
[0.161s] -- Found rosidl_adapter: 3.1.9 (/opt/ros/humble/share/rosidl_adapter/cmake)
[0.165s] -- Found rosidl_generator_cpp: 3.1.9 (/opt/ros/humble/share/rosidl_generator_cpp/cmake)
[0.173s] -- Using all available rosidl_typesupport_c: rosidl_typesupport_fastrtps_c;rosidl_typesupport_introspection_c
[0.183s] -- Using all available rosidl_typesupport_cpp: rosidl_typesupport_fastrtps_cpp;rosidl_typesupport_introspection_cpp
[0.207s] -- Found rmw_implementation_cmake: 6.1.4 (/opt/ros/humble/share/rmw_implementation_cmake/cmake)
[0.208s] -- Found rmw_fastrtps_cpp: 6.2.10 (/opt/ros/humble/share/rmw_fastrtps_cpp/cmake)
[0.294s] -- Using RMW implementation 'rmw_fastrtps_cpp' as default
[0.325s] -- Found rosidl_default_generators: 1.2.1 (/opt/ros/humble/share/rosidl_default_generators/cmake)
[0.331s] -- Found geometry_msgs: 4.9.2 (/opt/ros/humble/share/geometry_msgs/cmake)
[0.338s] -- Found sensor_msgs: 4.9.2 (/opt/ros/humble/share/sensor_msgs/cmake)
[0.348s] -- Found moveit_ros_planning_interface: 2.5.10 (/opt/ros/humble/share/moveit_ros_planning_interface/cmake)
[0.355s] -- Found Boost: /usr/lib/x86_64-linux-gnu/cmake/Boost-1.74.0/BoostConfig.cmake (found version "1.74.0") found components: date_time filesystem program_options system thread 
[0.441s] -- Found Boost: /usr/lib/x86_64-linux-gnu/cmake/Boost-1.74.0/BoostConfig.cmake (found version "1.74.0") found components: chrono date_time filesystem iostreams program_options regex serialization system thread 
[0.459s] -- Found tcb_span: 1.3.2 (/opt/ros/humble/share/tcb_span/cmake)
[0.460s] -- Found rclcpp_lifecycle: 16.0.21 (/opt/ros/humble/share/rclcpp_lifecycle/cmake)
[0.471s] -- Found parameter_traits: 0.7.6 (/opt/ros/humble/share/parameter_traits/cmake)
[0.502s] -- library: /usr/lib/x86_64-linux-gnu/libcurl.so
[0.529s] -- Ensuring Eigen3 include directory is part of orocos-kdl CMake target
[0.613s] -- Found Boost: /usr/lib/x86_64-linux-gnu/cmake/Boost-1.74.0/BoostConfig.cmake (found version "1.74.0") found components: system filesystem date_time program_options thread chrono 
[0.634s] -- Found Boost: /usr/lib/x86_64-linux-gnu/cmake/Boost-1.74.0/BoostConfig.cmake (found version "1.74.0") found components: thread system filesystem regex date_time program_options 
[0.649s] -- Found Boost: /usr/lib/x86_64-linux-gnu/cmake/Boost-1.74.0/BoostConfig.cmake (found version "1.74.0") found components: system filesystem date_time program_options thread 
[0.670s] -- Found gazebo_dev: 3.9.0 (/opt/ros/humble/share/gazebo_dev/cmake)
[0.699s] -- Found DART: /usr/include (Required is at least version "6.6") found components: dart 
[0.710s] -- Found Boost: /usr/lib/x86_64-linux-gnu/cmake/Boost-1.74.0/BoostConfig.cmake (found suitable version "1.74.0", minimum required is "1.40.0") found components: thread system filesystem program_options regex iostreams date_time 
[0.717s] -- Found Protobuf: /usr/lib/x86_64-linux-gnu/libprotobuf.so (found version "3.12.4") 
[0.718s] -- Looking for ignition-math6 -- found version 6.16.0
[0.722s] -- Searching for dependencies of ignition-math6
[0.723s] -- Looking for OGRE...
[0.730s] -- Found Ogre Ghadamon (1.9.0)
[0.730s] -- Found OGRE: optimized;/usr/lib/x86_64-linux-gnu/libOgreMain.so;debug;/usr/lib/x86_64-linux-gnu/libOgreMain.so
[0.738s] -- Looking for OGRE_Paging...
[0.739s] -- Found OGRE_Paging: optimized;/usr/lib/x86_64-linux-gnu/libOgrePaging.so;debug;/usr/lib/x86_64-linux-gnu/libOgrePaging.so
[0.739s] -- Looking for OGRE_Terrain...
[0.739s] -- Found OGRE_Terrain: optimized;/usr/lib/x86_64-linux-gnu/libOgreTerrain.so;debug;/usr/lib/x86_64-linux-gnu/libOgreTerrain.so
[0.739s] -- Looking for OGRE_Property...
[0.739s] -- Found OGRE_Property: optimized;/usr/lib/x86_64-linux-gnu/libOgreProperty.so;debug;/usr/lib/x86_64-linux-gnu/libOgreProperty.so
[0.739s] -- Looking for OGRE_RTShaderSystem...
[0.739s] -- Found OGRE_RTShaderSystem: optimized;/usr/lib/x86_64-linux-gnu/libOgreRTShaderSystem.so;debug;/usr/lib/x86_64-linux-gnu/libOgreRTShaderSystem.so
[0.739s] -- Looking for OGRE_Volume...
[0.739s] -- Found OGRE_Volume: optimized;/usr/lib/x86_64-linux-gnu/libOgreVolume.so;debug;/usr/lib/x86_64-linux-gnu/libOgreVolume.so
[0.739s] -- Looking for OGRE_Overlay...
[0.739s] -- Found OGRE_Overlay: optimized;/usr/lib/x86_64-linux-gnu/libOgreOverlay.so;debug;/usr/lib/x86_64-linux-gnu/libOgreOverlay.so
[0.842s] -- Looking for ignition-math6 -- found version 6.16.0
[0.843s] -- Looking for ignition-transport8 -- found version 8.2.1
[0.843s] -- Searching for dependencies of ignition-transport8
[0.862s] -- Found Protobuf: /usr/lib/x86_64-linux-gnu/libprotobuf.so (found suitable version "3.12.4", minimum required is "3") 
[0.871s] -- Config-file not installed for ZeroMQ -- checking for pkg-config
[0.875s] -- Checking for module 'libzmq >= 4'
[0.888s] --   Found libzmq , version 4.3.4
[0.929s] -- Checking for module 'uuid'
[0.942s] --   Found uuid, version 2.37.2
[0.973s] -- Looking for ignition-msgs5 -- found version 5.8.1
[0.973s] -- Searching for dependencies of ignition-msgs5
[0.987s] -- Looking for ignition-math6 -- found version 6.16.0
[0.993s] -- Looking for ignition-msgs5 -- found version 5.8.1
[0.993s] -- Looking for ignition-common3 -- found version 3.14.0
[0.993s] -- Searching for dependencies of ignition-common3
[0.994s] -- Looking for dlfcn.h - found
[0.994s] -- Looking for libdl - found
[1.003s] -- Searching for <ignition-common3> component [graphics]
[1.004s] -- Looking for ignition-common3-graphics -- found version 3.14.0
[1.004s] -- Searching for dependencies of ignition-common3-graphics
[1.004s] -- Looking for ignition-math6 -- found version 6.16.0
[1.005s] -- Looking for ignition-fuel_tools4 -- found version 4.4.0
[1.005s] -- Searching for dependencies of ignition-fuel_tools4
[1.037s] -- Checking for module 'jsoncpp'
[1.054s] --   Found jsoncpp, version 1.9.5
[1.122s] -- Checking for module 'libzip'
[1.149s] --   Found libzip, version 1.7.3
[1.211s] -- Looking for ignition-common3 -- found version 3.14.0
[1.211s] -- Looking for ignition-math6 -- found version 6.16.0
[1.212s] -- Looking for ignition-msgs5 -- found version 5.8.1
[1.215s] -- Gazebo version: 11.10
[1.215s] -- Found gazebo_ros: 3.9.0 (/opt/ros/humble/share/gazebo_ros/cmake)
[1.474s] -- Found ament_cmake_ros: 0.10.1 (/opt/ros/humble/share/ament_cmake_ros/cmake)
[1.773s] -- Using all available rosidl_typesupport_c: rosidl_typesupport_fastrtps_c;rosidl_typesupport_introspection_c
[1.892s] -- Using all available rosidl_typesupport_cpp: rosidl_typesupport_fastrtps_cpp;rosidl_typesupport_introspection_cpp
[1.914s] -- Found python_cmake_module: 0.10.0 (/opt/ros/humble/share/python_cmake_module/cmake)
[1.935s] -- Using PYTHON_EXECUTABLE: /usr/bin/python3
[1.935s] -- Using PYTHON_INCLUDE_DIRS: /usr/include/python3.10
[1.935s] -- Using PYTHON_LIBRARIES: /usr/lib/x86_64-linux-gnu/libpython3.10.so
[2.019s] CMake Deprecation Warning at /opt/ros/humble/share/rosidl_cmake/cmake/rosidl_target_interfaces.cmake:32 (message):
[2.019s]   Use rosidl_get_typesupport_target() and target_link_libraries() instead of
[2.019s]   rosidl_target_interfaces()
[2.019s] Call Stack (most recent call first):
[2.019s]   CMakeLists.txt:27 (rosidl_target_interfaces)
[2.019s] 
[2.019s] 
[2.023s] CMake Deprecation Warning at /opt/ros/humble/share/rosidl_cmake/cmake/rosidl_target_interfaces.cmake:32 (message):
[2.023s]   Use rosidl_get_typesupport_target() and target_link_libraries() instead of
[2.023s]   rosidl_target_interfaces()
[2.023s] Call Stack (most recent call first):
[2.023s]   CMakeLists.txt:32 (rosidl_target_interfaces)
[2.023s] 
[2.023s] 
[2.032s] -- Configuring done
[2.093s] -- Generating done
[2.110s] -- Build files have been written to: /home/quan/thuc_hanh_tuan3/src/build/ur3_llm_control
[2.152s] Consolidate compiler generated dependencies of target ur3_llm_control__rosidl_generator_c
[2.157s] [  1%] Built target ur3_llm_control__cpp
[2.159s] [  3%] Built target ur3_llm_control__rs
[2.164s] [  3%] Built target ament_cmake_python_symlink_ur3_llm_control
[2.167s] [ 13%] Built target ur3_llm_control__rosidl_generator_c
[2.172s] Consolidate compiler generated dependencies of target ur3_llm_control__rosidl_typesupport_cpp
[2.178s] Consolidate compiler generated dependencies of target ur3_llm_control__rosidl_typesupport_introspection_cpp
[2.178s] Consolidate compiler generated dependencies of target ur3_llm_control__rosidl_typesupport_fastrtps_cpp
[2.181s] Consolidate compiler generated dependencies of target ur3_llm_control__rosidl_typesupport_introspection_c
[2.184s] Consolidate compiler generated dependencies of target ur3_llm_control__rosidl_typesupport_c
[2.185s] [ 23%] Built target ur3_llm_control__rosidl_typesupport_cpp
[2.187s] Consolidate compiler generated dependencies of target ur3_llm_control__rosidl_typesupport_fastrtps_c
[2.192s] [ 40%] Built target ur3_llm_control__rosidl_typesupport_fastrtps_cpp
[2.192s] [ 42%] Built target ur3_llm_control__rosidl_typesupport_introspection_c
[2.194s] [ 51%] Built target ur3_llm_control__rosidl_typesupport_introspection_cpp
[2.198s] [ 61%] Built target ur3_llm_control__rosidl_typesupport_c
[2.199s] [ 71%] Built target ur3_llm_control__rosidl_typesupport_fastrtps_c
[2.223s] [ 71%] Built target ur3_llm_control
[2.245s] Consolidate compiler generated dependencies of target ur3_physical_gripper
[2.248s] Consolidate compiler generated dependencies of target robot_skills
[2.250s] [ 73%] Built target ur3_llm_control__py
[2.268s] Consolidate compiler generated dependencies of target ur3_llm_control__rosidl_generator_py
[2.268s] [ 76%] Built target ur3_physical_gripper
[2.268s] [ 78%] Building CXX object CMakeFiles/robot_skills.dir/src/robot_skills.cpp.o
[2.282s] [ 86%] Built target ur3_llm_control__rosidl_generator_py
[2.294s] Consolidate compiler generated dependencies of target ur3_llm_control__rosidl_typesupport_introspection_c__pyext
[2.297s] Consolidate compiler generated dependencies of target ur3_llm_control__rosidl_typesupport_fastrtps_c__pyext
[2.298s] Consolidate compiler generated dependencies of target ur3_llm_control__rosidl_typesupport_c__pyext
[2.309s] [ 90%] Built target ur3_llm_control__rosidl_typesupport_fastrtps_c__pyext
[2.311s] [ 94%] Built target ur3_llm_control__rosidl_typesupport_introspection_c__pyext
[2.313s] [ 98%] Built target ur3_llm_control__rosidl_typesupport_c__pyext
[2.399s] running egg_info
[2.399s] writing ur3_llm_control.egg-info/PKG-INFO
[2.399s] writing dependency_links to ur3_llm_control.egg-info/dependency_links.txt
[2.399s] writing top-level names to ur3_llm_control.egg-info/top_level.txt
[2.401s] reading manifest file 'ur3_llm_control.egg-info/SOURCES.txt'
[2.402s] writing manifest file 'ur3_llm_control.egg-info/SOURCES.txt'
[2.426s] [ 98%] Built target ament_cmake_python_build_ur3_llm_control_egg
[18.450s] [100%] Linking CXX executable robot_skills
[19.433s] [100%] Built target robot_skills
[19.445s] Invoked command in '/home/quan/thuc_hanh_tuan3/src/build/ur3_llm_control' returned '0': AMENT_PREFIX_PATH=/home/quan/thuc_hanh_tuan3/src/install/ur_simulation_gazebo:/home/quan/thuc_hanh_tuan3/src/install/robotiq_description:${AMENT_PREFIX_PATH} CMAKE_PREFIX_PATH=/home/quan/thuc_hanh_tuan3/src/install/ur_simulation_gazebo:/home/quan/thuc_hanh_tuan3/src/install/robotiq_description:/home/quan/thuc_hanh_tuan3/install/ur3_llm_control:/home/quan/thuc_hanh_tuan3/install/ur_simulation_gazebo:/home/quan/thuc_hanh_tuan3/install/robotiq_description:/home/quan/ros2_ws/install/robot1:/home/quan/ros2_ws/install/robot:/home/quan/ros2_ws/install/msgs_test:/home/quan/ros2_ws/install/component_pkg:/home/quan/ros2_ws/src/msgs_test/install/msgs_test:/home/quan/ros2_ws/install/my_turtlesim:/home/quan/ros2_ws/install/my_robot_logic:/home/quan/ros2_ws/install/my_robot_controller:/home/quan/ros2_ws/install/lifecycle_pkg:/opt/ros/humble /usr/bin/cmake --build /home/quan/thuc_hanh_tuan3/src/build/ur3_llm_control -- -j16 -l16
[19.447s] Invoking command in '/home/quan/thuc_hanh_tuan3/src/build/ur3_llm_control': AMENT_PREFIX_PATH=/home/quan/thuc_hanh_tuan3/src/install/ur_simulation_gazebo:/home/quan/thuc_hanh_tuan3/src/install/robotiq_description:${AMENT_PREFIX_PATH} CMAKE_PREFIX_PATH=/home/quan/thuc_hanh_tuan3/src/install/ur_simulation_gazebo:/home/quan/thuc_hanh_tuan3/src/install/robotiq_description:/home/quan/thuc_hanh_tuan3/install/ur3_llm_control:/home/quan/thuc_hanh_tuan3/install/ur_simulation_gazebo:/home/quan/thuc_hanh_tuan3/install/robotiq_description:/home/quan/ros2_ws/install/robot1:/home/quan/ros2_ws/install/robot:/home/quan/ros2_ws/install/msgs_test:/home/quan/ros2_ws/install/component_pkg:/home/quan/ros2_ws/src/msgs_test/install/msgs_test:/home/quan/ros2_ws/install/my_turtlesim:/home/quan/ros2_ws/install/my_robot_logic:/home/quan/ros2_ws/install/my_robot_controller:/home/quan/ros2_ws/install/lifecycle_pkg:/opt/ros/humble /usr/bin/cmake --install /home/quan/thuc_hanh_tuan3/src/build/ur3_llm_control
[19.456s] -- Install configuration: ""
[19.456s] -- Execute custom install script
[19.456s] -- Up-to-date symlink: /home/quan/thuc_hanh_tuan3/src/install/ur3_llm_control/share/ament_index/resource_index/rosidl_interfaces/ur3_llm_control
[19.457s] -- Up-to-date symlink: /home/quan/thuc_hanh_tuan3/src/install/ur3_llm_control/include/ur3_llm_control/ur3_llm_control/msg/rosidl_generator_c__visibility_control.h
[19.457s] -- Up-to-date symlink: /home/quan/thuc_hanh_tuan3/src/install/ur3_llm_control/include/ur3_llm_control/ur3_llm_control/srv/detail/execute_skill__functions.h
[19.457s] -- Up-to-date symlink: /home/quan/thuc_hanh_tuan3/src/install/ur3_llm_control/include/ur3_llm_control/ur3_llm_control/srv/detail/execute_skill__struct.h
[19.457s] -- Up-to-date symlink: /home/quan/thuc_hanh_tuan3/src/install/ur3_llm_control/include/ur3_llm_control/ur3_llm_control/srv/detail/execute_skill__type_support.h
[19.457s] -- Up-to-date symlink: /home/quan/thuc_hanh_tuan3/src/install/ur3_llm_control/include/ur3_llm_control/ur3_llm_control/srv/detail/get_world_state__functions.h
[19.457s] -- Up-to-date symlink: /home/quan/thuc_hanh_tuan3/src/install/ur3_llm_control/include/ur3_llm_control/ur3_llm_control/srv/detail/get_world_state__struct.h
[19.458s] -- Up-to-date symlink: /home/quan/thuc_hanh_tuan3/src/install/ur3_llm_control/include/ur3_llm_control/ur3_llm_control/srv/detail/get_world_state__type_support.h
[19.458s] -- Up-to-date symlink: /home/quan/thuc_hanh_tuan3/src/install/ur3_llm_control/include/ur3_llm_control/ur3_llm_control/srv/detail/set_attachment__functions.h
[19.458s] -- Up-to-date symlink: /home/quan/thuc_hanh_tuan3/src/install/ur3_llm_control/include/ur3_llm_control/ur3_llm_control/srv/detail/set_attachment__struct.h
[19.458s] -- Up-to-date symlink: /home/quan/thuc_hanh_tuan3/src/install/ur3_llm_control/include/ur3_llm_control/ur3_llm_control/srv/detail/set_attachment__type_support.h
[19.458s] -- Up-to-date symlink: /home/quan/thuc_hanh_tuan3/src/install/ur3_llm_control/include/ur3_llm_control/ur3_llm_control/srv/execute_skill.h
[19.458s] -- Up-to-date symlink: /home/quan/thuc_hanh_tuan3/src/install/ur3_llm_control/include/ur3_llm_control/ur3_llm_control/srv/get_world_state.h
[19.458s] -- Up-to-date symlink: /home/quan/thuc_hanh_tuan3/src/install/ur3_llm_control/include/ur3_llm_control/ur3_llm_control/srv/set_attachment.h
[19.458s] -- Up-to-date symlink: /home/quan/thuc_hanh_tuan3/src/install/ur3_llm_control/share/ur3_llm_control/environment/library_path.sh
[19.458s] -- Up-to-date symlink: /home/quan/thuc_hanh_tuan3/src/install/ur3_llm_control/share/ur3_llm_control/environment/library_path.dsv
[19.458s] -- Up-to-date symlink: /home/quan/thuc_hanh_tuan3/src/install/ur3_llm_control/include/ur3_llm_control/ur3_llm_control/msg/rosidl_typesupport_fastrtps_c__visibility_control.h
[19.458s] -- Up-to-date symlink: /home/quan/thuc_hanh_tuan3/src/install/ur3_llm_control/include/ur3_llm_control/ur3_llm_control/srv/detail/execute_skill__rosidl_typesupport_fastrtps_c.h
[19.458s] -- Up-to-date symlink: /home/quan/thuc_hanh_tuan3/src/install/ur3_llm_control/include/ur3_llm_control/ur3_llm_control/srv/detail/get_world_state__rosidl_typesupport_fastrtps_c.h
[19.458s] -- Up-to-date symlink: /home/quan/thuc_hanh_tuan3/src/install/ur3_llm_control/include/ur3_llm_control/ur3_llm_control/srv/detail/set_attachment__rosidl_typesupport_fastrtps_c.h
[19.459s] -- Up-to-date symlink: /home/quan/thuc_hanh_tuan3/src/install/ur3_llm_control/include/ur3_llm_control/ur3_llm_control/msg/rosidl_generator_cpp__visibility_control.hpp
[19.459s] -- Up-to-date symlink: /home/quan/thuc_hanh_tuan3/src/install/ur3_llm_control/include/ur3_llm_control/ur3_llm_control/srv/detail/execute_skill__builder.hpp
[19.459s] -- Up-to-date symlink: /home/quan/thuc_hanh_tuan3/src/install/ur3_llm_control/include/ur3_llm_control/ur3_llm_control/srv/detail/execute_skill__struct.hpp
[19.459s] -- Up-to-date symlink: /home/quan/thuc_hanh_tuan3/src/install/ur3_llm_control/include/ur3_llm_control/ur3_llm_control/srv/detail/execute_skill__traits.hpp
[19.459s] -- Up-to-date symlink: /home/quan/thuc_hanh_tuan3/src/install/ur3_llm_control/include/ur3_llm_control/ur3_llm_control/srv/detail/execute_skill__type_support.hpp
[19.459s] -- Up-to-date symlink: /home/quan/thuc_hanh_tuan3/src/install/ur3_llm_control/include/ur3_llm_control/ur3_llm_control/srv/detail/get_world_state__builder.hpp
[19.459s] -- Up-to-date symlink: /home/quan/thuc_hanh_tuan3/src/install/ur3_llm_control/include/ur3_llm_control/ur3_llm_control/srv/detail/get_world_state__struct.hpp
[19.459s] -- Up-to-date symlink: /home/quan/thuc_hanh_tuan3/src/install/ur3_llm_control/include/ur3_llm_control/ur3_llm_control/srv/detail/get_world_state__traits.hpp
[19.460s] -- Up-to-date symlink: /home/quan/thuc_hanh_tuan3/src/install/ur3_llm_control/include/ur3_llm_control/ur3_llm_control/srv/detail/get_world_state__type_support.hpp
[19.460s] -- Up-to-date symlink: /home/quan/thuc_hanh_tuan3/src/install/ur3_llm_control/include/ur3_llm_control/ur3_llm_control/srv/detail/set_attachment__builder.hpp
[19.460s] -- Up-to-date symlink: /home/quan/thuc_hanh_tuan3/src/install/ur3_llm_control/include/ur3_llm_control/ur3_llm_control/srv/detail/set_attachment__struct.hpp
[19.460s] -- Up-to-date symlink: /home/quan/thuc_hanh_tuan3/src/install/ur3_llm_control/include/ur3_llm_control/ur3_llm_control/srv/detail/set_attachment__traits.hpp
[19.460s] -- Up-to-date symlink: /home/quan/thuc_hanh_tuan3/src/install/ur3_llm_control/include/ur3_llm_control/ur3_llm_control/srv/detail/set_attachment__type_support.hpp
[19.460s] -- Up-to-date symlink: /home/quan/thuc_hanh_tuan3/src/install/ur3_llm_control/include/ur3_llm_control/ur3_llm_control/srv/execute_skill.hpp
[19.460s] -- Up-to-date symlink: /home/quan/thuc_hanh_tuan3/src/install/ur3_llm_control/include/ur3_llm_control/ur3_llm_control/srv/get_world_state.hpp
[19.461s] -- Up-to-date symlink: /home/quan/thuc_hanh_tuan3/src/install/ur3_llm_control/include/ur3_llm_control/ur3_llm_control/srv/set_attachment.hpp
[19.461s] -- Up-to-date symlink: /home/quan/thuc_hanh_tuan3/src/install/ur3_llm_control/include/ur3_llm_control/ur3_llm_control/msg/rosidl_typesupport_fastrtps_cpp__visibility_control.h
[19.461s] -- Up-to-date symlink: /home/quan/thuc_hanh_tuan3/src/install/ur3_llm_control/include/ur3_llm_control/ur3_llm_control/srv/detail/execute_skill__rosidl_typesupport_fastrtps_cpp.hpp
[19.461s] -- Up-to-date symlink: /home/quan/thuc_hanh_tuan3/src/install/ur3_llm_control/include/ur3_llm_control/ur3_llm_control/srv/detail/get_world_state__rosidl_typesupport_fastrtps_cpp.hpp
[19.461s] -- Up-to-date symlink: /home/quan/thuc_hanh_tuan3/src/install/ur3_llm_control/include/ur3_llm_control/ur3_llm_control/srv/detail/set_attachment__rosidl_typesupport_fastrtps_cpp.hpp
[19.461s] -- Up-to-date symlink: /home/quan/thuc_hanh_tuan3/src/install/ur3_llm_control/include/ur3_llm_control/ur3_llm_control/msg/rosidl_typesupport_introspection_c__visibility_control.h
[19.461s] -- Up-to-date symlink: /home/quan/thuc_hanh_tuan3/src/install/ur3_llm_control/include/ur3_llm_control/ur3_llm_control/srv/detail/execute_skill__rosidl_typesupport_introspection_c.h
[19.461s] -- Up-to-date symlink: /home/quan/thuc_hanh_tuan3/src/install/ur3_llm_control/include/ur3_llm_control/ur3_llm_control/srv/detail/get_world_state__rosidl_typesupport_introspection_c.h
[19.461s] -- Up-to-date symlink: /home/quan/thuc_hanh_tuan3/src/install/ur3_llm_control/include/ur3_llm_control/ur3_llm_control/srv/detail/set_attachment__rosidl_typesupport_introspection_c.h
[19.462s] -- Up-to-date symlink: /home/quan/thuc_hanh_tuan3/src/install/ur3_llm_control/include/ur3_llm_control/ur3_llm_control/srv/detail/execute_skill__rosidl_typesupport_introspection_cpp.hpp
[19.462s] -- Up-to-date symlink: /home/quan/thuc_hanh_tuan3/src/install/ur3_llm_control/include/ur3_llm_control/ur3_llm_control/srv/detail/get_world_state__rosidl_typesupport_introspection_cpp.hpp
[19.462s] -- Up-to-date symlink: /home/quan/thuc_hanh_tuan3/src/install/ur3_llm_control/include/ur3_llm_control/ur3_llm_control/srv/detail/set_attachment__rosidl_typesupport_introspection_cpp.hpp
[19.462s] -- Up-to-date symlink: /home/quan/thuc_hanh_tuan3/src/install/ur3_llm_control/share/ur3_llm_control/environment/pythonpath.sh
[19.462s] -- Up-to-date symlink: /home/quan/thuc_hanh_tuan3/src/install/ur3_llm_control/share/ur3_llm_control/environment/pythonpath.dsv
[19.462s] -- Up-to-date symlink: /home/quan/thuc_hanh_tuan3/src/install/ur3_llm_control/local/lib/python3.10/dist-packages/ur3_llm_control-0.1.0-py3.10.egg-info/PKG-INFO
[19.462s] -- Up-to-date symlink: /home/quan/thuc_hanh_tuan3/src/install/ur3_llm_control/local/lib/python3.10/dist-packages/ur3_llm_control-0.1.0-py3.10.egg-info/SOURCES.txt
[19.463s] -- Up-to-date symlink: /home/quan/thuc_hanh_tuan3/src/install/ur3_llm_control/local/lib/python3.10/dist-packages/ur3_llm_control-0.1.0-py3.10.egg-info/dependency_links.txt
[19.463s] -- Up-to-date symlink: /home/quan/thuc_hanh_tuan3/src/install/ur3_llm_control/local/lib/python3.10/dist-packages/ur3_llm_control-0.1.0-py3.10.egg-info/top_level.txt
[19.463s] -- Up-to-date symlink: /home/quan/thuc_hanh_tuan3/src/install/ur3_llm_control/local/lib/python3.10/dist-packages/ur3_llm_control/__init__.py
[19.463s] -- Up-to-date symlink: /home/quan/thuc_hanh_tuan3/src/install/ur3_llm_control/local/lib/python3.10/dist-packages/ur3_llm_control/_ur3_llm_control_s.ep.rosidl_typesupport_c.c
[19.463s] -- Up-to-date symlink: /home/quan/thuc_hanh_tuan3/src/install/ur3_llm_control/local/lib/python3.10/dist-packages/ur3_llm_control/_ur3_llm_control_s.ep.rosidl_typesupport_fastrtps_c.c
[19.463s] -- Up-to-date symlink: /home/quan/thuc_hanh_tuan3/src/install/ur3_llm_control/local/lib/python3.10/dist-packages/ur3_llm_control/_ur3_llm_control_s.ep.rosidl_typesupport_introspection_c.c
[19.463s] -- Up-to-date symlink: /home/quan/thuc_hanh_tuan3/src/install/ur3_llm_control/local/lib/python3.10/dist-packages/ur3_llm_control/libur3_llm_control__rosidl_generator_py.so
[19.463s] -- Up-to-date symlink: /home/quan/thuc_hanh_tuan3/src/install/ur3_llm_control/local/lib/python3.10/dist-packages/ur3_llm_control/srv/__init__.py
[19.463s] -- Up-to-date symlink: /home/quan/thuc_hanh_tuan3/src/install/ur3_llm_control/local/lib/python3.10/dist-packages/ur3_llm_control/srv/_execute_skill.py
[19.464s] -- Up-to-date symlink: /home/quan/thuc_hanh_tuan3/src/install/ur3_llm_control/local/lib/python3.10/dist-packages/ur3_llm_control/srv/_execute_skill_s.c
[19.464s] -- Up-to-date symlink: /home/quan/thuc_hanh_tuan3/src/install/ur3_llm_control/local/lib/python3.10/dist-packages/ur3_llm_control/srv/_get_world_state.py
[19.464s] -- Up-to-date symlink: /home/quan/thuc_hanh_tuan3/src/install/ur3_llm_control/local/lib/python3.10/dist-packages/ur3_llm_control/srv/_get_world_state_s.c
[19.464s] -- Up-to-date symlink: /home/quan/thuc_hanh_tuan3/src/install/ur3_llm_control/local/lib/python3.10/dist-packages/ur3_llm_control/srv/_set_attachment.py
[19.464s] -- Up-to-date symlink: /home/quan/thuc_hanh_tuan3/src/install/ur3_llm_control/local/lib/python3.10/dist-packages/ur3_llm_control/srv/_set_attachment_s.c
[19.464s] -- Up-to-date symlink: /home/quan/thuc_hanh_tuan3/src/install/ur3_llm_control/local/lib/python3.10/dist-packages/ur3_llm_control/ur3_llm_control_s__rosidl_typesupport_c.cpython-310-x86_64-linux-gnu.so
[19.464s] -- Up-to-date symlink: /home/quan/thuc_hanh_tuan3/src/install/ur3_llm_control/local/lib/python3.10/dist-packages/ur3_llm_control/ur3_llm_control_s__rosidl_typesupport_fastrtps_c.cpython-310-x86_64-linux-gnu.so
[19.464s] -- Up-to-date symlink: /home/quan/thuc_hanh_tuan3/src/install/ur3_llm_control/local/lib/python3.10/dist-packages/ur3_llm_control/ur3_llm_control_s__rosidl_typesupport_introspection_c.cpython-310-x86_64-linux-gnu.so
[19.465s] -- Up-to-date symlink: /home/quan/thuc_hanh_tuan3/src/install/ur3_llm_control/local/lib/python3.10/dist-packages/ur3_llm_control/ur3_llm_control_s__rosidl_typesupport_fastrtps_c.cpython-310-x86_64-linux-gnu.so
[19.465s] -- Up-to-date symlink: /home/quan/thuc_hanh_tuan3/src/install/ur3_llm_control/local/lib/python3.10/dist-packages/ur3_llm_control/ur3_llm_control_s__rosidl_typesupport_introspection_c.cpython-310-x86_64-linux-gnu.so
[19.465s] -- Up-to-date symlink: /home/quan/thuc_hanh_tuan3/src/install/ur3_llm_control/local/lib/python3.10/dist-packages/ur3_llm_control/ur3_llm_control_s__rosidl_typesupport_c.cpython-310-x86_64-linux-gnu.so
[19.465s] -- Up-to-date symlink: /home/quan/thuc_hanh_tuan3/src/install/ur3_llm_control/share/ur3_llm_control/rust/Cargo.toml
[19.465s] -- Up-to-date symlink: /home/quan/thuc_hanh_tuan3/src/install/ur3_llm_control/share/ur3_llm_control/rust/build.rs
[19.465s] -- Up-to-date symlink: /home/quan/thuc_hanh_tuan3/src/install/ur3_llm_control/share/ur3_llm_control/rust/src/lib.rs
[19.465s] -- Up-to-date symlink: /home/quan/thuc_hanh_tuan3/src/install/ur3_llm_control/share/ur3_llm_control/rust/src/srv.rs
[19.465s] -- Up-to-date symlink: /home/quan/thuc_hanh_tuan3/src/install/ur3_llm_control/share/ur3_llm_control/rust/src/srv/rmw.rs
[19.466s] -- Up-to-date symlink: /home/quan/thuc_hanh_tuan3/src/install/ur3_llm_control/share/ur3_llm_control/srv/ExecuteSkill.idl
[19.466s] -- Up-to-date symlink: /home/quan/thuc_hanh_tuan3/src/install/ur3_llm_control/share/ur3_llm_control/srv/SetAttachment.idl
[19.466s] -- Up-to-date symlink: /home/quan/thuc_hanh_tuan3/src/install/ur3_llm_control/share/ur3_llm_control/srv/GetWorldState.idl
[19.466s] -- Up-to-date symlink: /home/quan/thuc_hanh_tuan3/src/install/ur3_llm_control/share/ur3_llm_control/srv/ExecuteSkill.srv
[19.466s] -- Up-to-date symlink: /home/quan/thuc_hanh_tuan3/src/install/ur3_llm_control/share/ur3_llm_control/srv/ExecuteSkill_Request.msg
[19.466s] -- Up-to-date symlink: /home/quan/thuc_hanh_tuan3/src/install/ur3_llm_control/share/ur3_llm_control/srv/ExecuteSkill_Response.msg
[19.466s] -- Up-to-date symlink: /home/quan/thuc_hanh_tuan3/src/install/ur3_llm_control/share/ur3_llm_control/srv/SetAttachment.srv
[19.466s] -- Up-to-date symlink: /home/quan/thuc_hanh_tuan3/src/install/ur3_llm_control/share/ur3_llm_control/srv/SetAttachment_Request.msg
[19.466s] -- Up-to-date symlink: /home/quan/thuc_hanh_tuan3/src/install/ur3_llm_control/share/ur3_llm_control/srv/SetAttachment_Response.msg
[19.466s] -- Up-to-date symlink: /home/quan/thuc_hanh_tuan3/src/install/ur3_llm_control/share/ur3_llm_control/srv/GetWorldState.srv
[19.466s] -- Up-to-date symlink: /home/quan/thuc_hanh_tuan3/src/install/ur3_llm_control/share/ur3_llm_control/srv/GetWorldState_Request.msg
[19.466s] -- Up-to-date symlink: /home/quan/thuc_hanh_tuan3/src/install/ur3_llm_control/share/ur3_llm_control/srv/GetWorldState_Response.msg
[19.467s] -- Up-to-date symlink: /home/quan/thuc_hanh_tuan3/src/install/ur3_llm_control/lib/ur3_llm_control/robot_skills
[19.467s] -- Up-to-date symlink: /home/quan/thuc_hanh_tuan3/src/install/ur3_llm_control/lib/libur3_physical_gripper.so
[19.467s] -- Up-to-date symlink: /home/quan/thuc_hanh_tuan3/src/install/ur3_llm_control/lib/ur3_llm_control/llm_planner.py
[19.467s] -- Up-to-date symlink: /home/quan/thuc_hanh_tuan3/src/install/ur3_llm_control/lib/ur3_llm_control/task_validator.py
[19.467s] -- Up-to-date symlink: /home/quan/thuc_hanh_tuan3/src/install/ur3_llm_control/lib/ur3_llm_control/skill_executor.py
[19.467s] -- Up-to-date symlink: /home/quan/thuc_hanh_tuan3/src/install/ur3_llm_control/lib/ur3_llm_control/task_manager.py
[19.467s] -- Up-to-date symlink: /home/quan/thuc_hanh_tuan3/src/install/ur3_llm_control/lib/ur3_llm_control/camera_state.py
[19.467s] -- Up-to-date symlink: /home/quan/thuc_hanh_tuan3/src/install/ur3_llm_control/lib/ur3_llm_control/demo_occupied_zone.py
[19.467s] -- Symlinking: /home/quan/thuc_hanh_tuan3/src/install/ur3_llm_control/lib/ur3_llm_control/demo_purple_zone.py
[19.475s] -- Up-to-date symlink: /home/quan/thuc_hanh_tuan3/src/install/ur3_llm_control/share/ur3_llm_control/launch/llm_robot.launch.py
[19.475s] -- Up-to-date symlink: /home/quan/thuc_hanh_tuan3/src/install/ur3_llm_control/share/ur3_llm_control/config/home_joints.yaml
[19.475s] -- Up-to-date symlink: /home/quan/thuc_hanh_tuan3/src/install/ur3_llm_control/share/ur3_llm_control/config/scene.yaml
[19.476s] -- Up-to-date symlink: /home/quan/thuc_hanh_tuan3/src/install/ur3_llm_control/share/ur3_llm_control/config/staging_joints.yaml
[19.476s] -- Up-to-date symlink: /home/quan/thuc_hanh_tuan3/src/install/ur3_llm_control/share/ur3_llm_control/config/student_config.yaml
[19.476s] -- Up-to-date symlink: /home/quan/thuc_hanh_tuan3/src/install/ur3_llm_control/share/ur3_llm_control/config/ur3e/default_kinematics.yaml
[19.476s] -- Up-to-date symlink: /home/quan/thuc_hanh_tuan3/src/install/ur3_llm_control/share/ur3_llm_control/config/ur3e/joint_limits.yaml
[19.476s] -- Up-to-date symlink: /home/quan/thuc_hanh_tuan3/src/install/ur3_llm_control/share/ur3_llm_control/config/ur3e/physical_parameters.yaml
[19.476s] -- Up-to-date symlink: /home/quan/thuc_hanh_tuan3/src/install/ur3_llm_control/share/ur3_llm_control/config/ur3e/visual_parameters.yaml
[19.477s] -- Up-to-date symlink: /home/quan/thuc_hanh_tuan3/src/install/ur3_llm_control/share/ur3_llm_control/config/ur_controllers.yaml
[19.477s] -- Up-to-date symlink: /home/quan/thuc_hanh_tuan3/src/install/ur3_llm_control/share/ur3_llm_control/prompt/planner_prompt.txt
[19.478s] -- Up-to-date symlink: /home/quan/thuc_hanh_tuan3/src/install/ur3_llm_control/share/ur3_llm_control/worlds/assignment2.world
[19.478s] -- Up-to-date symlink: /home/quan/thuc_hanh_tuan3/src/install/ur3_llm_control/share/ur3_llm_control/models/blue_cube/model.config
[19.478s] -- Up-to-date symlink: /home/quan/thuc_hanh_tuan3/src/install/ur3_llm_control/share/ur3_llm_control/models/blue_cube/model.sdf
[19.478s] -- Up-to-date symlink: /home/quan/thuc_hanh_tuan3/src/install/ur3_llm_control/share/ur3_llm_control/models/buffer/model.config
[19.478s] -- Up-to-date symlink: /home/quan/thuc_hanh_tuan3/src/install/ur3_llm_control/share/ur3_llm_control/models/buffer/model.sdf
[19.478s] -- Up-to-date symlink: /home/quan/thuc_hanh_tuan3/src/install/ur3_llm_control/share/ur3_llm_control/models/green_cube/model.config
[19.479s] -- Up-to-date symlink: /home/quan/thuc_hanh_tuan3/src/install/ur3_llm_control/share/ur3_llm_control/models/green_cube/model.sdf
[19.479s] -- Up-to-date symlink: /home/quan/thuc_hanh_tuan3/src/install/ur3_llm_control/share/ur3_llm_control/models/purple_cube/model.config
[19.479s] -- Up-to-date symlink: /home/quan/thuc_hanh_tuan3/src/install/ur3_llm_control/share/ur3_llm_control/models/purple_cube/model.sdf
[19.479s] -- Up-to-date symlink: /home/quan/thuc_hanh_tuan3/src/install/ur3_llm_control/share/ur3_llm_control/models/red_cube/model.config
[19.479s] -- Up-to-date symlink: /home/quan/thuc_hanh_tuan3/src/install/ur3_llm_control/share/ur3_llm_control/models/red_cube/model.sdf
[19.479s] -- Up-to-date symlink: /home/quan/thuc_hanh_tuan3/src/install/ur3_llm_control/share/ur3_llm_control/models/ur3_task_table/model.config
[19.479s] -- Up-to-date symlink: /home/quan/thuc_hanh_tuan3/src/install/ur3_llm_control/share/ur3_llm_control/models/ur3_task_table/model.sdf
[19.479s] -- Up-to-date symlink: /home/quan/thuc_hanh_tuan3/src/install/ur3_llm_control/share/ur3_llm_control/models/yellow_cube/model.config
[19.479s] -- Up-to-date symlink: /home/quan/thuc_hanh_tuan3/src/install/ur3_llm_control/share/ur3_llm_control/models/yellow_cube/model.sdf
[19.479s] -- Up-to-date symlink: /home/quan/thuc_hanh_tuan3/src/install/ur3_llm_control/share/ur3_llm_control/models/zone_a/model.config
[19.479s] -- Up-to-date symlink: /home/quan/thuc_hanh_tuan3/src/install/ur3_llm_control/share/ur3_llm_control/models/zone_a/model.sdf
[19.479s] -- Up-to-date symlink: /home/quan/thuc_hanh_tuan3/src/install/ur3_llm_control/share/ur3_llm_control/models/zone_b/model.config
[19.480s] -- Up-to-date symlink: /home/quan/thuc_hanh_tuan3/src/install/ur3_llm_control/share/ur3_llm_control/models/zone_b/model.sdf
[19.480s] -- Up-to-date symlink: /home/quan/thuc_hanh_tuan3/src/install/ur3_llm_control/share/ur3_llm_control/models/zone_c/model.config
[19.480s] -- Up-to-date symlink: /home/quan/thuc_hanh_tuan3/src/install/ur3_llm_control/share/ur3_llm_control/models/zone_c/model.sdf
[19.480s] -- Up-to-date symlink: /home/quan/thuc_hanh_tuan3/src/install/ur3_llm_control/share/ur3_llm_control/urdf/ur3e_with_gripper.urdf.xacro
[19.480s] -- Up-to-date symlink: /home/quan/thuc_hanh_tuan3/src/install/ur3_llm_control/share/ur3_llm_control/srdf/ur_robotiq.srdf.xacro
[19.480s] -- Up-to-date symlink: /home/quan/thuc_hanh_tuan3/src/install/ur3_llm_control/share/ament_index/resource_index/package_run_dependencies/ur3_llm_control
[19.480s] -- Up-to-date symlink: /home/quan/thuc_hanh_tuan3/src/install/ur3_llm_control/share/ament_index/resource_index/parent_prefix_path/ur3_llm_control
[19.480s] -- Up-to-date symlink: /home/quan/thuc_hanh_tuan3/src/install/ur3_llm_control/share/ur3_llm_control/environment/ament_prefix_path.sh
[19.480s] -- Up-to-date symlink: /home/quan/thuc_hanh_tuan3/src/install/ur3_llm_control/share/ur3_llm_control/environment/ament_prefix_path.dsv
[19.480s] -- Up-to-date symlink: /home/quan/thuc_hanh_tuan3/src/install/ur3_llm_control/share/ur3_llm_control/environment/path.sh
[19.480s] -- Up-to-date symlink: /home/quan/thuc_hanh_tuan3/src/install/ur3_llm_control/share/ur3_llm_control/environment/path.dsv
[19.480s] -- Up-to-date symlink: /home/quan/thuc_hanh_tuan3/src/install/ur3_llm_control/share/ur3_llm_control/local_setup.bash
[19.480s] -- Up-to-date symlink: /home/quan/thuc_hanh_tuan3/src/install/ur3_llm_control/share/ur3_llm_control/local_setup.sh
[19.480s] -- Up-to-date symlink: /home/quan/thuc_hanh_tuan3/src/install/ur3_llm_control/share/ur3_llm_control/local_setup.zsh
[19.480s] -- Up-to-date symlink: /home/quan/thuc_hanh_tuan3/src/install/ur3_llm_control/share/ur3_llm_control/local_setup.dsv
[19.480s] -- Symlinking: /home/quan/thuc_hanh_tuan3/src/install/ur3_llm_control/share/ur3_llm_control/package.dsv
[19.487s] -- Up-to-date symlink: /home/quan/thuc_hanh_tuan3/src/install/ur3_llm_control/share/ament_index/resource_index/packages/ur3_llm_control
[19.488s] -- Up-to-date symlink: /home/quan/thuc_hanh_tuan3/src/install/ur3_llm_control/share/ur3_llm_control/cmake/rosidl_cmake-extras.cmake
[19.488s] -- Up-to-date symlink: /home/quan/thuc_hanh_tuan3/src/install/ur3_llm_control/share/ur3_llm_control/cmake/ament_cmake_export_include_directories-extras.cmake
[19.488s] -- Up-to-date symlink: /home/quan/thuc_hanh_tuan3/src/install/ur3_llm_control/share/ur3_llm_control/cmake/ament_cmake_export_libraries-extras.cmake
[19.488s] -- Up-to-date symlink: /home/quan/thuc_hanh_tuan3/src/install/ur3_llm_control/share/ur3_llm_control/cmake/ament_cmake_export_targets-extras.cmake
[19.488s] -- Up-to-date symlink: /home/quan/thuc_hanh_tuan3/src/install/ur3_llm_control/share/ur3_llm_control/cmake/rosidl_cmake_export_typesupport_targets-extras.cmake
[19.488s] -- Up-to-date symlink: /home/quan/thuc_hanh_tuan3/src/install/ur3_llm_control/share/ur3_llm_control/cmake/ament_cmake_export_dependencies-extras.cmake
[19.488s] -- Up-to-date symlink: /home/quan/thuc_hanh_tuan3/src/install/ur3_llm_control/share/ur3_llm_control/cmake/rosidl_cmake_export_typesupport_libraries-extras.cmake
[19.488s] -- Up-to-date symlink: /home/quan/thuc_hanh_tuan3/src/install/ur3_llm_control/share/ur3_llm_control/cmake/rosidl_cmake_aggregate_target-extras.cmake
[19.488s] -- Up-to-date symlink: /home/quan/thuc_hanh_tuan3/src/install/ur3_llm_control/share/ur3_llm_control/cmake/ur3_llm_controlConfig.cmake
[19.488s] -- Up-to-date symlink: /home/quan/thuc_hanh_tuan3/src/install/ur3_llm_control/share/ur3_llm_control/cmake/ur3_llm_controlConfig-version.cmake
[19.488s] -- Up-to-date symlink: /home/quan/thuc_hanh_tuan3/src/install/ur3_llm_control/share/ur3_llm_control/package.xml
[19.489s] -- Up-to-date: /home/quan/thuc_hanh_tuan3/src/install/ur3_llm_control/lib/libur3_llm_control__rosidl_generator_c.so
[19.489s] -- Up-to-date: /home/quan/thuc_hanh_tuan3/src/install/ur3_llm_control/lib/libur3_llm_control__rosidl_typesupport_fastrtps_c.so
[19.490s] -- Up-to-date: /home/quan/thuc_hanh_tuan3/src/install/ur3_llm_control/lib/libur3_llm_control__rosidl_typesupport_fastrtps_cpp.so
[19.490s] -- Up-to-date: /home/quan/thuc_hanh_tuan3/src/install/ur3_llm_control/lib/libur3_llm_control__rosidl_typesupport_introspection_c.so
[19.490s] -- Up-to-date: /home/quan/thuc_hanh_tuan3/src/install/ur3_llm_control/lib/libur3_llm_control__rosidl_typesupport_c.so
[19.491s] -- Up-to-date: /home/quan/thuc_hanh_tuan3/src/install/ur3_llm_control/lib/libur3_llm_control__rosidl_typesupport_introspection_cpp.so
[19.491s] -- Up-to-date: /home/quan/thuc_hanh_tuan3/src/install/ur3_llm_control/lib/libur3_llm_control__rosidl_typesupport_cpp.so
[19.526s] Listing '/home/quan/thuc_hanh_tuan3/src/install/ur3_llm_control/local/lib/python3.10/dist-packages/ur3_llm_control'...
[19.526s] Compiling '/home/quan/thuc_hanh_tuan3/src/install/ur3_llm_control/local/lib/python3.10/dist-packages/ur3_llm_control/__init__.py'...
[19.526s] Listing '/home/quan/thuc_hanh_tuan3/src/install/ur3_llm_control/local/lib/python3.10/dist-packages/ur3_llm_control/srv'...
[19.531s] -- Up-to-date: /home/quan/thuc_hanh_tuan3/src/install/ur3_llm_control/lib/libur3_llm_control__rosidl_generator_py.so
[19.531s] -- Up-to-date: /home/quan/thuc_hanh_tuan3/src/install/ur3_llm_control/share/ur3_llm_control/cmake/export_ur3_llm_control__rosidl_generator_cExport.cmake
[19.531s] -- Up-to-date: /home/quan/thuc_hanh_tuan3/src/install/ur3_llm_control/share/ur3_llm_control/cmake/export_ur3_llm_control__rosidl_generator_cExport-noconfig.cmake
[19.531s] -- Up-to-date: /home/quan/thuc_hanh_tuan3/src/install/ur3_llm_control/share/ur3_llm_control/cmake/export_ur3_llm_control__rosidl_typesupport_fastrtps_cExport.cmake
[19.532s] -- Up-to-date: /home/quan/thuc_hanh_tuan3/src/install/ur3_llm_control/share/ur3_llm_control/cmake/export_ur3_llm_control__rosidl_typesupport_fastrtps_cExport-noconfig.cmake
[19.532s] -- Up-to-date: /home/quan/thuc_hanh_tuan3/src/install/ur3_llm_control/share/ur3_llm_control/cmake/export_ur3_llm_control__rosidl_generator_cppExport.cmake
[19.532s] -- Up-to-date: /home/quan/thuc_hanh_tuan3/src/install/ur3_llm_control/share/ur3_llm_control/cmake/export_ur3_llm_control__rosidl_typesupport_fastrtps_cppExport.cmake
[19.533s] -- Up-to-date: /home/quan/thuc_hanh_tuan3/src/install/ur3_llm_control/share/ur3_llm_control/cmake/export_ur3_llm_control__rosidl_typesupport_fastrtps_cppExport-noconfig.cmake
[19.533s] -- Up-to-date: /home/quan/thuc_hanh_tuan3/src/install/ur3_llm_control/share/ur3_llm_control/cmake/ur3_llm_control__rosidl_typesupport_introspection_cExport.cmake
[19.533s] -- Up-to-date: /home/quan/thuc_hanh_tuan3/src/install/ur3_llm_control/share/ur3_llm_control/cmake/ur3_llm_control__rosidl_typesupport_introspection_cExport-noconfig.cmake
[19.533s] -- Up-to-date: /home/quan/thuc_hanh_tuan3/src/install/ur3_llm_control/share/ur3_llm_control/cmake/ur3_llm_control__rosidl_typesupport_cExport.cmake
[19.533s] -- Up-to-date: /home/quan/thuc_hanh_tuan3/src/install/ur3_llm_control/share/ur3_llm_control/cmake/ur3_llm_control__rosidl_typesupport_cExport-noconfig.cmake
[19.533s] -- Up-to-date: /home/quan/thuc_hanh_tuan3/src/install/ur3_llm_control/share/ur3_llm_control/cmake/ur3_llm_control__rosidl_typesupport_introspection_cppExport.cmake
[19.533s] -- Up-to-date: /home/quan/thuc_hanh_tuan3/src/install/ur3_llm_control/share/ur3_llm_control/cmake/ur3_llm_control__rosidl_typesupport_introspection_cppExport-noconfig.cmake
[19.533s] -- Up-to-date: /home/quan/thuc_hanh_tuan3/src/install/ur3_llm_control/share/ur3_llm_control/cmake/ur3_llm_control__rosidl_typesupport_cppExport.cmake
[19.533s] -- Up-to-date: /home/quan/thuc_hanh_tuan3/src/install/ur3_llm_control/share/ur3_llm_control/cmake/ur3_llm_control__rosidl_typesupport_cppExport-noconfig.cmake
[19.533s] -- Up-to-date: /home/quan/thuc_hanh_tuan3/src/install/ur3_llm_control/share/ur3_llm_control/cmake/export_ur3_llm_control__rosidl_generator_pyExport.cmake
[19.534s] -- Up-to-date: /home/quan/thuc_hanh_tuan3/src/install/ur3_llm_control/share/ur3_llm_control/cmake/export_ur3_llm_control__rosidl_generator_pyExport-noconfig.cmake
[19.536s] Invoked command in '/home/quan/thuc_hanh_tuan3/src/build/ur3_llm_control' returned '0': AMENT_PREFIX_PATH=/home/quan/thuc_hanh_tuan3/src/install/ur_simulation_gazebo:/home/quan/thuc_hanh_tuan3/src/install/robotiq_description:${AMENT_PREFIX_PATH} CMAKE_PREFIX_PATH=/home/quan/thuc_hanh_tuan3/src/install/ur_simulation_gazebo:/home/quan/thuc_hanh_tuan3/src/install/robotiq_description:/home/quan/thuc_hanh_tuan3/install/ur3_llm_control:/home/quan/thuc_hanh_tuan3/install/ur_simulation_gazebo:/home/quan/thuc_hanh_tuan3/install/robotiq_description:/home/quan/ros2_ws/install/robot1:/home/quan/ros2_ws/install/robot:/home/quan/ros2_ws/install/msgs_test:/home/quan/ros2_ws/install/component_pkg:/home/quan/ros2_ws/src/msgs_test/install/msgs_test:/home/quan/ros2_ws/install/my_turtlesim:/home/quan/ros2_ws/install/my_robot_logic:/home/quan/ros2_ws/install/my_robot_controller:/home/quan/ros2_ws/install/lifecycle_pkg:/opt/ros/humble /usr/bin/cmake --install /home/quan/thuc_hanh_tuan3/src/build/ur3_llm_control
