[0.013s] Invoking command in '/home/quan/thuc_hanh_tuan3/build/ur3_llm_control': CMAKE_PREFIX_PATH=/home/quan/thuc_hanh_tuan3/install/ur_simulation_gazebo:/home/quan/thuc_hanh_tuan3/install/ur3_llm_control:/home/quan/ros2_ws/install/robot1:/home/quan/ros2_ws/install/robot:/home/quan/ros2_ws/install/msgs_test:/home/quan/ros2_ws/install/component_pkg:/home/quan/ros2_ws/src/msgs_test/install/msgs_test:/home/quan/ros2_ws/install/my_turtlesim:/home/quan/ros2_ws/install/my_robot_logic:/home/quan/ros2_ws/install/my_robot_controller:/home/quan/ros2_ws/install/lifecycle_pkg:/opt/ros/humble /usr/bin/cmake --build /home/quan/thuc_hanh_tuan3/build/ur3_llm_control -- -j16 -l16
[0.067s] [  1%] Built target ur3_llm_control__cpp
[0.071s] [  3%] Built target ur3_llm_control__rs
[0.074s] [ 13%] Built target ur3_llm_control__rosidl_generator_c
[0.080s] [ 13%] Built target ament_cmake_python_symlink_ur3_llm_control
[0.092s] [ 23%] Built target ur3_llm_control__rosidl_typesupport_fastrtps_cpp
[0.094s] [ 32%] Built target ur3_llm_control__rosidl_typesupport_cpp
[0.099s] [ 42%] Built target ur3_llm_control__rosidl_typesupport_introspection_cpp
[0.100s] [ 51%] Built target ur3_llm_control__rosidl_typesupport_c
[0.103s] [ 71%] Built target ur3_llm_control__rosidl_typesupport_introspection_c
[0.103s] [ 71%] Built target ur3_llm_control__rosidl_typesupport_fastrtps_c
[0.125s] [ 71%] Built target ur3_llm_control
[0.148s] [ 73%] Built target ur3_llm_control__py
[0.152s] Consolidate compiler generated dependencies of target ur3_virtual_attachment
[0.159s] [ 76%] Built target robot_skills
[0.173s] [ 84%] Built target ur3_llm_control__rosidl_generator_py
[0.173s] [ 86%] Building CXX object CMakeFiles/ur3_virtual_attachment.dir/src/virtual_attachment.cpp.o
[0.199s] [ 90%] Built target ur3_llm_control__rosidl_typesupport_introspection_c__pyext
[0.199s] [ 94%] Built target ur3_llm_control__rosidl_typesupport_c__pyext
[0.201s] [ 98%] Built target ur3_llm_control__rosidl_typesupport_fastrtps_c__pyext
[0.331s] running egg_info
[0.332s] writing ur3_llm_control.egg-info/PKG-INFO
[0.332s] writing dependency_links to ur3_llm_control.egg-info/dependency_links.txt
[0.333s] writing top-level names to ur3_llm_control.egg-info/top_level.txt
[0.335s] reading manifest file 'ur3_llm_control.egg-info/SOURCES.txt'
[0.335s] writing manifest file 'ur3_llm_control.egg-info/SOURCES.txt'
[0.361s] [ 98%] Built target ament_cmake_python_build_ur3_llm_control_egg
[8.490s] [100%] Linking CXX shared library libur3_virtual_attachment.so
[8.813s] [100%] Built target ur3_virtual_attachment
[8.827s] Invoked command in '/home/quan/thuc_hanh_tuan3/build/ur3_llm_control' returned '0': CMAKE_PREFIX_PATH=/home/quan/thuc_hanh_tuan3/install/ur_simulation_gazebo:/home/quan/thuc_hanh_tuan3/install/ur3_llm_control:/home/quan/ros2_ws/install/robot1:/home/quan/ros2_ws/install/robot:/home/quan/ros2_ws/install/msgs_test:/home/quan/ros2_ws/install/component_pkg:/home/quan/ros2_ws/src/msgs_test/install/msgs_test:/home/quan/ros2_ws/install/my_turtlesim:/home/quan/ros2_ws/install/my_robot_logic:/home/quan/ros2_ws/install/my_robot_controller:/home/quan/ros2_ws/install/lifecycle_pkg:/opt/ros/humble /usr/bin/cmake --build /home/quan/thuc_hanh_tuan3/build/ur3_llm_control -- -j16 -l16
[8.836s] Invoking command in '/home/quan/thuc_hanh_tuan3/build/ur3_llm_control': CMAKE_PREFIX_PATH=/home/quan/thuc_hanh_tuan3/install/ur_simulation_gazebo:/home/quan/thuc_hanh_tuan3/install/ur3_llm_control:/home/quan/ros2_ws/install/robot1:/home/quan/ros2_ws/install/robot:/home/quan/ros2_ws/install/msgs_test:/home/quan/ros2_ws/install/component_pkg:/home/quan/ros2_ws/src/msgs_test/install/msgs_test:/home/quan/ros2_ws/install/my_turtlesim:/home/quan/ros2_ws/install/my_robot_logic:/home/quan/ros2_ws/install/my_robot_controller:/home/quan/ros2_ws/install/lifecycle_pkg:/opt/ros/humble /usr/bin/cmake --install /home/quan/thuc_hanh_tuan3/build/ur3_llm_control
[8.843s] -- Install configuration: ""
[8.843s] -- Execute custom install script
[8.844s] -- Up-to-date symlink: /home/quan/thuc_hanh_tuan3/install/ur3_llm_control/share/ament_index/resource_index/rosidl_interfaces/ur3_llm_control
[8.844s] -- Up-to-date symlink: /home/quan/thuc_hanh_tuan3/install/ur3_llm_control/include/ur3_llm_control/ur3_llm_control/msg/rosidl_generator_c__visibility_control.h
[8.844s] -- Up-to-date symlink: /home/quan/thuc_hanh_tuan3/install/ur3_llm_control/include/ur3_llm_control/ur3_llm_control/srv/detail/execute_skill__functions.h
[8.844s] -- Up-to-date symlink: /home/quan/thuc_hanh_tuan3/install/ur3_llm_control/include/ur3_llm_control/ur3_llm_control/srv/detail/execute_skill__struct.h
[8.845s] -- Up-to-date symlink: /home/quan/thuc_hanh_tuan3/install/ur3_llm_control/include/ur3_llm_control/ur3_llm_control/srv/detail/execute_skill__type_support.h
[8.845s] -- Up-to-date symlink: /home/quan/thuc_hanh_tuan3/install/ur3_llm_control/include/ur3_llm_control/ur3_llm_control/srv/detail/get_world_state__functions.h
[8.845s] -- Up-to-date symlink: /home/quan/thuc_hanh_tuan3/install/ur3_llm_control/include/ur3_llm_control/ur3_llm_control/srv/detail/get_world_state__struct.h
[8.845s] -- Up-to-date symlink: /home/quan/thuc_hanh_tuan3/install/ur3_llm_control/include/ur3_llm_control/ur3_llm_control/srv/detail/get_world_state__type_support.h
[8.845s] -- Up-to-date symlink: /home/quan/thuc_hanh_tuan3/install/ur3_llm_control/include/ur3_llm_control/ur3_llm_control/srv/detail/set_attachment__functions.h
[8.845s] -- Up-to-date symlink: /home/quan/thuc_hanh_tuan3/install/ur3_llm_control/include/ur3_llm_control/ur3_llm_control/srv/detail/set_attachment__struct.h
[8.845s] -- Up-to-date symlink: /home/quan/thuc_hanh_tuan3/install/ur3_llm_control/include/ur3_llm_control/ur3_llm_control/srv/detail/set_attachment__type_support.h
[8.845s] -- Up-to-date symlink: /home/quan/thuc_hanh_tuan3/install/ur3_llm_control/include/ur3_llm_control/ur3_llm_control/srv/execute_skill.h
[8.846s] -- Up-to-date symlink: /home/quan/thuc_hanh_tuan3/install/ur3_llm_control/include/ur3_llm_control/ur3_llm_control/srv/get_world_state.h
[8.846s] -- Up-to-date symlink: /home/quan/thuc_hanh_tuan3/install/ur3_llm_control/include/ur3_llm_control/ur3_llm_control/srv/set_attachment.h
[8.846s] -- Up-to-date symlink: /home/quan/thuc_hanh_tuan3/install/ur3_llm_control/share/ur3_llm_control/environment/library_path.sh
[8.846s] -- Up-to-date symlink: /home/quan/thuc_hanh_tuan3/install/ur3_llm_control/share/ur3_llm_control/environment/library_path.dsv
[8.846s] -- Up-to-date symlink: /home/quan/thuc_hanh_tuan3/install/ur3_llm_control/include/ur3_llm_control/ur3_llm_control/msg/rosidl_typesupport_fastrtps_c__visibility_control.h
[8.846s] -- Up-to-date symlink: /home/quan/thuc_hanh_tuan3/install/ur3_llm_control/include/ur3_llm_control/ur3_llm_control/srv/detail/execute_skill__rosidl_typesupport_fastrtps_c.h
[8.846s] -- Up-to-date symlink: /home/quan/thuc_hanh_tuan3/install/ur3_llm_control/include/ur3_llm_control/ur3_llm_control/srv/detail/get_world_state__rosidl_typesupport_fastrtps_c.h
[8.846s] -- Up-to-date symlink: /home/quan/thuc_hanh_tuan3/install/ur3_llm_control/include/ur3_llm_control/ur3_llm_control/srv/detail/set_attachment__rosidl_typesupport_fastrtps_c.h
[8.847s] -- Up-to-date symlink: /home/quan/thuc_hanh_tuan3/install/ur3_llm_control/include/ur3_llm_control/ur3_llm_control/msg/rosidl_generator_cpp__visibility_control.hpp
[8.847s] -- Up-to-date symlink: /home/quan/thuc_hanh_tuan3/install/ur3_llm_control/include/ur3_llm_control/ur3_llm_control/srv/detail/execute_skill__builder.hpp
[8.847s] -- Up-to-date symlink: /home/quan/thuc_hanh_tuan3/install/ur3_llm_control/include/ur3_llm_control/ur3_llm_control/srv/detail/execute_skill__struct.hpp
[8.847s] -- Up-to-date symlink: /home/quan/thuc_hanh_tuan3/install/ur3_llm_control/include/ur3_llm_control/ur3_llm_control/srv/detail/execute_skill__traits.hpp
[8.847s] -- Up-to-date symlink: /home/quan/thuc_hanh_tuan3/install/ur3_llm_control/include/ur3_llm_control/ur3_llm_control/srv/detail/execute_skill__type_support.hpp
[8.847s] -- Up-to-date symlink: /home/quan/thuc_hanh_tuan3/install/ur3_llm_control/include/ur3_llm_control/ur3_llm_control/srv/detail/get_world_state__builder.hpp
[8.847s] -- Up-to-date symlink: /home/quan/thuc_hanh_tuan3/install/ur3_llm_control/include/ur3_llm_control/ur3_llm_control/srv/detail/get_world_state__struct.hpp
[8.847s] -- Up-to-date symlink: /home/quan/thuc_hanh_tuan3/install/ur3_llm_control/include/ur3_llm_control/ur3_llm_control/srv/detail/get_world_state__traits.hpp
[8.847s] -- Up-to-date symlink: /home/quan/thuc_hanh_tuan3/install/ur3_llm_control/include/ur3_llm_control/ur3_llm_control/srv/detail/get_world_state__type_support.hpp
[8.848s] -- Up-to-date symlink: /home/quan/thuc_hanh_tuan3/install/ur3_llm_control/include/ur3_llm_control/ur3_llm_control/srv/detail/set_attachment__builder.hpp
[8.848s] -- Up-to-date symlink: /home/quan/thuc_hanh_tuan3/install/ur3_llm_control/include/ur3_llm_control/ur3_llm_control/srv/detail/set_attachment__struct.hpp
[8.848s] -- Up-to-date symlink: /home/quan/thuc_hanh_tuan3/install/ur3_llm_control/include/ur3_llm_control/ur3_llm_control/srv/detail/set_attachment__traits.hpp
[8.848s] -- Up-to-date symlink: /home/quan/thuc_hanh_tuan3/install/ur3_llm_control/include/ur3_llm_control/ur3_llm_control/srv/detail/set_attachment__type_support.hpp
[8.848s] -- Up-to-date symlink: /home/quan/thuc_hanh_tuan3/install/ur3_llm_control/include/ur3_llm_control/ur3_llm_control/srv/execute_skill.hpp
[8.848s] -- Up-to-date symlink: /home/quan/thuc_hanh_tuan3/install/ur3_llm_control/include/ur3_llm_control/ur3_llm_control/srv/get_world_state.hpp
[8.848s] -- Up-to-date symlink: /home/quan/thuc_hanh_tuan3/install/ur3_llm_control/include/ur3_llm_control/ur3_llm_control/srv/set_attachment.hpp
[8.848s] -- Up-to-date symlink: /home/quan/thuc_hanh_tuan3/install/ur3_llm_control/include/ur3_llm_control/ur3_llm_control/msg/rosidl_typesupport_fastrtps_cpp__visibility_control.h
[8.848s] -- Up-to-date symlink: /home/quan/thuc_hanh_tuan3/install/ur3_llm_control/include/ur3_llm_control/ur3_llm_control/srv/detail/execute_skill__rosidl_typesupport_fastrtps_cpp.hpp
[8.849s] -- Up-to-date symlink: /home/quan/thuc_hanh_tuan3/install/ur3_llm_control/include/ur3_llm_control/ur3_llm_control/srv/detail/get_world_state__rosidl_typesupport_fastrtps_cpp.hpp
[8.849s] -- Up-to-date symlink: /home/quan/thuc_hanh_tuan3/install/ur3_llm_control/include/ur3_llm_control/ur3_llm_control/srv/detail/set_attachment__rosidl_typesupport_fastrtps_cpp.hpp
[8.849s] -- Up-to-date symlink: /home/quan/thuc_hanh_tuan3/install/ur3_llm_control/include/ur3_llm_control/ur3_llm_control/msg/rosidl_typesupport_introspection_c__visibility_control.h
[8.849s] -- Up-to-date symlink: /home/quan/thuc_hanh_tuan3/install/ur3_llm_control/include/ur3_llm_control/ur3_llm_control/srv/detail/execute_skill__rosidl_typesupport_introspection_c.h
[8.849s] -- Up-to-date symlink: /home/quan/thuc_hanh_tuan3/install/ur3_llm_control/include/ur3_llm_control/ur3_llm_control/srv/detail/get_world_state__rosidl_typesupport_introspection_c.h
[8.849s] -- Up-to-date symlink: /home/quan/thuc_hanh_tuan3/install/ur3_llm_control/include/ur3_llm_control/ur3_llm_control/srv/detail/set_attachment__rosidl_typesupport_introspection_c.h
[8.849s] -- Up-to-date symlink: /home/quan/thuc_hanh_tuan3/install/ur3_llm_control/include/ur3_llm_control/ur3_llm_control/srv/detail/execute_skill__rosidl_typesupport_introspection_cpp.hpp
[8.849s] -- Up-to-date symlink: /home/quan/thuc_hanh_tuan3/install/ur3_llm_control/include/ur3_llm_control/ur3_llm_control/srv/detail/get_world_state__rosidl_typesupport_introspection_cpp.hpp
[8.850s] -- Up-to-date symlink: /home/quan/thuc_hanh_tuan3/install/ur3_llm_control/include/ur3_llm_control/ur3_llm_control/srv/detail/set_attachment__rosidl_typesupport_introspection_cpp.hpp
[8.850s] -- Up-to-date symlink: /home/quan/thuc_hanh_tuan3/install/ur3_llm_control/share/ur3_llm_control/environment/pythonpath.sh
[8.850s] -- Up-to-date symlink: /home/quan/thuc_hanh_tuan3/install/ur3_llm_control/share/ur3_llm_control/environment/pythonpath.dsv
[8.850s] -- Up-to-date symlink: /home/quan/thuc_hanh_tuan3/install/ur3_llm_control/local/lib/python3.10/dist-packages/ur3_llm_control-0.1.0-py3.10.egg-info/PKG-INFO
[8.850s] -- Up-to-date symlink: /home/quan/thuc_hanh_tuan3/install/ur3_llm_control/local/lib/python3.10/dist-packages/ur3_llm_control-0.1.0-py3.10.egg-info/SOURCES.txt
[8.850s] -- Up-to-date symlink: /home/quan/thuc_hanh_tuan3/install/ur3_llm_control/local/lib/python3.10/dist-packages/ur3_llm_control-0.1.0-py3.10.egg-info/dependency_links.txt
[8.851s] -- Up-to-date symlink: /home/quan/thuc_hanh_tuan3/install/ur3_llm_control/local/lib/python3.10/dist-packages/ur3_llm_control-0.1.0-py3.10.egg-info/top_level.txt
[8.851s] -- Up-to-date symlink: /home/quan/thuc_hanh_tuan3/install/ur3_llm_control/local/lib/python3.10/dist-packages/ur3_llm_control/__init__.py
[8.851s] -- Up-to-date symlink: /home/quan/thuc_hanh_tuan3/install/ur3_llm_control/local/lib/python3.10/dist-packages/ur3_llm_control/_ur3_llm_control_s.ep.rosidl_typesupport_c.c
[8.851s] -- Up-to-date symlink: /home/quan/thuc_hanh_tuan3/install/ur3_llm_control/local/lib/python3.10/dist-packages/ur3_llm_control/_ur3_llm_control_s.ep.rosidl_typesupport_fastrtps_c.c
[8.851s] -- Up-to-date symlink: /home/quan/thuc_hanh_tuan3/install/ur3_llm_control/local/lib/python3.10/dist-packages/ur3_llm_control/_ur3_llm_control_s.ep.rosidl_typesupport_introspection_c.c
[8.851s] -- Up-to-date symlink: /home/quan/thuc_hanh_tuan3/install/ur3_llm_control/local/lib/python3.10/dist-packages/ur3_llm_control/libur3_llm_control__rosidl_generator_py.so
[8.851s] -- Up-to-date symlink: /home/quan/thuc_hanh_tuan3/install/ur3_llm_control/local/lib/python3.10/dist-packages/ur3_llm_control/srv/__init__.py
[8.851s] -- Up-to-date symlink: /home/quan/thuc_hanh_tuan3/install/ur3_llm_control/local/lib/python3.10/dist-packages/ur3_llm_control/srv/_execute_skill.py
[8.852s] -- Up-to-date symlink: /home/quan/thuc_hanh_tuan3/install/ur3_llm_control/local/lib/python3.10/dist-packages/ur3_llm_control/srv/_execute_skill_s.c
[8.852s] -- Up-to-date symlink: /home/quan/thuc_hanh_tuan3/install/ur3_llm_control/local/lib/python3.10/dist-packages/ur3_llm_control/srv/_get_world_state.py
[8.852s] -- Up-to-date symlink: /home/quan/thuc_hanh_tuan3/install/ur3_llm_control/local/lib/python3.10/dist-packages/ur3_llm_control/srv/_get_world_state_s.c
[8.852s] -- Up-to-date symlink: /home/quan/thuc_hanh_tuan3/install/ur3_llm_control/local/lib/python3.10/dist-packages/ur3_llm_control/srv/_set_attachment.py
[8.852s] -- Up-to-date symlink: /home/quan/thuc_hanh_tuan3/install/ur3_llm_control/local/lib/python3.10/dist-packages/ur3_llm_control/srv/_set_attachment_s.c
[8.852s] -- Up-to-date symlink: /home/quan/thuc_hanh_tuan3/install/ur3_llm_control/local/lib/python3.10/dist-packages/ur3_llm_control/ur3_llm_control_s__rosidl_typesupport_c.cpython-310-x86_64-linux-gnu.so
[8.853s] -- Up-to-date symlink: /home/quan/thuc_hanh_tuan3/install/ur3_llm_control/local/lib/python3.10/dist-packages/ur3_llm_control/ur3_llm_control_s__rosidl_typesupport_fastrtps_c.cpython-310-x86_64-linux-gnu.so
[8.853s] -- Up-to-date symlink: /home/quan/thuc_hanh_tuan3/install/ur3_llm_control/local/lib/python3.10/dist-packages/ur3_llm_control/ur3_llm_control_s__rosidl_typesupport_introspection_c.cpython-310-x86_64-linux-gnu.so
[8.853s] -- Up-to-date symlink: /home/quan/thuc_hanh_tuan3/install/ur3_llm_control/local/lib/python3.10/dist-packages/ur3_llm_control/ur3_llm_control_s__rosidl_typesupport_fastrtps_c.cpython-310-x86_64-linux-gnu.so
[8.853s] -- Up-to-date symlink: /home/quan/thuc_hanh_tuan3/install/ur3_llm_control/local/lib/python3.10/dist-packages/ur3_llm_control/ur3_llm_control_s__rosidl_typesupport_introspection_c.cpython-310-x86_64-linux-gnu.so
[8.853s] -- Up-to-date symlink: /home/quan/thuc_hanh_tuan3/install/ur3_llm_control/local/lib/python3.10/dist-packages/ur3_llm_control/ur3_llm_control_s__rosidl_typesupport_c.cpython-310-x86_64-linux-gnu.so
[8.853s] -- Up-to-date symlink: /home/quan/thuc_hanh_tuan3/install/ur3_llm_control/share/ur3_llm_control/rust/Cargo.toml
[8.853s] -- Up-to-date symlink: /home/quan/thuc_hanh_tuan3/install/ur3_llm_control/share/ur3_llm_control/rust/build.rs
[8.853s] -- Up-to-date symlink: /home/quan/thuc_hanh_tuan3/install/ur3_llm_control/share/ur3_llm_control/rust/src/lib.rs
[8.853s] -- Up-to-date symlink: /home/quan/thuc_hanh_tuan3/install/ur3_llm_control/share/ur3_llm_control/rust/src/srv.rs
[8.853s] -- Up-to-date symlink: /home/quan/thuc_hanh_tuan3/install/ur3_llm_control/share/ur3_llm_control/rust/src/srv/rmw.rs
[8.854s] -- Up-to-date symlink: /home/quan/thuc_hanh_tuan3/install/ur3_llm_control/share/ur3_llm_control/srv/ExecuteSkill.idl
[8.854s] -- Up-to-date symlink: /home/quan/thuc_hanh_tuan3/install/ur3_llm_control/share/ur3_llm_control/srv/SetAttachment.idl
[8.854s] -- Up-to-date symlink: /home/quan/thuc_hanh_tuan3/install/ur3_llm_control/share/ur3_llm_control/srv/GetWorldState.idl
[8.854s] -- Up-to-date symlink: /home/quan/thuc_hanh_tuan3/install/ur3_llm_control/share/ur3_llm_control/srv/ExecuteSkill.srv
[8.854s] -- Up-to-date symlink: /home/quan/thuc_hanh_tuan3/install/ur3_llm_control/share/ur3_llm_control/srv/ExecuteSkill_Request.msg
[8.854s] -- Up-to-date symlink: /home/quan/thuc_hanh_tuan3/install/ur3_llm_control/share/ur3_llm_control/srv/ExecuteSkill_Response.msg
[8.854s] -- Up-to-date symlink: /home/quan/thuc_hanh_tuan3/install/ur3_llm_control/share/ur3_llm_control/srv/SetAttachment.srv
[8.855s] -- Up-to-date symlink: /home/quan/thuc_hanh_tuan3/install/ur3_llm_control/share/ur3_llm_control/srv/SetAttachment_Request.msg
[8.855s] -- Up-to-date symlink: /home/quan/thuc_hanh_tuan3/install/ur3_llm_control/share/ur3_llm_control/srv/SetAttachment_Response.msg
[8.855s] -- Up-to-date symlink: /home/quan/thuc_hanh_tuan3/install/ur3_llm_control/share/ur3_llm_control/srv/GetWorldState.srv
[8.855s] -- Up-to-date symlink: /home/quan/thuc_hanh_tuan3/install/ur3_llm_control/share/ur3_llm_control/srv/GetWorldState_Request.msg
[8.855s] -- Up-to-date symlink: /home/quan/thuc_hanh_tuan3/install/ur3_llm_control/share/ur3_llm_control/srv/GetWorldState_Response.msg
[8.855s] -- Up-to-date symlink: /home/quan/thuc_hanh_tuan3/install/ur3_llm_control/lib/ur3_llm_control/robot_skills
[8.855s] -- Up-to-date symlink: /home/quan/thuc_hanh_tuan3/install/ur3_llm_control/lib/libur3_virtual_attachment.so
[8.855s] -- Up-to-date symlink: /home/quan/thuc_hanh_tuan3/install/ur3_llm_control/lib/ur3_llm_control/llm_planner.py
[8.855s] -- Up-to-date symlink: /home/quan/thuc_hanh_tuan3/install/ur3_llm_control/lib/ur3_llm_control/task_validator.py
[8.856s] -- Up-to-date symlink: /home/quan/thuc_hanh_tuan3/install/ur3_llm_control/lib/ur3_llm_control/skill_executor.py
[8.856s] -- Up-to-date symlink: /home/quan/thuc_hanh_tuan3/install/ur3_llm_control/lib/ur3_llm_control/task_manager.py
[8.856s] -- Up-to-date symlink: /home/quan/thuc_hanh_tuan3/install/ur3_llm_control/lib/ur3_llm_control/camera_state.py
[8.856s] -- Up-to-date symlink: /home/quan/thuc_hanh_tuan3/install/ur3_llm_control/share/ur3_llm_control/launch/llm_robot.launch.py
[8.856s] -- Up-to-date symlink: /home/quan/thuc_hanh_tuan3/install/ur3_llm_control/share/ur3_llm_control/config/home_joints.yaml
[8.856s] -- Up-to-date symlink: /home/quan/thuc_hanh_tuan3/install/ur3_llm_control/share/ur3_llm_control/config/scene.yaml
[8.856s] -- Up-to-date symlink: /home/quan/thuc_hanh_tuan3/install/ur3_llm_control/share/ur3_llm_control/config/staging_joints.yaml
[8.856s] -- Up-to-date symlink: /home/quan/thuc_hanh_tuan3/install/ur3_llm_control/share/ur3_llm_control/config/student_config.yaml
[8.856s] -- Up-to-date symlink: /home/quan/thuc_hanh_tuan3/install/ur3_llm_control/share/ur3_llm_control/config/ur_controllers.yaml
[8.856s] -- Up-to-date symlink: /home/quan/thuc_hanh_tuan3/install/ur3_llm_control/share/ur3_llm_control/prompt/planner_prompt.txt
[8.856s] -- Up-to-date symlink: /home/quan/thuc_hanh_tuan3/install/ur3_llm_control/share/ur3_llm_control/worlds/assignment2.world
[8.856s] -- Up-to-date symlink: /home/quan/thuc_hanh_tuan3/install/ur3_llm_control/share/ur3_llm_control/models/blue_cube/model.config
[8.856s] -- Up-to-date symlink: /home/quan/thuc_hanh_tuan3/install/ur3_llm_control/share/ur3_llm_control/models/blue_cube/model.sdf
[8.856s] -- Up-to-date symlink: /home/quan/thuc_hanh_tuan3/install/ur3_llm_control/share/ur3_llm_control/models/buffer/model.config
[8.857s] -- Up-to-date symlink: /home/quan/thuc_hanh_tuan3/install/ur3_llm_control/share/ur3_llm_control/models/buffer/model.sdf
[8.857s] -- Up-to-date symlink: /home/quan/thuc_hanh_tuan3/install/ur3_llm_control/share/ur3_llm_control/models/green_cube/model.config
[8.857s] -- Up-to-date symlink: /home/quan/thuc_hanh_tuan3/install/ur3_llm_control/share/ur3_llm_control/models/green_cube/model.sdf
[8.857s] -- Up-to-date symlink: /home/quan/thuc_hanh_tuan3/install/ur3_llm_control/share/ur3_llm_control/models/purple_cube/model.config
[8.857s] -- Up-to-date symlink: /home/quan/thuc_hanh_tuan3/install/ur3_llm_control/share/ur3_llm_control/models/purple_cube/model.sdf
[8.857s] -- Up-to-date symlink: /home/quan/thuc_hanh_tuan3/install/ur3_llm_control/share/ur3_llm_control/models/red_cube/model.config
[8.857s] -- Up-to-date symlink: /home/quan/thuc_hanh_tuan3/install/ur3_llm_control/share/ur3_llm_control/models/red_cube/model.sdf
[8.857s] -- Symlinking: /home/quan/thuc_hanh_tuan3/install/ur3_llm_control/share/ur3_llm_control/models/ur3_task_gripper/model.config
[8.865s] -- Symlinking: /home/quan/thuc_hanh_tuan3/install/ur3_llm_control/share/ur3_llm_control/models/ur3_task_gripper/model.sdf
[8.873s] -- Up-to-date symlink: /home/quan/thuc_hanh_tuan3/install/ur3_llm_control/share/ur3_llm_control/models/ur3_task_table/model.config
[8.873s] -- Up-to-date symlink: /home/quan/thuc_hanh_tuan3/install/ur3_llm_control/share/ur3_llm_control/models/ur3_task_table/model.sdf
[8.873s] -- Up-to-date symlink: /home/quan/thuc_hanh_tuan3/install/ur3_llm_control/share/ur3_llm_control/models/yellow_cube/model.config
[8.874s] -- Up-to-date symlink: /home/quan/thuc_hanh_tuan3/install/ur3_llm_control/share/ur3_llm_control/models/yellow_cube/model.sdf
[8.874s] -- Up-to-date symlink: /home/quan/thuc_hanh_tuan3/install/ur3_llm_control/share/ur3_llm_control/models/zone_a/model.config
[8.874s] -- Up-to-date symlink: /home/quan/thuc_hanh_tuan3/install/ur3_llm_control/share/ur3_llm_control/models/zone_a/model.sdf
[8.874s] -- Up-to-date symlink: /home/quan/thuc_hanh_tuan3/install/ur3_llm_control/share/ur3_llm_control/models/zone_b/model.config
[8.874s] -- Up-to-date symlink: /home/quan/thuc_hanh_tuan3/install/ur3_llm_control/share/ur3_llm_control/models/zone_b/model.sdf
[8.874s] -- Up-to-date symlink: /home/quan/thuc_hanh_tuan3/install/ur3_llm_control/share/ur3_llm_control/models/zone_c/model.config
[8.874s] -- Up-to-date symlink: /home/quan/thuc_hanh_tuan3/install/ur3_llm_control/share/ur3_llm_control/models/zone_c/model.sdf
[8.874s] -- Up-to-date symlink: /home/quan/thuc_hanh_tuan3/install/ur3_llm_control/share/ament_index/resource_index/package_run_dependencies/ur3_llm_control
[8.874s] -- Up-to-date symlink: /home/quan/thuc_hanh_tuan3/install/ur3_llm_control/share/ament_index/resource_index/parent_prefix_path/ur3_llm_control
[8.874s] -- Up-to-date symlink: /home/quan/thuc_hanh_tuan3/install/ur3_llm_control/share/ur3_llm_control/environment/ament_prefix_path.sh
[8.874s] -- Up-to-date symlink: /home/quan/thuc_hanh_tuan3/install/ur3_llm_control/share/ur3_llm_control/environment/ament_prefix_path.dsv
[8.874s] -- Up-to-date symlink: /home/quan/thuc_hanh_tuan3/install/ur3_llm_control/share/ur3_llm_control/environment/path.sh
[8.874s] -- Up-to-date symlink: /home/quan/thuc_hanh_tuan3/install/ur3_llm_control/share/ur3_llm_control/environment/path.dsv
[8.874s] -- Up-to-date symlink: /home/quan/thuc_hanh_tuan3/install/ur3_llm_control/share/ur3_llm_control/local_setup.bash
[8.874s] -- Up-to-date symlink: /home/quan/thuc_hanh_tuan3/install/ur3_llm_control/share/ur3_llm_control/local_setup.sh
[8.874s] -- Up-to-date symlink: /home/quan/thuc_hanh_tuan3/install/ur3_llm_control/share/ur3_llm_control/local_setup.zsh
[8.874s] -- Up-to-date symlink: /home/quan/thuc_hanh_tuan3/install/ur3_llm_control/share/ur3_llm_control/local_setup.dsv
[8.874s] -- Symlinking: /home/quan/thuc_hanh_tuan3/install/ur3_llm_control/share/ur3_llm_control/package.dsv
[8.882s] -- Up-to-date symlink: /home/quan/thuc_hanh_tuan3/install/ur3_llm_control/share/ament_index/resource_index/packages/ur3_llm_control
[8.882s] -- Up-to-date symlink: /home/quan/thuc_hanh_tuan3/install/ur3_llm_control/share/ur3_llm_control/cmake/rosidl_cmake-extras.cmake
[8.882s] -- Up-to-date symlink: /home/quan/thuc_hanh_tuan3/install/ur3_llm_control/share/ur3_llm_control/cmake/ament_cmake_export_include_directories-extras.cmake
[8.882s] -- Up-to-date symlink: /home/quan/thuc_hanh_tuan3/install/ur3_llm_control/share/ur3_llm_control/cmake/ament_cmake_export_libraries-extras.cmake
[8.882s] -- Up-to-date symlink: /home/quan/thuc_hanh_tuan3/install/ur3_llm_control/share/ur3_llm_control/cmake/ament_cmake_export_targets-extras.cmake
[8.882s] -- Up-to-date symlink: /home/quan/thuc_hanh_tuan3/install/ur3_llm_control/share/ur3_llm_control/cmake/rosidl_cmake_export_typesupport_targets-extras.cmake
[8.882s] -- Up-to-date symlink: /home/quan/thuc_hanh_tuan3/install/ur3_llm_control/share/ur3_llm_control/cmake/ament_cmake_export_dependencies-extras.cmake
[8.882s] -- Up-to-date symlink: /home/quan/thuc_hanh_tuan3/install/ur3_llm_control/share/ur3_llm_control/cmake/rosidl_cmake_export_typesupport_libraries-extras.cmake
[8.883s] -- Up-to-date symlink: /home/quan/thuc_hanh_tuan3/install/ur3_llm_control/share/ur3_llm_control/cmake/rosidl_cmake_aggregate_target-extras.cmake
[8.883s] -- Up-to-date symlink: /home/quan/thuc_hanh_tuan3/install/ur3_llm_control/share/ur3_llm_control/cmake/ur3_llm_controlConfig.cmake
[8.883s] -- Up-to-date symlink: /home/quan/thuc_hanh_tuan3/install/ur3_llm_control/share/ur3_llm_control/cmake/ur3_llm_controlConfig-version.cmake
[8.883s] -- Up-to-date symlink: /home/quan/thuc_hanh_tuan3/install/ur3_llm_control/share/ur3_llm_control/package.xml
[8.883s] -- Up-to-date: /home/quan/thuc_hanh_tuan3/install/ur3_llm_control/lib/libur3_llm_control__rosidl_generator_c.so
[8.883s] -- Up-to-date: /home/quan/thuc_hanh_tuan3/install/ur3_llm_control/lib/libur3_llm_control__rosidl_typesupport_fastrtps_c.so
[8.884s] -- Up-to-date: /home/quan/thuc_hanh_tuan3/install/ur3_llm_control/lib/libur3_llm_control__rosidl_typesupport_fastrtps_cpp.so
[8.884s] -- Up-to-date: /home/quan/thuc_hanh_tuan3/install/ur3_llm_control/lib/libur3_llm_control__rosidl_typesupport_introspection_c.so
[8.884s] -- Up-to-date: /home/quan/thuc_hanh_tuan3/install/ur3_llm_control/lib/libur3_llm_control__rosidl_typesupport_c.so
[8.884s] -- Up-to-date: /home/quan/thuc_hanh_tuan3/install/ur3_llm_control/lib/libur3_llm_control__rosidl_typesupport_introspection_cpp.so
[8.884s] -- Up-to-date: /home/quan/thuc_hanh_tuan3/install/ur3_llm_control/lib/libur3_llm_control__rosidl_typesupport_cpp.so
[8.910s] Listing '/home/quan/thuc_hanh_tuan3/install/ur3_llm_control/local/lib/python3.10/dist-packages/ur3_llm_control'...
[8.911s] Listing '/home/quan/thuc_hanh_tuan3/install/ur3_llm_control/local/lib/python3.10/dist-packages/ur3_llm_control/srv'...
[8.914s] -- Up-to-date: /home/quan/thuc_hanh_tuan3/install/ur3_llm_control/lib/libur3_llm_control__rosidl_generator_py.so
[8.914s] -- Up-to-date: /home/quan/thuc_hanh_tuan3/install/ur3_llm_control/share/ur3_llm_control/cmake/export_ur3_llm_control__rosidl_generator_cExport.cmake
[8.914s] -- Up-to-date: /home/quan/thuc_hanh_tuan3/install/ur3_llm_control/share/ur3_llm_control/cmake/export_ur3_llm_control__rosidl_generator_cExport-noconfig.cmake
[8.914s] -- Up-to-date: /home/quan/thuc_hanh_tuan3/install/ur3_llm_control/share/ur3_llm_control/cmake/export_ur3_llm_control__rosidl_typesupport_fastrtps_cExport.cmake
[8.915s] -- Up-to-date: /home/quan/thuc_hanh_tuan3/install/ur3_llm_control/share/ur3_llm_control/cmake/export_ur3_llm_control__rosidl_typesupport_fastrtps_cExport-noconfig.cmake
[8.915s] -- Up-to-date: /home/quan/thuc_hanh_tuan3/install/ur3_llm_control/share/ur3_llm_control/cmake/export_ur3_llm_control__rosidl_generator_cppExport.cmake
[8.915s] -- Up-to-date: /home/quan/thuc_hanh_tuan3/install/ur3_llm_control/share/ur3_llm_control/cmake/export_ur3_llm_control__rosidl_typesupport_fastrtps_cppExport.cmake
[8.915s] -- Up-to-date: /home/quan/thuc_hanh_tuan3/install/ur3_llm_control/share/ur3_llm_control/cmake/export_ur3_llm_control__rosidl_typesupport_fastrtps_cppExport-noconfig.cmake
[8.915s] -- Up-to-date: /home/quan/thuc_hanh_tuan3/install/ur3_llm_control/share/ur3_llm_control/cmake/ur3_llm_control__rosidl_typesupport_introspection_cExport.cmake
[8.915s] -- Up-to-date: /home/quan/thuc_hanh_tuan3/install/ur3_llm_control/share/ur3_llm_control/cmake/ur3_llm_control__rosidl_typesupport_introspection_cExport-noconfig.cmake
[8.915s] -- Up-to-date: /home/quan/thuc_hanh_tuan3/install/ur3_llm_control/share/ur3_llm_control/cmake/ur3_llm_control__rosidl_typesupport_cExport.cmake
[8.915s] -- Up-to-date: /home/quan/thuc_hanh_tuan3/install/ur3_llm_control/share/ur3_llm_control/cmake/ur3_llm_control__rosidl_typesupport_cExport-noconfig.cmake
[8.915s] -- Up-to-date: /home/quan/thuc_hanh_tuan3/install/ur3_llm_control/share/ur3_llm_control/cmake/ur3_llm_control__rosidl_typesupport_introspection_cppExport.cmake
[8.915s] -- Up-to-date: /home/quan/thuc_hanh_tuan3/install/ur3_llm_control/share/ur3_llm_control/cmake/ur3_llm_control__rosidl_typesupport_introspection_cppExport-noconfig.cmake
[8.915s] -- Up-to-date: /home/quan/thuc_hanh_tuan3/install/ur3_llm_control/share/ur3_llm_control/cmake/ur3_llm_control__rosidl_typesupport_cppExport.cmake
[8.915s] -- Up-to-date: /home/quan/thuc_hanh_tuan3/install/ur3_llm_control/share/ur3_llm_control/cmake/ur3_llm_control__rosidl_typesupport_cppExport-noconfig.cmake
[8.915s] -- Up-to-date: /home/quan/thuc_hanh_tuan3/install/ur3_llm_control/share/ur3_llm_control/cmake/export_ur3_llm_control__rosidl_generator_pyExport.cmake
[8.915s] -- Up-to-date: /home/quan/thuc_hanh_tuan3/install/ur3_llm_control/share/ur3_llm_control/cmake/export_ur3_llm_control__rosidl_generator_pyExport-noconfig.cmake
[8.916s] Invoked command in '/home/quan/thuc_hanh_tuan3/build/ur3_llm_control' returned '0': CMAKE_PREFIX_PATH=/home/quan/thuc_hanh_tuan3/install/ur_simulation_gazebo:/home/quan/thuc_hanh_tuan3/install/ur3_llm_control:/home/quan/ros2_ws/install/robot1:/home/quan/ros2_ws/install/robot:/home/quan/ros2_ws/install/msgs_test:/home/quan/ros2_ws/install/component_pkg:/home/quan/ros2_ws/src/msgs_test/install/msgs_test:/home/quan/ros2_ws/install/my_turtlesim:/home/quan/ros2_ws/install/my_robot_logic:/home/quan/ros2_ws/install/my_robot_controller:/home/quan/ros2_ws/install/lifecycle_pkg:/opt/ros/humble /usr/bin/cmake --install /home/quan/thuc_hanh_tuan3/build/ur3_llm_control
