[0.011s] Invoking command in '/home/quan/thuc_hanh_tuan3/build/ur3_llm_control': CMAKE_PREFIX_PATH=/home/quan/thuc_hanh_tuan3/install/ur_simulation_gazebo:/home/quan/thuc_hanh_tuan3/install/ur3_llm_control:/home/quan/ros2_ws/install/robot1:/home/quan/ros2_ws/install/robot:/home/quan/ros2_ws/install/msgs_test:/home/quan/ros2_ws/install/component_pkg:/home/quan/ros2_ws/src/msgs_test/install/msgs_test:/home/quan/ros2_ws/install/my_turtlesim:/home/quan/ros2_ws/install/my_robot_logic:/home/quan/ros2_ws/install/my_robot_controller:/home/quan/ros2_ws/install/lifecycle_pkg:/opt/ros/humble /usr/bin/cmake --build /home/quan/thuc_hanh_tuan3/build/ur3_llm_control -- -j16 -l16
[0.052s] Consolidate compiler generated dependencies of target ur3_llm_control__rosidl_generator_c
[0.060s] [  1%] Built target ur3_llm_control__cpp
[0.060s] [  3%] Built target ur3_llm_control__rs
[0.067s] [ 13%] Built target ur3_llm_control__rosidl_generator_c
[0.070s] [ 15%] Generating C++ type support dispatch for ROS interfaces
[0.075s] [ 15%] Built target ament_cmake_python_symlink_ur3_llm_control
[0.075s] [ 17%] Generating C++ type support for eProsima Fast-RTPS
[0.076s] [ 19%] Generating C++ introspection for ROS interfaces
[0.081s] [ 21%] Generating C type support for eProsima Fast-RTPS
[0.082s] [ 23%] Generating C introspection for ROS interfaces
[0.089s] [ 25%] Generating C type support dispatch for ROS interfaces
[0.341s] running egg_info
[0.342s] writing ur3_llm_control.egg-info/PKG-INFO
[0.342s] writing dependency_links to ur3_llm_control.egg-info/dependency_links.txt
[0.342s] writing top-level names to ur3_llm_control.egg-info/top_level.txt
[0.345s] reading manifest file 'ur3_llm_control.egg-info/SOURCES.txt'
[0.345s] writing manifest file 'ur3_llm_control.egg-info/SOURCES.txt'
[0.372s] [ 25%] Built target ament_cmake_python_build_ur3_llm_control_egg
[0.426s] Consolidate compiler generated dependencies of target ur3_llm_control__rosidl_typesupport_fastrtps_c
[0.433s] Consolidate compiler generated dependencies of target ur3_llm_control__rosidl_typesupport_fastrtps_cpp
[0.439s] [ 26%] Building CXX object CMakeFiles/ur3_llm_control__rosidl_typesupport_fastrtps_c.dir/rosidl_typesupport_fastrtps_c/ur3_llm_control/srv/detail/set_attachment__type_support_c.cpp.o
[0.439s] [ 28%] Building CXX object CMakeFiles/ur3_llm_control__rosidl_typesupport_fastrtps_c.dir/rosidl_typesupport_fastrtps_c/ur3_llm_control/srv/detail/get_world_state__type_support_c.cpp.o
[0.441s] [ 30%] Building CXX object CMakeFiles/ur3_llm_control__rosidl_typesupport_fastrtps_c.dir/rosidl_typesupport_fastrtps_c/ur3_llm_control/srv/detail/execute_skill__type_support_c.cpp.o
[0.448s] [ 32%] Building CXX object CMakeFiles/ur3_llm_control__rosidl_typesupport_fastrtps_cpp.dir/rosidl_typesupport_fastrtps_cpp/ur3_llm_control/srv/detail/dds_fastrtps/get_world_state__type_support.cpp.o
[0.450s] [ 36%] Building CXX object CMakeFiles/ur3_llm_control__rosidl_typesupport_fastrtps_cpp.dir/rosidl_typesupport_fastrtps_cpp/ur3_llm_control/srv/detail/dds_fastrtps/execute_skill__type_support.cpp.o
[0.450s] [ 36%] Building CXX object CMakeFiles/ur3_llm_control__rosidl_typesupport_fastrtps_cpp.dir/rosidl_typesupport_fastrtps_cpp/ur3_llm_control/srv/detail/dds_fastrtps/set_attachment__type_support.cpp.o
[0.493s] Consolidate compiler generated dependencies of target ur3_llm_control__rosidl_typesupport_cpp
[0.505s] Consolidate compiler generated dependencies of target ur3_llm_control__rosidl_typesupport_c
[0.509s] [ 40%] Building CXX object CMakeFiles/ur3_llm_control__rosidl_typesupport_cpp.dir/rosidl_typesupport_cpp/ur3_llm_control/srv/execute_skill__type_support.cpp.o
[0.510s] [ 40%] Building CXX object CMakeFiles/ur3_llm_control__rosidl_typesupport_cpp.dir/rosidl_typesupport_cpp/ur3_llm_control/srv/set_attachment__type_support.cpp.o
[0.512s] [ 42%] Building CXX object CMakeFiles/ur3_llm_control__rosidl_typesupport_cpp.dir/rosidl_typesupport_cpp/ur3_llm_control/srv/get_world_state__type_support.cpp.o
[0.519s] [ 46%] Building CXX object CMakeFiles/ur3_llm_control__rosidl_typesupport_c.dir/rosidl_typesupport_c/ur3_llm_control/srv/set_attachment__type_support.cpp.o
[0.520s] [ 46%] Building CXX object CMakeFiles/ur3_llm_control__rosidl_typesupport_c.dir/rosidl_typesupport_c/ur3_llm_control/srv/execute_skill__type_support.cpp.o
[0.524s] [ 48%] Building CXX object CMakeFiles/ur3_llm_control__rosidl_typesupport_c.dir/rosidl_typesupport_c/ur3_llm_control/srv/get_world_state__type_support.cpp.o
[0.577s] [ 50%] Linking CXX shared library libur3_llm_control__rosidl_typesupport_c.so
[0.582s] Consolidate compiler generated dependencies of target ur3_llm_control__rosidl_typesupport_introspection_c
[0.592s] Consolidate compiler generated dependencies of target ur3_llm_control__rosidl_typesupport_introspection_cpp
[0.597s] [ 53%] Building C object CMakeFiles/ur3_llm_control__rosidl_typesupport_introspection_c.dir/rosidl_typesupport_introspection_c/ur3_llm_control/srv/detail/set_attachment__type_support.c.o
[0.598s] [ 53%] Building C object CMakeFiles/ur3_llm_control__rosidl_typesupport_introspection_c.dir/rosidl_typesupport_introspection_c/ur3_llm_control/srv/detail/execute_skill__type_support.c.o
[0.599s] [ 55%] Building C object CMakeFiles/ur3_llm_control__rosidl_typesupport_introspection_c.dir/rosidl_typesupport_introspection_c/ur3_llm_control/srv/detail/get_world_state__type_support.c.o
[0.625s] [ 57%] Building CXX object CMakeFiles/ur3_llm_control__rosidl_typesupport_introspection_cpp.dir/rosidl_typesupport_introspection_cpp/ur3_llm_control/srv/detail/set_attachment__type_support.cpp.o
[0.628s] [ 59%] Building CXX object CMakeFiles/ur3_llm_control__rosidl_typesupport_introspection_cpp.dir/rosidl_typesupport_introspection_cpp/ur3_llm_control/srv/detail/get_world_state__type_support.cpp.o
[0.629s] [ 61%] Building CXX object CMakeFiles/ur3_llm_control__rosidl_typesupport_introspection_cpp.dir/rosidl_typesupport_introspection_cpp/ur3_llm_control/srv/detail/execute_skill__type_support.cpp.o
[0.657s] [ 61%] Built target ur3_llm_control__rosidl_typesupport_c
[0.686s] [ 63%] Linking C shared library libur3_llm_control__rosidl_typesupport_introspection_c.so
[0.729s] [ 63%] Built target ur3_llm_control__rosidl_typesupport_introspection_c
[0.930s] [ 65%] Linking CXX shared library libur3_llm_control__rosidl_typesupport_cpp.so
[0.964s] [ 67%] Linking CXX shared library libur3_llm_control__rosidl_typesupport_fastrtps_c.so
[0.989s] [ 67%] Built target ur3_llm_control__rosidl_typesupport_cpp
[1.052s] [ 67%] Built target ur3_llm_control__rosidl_typesupport_fastrtps_c
[1.116s] [ 69%] Linking CXX shared library libur3_llm_control__rosidl_typesupport_fastrtps_cpp.so
[1.184s] [ 69%] Built target ur3_llm_control__rosidl_typesupport_fastrtps_cpp
[1.187s] [ 71%] Linking CXX shared library libur3_llm_control__rosidl_typesupport_introspection_cpp.so
[1.247s] [ 71%] Built target ur3_llm_control__rosidl_typesupport_introspection_cpp
[1.267s] [ 71%] Built target ur3_llm_control
[1.288s] Consolidate compiler generated dependencies of target robot_skills
[1.289s] [ 73%] Generating Python code for ROS interfaces
[1.290s] Consolidate compiler generated dependencies of target ur3_virtual_attachment
[1.308s] [ 75%] Building CXX object CMakeFiles/robot_skills.dir/src/robot_skills.cpp.o
[1.310s] [ 76%] Building CXX object CMakeFiles/ur3_virtual_attachment.dir/src/virtual_attachment.cpp.o
[1.814s] [ 76%] Built target ur3_llm_control__py
[1.827s] Consolidate compiler generated dependencies of target ur3_llm_control__rosidl_generator_py
[1.841s] [ 78%] Building C object CMakeFiles/ur3_llm_control__rosidl_generator_py.dir/rosidl_generator_py/ur3_llm_control/srv/_execute_skill_s.c.o
[1.841s] [ 82%] Building C object CMakeFiles/ur3_llm_control__rosidl_generator_py.dir/rosidl_generator_py/ur3_llm_control/srv/_get_world_state_s.c.o
[1.841s] [ 82%] Building C object CMakeFiles/ur3_llm_control__rosidl_generator_py.dir/rosidl_generator_py/ur3_llm_control/srv/_set_attachment_s.c.o
[1.960s] [ 84%] Linking C shared library rosidl_generator_py/ur3_llm_control/libur3_llm_control__rosidl_generator_py.so
[1.999s] [ 84%] Built target ur3_llm_control__rosidl_generator_py
[2.013s] Consolidate compiler generated dependencies of target ur3_llm_control__rosidl_typesupport_fastrtps_c__pyext
[2.013s] Consolidate compiler generated dependencies of target ur3_llm_control__rosidl_typesupport_introspection_c__pyext
[2.013s] Consolidate compiler generated dependencies of target ur3_llm_control__rosidl_typesupport_c__pyext
[2.028s] [ 88%] Building C object CMakeFiles/ur3_llm_control__rosidl_typesupport_c__pyext.dir/rosidl_generator_py/ur3_llm_control/_ur3_llm_control_s.ep.rosidl_typesupport_c.c.o
[2.028s] [ 88%] Building C object CMakeFiles/ur3_llm_control__rosidl_typesupport_introspection_c__pyext.dir/rosidl_generator_py/ur3_llm_control/_ur3_llm_control_s.ep.rosidl_typesupport_introspection_c.c.o
[2.028s] [ 90%] Building C object CMakeFiles/ur3_llm_control__rosidl_typesupport_fastrtps_c__pyext.dir/rosidl_generator_py/ur3_llm_control/_ur3_llm_control_s.ep.rosidl_typesupport_fastrtps_c.c.o
[2.116s] [ 92%] Linking C shared library rosidl_generator_py/ur3_llm_control/ur3_llm_control_s__rosidl_typesupport_introspection_c.cpython-310-x86_64-linux-gnu.so
[2.137s] [ 94%] Linking C shared library rosidl_generator_py/ur3_llm_control/ur3_llm_control_s__rosidl_typesupport_c.cpython-310-x86_64-linux-gnu.so
[2.154s] [ 94%] Built target ur3_llm_control__rosidl_typesupport_introspection_c__pyext
[2.162s] [ 96%] Linking C shared library rosidl_generator_py/ur3_llm_control/ur3_llm_control_s__rosidl_typesupport_fastrtps_c.cpython-310-x86_64-linux-gnu.so
[2.181s] [ 96%] Built target ur3_llm_control__rosidl_typesupport_c__pyext
[2.202s] [ 96%] Built target ur3_llm_control__rosidl_typesupport_fastrtps_c__pyext
[9.801s] [ 98%] Linking CXX shared library libur3_virtual_attachment.so
[10.125s] [ 98%] Built target ur3_virtual_attachment
[16.708s] [100%] Linking CXX executable robot_skills
[17.551s] [100%] Built target robot_skills
[17.564s] Invoked command in '/home/quan/thuc_hanh_tuan3/build/ur3_llm_control' returned '0': CMAKE_PREFIX_PATH=/home/quan/thuc_hanh_tuan3/install/ur_simulation_gazebo:/home/quan/thuc_hanh_tuan3/install/ur3_llm_control:/home/quan/ros2_ws/install/robot1:/home/quan/ros2_ws/install/robot:/home/quan/ros2_ws/install/msgs_test:/home/quan/ros2_ws/install/component_pkg:/home/quan/ros2_ws/src/msgs_test/install/msgs_test:/home/quan/ros2_ws/install/my_turtlesim:/home/quan/ros2_ws/install/my_robot_logic:/home/quan/ros2_ws/install/my_robot_controller:/home/quan/ros2_ws/install/lifecycle_pkg:/opt/ros/humble /usr/bin/cmake --build /home/quan/thuc_hanh_tuan3/build/ur3_llm_control -- -j16 -l16
[17.574s] Invoking command in '/home/quan/thuc_hanh_tuan3/build/ur3_llm_control': CMAKE_PREFIX_PATH=/home/quan/thuc_hanh_tuan3/install/ur_simulation_gazebo:/home/quan/thuc_hanh_tuan3/install/ur3_llm_control:/home/quan/ros2_ws/install/robot1:/home/quan/ros2_ws/install/robot:/home/quan/ros2_ws/install/msgs_test:/home/quan/ros2_ws/install/component_pkg:/home/quan/ros2_ws/src/msgs_test/install/msgs_test:/home/quan/ros2_ws/install/my_turtlesim:/home/quan/ros2_ws/install/my_robot_logic:/home/quan/ros2_ws/install/my_robot_controller:/home/quan/ros2_ws/install/lifecycle_pkg:/opt/ros/humble /usr/bin/cmake --install /home/quan/thuc_hanh_tuan3/build/ur3_llm_control
[17.581s] -- Install configuration: ""
[17.581s] -- Execute custom install script
[17.581s] -- Symlinking: /home/quan/thuc_hanh_tuan3/install/ur3_llm_control/share/ament_index/resource_index/rosidl_interfaces/ur3_llm_control
[17.591s] -- Symlinking: /home/quan/thuc_hanh_tuan3/install/ur3_llm_control/include/ur3_llm_control/ur3_llm_control/msg/rosidl_generator_c__visibility_control.h
[17.599s] -- Symlinking: /home/quan/thuc_hanh_tuan3/install/ur3_llm_control/include/ur3_llm_control/ur3_llm_control/srv/detail/execute_skill__functions.h
[17.609s] -- Symlinking: /home/quan/thuc_hanh_tuan3/install/ur3_llm_control/include/ur3_llm_control/ur3_llm_control/srv/detail/execute_skill__struct.h
[17.615s] -- Symlinking: /home/quan/thuc_hanh_tuan3/install/ur3_llm_control/include/ur3_llm_control/ur3_llm_control/srv/detail/execute_skill__type_support.h
[17.624s] -- Symlinking: /home/quan/thuc_hanh_tuan3/install/ur3_llm_control/include/ur3_llm_control/ur3_llm_control/srv/detail/get_world_state__functions.h
[17.629s] -- Symlinking: /home/quan/thuc_hanh_tuan3/install/ur3_llm_control/include/ur3_llm_control/ur3_llm_control/srv/detail/get_world_state__struct.h
[17.638s] -- Symlinking: /home/quan/thuc_hanh_tuan3/install/ur3_llm_control/include/ur3_llm_control/ur3_llm_control/srv/detail/get_world_state__type_support.h
[17.645s] -- Symlinking: /home/quan/thuc_hanh_tuan3/install/ur3_llm_control/include/ur3_llm_control/ur3_llm_control/srv/detail/set_attachment__functions.h
[17.654s] -- Symlinking: /home/quan/thuc_hanh_tuan3/install/ur3_llm_control/include/ur3_llm_control/ur3_llm_control/srv/detail/set_attachment__struct.h
[17.661s] -- Symlinking: /home/quan/thuc_hanh_tuan3/install/ur3_llm_control/include/ur3_llm_control/ur3_llm_control/srv/detail/set_attachment__type_support.h
[17.670s] -- Symlinking: /home/quan/thuc_hanh_tuan3/install/ur3_llm_control/include/ur3_llm_control/ur3_llm_control/srv/execute_skill.h
[17.678s] -- Symlinking: /home/quan/thuc_hanh_tuan3/install/ur3_llm_control/include/ur3_llm_control/ur3_llm_control/srv/get_world_state.h
[17.687s] -- Symlinking: /home/quan/thuc_hanh_tuan3/install/ur3_llm_control/include/ur3_llm_control/ur3_llm_control/srv/set_attachment.h
[17.695s] -- Symlinking: /home/quan/thuc_hanh_tuan3/install/ur3_llm_control/share/ur3_llm_control/environment/library_path.sh
[17.705s] -- Symlinking: /home/quan/thuc_hanh_tuan3/install/ur3_llm_control/share/ur3_llm_control/environment/library_path.dsv
[17.716s] -- Symlinking: /home/quan/thuc_hanh_tuan3/install/ur3_llm_control/include/ur3_llm_control/ur3_llm_control/msg/rosidl_typesupport_fastrtps_c__visibility_control.h
[17.725s] -- Symlinking: /home/quan/thuc_hanh_tuan3/install/ur3_llm_control/include/ur3_llm_control/ur3_llm_control/srv/detail/execute_skill__rosidl_typesupport_fastrtps_c.h
[17.735s] -- Symlinking: /home/quan/thuc_hanh_tuan3/install/ur3_llm_control/include/ur3_llm_control/ur3_llm_control/srv/detail/get_world_state__rosidl_typesupport_fastrtps_c.h
[17.743s] -- Symlinking: /home/quan/thuc_hanh_tuan3/install/ur3_llm_control/include/ur3_llm_control/ur3_llm_control/srv/detail/set_attachment__rosidl_typesupport_fastrtps_c.h
[17.752s] -- Symlinking: /home/quan/thuc_hanh_tuan3/install/ur3_llm_control/include/ur3_llm_control/ur3_llm_control/msg/rosidl_generator_cpp__visibility_control.hpp
[17.762s] -- Symlinking: /home/quan/thuc_hanh_tuan3/install/ur3_llm_control/include/ur3_llm_control/ur3_llm_control/srv/detail/execute_skill__builder.hpp
[17.771s] -- Symlinking: /home/quan/thuc_hanh_tuan3/install/ur3_llm_control/include/ur3_llm_control/ur3_llm_control/srv/detail/execute_skill__struct.hpp
[17.778s] -- Symlinking: /home/quan/thuc_hanh_tuan3/install/ur3_llm_control/include/ur3_llm_control/ur3_llm_control/srv/detail/execute_skill__traits.hpp
[17.787s] -- Symlinking: /home/quan/thuc_hanh_tuan3/install/ur3_llm_control/include/ur3_llm_control/ur3_llm_control/srv/detail/execute_skill__type_support.hpp
[17.795s] -- Symlinking: /home/quan/thuc_hanh_tuan3/install/ur3_llm_control/include/ur3_llm_control/ur3_llm_control/srv/detail/get_world_state__builder.hpp
[17.803s] -- Symlinking: /home/quan/thuc_hanh_tuan3/install/ur3_llm_control/include/ur3_llm_control/ur3_llm_control/srv/detail/get_world_state__struct.hpp
[17.812s] -- Symlinking: /home/quan/thuc_hanh_tuan3/install/ur3_llm_control/include/ur3_llm_control/ur3_llm_control/srv/detail/get_world_state__traits.hpp
[17.821s] -- Symlinking: /home/quan/thuc_hanh_tuan3/install/ur3_llm_control/include/ur3_llm_control/ur3_llm_control/srv/detail/get_world_state__type_support.hpp
[17.830s] -- Symlinking: /home/quan/thuc_hanh_tuan3/install/ur3_llm_control/include/ur3_llm_control/ur3_llm_control/srv/detail/set_attachment__builder.hpp
[17.838s] -- Symlinking: /home/quan/thuc_hanh_tuan3/install/ur3_llm_control/include/ur3_llm_control/ur3_llm_control/srv/detail/set_attachment__struct.hpp
[17.844s] -- Symlinking: /home/quan/thuc_hanh_tuan3/install/ur3_llm_control/include/ur3_llm_control/ur3_llm_control/srv/detail/set_attachment__traits.hpp
[17.853s] -- Symlinking: /home/quan/thuc_hanh_tuan3/install/ur3_llm_control/include/ur3_llm_control/ur3_llm_control/srv/detail/set_attachment__type_support.hpp
[17.862s] -- Symlinking: /home/quan/thuc_hanh_tuan3/install/ur3_llm_control/include/ur3_llm_control/ur3_llm_control/srv/execute_skill.hpp
[17.870s] -- Symlinking: /home/quan/thuc_hanh_tuan3/install/ur3_llm_control/include/ur3_llm_control/ur3_llm_control/srv/get_world_state.hpp
[17.879s] -- Symlinking: /home/quan/thuc_hanh_tuan3/install/ur3_llm_control/include/ur3_llm_control/ur3_llm_control/srv/set_attachment.hpp
[17.888s] -- Symlinking: /home/quan/thuc_hanh_tuan3/install/ur3_llm_control/include/ur3_llm_control/ur3_llm_control/msg/rosidl_typesupport_fastrtps_cpp__visibility_control.h
[17.894s] -- Symlinking: /home/quan/thuc_hanh_tuan3/install/ur3_llm_control/include/ur3_llm_control/ur3_llm_control/srv/detail/execute_skill__rosidl_typesupport_fastrtps_cpp.hpp
[17.902s] -- Symlinking: /home/quan/thuc_hanh_tuan3/install/ur3_llm_control/include/ur3_llm_control/ur3_llm_control/srv/detail/get_world_state__rosidl_typesupport_fastrtps_cpp.hpp
[17.910s] -- Symlinking: /home/quan/thuc_hanh_tuan3/install/ur3_llm_control/include/ur3_llm_control/ur3_llm_control/srv/detail/set_attachment__rosidl_typesupport_fastrtps_cpp.hpp
[17.918s] -- Symlinking: /home/quan/thuc_hanh_tuan3/install/ur3_llm_control/include/ur3_llm_control/ur3_llm_control/msg/rosidl_typesupport_introspection_c__visibility_control.h
[17.925s] -- Symlinking: /home/quan/thuc_hanh_tuan3/install/ur3_llm_control/include/ur3_llm_control/ur3_llm_control/srv/detail/execute_skill__rosidl_typesupport_introspection_c.h
[17.935s] -- Symlinking: /home/quan/thuc_hanh_tuan3/install/ur3_llm_control/include/ur3_llm_control/ur3_llm_control/srv/detail/get_world_state__rosidl_typesupport_introspection_c.h
[17.942s] -- Symlinking: /home/quan/thuc_hanh_tuan3/install/ur3_llm_control/include/ur3_llm_control/ur3_llm_control/srv/detail/set_attachment__rosidl_typesupport_introspection_c.h
[17.949s] -- Symlinking: /home/quan/thuc_hanh_tuan3/install/ur3_llm_control/include/ur3_llm_control/ur3_llm_control/srv/detail/execute_skill__rosidl_typesupport_introspection_cpp.hpp
[17.957s] -- Symlinking: /home/quan/thuc_hanh_tuan3/install/ur3_llm_control/include/ur3_llm_control/ur3_llm_control/srv/detail/get_world_state__rosidl_typesupport_introspection_cpp.hpp
[17.966s] -- Symlinking: /home/quan/thuc_hanh_tuan3/install/ur3_llm_control/include/ur3_llm_control/ur3_llm_control/srv/detail/set_attachment__rosidl_typesupport_introspection_cpp.hpp
[17.974s] -- Symlinking: /home/quan/thuc_hanh_tuan3/install/ur3_llm_control/share/ur3_llm_control/environment/pythonpath.sh
[17.981s] -- Symlinking: /home/quan/thuc_hanh_tuan3/install/ur3_llm_control/share/ur3_llm_control/environment/pythonpath.dsv
[17.991s] -- Symlinking: /home/quan/thuc_hanh_tuan3/install/ur3_llm_control/local/lib/python3.10/dist-packages/ur3_llm_control-0.1.0-py3.10.egg-info/PKG-INFO
[18.001s] -- Symlinking: /home/quan/thuc_hanh_tuan3/install/ur3_llm_control/local/lib/python3.10/dist-packages/ur3_llm_control-0.1.0-py3.10.egg-info/SOURCES.txt
[18.009s] -- Symlinking: /home/quan/thuc_hanh_tuan3/install/ur3_llm_control/local/lib/python3.10/dist-packages/ur3_llm_control-0.1.0-py3.10.egg-info/dependency_links.txt
[18.017s] -- Symlinking: /home/quan/thuc_hanh_tuan3/install/ur3_llm_control/local/lib/python3.10/dist-packages/ur3_llm_control-0.1.0-py3.10.egg-info/top_level.txt
[18.025s] -- Symlinking: /home/quan/thuc_hanh_tuan3/install/ur3_llm_control/local/lib/python3.10/dist-packages/ur3_llm_control/__init__.py
[18.033s] -- Symlinking: /home/quan/thuc_hanh_tuan3/install/ur3_llm_control/local/lib/python3.10/dist-packages/ur3_llm_control/_ur3_llm_control_s.ep.rosidl_typesupport_c.c
[18.040s] -- Symlinking: /home/quan/thuc_hanh_tuan3/install/ur3_llm_control/local/lib/python3.10/dist-packages/ur3_llm_control/_ur3_llm_control_s.ep.rosidl_typesupport_fastrtps_c.c
[18.048s] -- Symlinking: /home/quan/thuc_hanh_tuan3/install/ur3_llm_control/local/lib/python3.10/dist-packages/ur3_llm_control/_ur3_llm_control_s.ep.rosidl_typesupport_introspection_c.c
[18.057s] -- Symlinking: /home/quan/thuc_hanh_tuan3/install/ur3_llm_control/local/lib/python3.10/dist-packages/ur3_llm_control/libur3_llm_control__rosidl_generator_py.so
[18.066s] -- Symlinking: /home/quan/thuc_hanh_tuan3/install/ur3_llm_control/local/lib/python3.10/dist-packages/ur3_llm_control/srv/__init__.py
[18.076s] -- Symlinking: /home/quan/thuc_hanh_tuan3/install/ur3_llm_control/local/lib/python3.10/dist-packages/ur3_llm_control/srv/_execute_skill.py
[18.084s] -- Symlinking: /home/quan/thuc_hanh_tuan3/install/ur3_llm_control/local/lib/python3.10/dist-packages/ur3_llm_control/srv/_execute_skill_s.c
[18.092s] -- Symlinking: /home/quan/thuc_hanh_tuan3/install/ur3_llm_control/local/lib/python3.10/dist-packages/ur3_llm_control/srv/_get_world_state.py
[18.099s] -- Symlinking: /home/quan/thuc_hanh_tuan3/install/ur3_llm_control/local/lib/python3.10/dist-packages/ur3_llm_control/srv/_get_world_state_s.c
[18.107s] -- Symlinking: /home/quan/thuc_hanh_tuan3/install/ur3_llm_control/local/lib/python3.10/dist-packages/ur3_llm_control/srv/_set_attachment.py
[18.117s] -- Symlinking: /home/quan/thuc_hanh_tuan3/install/ur3_llm_control/local/lib/python3.10/dist-packages/ur3_llm_control/srv/_set_attachment_s.c
[18.126s] -- Symlinking: /home/quan/thuc_hanh_tuan3/install/ur3_llm_control/local/lib/python3.10/dist-packages/ur3_llm_control/ur3_llm_control_s__rosidl_typesupport_c.cpython-310-x86_64-linux-gnu.so
[18.136s] -- Symlinking: /home/quan/thuc_hanh_tuan3/install/ur3_llm_control/local/lib/python3.10/dist-packages/ur3_llm_control/ur3_llm_control_s__rosidl_typesupport_fastrtps_c.cpython-310-x86_64-linux-gnu.so
[18.145s] -- Symlinking: /home/quan/thuc_hanh_tuan3/install/ur3_llm_control/local/lib/python3.10/dist-packages/ur3_llm_control/ur3_llm_control_s__rosidl_typesupport_introspection_c.cpython-310-x86_64-linux-gnu.so
[18.152s] -- Up-to-date symlink: /home/quan/thuc_hanh_tuan3/install/ur3_llm_control/local/lib/python3.10/dist-packages/ur3_llm_control/ur3_llm_control_s__rosidl_typesupport_fastrtps_c.cpython-310-x86_64-linux-gnu.so
[18.152s] -- Up-to-date symlink: /home/quan/thuc_hanh_tuan3/install/ur3_llm_control/local/lib/python3.10/dist-packages/ur3_llm_control/ur3_llm_control_s__rosidl_typesupport_introspection_c.cpython-310-x86_64-linux-gnu.so
[18.152s] -- Up-to-date symlink: /home/quan/thuc_hanh_tuan3/install/ur3_llm_control/local/lib/python3.10/dist-packages/ur3_llm_control/ur3_llm_control_s__rosidl_typesupport_c.cpython-310-x86_64-linux-gnu.so
[18.152s] -- Symlinking: /home/quan/thuc_hanh_tuan3/install/ur3_llm_control/share/ur3_llm_control/rust/Cargo.toml
[18.160s] -- Symlinking: /home/quan/thuc_hanh_tuan3/install/ur3_llm_control/share/ur3_llm_control/rust/build.rs
[18.170s] -- Symlinking: /home/quan/thuc_hanh_tuan3/install/ur3_llm_control/share/ur3_llm_control/rust/src/lib.rs
[18.177s] -- Symlinking: /home/quan/thuc_hanh_tuan3/install/ur3_llm_control/share/ur3_llm_control/rust/src/srv.rs
[18.186s] -- Symlinking: /home/quan/thuc_hanh_tuan3/install/ur3_llm_control/share/ur3_llm_control/rust/src/srv/rmw.rs
[18.193s] -- Symlinking: /home/quan/thuc_hanh_tuan3/install/ur3_llm_control/share/ur3_llm_control/srv/ExecuteSkill.idl
[18.202s] -- Symlinking: /home/quan/thuc_hanh_tuan3/install/ur3_llm_control/share/ur3_llm_control/srv/SetAttachment.idl
[18.209s] -- Symlinking: /home/quan/thuc_hanh_tuan3/install/ur3_llm_control/share/ur3_llm_control/srv/GetWorldState.idl
[18.216s] -- Symlinking: /home/quan/thuc_hanh_tuan3/install/ur3_llm_control/share/ur3_llm_control/srv/ExecuteSkill.srv
[18.225s] -- Symlinking: /home/quan/thuc_hanh_tuan3/install/ur3_llm_control/share/ur3_llm_control/srv/ExecuteSkill_Request.msg
[18.233s] -- Symlinking: /home/quan/thuc_hanh_tuan3/install/ur3_llm_control/share/ur3_llm_control/srv/ExecuteSkill_Response.msg
[18.242s] -- Symlinking: /home/quan/thuc_hanh_tuan3/install/ur3_llm_control/share/ur3_llm_control/srv/SetAttachment.srv
[18.250s] -- Symlinking: /home/quan/thuc_hanh_tuan3/install/ur3_llm_control/share/ur3_llm_control/srv/SetAttachment_Request.msg
[18.259s] -- Symlinking: /home/quan/thuc_hanh_tuan3/install/ur3_llm_control/share/ur3_llm_control/srv/SetAttachment_Response.msg
[18.269s] -- Symlinking: /home/quan/thuc_hanh_tuan3/install/ur3_llm_control/share/ur3_llm_control/srv/GetWorldState.srv
[18.280s] -- Symlinking: /home/quan/thuc_hanh_tuan3/install/ur3_llm_control/share/ur3_llm_control/srv/GetWorldState_Request.msg
[18.288s] -- Symlinking: /home/quan/thuc_hanh_tuan3/install/ur3_llm_control/share/ur3_llm_control/srv/GetWorldState_Response.msg
[18.297s] -- Symlinking: /home/quan/thuc_hanh_tuan3/install/ur3_llm_control/lib/ur3_llm_control/robot_skills
[18.307s] -- Symlinking: /home/quan/thuc_hanh_tuan3/install/ur3_llm_control/lib/libur3_virtual_attachment.so
[18.319s] -- Symlinking: /home/quan/thuc_hanh_tuan3/install/ur3_llm_control/lib/ur3_llm_control/llm_planner.py
[18.329s] -- Symlinking: /home/quan/thuc_hanh_tuan3/install/ur3_llm_control/lib/ur3_llm_control/task_validator.py
[18.337s] -- Symlinking: /home/quan/thuc_hanh_tuan3/install/ur3_llm_control/lib/ur3_llm_control/skill_executor.py
[18.347s] -- Symlinking: /home/quan/thuc_hanh_tuan3/install/ur3_llm_control/lib/ur3_llm_control/task_manager.py
[18.354s] -- Symlinking: /home/quan/thuc_hanh_tuan3/install/ur3_llm_control/lib/ur3_llm_control/camera_state.py
[18.365s] -- Symlinking: /home/quan/thuc_hanh_tuan3/install/ur3_llm_control/share/ur3_llm_control/launch/llm_robot.launch.py
[18.373s] -- Symlinking: /home/quan/thuc_hanh_tuan3/install/ur3_llm_control/share/ur3_llm_control/config/home_joints.yaml
[18.383s] -- Symlinking: /home/quan/thuc_hanh_tuan3/install/ur3_llm_control/share/ur3_llm_control/config/scene.yaml
[18.392s] -- Symlinking: /home/quan/thuc_hanh_tuan3/install/ur3_llm_control/share/ur3_llm_control/config/staging_joints.yaml
[18.401s] -- Symlinking: /home/quan/thuc_hanh_tuan3/install/ur3_llm_control/share/ur3_llm_control/config/student_config.yaml
[18.412s] -- Symlinking: /home/quan/thuc_hanh_tuan3/install/ur3_llm_control/share/ur3_llm_control/config/ur_controllers.yaml
[18.420s] -- Symlinking: /home/quan/thuc_hanh_tuan3/install/ur3_llm_control/share/ur3_llm_control/prompt/planner_prompt.txt
[18.430s] -- Symlinking: /home/quan/thuc_hanh_tuan3/install/ur3_llm_control/share/ur3_llm_control/worlds/assignment2.world
[18.438s] -- Symlinking: /home/quan/thuc_hanh_tuan3/install/ur3_llm_control/share/ur3_llm_control/models/blue_cube/model.config
[18.447s] -- Symlinking: /home/quan/thuc_hanh_tuan3/install/ur3_llm_control/share/ur3_llm_control/models/blue_cube/model.sdf
[18.456s] -- Symlinking: /home/quan/thuc_hanh_tuan3/install/ur3_llm_control/share/ur3_llm_control/models/buffer/model.config
[18.466s] -- Symlinking: /home/quan/thuc_hanh_tuan3/install/ur3_llm_control/share/ur3_llm_control/models/buffer/model.sdf
[18.475s] -- Symlinking: /home/quan/thuc_hanh_tuan3/install/ur3_llm_control/share/ur3_llm_control/models/green_cube/model.config
[18.483s] -- Symlinking: /home/quan/thuc_hanh_tuan3/install/ur3_llm_control/share/ur3_llm_control/models/green_cube/model.sdf
[18.494s] -- Symlinking: /home/quan/thuc_hanh_tuan3/install/ur3_llm_control/share/ur3_llm_control/models/purple_cube/model.config
[18.501s] -- Symlinking: /home/quan/thuc_hanh_tuan3/install/ur3_llm_control/share/ur3_llm_control/models/purple_cube/model.sdf
[18.510s] -- Symlinking: /home/quan/thuc_hanh_tuan3/install/ur3_llm_control/share/ur3_llm_control/models/red_cube/model.config
[18.520s] -- Symlinking: /home/quan/thuc_hanh_tuan3/install/ur3_llm_control/share/ur3_llm_control/models/red_cube/model.sdf
[18.528s] -- Symlinking: /home/quan/thuc_hanh_tuan3/install/ur3_llm_control/share/ur3_llm_control/models/simple_gripper/model.config
[18.536s] -- Symlinking: /home/quan/thuc_hanh_tuan3/install/ur3_llm_control/share/ur3_llm_control/models/simple_gripper/model.sdf
[18.544s] -- Symlinking: /home/quan/thuc_hanh_tuan3/install/ur3_llm_control/share/ur3_llm_control/models/ur3_task_table/model.config
[18.552s] -- Symlinking: /home/quan/thuc_hanh_tuan3/install/ur3_llm_control/share/ur3_llm_control/models/ur3_task_table/model.sdf
[18.561s] -- Symlinking: /home/quan/thuc_hanh_tuan3/install/ur3_llm_control/share/ur3_llm_control/models/yellow_cube/model.config
[18.570s] -- Symlinking: /home/quan/thuc_hanh_tuan3/install/ur3_llm_control/share/ur3_llm_control/models/yellow_cube/model.sdf
[18.577s] -- Symlinking: /home/quan/thuc_hanh_tuan3/install/ur3_llm_control/share/ur3_llm_control/models/zone_a/model.config
[18.584s] -- Symlinking: /home/quan/thuc_hanh_tuan3/install/ur3_llm_control/share/ur3_llm_control/models/zone_a/model.sdf
[18.592s] -- Symlinking: /home/quan/thuc_hanh_tuan3/install/ur3_llm_control/share/ur3_llm_control/models/zone_b/model.config
[18.602s] -- Symlinking: /home/quan/thuc_hanh_tuan3/install/ur3_llm_control/share/ur3_llm_control/models/zone_b/model.sdf
[18.611s] -- Symlinking: /home/quan/thuc_hanh_tuan3/install/ur3_llm_control/share/ur3_llm_control/models/zone_c/model.config
[18.620s] -- Symlinking: /home/quan/thuc_hanh_tuan3/install/ur3_llm_control/share/ur3_llm_control/models/zone_c/model.sdf
[18.627s] -- Symlinking: /home/quan/thuc_hanh_tuan3/install/ur3_llm_control/share/ament_index/resource_index/package_run_dependencies/ur3_llm_control
[18.636s] -- Symlinking: /home/quan/thuc_hanh_tuan3/install/ur3_llm_control/share/ament_index/resource_index/parent_prefix_path/ur3_llm_control
[18.643s] -- Symlinking: /home/quan/thuc_hanh_tuan3/install/ur3_llm_control/share/ur3_llm_control/environment/ament_prefix_path.sh
[18.651s] -- Symlinking: /home/quan/thuc_hanh_tuan3/install/ur3_llm_control/share/ur3_llm_control/environment/ament_prefix_path.dsv
[18.659s] -- Symlinking: /home/quan/thuc_hanh_tuan3/install/ur3_llm_control/share/ur3_llm_control/environment/path.sh
[18.670s] -- Symlinking: /home/quan/thuc_hanh_tuan3/install/ur3_llm_control/share/ur3_llm_control/environment/path.dsv
[18.678s] -- Symlinking: /home/quan/thuc_hanh_tuan3/install/ur3_llm_control/share/ur3_llm_control/local_setup.bash
[18.686s] -- Symlinking: /home/quan/thuc_hanh_tuan3/install/ur3_llm_control/share/ur3_llm_control/local_setup.sh
[18.695s] -- Symlinking: /home/quan/thuc_hanh_tuan3/install/ur3_llm_control/share/ur3_llm_control/local_setup.zsh
[18.702s] -- Symlinking: /home/quan/thuc_hanh_tuan3/install/ur3_llm_control/share/ur3_llm_control/local_setup.dsv
[18.710s] -- Symlinking: /home/quan/thuc_hanh_tuan3/install/ur3_llm_control/share/ur3_llm_control/package.dsv
[18.718s] -- Symlinking: /home/quan/thuc_hanh_tuan3/install/ur3_llm_control/share/ament_index/resource_index/packages/ur3_llm_control
[18.731s] -- Symlinking: /home/quan/thuc_hanh_tuan3/install/ur3_llm_control/share/ur3_llm_control/cmake/rosidl_cmake-extras.cmake
[18.741s] -- Symlinking: /home/quan/thuc_hanh_tuan3/install/ur3_llm_control/share/ur3_llm_control/cmake/ament_cmake_export_include_directories-extras.cmake
[18.751s] -- Symlinking: /home/quan/thuc_hanh_tuan3/install/ur3_llm_control/share/ur3_llm_control/cmake/ament_cmake_export_libraries-extras.cmake
[18.761s] -- Symlinking: /home/quan/thuc_hanh_tuan3/install/ur3_llm_control/share/ur3_llm_control/cmake/ament_cmake_export_targets-extras.cmake
[18.770s] -- Symlinking: /home/quan/thuc_hanh_tuan3/install/ur3_llm_control/share/ur3_llm_control/cmake/rosidl_cmake_export_typesupport_targets-extras.cmake
[18.779s] -- Symlinking: /home/quan/thuc_hanh_tuan3/install/ur3_llm_control/share/ur3_llm_control/cmake/ament_cmake_export_dependencies-extras.cmake
[18.788s] -- Symlinking: /home/quan/thuc_hanh_tuan3/install/ur3_llm_control/share/ur3_llm_control/cmake/rosidl_cmake_export_typesupport_libraries-extras.cmake
[18.797s] -- Symlinking: /home/quan/thuc_hanh_tuan3/install/ur3_llm_control/share/ur3_llm_control/cmake/rosidl_cmake_aggregate_target-extras.cmake
[18.804s] -- Symlinking: /home/quan/thuc_hanh_tuan3/install/ur3_llm_control/share/ur3_llm_control/cmake/ur3_llm_controlConfig.cmake
[18.813s] -- Symlinking: /home/quan/thuc_hanh_tuan3/install/ur3_llm_control/share/ur3_llm_control/cmake/ur3_llm_controlConfig-version.cmake
[18.820s] -- Symlinking: /home/quan/thuc_hanh_tuan3/install/ur3_llm_control/share/ur3_llm_control/package.xml
[18.828s] -- Installing: /home/quan/thuc_hanh_tuan3/install/ur3_llm_control/lib/libur3_llm_control__rosidl_generator_c.so
[18.828s] -- Set runtime path of "/home/quan/thuc_hanh_tuan3/install/ur3_llm_control/lib/libur3_llm_control__rosidl_generator_c.so" to ""
[18.828s] -- Installing: /home/quan/thuc_hanh_tuan3/install/ur3_llm_control/lib/libur3_llm_control__rosidl_typesupport_fastrtps_c.so
[18.829s] -- Set runtime path of "/home/quan/thuc_hanh_tuan3/install/ur3_llm_control/lib/libur3_llm_control__rosidl_typesupport_fastrtps_c.so" to ""
[18.829s] -- Installing: /home/quan/thuc_hanh_tuan3/install/ur3_llm_control/lib/libur3_llm_control__rosidl_typesupport_fastrtps_cpp.so
[18.830s] -- Set runtime path of "/home/quan/thuc_hanh_tuan3/install/ur3_llm_control/lib/libur3_llm_control__rosidl_typesupport_fastrtps_cpp.so" to ""
[18.830s] -- Installing: /home/quan/thuc_hanh_tuan3/install/ur3_llm_control/lib/libur3_llm_control__rosidl_typesupport_introspection_c.so
[18.831s] -- Set runtime path of "/home/quan/thuc_hanh_tuan3/install/ur3_llm_control/lib/libur3_llm_control__rosidl_typesupport_introspection_c.so" to ""
[18.831s] -- Installing: /home/quan/thuc_hanh_tuan3/install/ur3_llm_control/lib/libur3_llm_control__rosidl_typesupport_c.so
[18.832s] -- Set runtime path of "/home/quan/thuc_hanh_tuan3/install/ur3_llm_control/lib/libur3_llm_control__rosidl_typesupport_c.so" to ""
[18.833s] -- Installing: /home/quan/thuc_hanh_tuan3/install/ur3_llm_control/lib/libur3_llm_control__rosidl_typesupport_introspection_cpp.so
[18.834s] -- Set runtime path of "/home/quan/thuc_hanh_tuan3/install/ur3_llm_control/lib/libur3_llm_control__rosidl_typesupport_introspection_cpp.so" to ""
[18.834s] -- Installing: /home/quan/thuc_hanh_tuan3/install/ur3_llm_control/lib/libur3_llm_control__rosidl_typesupport_cpp.so
[18.835s] -- Set runtime path of "/home/quan/thuc_hanh_tuan3/install/ur3_llm_control/lib/libur3_llm_control__rosidl_typesupport_cpp.so" to ""
[18.868s] Listing '/home/quan/thuc_hanh_tuan3/install/ur3_llm_control/local/lib/python3.10/dist-packages/ur3_llm_control'...
[18.868s] Compiling '/home/quan/thuc_hanh_tuan3/install/ur3_llm_control/local/lib/python3.10/dist-packages/ur3_llm_control/__init__.py'...
[18.868s] Listing '/home/quan/thuc_hanh_tuan3/install/ur3_llm_control/local/lib/python3.10/dist-packages/ur3_llm_control/srv'...
[18.868s] Compiling '/home/quan/thuc_hanh_tuan3/install/ur3_llm_control/local/lib/python3.10/dist-packages/ur3_llm_control/srv/__init__.py'...
[18.868s] Compiling '/home/quan/thuc_hanh_tuan3/install/ur3_llm_control/local/lib/python3.10/dist-packages/ur3_llm_control/srv/_execute_skill.py'...
[18.868s] Compiling '/home/quan/thuc_hanh_tuan3/install/ur3_llm_control/local/lib/python3.10/dist-packages/ur3_llm_control/srv/_get_world_state.py'...
[18.868s] Compiling '/home/quan/thuc_hanh_tuan3/install/ur3_llm_control/local/lib/python3.10/dist-packages/ur3_llm_control/srv/_set_attachment.py'...
[18.872s] -- Installing: /home/quan/thuc_hanh_tuan3/install/ur3_llm_control/lib/libur3_llm_control__rosidl_generator_py.so
[18.873s] -- Set runtime path of "/home/quan/thuc_hanh_tuan3/install/ur3_llm_control/lib/libur3_llm_control__rosidl_generator_py.so" to ""
[18.873s] -- Up-to-date: /home/quan/thuc_hanh_tuan3/install/ur3_llm_control/share/ur3_llm_control/cmake/export_ur3_llm_control__rosidl_generator_cExport.cmake
[18.874s] -- Up-to-date: /home/quan/thuc_hanh_tuan3/install/ur3_llm_control/share/ur3_llm_control/cmake/export_ur3_llm_control__rosidl_generator_cExport-noconfig.cmake
[18.874s] -- Up-to-date: /home/quan/thuc_hanh_tuan3/install/ur3_llm_control/share/ur3_llm_control/cmake/export_ur3_llm_control__rosidl_typesupport_fastrtps_cExport.cmake
[18.874s] -- Up-to-date: /home/quan/thuc_hanh_tuan3/install/ur3_llm_control/share/ur3_llm_control/cmake/export_ur3_llm_control__rosidl_typesupport_fastrtps_cExport-noconfig.cmake
[18.874s] -- Up-to-date: /home/quan/thuc_hanh_tuan3/install/ur3_llm_control/share/ur3_llm_control/cmake/export_ur3_llm_control__rosidl_generator_cppExport.cmake
[18.874s] -- Up-to-date: /home/quan/thuc_hanh_tuan3/install/ur3_llm_control/share/ur3_llm_control/cmake/export_ur3_llm_control__rosidl_typesupport_fastrtps_cppExport.cmake
[18.874s] -- Up-to-date: /home/quan/thuc_hanh_tuan3/install/ur3_llm_control/share/ur3_llm_control/cmake/export_ur3_llm_control__rosidl_typesupport_fastrtps_cppExport-noconfig.cmake
[18.874s] -- Up-to-date: /home/quan/thuc_hanh_tuan3/install/ur3_llm_control/share/ur3_llm_control/cmake/ur3_llm_control__rosidl_typesupport_introspection_cExport.cmake
[18.874s] -- Up-to-date: /home/quan/thuc_hanh_tuan3/install/ur3_llm_control/share/ur3_llm_control/cmake/ur3_llm_control__rosidl_typesupport_introspection_cExport-noconfig.cmake
[18.874s] -- Up-to-date: /home/quan/thuc_hanh_tuan3/install/ur3_llm_control/share/ur3_llm_control/cmake/ur3_llm_control__rosidl_typesupport_cExport.cmake
[18.875s] -- Up-to-date: /home/quan/thuc_hanh_tuan3/install/ur3_llm_control/share/ur3_llm_control/cmake/ur3_llm_control__rosidl_typesupport_cExport-noconfig.cmake
[18.875s] -- Up-to-date: /home/quan/thuc_hanh_tuan3/install/ur3_llm_control/share/ur3_llm_control/cmake/ur3_llm_control__rosidl_typesupport_introspection_cppExport.cmake
[18.875s] -- Up-to-date: /home/quan/thuc_hanh_tuan3/install/ur3_llm_control/share/ur3_llm_control/cmake/ur3_llm_control__rosidl_typesupport_introspection_cppExport-noconfig.cmake
[18.876s] -- Up-to-date: /home/quan/thuc_hanh_tuan3/install/ur3_llm_control/share/ur3_llm_control/cmake/ur3_llm_control__rosidl_typesupport_cppExport.cmake
[18.877s] -- Up-to-date: /home/quan/thuc_hanh_tuan3/install/ur3_llm_control/share/ur3_llm_control/cmake/ur3_llm_control__rosidl_typesupport_cppExport-noconfig.cmake
[18.877s] -- Up-to-date: /home/quan/thuc_hanh_tuan3/install/ur3_llm_control/share/ur3_llm_control/cmake/export_ur3_llm_control__rosidl_generator_pyExport.cmake
[18.877s] -- Up-to-date: /home/quan/thuc_hanh_tuan3/install/ur3_llm_control/share/ur3_llm_control/cmake/export_ur3_llm_control__rosidl_generator_pyExport-noconfig.cmake
[18.878s] Invoked command in '/home/quan/thuc_hanh_tuan3/build/ur3_llm_control' returned '0': CMAKE_PREFIX_PATH=/home/quan/thuc_hanh_tuan3/install/ur_simulation_gazebo:/home/quan/thuc_hanh_tuan3/install/ur3_llm_control:/home/quan/ros2_ws/install/robot1:/home/quan/ros2_ws/install/robot:/home/quan/ros2_ws/install/msgs_test:/home/quan/ros2_ws/install/component_pkg:/home/quan/ros2_ws/src/msgs_test/install/msgs_test:/home/quan/ros2_ws/install/my_turtlesim:/home/quan/ros2_ws/install/my_robot_logic:/home/quan/ros2_ws/install/my_robot_controller:/home/quan/ros2_ws/install/lifecycle_pkg:/opt/ros/humble /usr/bin/cmake --install /home/quan/thuc_hanh_tuan3/build/ur3_llm_control
